[2020-11-10T09:43:22.571+0000][169][gc] Using G1
[2020-11-10T09:43:22.584+0000][169][gc,init] Version: 15+36-1562 (release)
[2020-11-10T09:43:22.585+0000][169][gc,init] CPUs: 8 total, 8 available
[2020-11-10T09:43:22.586+0000][169][gc,init] Memory: 7961M
[2020-11-10T09:43:22.586+0000][169][gc,init] Large Page Support: Disabled
[2020-11-10T09:43:22.587+0000][169][gc,init] NUMA Support: Disabled
[2020-11-10T09:43:22.588+0000][169][gc,init] Compressed Oops: Enabled (32-bit)
[2020-11-10T09:43:22.589+0000][169][gc,init] Heap Region Size: 1M
[2020-11-10T09:43:22.589+0000][169][gc,init] Heap Min Capacity: 512M
[2020-11-10T09:43:22.590+0000][169][gc,init] Heap Initial Capacity: 512M
[2020-11-10T09:43:22.591+0000][169][gc,init] Heap Max Capacity: 512M
[2020-11-10T09:43:22.592+0000][169][gc,init] Pre-touch: Disabled
[2020-11-10T09:43:22.593+0000][169][gc,init] Parallel Workers: 8
[2020-11-10T09:43:22.598+0000][169][gc,init] Concurrent Workers: 2
[2020-11-10T09:43:22.598+0000][169][gc,init] Concurrent Refinement Workers: 8
[2020-11-10T09:43:22.599+0000][169][gc,init] Periodic GC: Disabled
[2020-11-10T09:43:22.600+0000][169][gc,metaspace] CDS disabled.
[2020-11-10T09:43:22.601+0000][169][gc,metaspace] Compressed class space mapped at: 0x0000000100000000-0x0000000140000000, size: 1073741824
[2020-11-10T09:43:22.602+0000][169][gc,metaspace] Narrow klass base: 0x0000000000000000, Narrow klass shift: 3, Narrow klass range: 0x140000000
[2020-11-10T09:43:22.849+0000][169][gc,heap,exit] Heap
[2020-11-10T09:43:22.850+0000][169][gc,heap,exit]  garbage-first heap   total 524288K, used 1024K [0x00000000e0000000, 0x0000000100000000)
[2020-11-10T09:43:22.851+0000][169][gc,heap,exit]   region size 1024K, 2 young (2048K), 0 survivors (0K)
[2020-11-10T09:43:22.852+0000][169][gc,heap,exit]  Metaspace       used 3400K, capacity 4480K, committed 4480K, reserved 1056768K
[2020-11-10T09:43:22.852+0000][169][gc,heap,exit]   class space    used 278K, capacity 384K, committed 384K, reserved 1048576K
