[2020-11-10T02:33:38.353+0000][7][gc] Using G1
[2020-11-10T02:33:38.635+0000][7][gc,init] Version: 15+36-1562 (release)
[2020-11-10T02:33:38.636+0000][7][gc,init] CPUs: 8 total, 8 available
[2020-11-10T02:33:38.636+0000][7][gc,init] Memory: 7961M
[2020-11-10T02:33:38.637+0000][7][gc,init] Large Page Support: Disabled
[2020-11-10T02:33:38.637+0000][7][gc,init] NUMA Support: Disabled
[2020-11-10T02:33:38.638+0000][7][gc,init] Compressed Oops: Enabled (32-bit)
[2020-11-10T02:33:38.639+0000][7][gc,init] Heap Region Size: 1M
[2020-11-10T02:33:38.639+0000][7][gc,init] Heap Min Capacity: 512M
[2020-11-10T02:33:38.640+0000][7][gc,init] Heap Initial Capacity: 512M
[2020-11-10T02:33:38.640+0000][7][gc,init] Heap Max Capacity: 512M
[2020-11-10T02:33:38.641+0000][7][gc,init] Pre-touch: Enabled
[2020-11-10T02:33:38.641+0000][7][gc,init] Parallel Workers: 8
[2020-11-10T02:33:38.641+0000][7][gc,init] Concurrent Workers: 2
[2020-11-10T02:33:38.642+0000][7][gc,init] Concurrent Refinement Workers: 8
[2020-11-10T02:33:38.642+0000][7][gc,init] Periodic GC: Disabled
[2020-11-10T02:33:38.643+0000][7][gc,cds ] Mark closed archive regions in map: [0x00000000fff00000, 0x00000000fff7bff8]
[2020-11-10T02:33:38.644+0000][7][gc,cds ] Mark open archive regions in map: [0x00000000ffe00000, 0x00000000ffe51ff8]
[2020-11-10T02:33:38.644+0000][7][gc,metaspace] CDS archive(s) mapped at: [0x0000000800000000-0x0000000800b33000-0x0000000800b33000), size 11743232, SharedBaseAddress: 0x0000000800000000, ArchiveRelocationMode: 0.
[2020-11-10T02:33:38.645+0000][7][gc,metaspace] Compressed class space mapped at: 0x0000000800b34000-0x0000000840b34000, size: 1073741824
[2020-11-10T02:33:38.645+0000][7][gc,metaspace] Narrow klass base: 0x0000000800000000, Narrow klass shift: 3, Narrow klass range: 0x100000000
[2020-11-10T02:33:39.346+0000][7][safepoint   ] Safepoint "ICBufferFull", Time since last: 688160120 ns, Reaching safepoint: 1948473 ns, At safepoint: 6483 ns, Total: 1954956 ns
[2020-11-10T02:33:39.651+0000][7][gc,start    ] GC(0) Pause Young (Normal) (G1 Evacuation Pause)
[2020-11-10T02:33:39.668+0000][7][gc,task     ] GC(0) Using 8 workers of 8 for evacuation
[2020-11-10T02:33:39.669+0000][7][gc,age      ] GC(0) Desired survivor size 2097152 bytes, new threshold 15 (max threshold 15)
[2020-11-10T02:33:39.675+0000][7][gc,age      ] GC(0) Age table with threshold 15 (max threshold 15)
[2020-11-10T02:33:39.676+0000][7][gc,age      ] GC(0) - age   1:    3529016 bytes,    3529016 total
[2020-11-10T02:33:39.677+0000][7][gc,phases   ] GC(0)   Pre Evacuate Collection Set: 0.2ms
[2020-11-10T02:33:39.677+0000][7][gc,phases   ] GC(0)   Merge Heap Roots: 0.2ms
[2020-11-10T02:33:39.678+0000][7][gc,phases   ] GC(0)   Evacuate Collection Set: 5.2ms
[2020-11-10T02:33:39.678+0000][7][gc,phases   ] GC(0)   Post Evacuate Collection Set: 0.5ms
[2020-11-10T02:33:39.679+0000][7][gc,phases   ] GC(0)   Other: 19.9ms
[2020-11-10T02:33:39.679+0000][7][gc,heap     ] GC(0) Eden regions: 25->0(37)
[2020-11-10T02:33:39.680+0000][7][gc,heap     ] GC(0) Survivor regions: 0->4(4)
[2020-11-10T02:33:39.680+0000][7][gc,heap     ] GC(0) Old regions: 0->0
[2020-11-10T02:33:39.681+0000][7][gc,heap     ] GC(0) Archive regions: 2->2
[2020-11-10T02:33:39.682+0000][7][gc,heap     ] GC(0) Humongous regions: 1->1
[2020-11-10T02:33:39.682+0000][7][gc,metaspace] GC(0) Metaspace: 8491K(9472K)->8491K(9472K) NonClass: 7529K(8448K)->7529K(8448K) Class: 961K(1024K)->961K(1024K)
[2020-11-10T02:33:39.683+0000][7][gc          ] GC(0) Pause Young (Normal) (G1 Evacuation Pause) 26M->5M(512M) 31.487ms
[2020-11-10T02:33:39.683+0000][7][gc,cpu      ] GC(0) User=0.04s Sys=0.00s Real=0.03s
[2020-11-10T02:33:39.684+0000][7][safepoint   ] Safepoint "G1CollectForAllocation", Time since last: 304993698 ns, Reaching safepoint: 98455 ns, At safepoint: 32925359 ns, Total: 33023814 ns
[2020-11-10T02:33:40.865+0000][7][safepoint   ] Safepoint "Cleanup", Time since last: 1180597600 ns, Reaching safepoint: 381161 ns, At safepoint: 3857 ns, Total: 385018 ns
[2020-11-10T02:33:41.243+0000][7][gc,start    ] GC(1) Pause Young (Normal) (G1 Evacuation Pause)
[2020-11-10T02:33:41.243+0000][7][gc,task     ] GC(1) Using 8 workers of 8 for evacuation
[2020-11-10T02:33:41.244+0000][7][gc,age      ] GC(1) Desired survivor size 3145728 bytes, new threshold 1 (max threshold 15)
[2020-11-10T02:33:41.274+0000][7][gc,age      ] GC(1) Age table with threshold 1 (max threshold 15)
[2020-11-10T02:33:41.275+0000][7][gc,age      ] GC(1) - age   1:    2613288 bytes,    2613288 total
[2020-11-10T02:33:41.276+0000][7][gc,phases   ] GC(1)   Pre Evacuate Collection Set: 1.6ms
[2020-11-10T02:33:41.277+0000][7][gc,phases   ] GC(1)   Merge Heap Roots: 0.9ms
[2020-11-10T02:33:41.277+0000][7][gc,phases   ] GC(1)   Evacuate Collection Set: 10.3ms
[2020-11-10T02:33:41.278+0000][7][gc,phases   ] GC(1)   Post Evacuate Collection Set: 17.1ms
[2020-11-10T02:33:41.279+0000][7][gc,phases   ] GC(1)   Other: 3.6ms
[2020-11-10T02:33:41.279+0000][7][gc,heap     ] GC(1) Eden regions: 37->0(304)
[2020-11-10T02:33:41.280+0000][7][gc,heap     ] GC(1) Survivor regions: 4->3(6)
[2020-11-10T02:33:41.280+0000][7][gc,heap     ] GC(1) Old regions: 0->4
[2020-11-10T02:33:41.281+0000][7][gc,heap     ] GC(1) Archive regions: 2->2
[2020-11-10T02:33:41.281+0000][7][gc,heap     ] GC(1) Humongous regions: 1->1
[2020-11-10T02:33:41.283+0000][7][gc,metaspace] GC(1) Metaspace: 13787K(14336K)->13787K(14336K) NonClass: 12154K(12544K)->12154K(12544K) Class: 1633K(1792K)->1633K(1792K)
[2020-11-10T02:33:41.284+0000][7][gc          ] GC(1) Pause Young (Normal) (G1 Evacuation Pause) 42M->7M(512M) 40.907ms
[2020-11-10T02:33:41.285+0000][7][gc,cpu      ] GC(1) User=0.03s Sys=0.00s Real=0.04s
[2020-11-10T02:33:41.287+0000][7][safepoint   ] Safepoint "G1CollectForAllocation", Time since last: 375264253 ns, Reaching safepoint: 2394896 ns, At safepoint: 44516385 ns, Total: 46911281 ns
[2020-11-10T02:33:41.741+0000][7][safepoint   ] Safepoint "ICBufferFull", Time since last: 445843145 ns, Reaching safepoint: 7963709 ns, At safepoint: 55332 ns, Total: 8019041 ns
[2020-11-10T02:33:41.753+0000][7][safepoint   ] Safepoint "ICBufferFull", Time since last: 7962065 ns, Reaching safepoint: 4016151 ns, At safepoint: 44036 ns, Total: 4060187 ns
[2020-11-10T02:33:41.765+0000][7][safepoint   ] Safepoint "ICBufferFull", Time since last: 7925403 ns, Reaching safepoint: 3995500 ns, At safepoint: 39527 ns, Total: 4035027 ns
[2020-11-10T02:33:41.779+0000][7][safepoint   ] Safepoint "ICBufferFull", Time since last: 9965403 ns, Reaching safepoint: 4000685 ns, At safepoint: 34470 ns, Total: 4035155 ns
[2020-11-10T02:33:41.789+0000][7][safepoint   ] Safepoint "ICBufferFull", Time since last: 9962884 ns, Reaching safepoint: 76946 ns, At safepoint: 2917 ns, Total: 79863 ns
[2020-11-10T02:33:41.805+0000][7][safepoint   ] Safepoint "ICBufferFull", Time since last: 11923491 ns, Reaching safepoint: 3998219 ns, At safepoint: 38305 ns, Total: 4036524 ns
[2020-11-10T02:33:41.826+0000][7][safepoint   ] Safepoint "ICBufferFull", Time since last: 16465532 ns, Reaching safepoint: 4491075 ns, At safepoint: 26887 ns, Total: 4517962 ns
[2020-11-10T02:33:41.838+0000][7][safepoint   ] Safepoint "ICBufferFull", Time since last: 8000516 ns, Reaching safepoint: 3988329 ns, At safepoint: 41615 ns, Total: 4029944 ns
[2020-11-10T02:33:41.850+0000][7][safepoint   ] Safepoint "ICBufferFull", Time since last: 11299400 ns, Reaching safepoint: 249350 ns, At safepoint: 54712 ns, Total: 304062 ns
[2020-11-10T02:33:41.857+0000][7][safepoint   ] Safepoint "ICBufferFull", Time since last: 7038182 ns, Reaching safepoint: 449475 ns, At safepoint: 24870 ns, Total: 474345 ns
[2020-11-10T02:33:41.862+0000][7][safepoint   ] Safepoint "ICBufferFull", Time since last: 4403096 ns, Reaching safepoint: 284704 ns, At safepoint: 3668 ns, Total: 288372 ns
[2020-11-10T02:33:41.870+0000][7][safepoint   ] Safepoint "ICBufferFull", Time since last: 7600947 ns, Reaching safepoint: 129151 ns, At safepoint: 18547 ns, Total: 147698 ns
[2020-11-10T02:33:41.877+0000][7][safepoint   ] Safepoint "ICBufferFull", Time since last: 7253992 ns, Reaching safepoint: 246734 ns, At safepoint: 4216 ns, Total: 250950 ns
[2020-11-10T02:33:41.886+0000][7][safepoint   ] Safepoint "ICBufferFull", Time since last: 8911390 ns, Reaching safepoint: 99335 ns, At safepoint: 3755 ns, Total: 103090 ns
[2020-11-10T02:33:41.894+0000][7][safepoint   ] Safepoint "ICBufferFull", Time since last: 7687462 ns, Reaching safepoint: 500590 ns, At safepoint: 81283 ns, Total: 581873 ns
[2020-11-10T02:33:42.687+0000][7][safepoint   ] Safepoint "ICBufferFull", Time since last: 792515014 ns, Reaching safepoint: 258391 ns, At safepoint: 6939 ns, Total: 265330 ns
[2020-11-10T02:33:43.033+0000][7][gc,start    ] GC(2) Pause Young (Normal) (G1 Evacuation Pause)
[2020-11-10T02:33:43.036+0000][7][gc,task     ] GC(2) Using 8 workers of 8 for evacuation
[2020-11-10T02:33:43.038+0000][7][gc,age      ] GC(2) Desired survivor size 20447232 bytes, new threshold 15 (max threshold 15)
[2020-11-10T02:33:43.069+0000][7][gc,age      ] GC(2) Age table with threshold 15 (max threshold 15)
[2020-11-10T02:33:43.069+0000][7][gc,age      ] GC(2) - age   1:    8112960 bytes,    8112960 total
[2020-11-10T02:33:43.070+0000][7][gc,age      ] GC(2) - age   2:    2544144 bytes,   10657104 total
[2020-11-10T02:33:43.071+0000][7][gc,phases   ] GC(2)   Pre Evacuate Collection Set: 0.3ms
[2020-11-10T02:33:43.071+0000][7][gc,phases   ] GC(2)   Merge Heap Roots: 0.1ms
[2020-11-10T02:33:43.072+0000][7][gc,phases   ] GC(2)   Evacuate Collection Set: 25.2ms
[2020-11-10T02:33:43.072+0000][7][gc,phases   ] GC(2)   Post Evacuate Collection Set: 0.9ms
[2020-11-10T02:33:43.074+0000][7][gc,phases   ] GC(2)   Other: 10.9ms
[2020-11-10T02:33:43.077+0000][7][gc,heap     ] GC(2) Eden regions: 304->0(296)
[2020-11-10T02:33:43.081+0000][7][gc,heap     ] GC(2) Survivor regions: 3->11(39)
[2020-11-10T02:33:43.085+0000][7][gc,heap     ] GC(2) Old regions: 4->4
[2020-11-10T02:33:43.089+0000][7][gc,heap     ] GC(2) Archive regions: 2->2
[2020-11-10T02:33:43.093+0000][7][gc,heap     ] GC(2) Humongous regions: 2->1
[2020-11-10T02:33:43.097+0000][7][gc,metaspace] GC(2) Metaspace: 18122K(18816K)->18122K(18816K) NonClass: 15926K(16384K)->15926K(16384K) Class: 2196K(2432K)->2196K(2432K)
[2020-11-10T02:33:43.101+0000][7][gc          ] GC(2) Pause Young (Normal) (G1 Evacuation Pause) 312M->15M(512M) 67.738ms
[2020-11-10T02:33:43.105+0000][7][gc,cpu      ] GC(2) User=0.04s Sys=0.00s Real=0.07s
[2020-11-10T02:33:43.109+0000][7][safepoint   ] Safepoint "G1CollectForAllocation", Time since last: 345844764 ns, Reaching safepoint: 226737 ns, At safepoint: 75896399 ns, Total: 76123136 ns
[2020-11-10T02:33:43.905+0000][7][gc,start    ] GC(3) Pause Young (Normal) (G1 Evacuation Pause)
[2020-11-10T02:33:43.906+0000][7][gc,task     ] GC(3) Using 8 workers of 8 for evacuation
[2020-11-10T02:33:43.907+0000][7][gc,age      ] GC(3) Desired survivor size 20447232 bytes, new threshold 15 (max threshold 15)
[2020-11-10T02:33:43.932+0000][7][gc,age      ] GC(3) Age table with threshold 15 (max threshold 15)
[2020-11-10T02:33:43.933+0000][7][gc,age      ] GC(3) - age   1:    4396104 bytes,    4396104 total
[2020-11-10T02:33:43.934+0000][7][gc,age      ] GC(3) - age   2:    5888672 bytes,   10284776 total
[2020-11-10T02:33:43.934+0000][7][gc,age      ] GC(3) - age   3:    2544144 bytes,   12828920 total
[2020-11-10T02:33:43.935+0000][7][gc,phases   ] GC(3)   Pre Evacuate Collection Set: 0.2ms
[2020-11-10T02:33:43.935+0000][7][gc,phases   ] GC(3)   Merge Heap Roots: 0.2ms
[2020-11-10T02:33:43.936+0000][7][gc,phases   ] GC(3)   Evacuate Collection Set: 23.2ms
[2020-11-10T02:33:43.936+0000][7][gc,phases   ] GC(3)   Post Evacuate Collection Set: 1.5ms
[2020-11-10T02:33:43.937+0000][7][gc,phases   ] GC(3)   Other: 4.6ms
[2020-11-10T02:33:43.937+0000][7][gc,heap     ] GC(3) Eden regions: 296->0(293)
[2020-11-10T02:33:43.938+0000][7][gc,heap     ] GC(3) Survivor regions: 11->14(39)
[2020-11-10T02:33:43.938+0000][7][gc,heap     ] GC(3) Old regions: 4->4
[2020-11-10T02:33:43.939+0000][7][gc,heap     ] GC(3) Archive regions: 2->2
[2020-11-10T02:33:43.940+0000][7][gc,heap     ] GC(3) Humongous regions: 1->1
[2020-11-10T02:33:43.940+0000][7][gc,metaspace] GC(3) Metaspace: 19507K(20480K)->19507K(20480K) NonClass: 17182K(17920K)->17182K(17920K) Class: 2324K(2560K)->2324K(2560K)
[2020-11-10T02:33:43.941+0000][7][gc          ] GC(3) Pause Young (Normal) (G1 Evacuation Pause) 311M->18M(512M) 35.365ms
[2020-11-10T02:33:43.941+0000][7][gc,cpu      ] GC(3) User=0.03s Sys=0.01s Real=0.04s
[2020-11-10T02:33:43.942+0000][7][safepoint   ] Safepoint "G1CollectForAllocation", Time since last: 795948722 ns, Reaching safepoint: 205527 ns, At safepoint: 36540106 ns, Total: 36745633 ns
[2020-11-10T02:33:44.771+0000][7][gc,start    ] GC(4) Pause Young (Normal) (G1 Evacuation Pause)
[2020-11-10T02:33:44.774+0000][7][gc,task     ] GC(4) Using 8 workers of 8 for evacuation
[2020-11-10T02:33:44.778+0000][7][gc,age      ] GC(4) Desired survivor size 20447232 bytes, new threshold 15 (max threshold 15)
[2020-11-10T02:33:44.810+0000][7][gc,age      ] GC(4) Age table with threshold 15 (max threshold 15)
[2020-11-10T02:33:44.814+0000][7][gc,age      ] GC(4) - age   1:    2254808 bytes,    2254808 total
[2020-11-10T02:33:44.818+0000][7][gc,age      ] GC(4) - age   2:    2285440 bytes,    4540248 total
[2020-11-10T02:33:44.822+0000][7][gc,age      ] GC(4) - age   3:    5883984 bytes,   10424232 total
[2020-11-10T02:33:44.826+0000][7][gc,age      ] GC(4) - age   4:    2544000 bytes,   12968232 total
[2020-11-10T02:33:44.827+0000][7][gc,phases   ] GC(4)   Pre Evacuate Collection Set: 0.2ms
[2020-11-10T02:33:44.831+0000][7][gc,phases   ] GC(4)   Merge Heap Roots: 3.9ms
[2020-11-10T02:33:44.835+0000][7][gc,phases   ] GC(4)   Evacuate Collection Set: 19.0ms
[2020-11-10T02:33:44.839+0000][7][gc,phases   ] GC(4)   Post Evacuate Collection Set: 5.0ms
[2020-11-10T02:33:44.843+0000][7][gc,phases   ] GC(4)   Other: 28.6ms
[2020-11-10T02:33:44.847+0000][7][gc,heap     ] GC(4) Eden regions: 293->0(294)
[2020-11-10T02:33:44.851+0000][7][gc,heap     ] GC(4) Survivor regions: 14->13(39)
[2020-11-10T02:33:44.855+0000][7][gc,heap     ] GC(4) Old regions: 4->4
[2020-11-10T02:33:44.859+0000][7][gc,heap     ] GC(4) Archive regions: 2->2
[2020-11-10T02:33:44.863+0000][7][gc,heap     ] GC(4) Humongous regions: 1->1
[2020-11-10T02:33:44.867+0000][7][gc,metaspace] GC(4) Metaspace: 19886K(21120K)->19886K(21120K) NonClass: 17496K(18432K)->17496K(18432K) Class: 2389K(2688K)->2389K(2688K)
[2020-11-10T02:33:44.870+0000][7][gc          ] GC(4) Pause Young (Normal) (G1 Evacuation Pause) 311M->18M(512M) 99.732ms
[2020-11-10T02:33:44.874+0000][7][gc,cpu      ] GC(4) User=0.19s Sys=0.00s Real=0.11s
[2020-11-10T02:33:44.878+0000][7][safepoint   ] Safepoint "G1CollectForAllocation", Time since last: 825171631 ns, Reaching safepoint: 3634860 ns, At safepoint: 107429929 ns, Total: 111064789 ns
[2020-11-10T02:33:45.248+0000][7][gc,start    ] GC(5) Pause Young (Concurrent Start) (Metadata GC Threshold)
[2020-11-10T02:33:45.249+0000][7][gc,task     ] GC(5) Using 8 workers of 8 for evacuation
[2020-11-10T02:33:45.251+0000][7][gc,age      ] GC(5) Desired survivor size 20447232 bytes, new threshold 15 (max threshold 15)
[2020-11-10T02:33:45.296+0000][7][gc,age      ] GC(5) Age table with threshold 15 (max threshold 15)
[2020-11-10T02:33:45.297+0000][7][gc,age      ] GC(5) - age   1:    1407856 bytes,    1407856 total
[2020-11-10T02:33:45.297+0000][7][gc,age      ] GC(5) - age   2:     541288 bytes,    1949144 total
[2020-11-10T02:33:45.298+0000][7][gc,age      ] GC(5) - age   3:    2285440 bytes,    4234584 total
[2020-11-10T02:33:45.299+0000][7][gc,age      ] GC(5) - age   4:    5883192 bytes,   10117776 total
[2020-11-10T02:33:45.299+0000][7][gc,age      ] GC(5) - age   5:    2544000 bytes,   12661776 total
[2020-11-10T02:33:45.300+0000][7][gc,phases   ] GC(5)   Pre Evacuate Collection Set: 0.3ms
[2020-11-10T02:33:45.301+0000][7][gc,phases   ] GC(5)   Merge Heap Roots: 0.3ms
[2020-11-10T02:33:45.302+0000][7][gc,phases   ] GC(5)   Evacuate Collection Set: 30.1ms
[2020-11-10T02:33:45.303+0000][7][gc,phases   ] GC(5)   Post Evacuate Collection Set: 10.6ms
[2020-11-10T02:33:45.303+0000][7][gc,phases   ] GC(5)   Other: 10.9ms
[2020-11-10T02:33:45.311+0000][7][gc,heap     ] GC(5) Eden regions: 97->0(294)
[2020-11-10T02:33:45.312+0000][7][gc,heap     ] GC(5) Survivor regions: 13->13(39)
[2020-11-10T02:33:45.313+0000][7][gc,heap     ] GC(5) Old regions: 4->4
[2020-11-10T02:33:45.313+0000][7][gc,heap     ] GC(5) Archive regions: 2->2
[2020-11-10T02:33:45.314+0000][7][gc,heap     ] GC(5) Humongous regions: 1->1
[2020-11-10T02:33:45.315+0000][7][gc,metaspace] GC(5) Metaspace: 20133K(21296K)->20133K(21296K) NonClass: 17705K(18608K)->17705K(18608K) Class: 2427K(2688K)->2427K(2688K)
[2020-11-10T02:33:45.315+0000][7][gc          ] GC(5) Pause Young (Concurrent Start) (Metadata GC Threshold) 115M->18M(512M) 67.163ms
[2020-11-10T02:33:45.316+0000][7][gc,cpu      ] GC(5) User=0.06s Sys=0.00s Real=0.07s
[2020-11-10T02:33:45.316+0000][7][safepoint   ] Safepoint "CollectForMetadataAllocation", Time since last: 366930699 ns, Reaching safepoint: 2863995 ns, At safepoint: 68533413 ns, Total: 71397408 ns
[2020-11-10T02:33:45.317+0000][7][gc          ] GC(6) Concurrent Cycle
[2020-11-10T02:33:45.319+0000][7][gc,marking  ] GC(6) Concurrent Clear Claimed Marks
[2020-11-10T02:33:45.320+0000][7][gc,marking  ] GC(6) Concurrent Clear Claimed Marks 0.605ms
[2020-11-10T02:33:45.320+0000][7][gc,marking  ] GC(6) Concurrent Scan Root Regions
[2020-11-10T02:33:45.329+0000][7][gc,marking  ] GC(6) Concurrent Scan Root Regions 8.296ms
[2020-11-10T02:33:45.329+0000][7][gc,marking  ] GC(6) Concurrent Mark (6.994s)
[2020-11-10T02:33:45.333+0000][7][gc,marking  ] GC(6) Concurrent Mark From Roots
[2020-11-10T02:33:45.334+0000][7][gc,task     ] GC(6) Using 2 workers of 2 for marking
[2020-11-10T02:33:45.342+0000][7][gc,marking  ] GC(6) Concurrent Mark From Roots 9.009ms
[2020-11-10T02:33:45.345+0000][7][gc,marking  ] GC(6) Concurrent Preclean
[2020-11-10T02:33:45.347+0000][7][gc,marking  ] GC(6) Concurrent Preclean 2.203ms
[2020-11-10T02:33:45.348+0000][7][gc,marking  ] GC(6) Concurrent Mark (6.994s, 7.013s) 18.620ms
[2020-11-10T02:33:45.353+0000][7][gc,start    ] GC(6) Pause Remark
[2020-11-10T02:33:45.364+0000][7][gc          ] GC(6) Pause Remark 25M->25M(512M) 11.325ms
[2020-11-10T02:33:45.365+0000][7][gc,cpu      ] GC(6) User=0.01s Sys=0.00s Real=0.01s
[2020-11-10T02:33:45.366+0000][7][safepoint   ] Safepoint "G1Concurrent", Time since last: 35601305 ns, Reaching safepoint: 745955 ns, At safepoint: 12873985 ns, Total: 13619940 ns
[2020-11-10T02:33:45.367+0000][7][gc,marking  ] GC(6) Concurrent Rebuild Remembered Sets
[2020-11-10T02:33:45.371+0000][7][gc,marking  ] GC(6) Concurrent Rebuild Remembered Sets 4.260ms
[2020-11-10T02:33:45.377+0000][7][gc,start    ] GC(6) Pause Cleanup
[2020-11-10T02:33:45.379+0000][7][gc          ] GC(6) Pause Cleanup 27M->27M(512M) 1.091ms
[2020-11-10T02:33:45.379+0000][7][gc,cpu      ] GC(6) User=0.00s Sys=0.00s Real=0.00s
[2020-11-10T02:33:45.380+0000][7][safepoint   ] Safepoint "G1Concurrent", Time since last: 5974037 ns, Reaching safepoint: 5970757 ns, At safepoint: 2508381 ns, Total: 8479138 ns
[2020-11-10T02:33:45.381+0000][7][gc,marking  ] GC(6) Concurrent Cleanup for Next Mark
[2020-11-10T02:33:45.383+0000][7][gc,marking  ] GC(6) Concurrent Cleanup for Next Mark 2.050ms
[2020-11-10T02:33:45.383+0000][7][gc          ] GC(6) Concurrent Cycle 66.278ms
[2020-11-10T02:33:45.786+0000][7][gc,start    ] GC(7) Pause Young (Normal) (G1 Evacuation Pause)
[2020-11-10T02:33:45.786+0000][7][gc,task     ] GC(7) Using 8 workers of 8 for evacuation
[2020-11-10T02:33:45.787+0000][7][gc,age      ] GC(7) Desired survivor size 20447232 bytes, new threshold 15 (max threshold 15)
[2020-11-10T02:33:45.818+0000][7][gc,age      ] GC(7) Age table with threshold 15 (max threshold 15)
[2020-11-10T02:33:45.819+0000][7][gc,age      ] GC(7) - age   1:    3156584 bytes,    3156584 total
[2020-11-10T02:33:45.820+0000][7][gc,age      ] GC(7) - age   2:    1389008 bytes,    4545592 total
[2020-11-10T02:33:45.820+0000][7][gc,age      ] GC(7) - age   3:     540488 bytes,    5086080 total
[2020-11-10T02:33:45.821+0000][7][gc,age      ] GC(7) - age   4:    2284400 bytes,    7370480 total
[2020-11-10T02:33:45.822+0000][7][gc,age      ] GC(7) - age   5:    5882680 bytes,   13253160 total
[2020-11-10T02:33:45.822+0000][7][gc,age      ] GC(7) - age   6:    2542816 bytes,   15795976 total
[2020-11-10T02:33:45.823+0000][7][gc,phases   ] GC(7)   Pre Evacuate Collection Set: 0.6ms
[2020-11-10T02:33:45.824+0000][7][gc,phases   ] GC(7)   Merge Heap Roots: 0.7ms
[2020-11-10T02:33:45.824+0000][7][gc,phases   ] GC(7)   Evacuate Collection Set: 27.4ms
[2020-11-10T02:33:45.825+0000][7][gc,phases   ] GC(7)   Post Evacuate Collection Set: 1.3ms
[2020-11-10T02:33:45.826+0000][7][gc,phases   ] GC(7)   Other: 7.8ms
[2020-11-10T02:33:45.826+0000][7][gc,heap     ] GC(7) Eden regions: 294->0(291)
[2020-11-10T02:33:45.827+0000][7][gc,heap     ] GC(7) Survivor regions: 13->16(39)
[2020-11-10T02:33:45.828+0000][7][gc,heap     ] GC(7) Old regions: 4->4
[2020-11-10T02:33:45.828+0000][7][gc,heap     ] GC(7) Archive regions: 2->2
[2020-11-10T02:33:45.829+0000][7][gc,heap     ] GC(7) Humongous regions: 1->1
[2020-11-10T02:33:45.830+0000][7][gc,metaspace] GC(7) Metaspace: 20404K(21936K)->20404K(21936K) NonClass: 17933K(19120K)->17933K(19120K) Class: 2471K(2816K)->2471K(2816K)
[2020-11-10T02:33:45.831+0000][7][gc          ] GC(7) Pause Young (Normal) (G1 Evacuation Pause) 312M->21M(512M) 45.292ms
[2020-11-10T02:33:45.831+0000][7][gc,cpu      ] GC(7) User=0.04s Sys=0.00s Real=0.05s
[2020-11-10T02:33:45.832+0000][7][safepoint   ] Safepoint "G1CollectForAllocation", Time since last: 405314390 ns, Reaching safepoint: 171290 ns, At safepoint: 46586670 ns, Total: 46757960 ns
[2020-11-10T02:33:46.834+0000][7][safepoint   ] Safepoint "Cleanup", Time since last: 1001316296 ns, Reaching safepoint: 298530 ns, At safepoint: 19365 ns, Total: 317895 ns
[2020-11-10T02:33:48.144+0000][7][safepoint   ] Safepoint "Cleanup", Time since last: 1307220401 ns, Reaching safepoint: 3320701 ns, At safepoint: 32407 ns, Total: 3353108 ns
[2020-11-10T02:33:49.419+0000][7][safepoint   ] Safepoint "Cleanup", Time since last: 1274676146 ns, Reaching safepoint: 163258 ns, At safepoint: 45705 ns, Total: 208963 ns
[2020-11-10T02:33:50.394+0000][7][gc,start    ] GC(8) Pause Young (Normal) (G1 Evacuation Pause)
[2020-11-10T02:33:50.395+0000][7][gc,task     ] GC(8) Using 8 workers of 8 for evacuation
[2020-11-10T02:33:50.396+0000][7][gc,age      ] GC(8) Desired survivor size 20447232 bytes, new threshold 15 (max threshold 15)
[2020-11-10T02:33:50.466+0000][7][gc,age      ] GC(8) Age table with threshold 15 (max threshold 15)
[2020-11-10T02:33:50.467+0000][7][gc,age      ] GC(8) - age   1:   25974256 bytes,   25974256 total
[2020-11-10T02:33:50.468+0000][7][gc,age      ] GC(8) - age   2:     941392 bytes,   26915648 total
[2020-11-10T02:33:50.469+0000][7][gc,age      ] GC(8) - age   3:    1383600 bytes,   28299248 total
[2020-11-10T02:33:50.469+0000][7][gc,age      ] GC(8) - age   4:     525032 bytes,   28824280 total
[2020-11-10T02:33:50.470+0000][7][gc,age      ] GC(8) - age   5:    2269328 bytes,   31093608 total
[2020-11-10T02:33:50.471+0000][7][gc,age      ] GC(8) - age   6:    5811712 bytes,   36905320 total
[2020-11-10T02:33:50.471+0000][7][gc,age      ] GC(8) - age   7:    2514744 bytes,   39420064 total
[2020-11-10T02:33:50.472+0000][7][gc,phases   ] GC(8)   Pre Evacuate Collection Set: 0.2ms
[2020-11-10T02:33:50.473+0000][7][gc,phases   ] GC(8)   Merge Heap Roots: 1.5ms
[2020-11-10T02:33:50.473+0000][7][gc,phases   ] GC(8)   Evacuate Collection Set: 56.0ms
[2020-11-10T02:33:50.474+0000][7][gc,phases   ] GC(8)   Post Evacuate Collection Set: 12.5ms
[2020-11-10T02:33:50.474+0000][7][gc,phases   ] GC(8)   Other: 7.8ms
[2020-11-10T02:33:50.475+0000][7][gc,heap     ] GC(8) Eden regions: 291->0(268)
[2020-11-10T02:33:50.476+0000][7][gc,heap     ] GC(8) Survivor regions: 16->39(39)
[2020-11-10T02:33:50.476+0000][7][gc,heap     ] GC(8) Old regions: 4->4
[2020-11-10T02:33:50.477+0000][7][gc,heap     ] GC(8) Archive regions: 2->2
[2020-11-10T02:33:50.478+0000][7][gc,heap     ] GC(8) Humongous regions: 1->1
[2020-11-10T02:33:50.478+0000][7][gc,metaspace] GC(8) Metaspace: 29867K(32176K)->29867K(32176K) NonClass: 26165K(27824K)->26165K(27824K) Class: 3701K(4352K)->3701K(4352K)
[2020-11-10T02:33:50.479+0000][7][gc          ] GC(8) Pause Young (Normal) (G1 Evacuation Pause) 312M->43M(512M) 85.122ms
[2020-11-10T02:33:50.480+0000][7][gc,cpu      ] GC(8) User=0.12s Sys=0.00s Real=0.08s
[2020-11-10T02:33:50.480+0000][7][safepoint   ] Safepoint "G1CollectForAllocation", Time since last: 971806199 ns, Reaching safepoint: 2966229 ns, At safepoint: 86301256 ns, Total: 89267485 ns
[2020-11-10T02:33:51.274+0000][7][gc,start    ] GC(9) Pause Young (Concurrent Start) (Metadata GC Threshold)
[2020-11-10T02:33:51.275+0000][7][gc,task     ] GC(9) Using 8 workers of 8 for evacuation
[2020-11-10T02:33:51.275+0000][7][gc,age      ] GC(9) Desired survivor size 20447232 bytes, new threshold 1 (max threshold 15)
[2020-11-10T02:33:51.341+0000][7][gc,age      ] GC(9) Age table with threshold 1 (max threshold 15)
[2020-11-10T02:33:51.342+0000][7][gc,age      ] GC(9) - age   1:    6217544 bytes,    6217544 total
[2020-11-10T02:33:51.343+0000][7][gc,phases   ] GC(9)   Pre Evacuate Collection Set: 1.8ms
[2020-11-10T02:33:51.343+0000][7][gc,phases   ] GC(9)   Merge Heap Roots: 0.1ms
[2020-11-10T02:33:51.344+0000][7][gc,phases   ] GC(9)   Evacuate Collection Set: 52.8ms
[2020-11-10T02:33:51.345+0000][7][gc,phases   ] GC(9)   Post Evacuate Collection Set: 10.1ms
[2020-11-10T02:33:51.345+0000][7][gc,phases   ] GC(9)   Other: 4.5ms
[2020-11-10T02:33:51.346+0000][7][gc,heap     ] GC(9) Eden regions: 49->0(296)
[2020-11-10T02:33:51.347+0000][7][gc,heap     ] GC(9) Survivor regions: 39->8(39)
[2020-11-10T02:33:51.347+0000][7][gc,heap     ] GC(9) Old regions: 4->42
[2020-11-10T02:33:51.348+0000][7][gc,heap     ] GC(9) Archive regions: 2->2
[2020-11-10T02:33:51.349+0000][7][gc,heap     ] GC(9) Humongous regions: 1->1
[2020-11-10T02:33:51.349+0000][7][gc,metaspace] GC(9) Metaspace: 33651K(35888K)->33651K(35888K) NonClass: 29343K(30896K)->29343K(30896K) Class: 4307K(4992K)->4307K(4992K)
[2020-11-10T02:33:51.350+0000][7][gc          ] GC(9) Pause Young (Concurrent Start) (Metadata GC Threshold) 92M->50M(512M) 76.329ms
[2020-11-10T02:33:51.350+0000][7][gc,cpu      ] GC(9) User=0.15s Sys=0.00s Real=0.07s
[2020-11-10T02:33:51.351+0000][7][safepoint   ] Safepoint "CollectForMetadataAllocation", Time since last: 791713055 ns, Reaching safepoint: 1599986 ns, At safepoint: 77748282 ns, Total: 79348268 ns
[2020-11-10T02:33:51.351+0000][7][gc          ] GC(10) Concurrent Cycle
[2020-11-10T02:33:51.353+0000][7][gc,marking  ] GC(10) Concurrent Clear Claimed Marks
[2020-11-10T02:33:51.353+0000][7][gc,marking  ] GC(10) Concurrent Clear Claimed Marks 0.618ms
[2020-11-10T02:33:51.354+0000][7][gc,marking  ] GC(10) Concurrent Scan Root Regions
[2020-11-10T02:33:51.406+0000][7][gc,marking  ] GC(10) Concurrent Scan Root Regions 51.776ms
[2020-11-10T02:33:51.407+0000][7][gc,marking  ] GC(10) Concurrent Mark (13.072s)
[2020-11-10T02:33:51.408+0000][7][gc,marking  ] GC(10) Concurrent Mark From Roots
[2020-11-10T02:33:51.408+0000][7][gc,task     ] GC(10) Using 2 workers of 2 for marking
[2020-11-10T02:33:51.410+0000][7][safepoint   ] Safepoint "CollectForMetadataAllocation", Time since last: 52669302 ns, Reaching safepoint: 5956324 ns, At safepoint: 271089 ns, Total: 6227413 ns
[2020-11-10T02:33:51.415+0000][7][gc,marking  ] GC(10) Concurrent Mark From Roots 6.895ms
[2020-11-10T02:33:51.415+0000][7][gc,marking  ] GC(10) Concurrent Preclean
[2020-11-10T02:33:51.416+0000][7][gc,marking  ] GC(10) Concurrent Preclean 0.874ms
[2020-11-10T02:33:51.417+0000][7][gc,marking  ] GC(10) Concurrent Mark (13.072s, 13.082s) 9.943ms
[2020-11-10T02:33:51.428+0000][7][gc,start    ] GC(10) Pause Remark
[2020-11-10T02:33:51.444+0000][7][gc          ] GC(10) Pause Remark 52M->52M(512M) 15.612ms
[2020-11-10T02:33:51.445+0000][7][gc,cpu      ] GC(10) User=0.02s Sys=0.00s Real=0.02s
[2020-11-10T02:33:51.445+0000][7][safepoint   ] Safepoint "G1Concurrent", Time since last: 8732208 ns, Reaching safepoint: 8984394 ns, At safepoint: 17488124 ns, Total: 26472518 ns
[2020-11-10T02:33:51.447+0000][7][gc,marking  ] GC(10) Concurrent Rebuild Remembered Sets
[2020-11-10T02:33:51.489+0000][7][gc,marking  ] GC(10) Concurrent Rebuild Remembered Sets 42.000ms
[2020-11-10T02:33:51.495+0000][7][gc,start    ] GC(10) Pause Cleanup
[2020-11-10T02:33:51.498+0000][7][gc          ] GC(10) Pause Cleanup 53M->53M(512M) 2.333ms
[2020-11-10T02:33:51.499+0000][7][gc,cpu      ] GC(10) User=0.00s Sys=0.00s Real=0.00s
[2020-11-10T02:33:51.503+0000][7][safepoint   ] Safepoint "G1Concurrent", Time since last: 47311684 ns, Reaching safepoint: 2696443 ns, At safepoint: 7558249 ns, Total: 10254692 ns
[2020-11-10T02:33:51.504+0000][7][gc,marking  ] GC(10) Concurrent Cleanup for Next Mark
[2020-11-10T02:33:51.509+0000][7][gc,marking  ] GC(10) Concurrent Cleanup for Next Mark 5.001ms
[2020-11-10T02:33:51.513+0000][7][gc          ] GC(10) Concurrent Cycle 161.598ms
[2020-11-10T02:33:52.530+0000][7][safepoint   ] Safepoint "Cleanup", Time since last: 1026957205 ns, Reaching safepoint: 232927 ns, At safepoint: 2385 ns, Total: 235312 ns
[2020-11-10T02:33:53.536+0000][7][safepoint   ] Safepoint "Cleanup", Time since last: 1001213717 ns, Reaching safepoint: 5102657 ns, At safepoint: 23714 ns, Total: 5126371 ns
[2020-11-10T02:33:54.538+0000][7][safepoint   ] Safepoint "Cleanup", Time since last: 1001393597 ns, Reaching safepoint: 418196 ns, At safepoint: 6916 ns, Total: 425112 ns
[2020-11-10T02:33:55.408+0000][7][gc,start    ] GC(11) Pause Young (Concurrent Start) (Metadata GC Threshold)
[2020-11-10T02:33:55.408+0000][7][gc,task     ] GC(11) Using 8 workers of 8 for evacuation
[2020-11-10T02:33:55.409+0000][7][gc,age      ] GC(11) Desired survivor size 19922944 bytes, new threshold 15 (max threshold 15)
[2020-11-10T02:33:55.454+0000][7][gc,age      ] GC(11) Age table with threshold 15 (max threshold 15)
[2020-11-10T02:33:55.455+0000][7][gc,age      ] GC(11) - age   1:   11304888 bytes,   11304888 total
[2020-11-10T02:33:55.456+0000][7][gc,age      ] GC(11) - age   2:    6140344 bytes,   17445232 total
[2020-11-10T02:33:55.456+0000][7][gc,phases   ] GC(11)   Pre Evacuate Collection Set: 0.3ms
[2020-11-10T02:33:55.457+0000][7][gc,phases   ] GC(11)   Merge Heap Roots: 0.2ms
[2020-11-10T02:33:55.457+0000][7][gc,phases   ] GC(11)   Evacuate Collection Set: 21.1ms
[2020-11-10T02:33:55.462+0000][7][gc,phases   ] GC(11)   Post Evacuate Collection Set: 22.8ms
[2020-11-10T02:33:55.463+0000][7][gc,phases   ] GC(11)   Other: 4.4ms
[2020-11-10T02:33:55.463+0000][7][gc,heap     ] GC(11) Eden regions: 255->0(284)
[2020-11-10T02:33:55.464+0000][7][gc,heap     ] GC(11) Survivor regions: 8->18(38)
[2020-11-10T02:33:55.464+0000][7][gc,heap     ] GC(11) Old regions: 42->42
[2020-11-10T02:33:55.465+0000][7][gc,heap     ] GC(11) Archive regions: 2->2
[2020-11-10T02:33:55.466+0000][7][gc,heap     ] GC(11) Humongous regions: 1->1
[2020-11-10T02:33:55.466+0000][7][gc,metaspace] GC(11) Metaspace: 57670K(60592K)->57670K(60592K) NonClass: 49946K(51888K)->49946K(51888K) Class: 7723K(8704K)->7723K(8704K)
[2020-11-10T02:33:55.467+0000][7][gc          ] GC(11) Pause Young (Concurrent Start) (Metadata GC Threshold) 305M->60M(512M) 59.397ms
[2020-11-10T02:33:55.467+0000][7][gc,cpu      ] GC(11) User=0.06s Sys=0.00s Real=0.06s
[2020-11-10T02:33:55.468+0000][7][safepoint   ] Safepoint "CollectForMetadataAllocation", Time since last: 868928675 ns, Reaching safepoint: 278605 ns, At safepoint: 60822841 ns, Total: 61101446 ns
[2020-11-10T02:33:55.469+0000][7][gc          ] GC(12) Concurrent Cycle
[2020-11-10T02:33:55.473+0000][7][gc,marking  ] GC(12) Concurrent Clear Claimed Marks
[2020-11-10T02:33:55.475+0000][7][gc,marking  ] GC(12) Concurrent Clear Claimed Marks 2.142ms
[2020-11-10T02:33:55.476+0000][7][gc,marking  ] GC(12) Concurrent Scan Root Regions
[2020-11-10T02:33:55.486+0000][7][gc,marking  ] GC(12) Concurrent Scan Root Regions 9.708ms
[2020-11-10T02:33:55.487+0000][7][gc,marking  ] GC(12) Concurrent Mark (17.152s)
[2020-11-10T02:33:55.488+0000][7][gc,marking  ] GC(12) Concurrent Mark From Roots
[2020-11-10T02:33:55.488+0000][7][gc,task     ] GC(12) Using 2 workers of 2 for marking
[2020-11-10T02:33:55.533+0000][7][gc,marking  ] GC(12) Concurrent Mark From Roots 44.999ms
[2020-11-10T02:33:55.534+0000][7][gc,marking  ] GC(12) Concurrent Preclean
[2020-11-10T02:33:55.537+0000][7][safepoint   ] Safepoint "CollectForMetadataAllocation", Time since last: 67397797 ns, Reaching safepoint: 749805 ns, At safepoint: 186938 ns, Total: 936743 ns
[2020-11-10T02:33:55.537+0000][7][gc,marking  ] GC(12) Concurrent Preclean 2.633ms
[2020-11-10T02:33:55.541+0000][7][gc,marking  ] GC(12) Concurrent Mark (17.152s, 17.206s) 53.554ms
[2020-11-10T02:33:55.542+0000][7][gc,start    ] GC(12) Pause Remark
[2020-11-10T02:33:55.549+0000][7][gc          ] GC(12) Pause Remark 64M->64M(512M) 6.981ms
[2020-11-10T02:33:55.550+0000][7][gc,cpu      ] GC(12) User=0.01s Sys=0.00s Real=0.00s
[2020-11-10T02:33:55.550+0000][7][safepoint   ] Safepoint "G1Concurrent", Time since last: 5298114 ns, Reaching safepoint: 292983 ns, At safepoint: 8225803 ns, Total: 8518786 ns
[2020-11-10T02:33:55.552+0000][7][gc,marking  ] GC(12) Concurrent Rebuild Remembered Sets
[2020-11-10T02:33:55.590+0000][7][gc,marking  ] GC(12) Concurrent Rebuild Remembered Sets 37.973ms
[2020-11-10T02:33:55.593+0000][7][gc,start    ] GC(12) Pause Cleanup
[2020-11-10T02:33:55.593+0000][7][gc          ] GC(12) Pause Cleanup 67M->67M(512M) 0.861ms
[2020-11-10T02:33:55.594+0000][7][gc,cpu      ] GC(12) User=0.00s Sys=0.00s Real=0.00s
[2020-11-10T02:33:55.595+0000][7][safepoint   ] Safepoint "G1Concurrent", Time since last: 41152715 ns, Reaching safepoint: 921068 ns, At safepoint: 2022037 ns, Total: 2943105 ns
[2020-11-10T02:33:55.595+0000][7][gc,marking  ] GC(12) Concurrent Cleanup for Next Mark
[2020-11-10T02:33:55.597+0000][7][gc,marking  ] GC(12) Concurrent Cleanup for Next Mark 2.183ms
[2020-11-10T02:33:55.598+0000][7][gc          ] GC(12) Concurrent Cycle 129.129ms
[2020-11-10T02:33:57.022+0000][7][safepoint   ] Safepoint "Cleanup", Time since last: 1425448913 ns, Reaching safepoint: 1666776 ns, At safepoint: 10473 ns, Total: 1677249 ns
[2020-11-10T02:33:58.025+0000][7][safepoint   ] Safepoint "ICBufferFull", Time since last: 1000846037 ns, Reaching safepoint: 2359295 ns, At safepoint: 39459 ns, Total: 2398754 ns
[2020-11-10T02:33:58.750+0000][7][safepoint   ] Safepoint "ICBufferFull", Time since last: 724772713 ns, Reaching safepoint: 595883 ns, At safepoint: 21662 ns, Total: 617545 ns
[2020-11-10T02:33:58.920+0000][7][safepoint   ] Safepoint "ICBufferFull", Time since last: 169166300 ns, Reaching safepoint: 604905 ns, At safepoint: 43249 ns, Total: 648154 ns
[2020-11-10T02:33:59.925+0000][7][safepoint   ] Safepoint "ICBufferFull", Time since last: 1004743951 ns, Reaching safepoint: 223921 ns, At safepoint: 18871 ns, Total: 242792 ns
[2020-11-10T02:34:00.802+0000][7][safepoint   ] Safepoint "ICBufferFull", Time since last: 873157596 ns, Reaching safepoint: 3628754 ns, At safepoint: 30357 ns, Total: 3659111 ns
[2020-11-10T02:34:00.987+0000][7][gc,start    ] GC(13) Pause Young (Concurrent Start) (G1 Evacuation Pause)
[2020-11-10T02:34:00.987+0000][7][gc,task     ] GC(13) Using 8 workers of 8 for evacuation
[2020-11-10T02:34:00.988+0000][7][gc,age      ] GC(13) Desired survivor size 19922944 bytes, new threshold 15 (max threshold 15)
[2020-11-10T02:34:01.036+0000][7][gc,age      ] GC(13) Age table with threshold 15 (max threshold 15)
[2020-11-10T02:34:01.037+0000][7][gc,age      ] GC(13) - age   1:   12002608 bytes,   12002608 total
[2020-11-10T02:34:01.037+0000][7][gc,age      ] GC(13) - age   2:   10799864 bytes,   22802472 total
[2020-11-10T02:34:01.038+0000][7][gc,age      ] GC(13) - age   3:    6132568 bytes,   28935040 total
[2020-11-10T02:34:01.039+0000][7][gc,phases   ] GC(13)   Pre Evacuate Collection Set: 0.4ms
[2020-11-10T02:34:01.039+0000][7][gc,phases   ] GC(13)   Merge Heap Roots: 0.2ms
[2020-11-10T02:34:01.040+0000][7][gc,phases   ] GC(13)   Evacuate Collection Set: 41.9ms
[2020-11-10T02:34:01.041+0000][7][gc,phases   ] GC(13)   Post Evacuate Collection Set: 4.9ms
[2020-11-10T02:34:01.041+0000][7][gc,phases   ] GC(13)   Other: 4.7ms
[2020-11-10T02:34:01.042+0000][7][gc,heap     ] GC(13) Eden regions: 284->0(267)
[2020-11-10T02:34:01.042+0000][7][gc,heap     ] GC(13) Survivor regions: 18->29(38)
[2020-11-10T02:34:01.043+0000][7][gc,heap     ] GC(13) Old regions: 42->42
[2020-11-10T02:34:01.043+0000][7][gc,heap     ] GC(13) Archive regions: 2->2
[2020-11-10T02:34:01.044+0000][7][gc,heap     ] GC(13) Humongous regions: 7->7
[2020-11-10T02:34:01.044+0000][7][gc,metaspace] GC(13) Metaspace: 87083K(90952K)->87083K(90952K) NonClass: 75339K(78152K)->75339K(78152K) Class: 11743K(12800K)->11743K(12800K)
[2020-11-10T02:34:01.045+0000][7][gc          ] GC(13) Pause Young (Concurrent Start) (G1 Evacuation Pause) 350M->77M(512M) 58.130ms
[2020-11-10T02:34:01.046+0000][7][gc,cpu      ] GC(13) User=0.11s Sys=0.01s Real=0.06s
[2020-11-10T02:34:01.046+0000][7][safepoint   ] Safepoint "G1CollectForAllocation", Time since last: 184519211 ns, Reaching safepoint: 210135 ns, At safepoint: 59523569 ns, Total: 59733704 ns
[2020-11-10T02:34:01.048+0000][7][gc          ] GC(14) Concurrent Cycle
[2020-11-10T02:34:01.049+0000][7][gc,marking  ] GC(14) Concurrent Clear Claimed Marks
[2020-11-10T02:34:01.049+0000][7][gc,marking  ] GC(14) Concurrent Clear Claimed Marks 0.638ms
[2020-11-10T02:34:01.050+0000][7][gc,marking  ] GC(14) Concurrent Scan Root Regions
[2020-11-10T02:34:01.070+0000][7][gc,marking  ] GC(14) Concurrent Scan Root Regions 20.827ms
[2020-11-10T02:34:01.071+0000][7][gc,marking  ] GC(14) Concurrent Mark (22.736s)
[2020-11-10T02:34:01.072+0000][7][gc,marking  ] GC(14) Concurrent Mark From Roots
[2020-11-10T02:34:01.072+0000][7][gc,task     ] GC(14) Using 2 workers of 2 for marking
[2020-11-10T02:34:01.122+0000][7][gc,marking  ] GC(14) Concurrent Mark From Roots 50.739ms
[2020-11-10T02:34:01.123+0000][7][gc,marking  ] GC(14) Concurrent Preclean
[2020-11-10T02:34:01.124+0000][7][gc,marking  ] GC(14) Concurrent Preclean 1.200ms
[2020-11-10T02:34:01.125+0000][7][gc,marking  ] GC(14) Concurrent Mark (22.736s, 22.790s) 53.749ms
[2020-11-10T02:34:01.128+0000][7][gc,start    ] GC(14) Pause Remark
[2020-11-10T02:34:01.136+0000][7][gc          ] GC(14) Pause Remark 80M->80M(512M) 7.756ms
[2020-11-10T02:34:01.137+0000][7][gc,cpu      ] GC(14) User=0.01s Sys=0.00s Real=0.01s
[2020-11-10T02:34:01.137+0000][7][safepoint   ] Safepoint "G1Concurrent", Time since last: 79277683 ns, Reaching safepoint: 2299755 ns, At safepoint: 9340933 ns, Total: 11640688 ns
[2020-11-10T02:34:01.138+0000][7][gc,marking  ] GC(14) Concurrent Rebuild Remembered Sets
[2020-11-10T02:34:01.181+0000][7][gc,marking  ] GC(14) Concurrent Rebuild Remembered Sets 42.979ms
[2020-11-10T02:34:01.182+0000][7][gc,start    ] GC(14) Pause Cleanup
[2020-11-10T02:34:01.183+0000][7][gc          ] GC(14) Pause Cleanup 82M->82M(512M) 0.814ms
[2020-11-10T02:34:01.184+0000][7][gc,cpu      ] GC(14) User=0.00s Sys=0.00s Real=0.00s
[2020-11-10T02:34:01.184+0000][7][safepoint   ] Safepoint "G1Concurrent", Time since last: 44422974 ns, Reaching safepoint: 605830 ns, At safepoint: 1902864 ns, Total: 2508694 ns
[2020-11-10T02:34:01.185+0000][7][gc,marking  ] GC(14) Concurrent Cleanup for Next Mark
[2020-11-10T02:34:01.186+0000][7][gc,marking  ] GC(14) Concurrent Cleanup for Next Mark 1.595ms
[2020-11-10T02:34:01.187+0000][7][gc          ] GC(14) Concurrent Cycle 138.755ms
[2020-11-10T02:34:02.023+0000][7][safepoint   ] Safepoint "ICBufferFull", Time since last: 838631236 ns, Reaching safepoint: 350935 ns, At safepoint: 15746 ns, Total: 366681 ns
[2020-11-10T02:34:03.026+0000][7][safepoint   ] Safepoint "Cleanup", Time since last: 1002262508 ns, Reaching safepoint: 378177 ns, At safepoint: 34073 ns, Total: 412250 ns
[2020-11-10T02:34:04.027+0000][7][safepoint   ] Safepoint "Cleanup", Time since last: 1001386084 ns, Reaching safepoint: 171855 ns, At safepoint: 16638 ns, Total: 188493 ns
[2020-11-10T02:34:05.028+0000][7][safepoint   ] Safepoint "Cleanup", Time since last: 1000174337 ns, Reaching safepoint: 509907 ns, At safepoint: 25031 ns, Total: 534938 ns
[2020-11-10T02:34:06.030+0000][7][safepoint   ] Safepoint "Cleanup", Time since last: 1002233666 ns, Reaching safepoint: 135219 ns, At safepoint: 36638 ns, Total: 171857 ns
[2020-11-10T02:34:06.816+0000][7][safepoint   ] Safepoint "ICBufferFull", Time since last: 784496750 ns, Reaching safepoint: 1114952 ns, At safepoint: 37585 ns, Total: 1152537 ns
[2020-11-10T02:34:07.796+0000][7][safepoint   ] Safepoint "Cleanup", Time since last: 1000779446 ns, Reaching safepoint: 361600 ns, At safepoint: 23756 ns, Total: 385356 ns
[2020-11-10T02:34:08.797+0000][7][safepoint   ] Safepoint "Cleanup", Time since last: 1001077266 ns, Reaching safepoint: 225839 ns, At safepoint: 21890 ns, Total: 247729 ns
[2020-11-10T02:34:09.799+0000][7][safepoint   ] Safepoint "Cleanup", Time since last: 1001545099 ns, Reaching safepoint: 285701 ns, At safepoint: 18054 ns, Total: 303755 ns
[2020-11-10T02:34:10.799+0000][7][safepoint   ] Safepoint "Cleanup", Time since last: 1000197452 ns, Reaching safepoint: 200437 ns, At safepoint: 2286 ns, Total: 202723 ns
[2020-11-10T02:34:11.801+0000][7][safepoint   ] Safepoint "Cleanup", Time since last: 1000887053 ns, Reaching safepoint: 278769 ns, At safepoint: 6019 ns, Total: 284788 ns
[2020-11-10T02:34:12.979+0000][7][safepoint   ] Safepoint "Cleanup", Time since last: 1178285647 ns, Reaching safepoint: 340204 ns, At safepoint: 37263 ns, Total: 377467 ns
[2020-11-10T02:34:13.981+0000][7][safepoint   ] Safepoint "Cleanup", Time since last: 1001053722 ns, Reaching safepoint: 283892 ns, At safepoint: 17142 ns, Total: 301034 ns
[2020-11-10T02:34:14.981+0000][7][safepoint   ] Safepoint "Cleanup", Time since last: 1000117675 ns, Reaching safepoint: 214273 ns, At safepoint: 3825 ns, Total: 218098 ns
[2020-11-10T02:34:15.982+0000][7][safepoint   ] Safepoint "Cleanup", Time since last: 1000852461 ns, Reaching safepoint: 198376 ns, At safepoint: 22539 ns, Total: 220915 ns
[2020-11-10T02:34:16.983+0000][7][safepoint   ] Safepoint "Cleanup", Time since last: 1000821261 ns, Reaching safepoint: 268035 ns, At safepoint: 26197 ns, Total: 294232 ns
[2020-11-10T02:34:18.348+0000][7][gc,start    ] GC(15) Pause Young (Normal) (G1 Evacuation Pause)
[2020-11-10T02:34:18.349+0000][7][gc,task     ] GC(15) Using 8 workers of 8 for evacuation
[2020-11-10T02:34:18.350+0000][7][gc,age      ] GC(15) Desired survivor size 19398656 bytes, new threshold 2 (max threshold 15)
[2020-11-10T02:34:18.378+0000][7][gc,age      ] GC(15) Age table with threshold 2 (max threshold 15)
[2020-11-10T02:34:18.378+0000][7][gc,age      ] GC(15) - age   1:    8634096 bytes,    8634096 total
[2020-11-10T02:34:18.379+0000][7][gc,age      ] GC(15) - age   2:   11499080 bytes,   20133176 total
[2020-11-10T02:34:18.379+0000][7][gc,phases   ] GC(15)   Pre Evacuate Collection Set: 0.3ms
[2020-11-10T02:34:18.380+0000][7][gc,phases   ] GC(15)   Merge Heap Roots: 0.4ms
[2020-11-10T02:34:18.380+0000][7][gc,phases   ] GC(15)   Evacuate Collection Set: 25.0ms
[2020-11-10T02:34:18.381+0000][7][gc,phases   ] GC(15)   Post Evacuate Collection Set: 2.0ms
[2020-11-10T02:34:18.381+0000][7][gc,phases   ] GC(15)   Other: 3.3ms
[2020-11-10T02:34:18.381+0000][7][gc,heap     ] GC(15) Eden regions: 267->0(260)
[2020-11-10T02:34:18.382+0000][7][gc,heap     ] GC(15) Survivor regions: 29->22(37)
[2020-11-10T02:34:18.382+0000][7][gc,heap     ] GC(15) Old regions: 42->58
[2020-11-10T02:34:18.383+0000][7][gc,heap     ] GC(15) Archive regions: 2->2
[2020-11-10T02:34:18.383+0000][7][gc,heap     ] GC(15) Humongous regions: 17->7
[2020-11-10T02:34:18.383+0000][7][gc,metaspace] GC(15) Metaspace: 95740K(99656K)->95740K(99656K) NonClass: 82821K(85576K)->82821K(85576K) Class: 12919K(14080K)->12919K(14080K)
[2020-11-10T02:34:18.384+0000][7][gc          ] GC(15) Pause Young (Normal) (G1 Evacuation Pause) 354M->86M(512M) 35.503ms
[2020-11-10T02:34:18.384+0000][7][gc,cpu      ] GC(15) User=0.08s Sys=0.01s Real=0.04s
[2020-11-10T02:34:18.385+0000][7][safepoint   ] Safepoint "G1CollectForAllocation", Time since last: 1364934307 ns, Reaching safepoint: 207855 ns, At safepoint: 36469128 ns, Total: 36676983 ns
[2020-11-10T02:34:19.386+0000][7][safepoint   ] Safepoint "Cleanup", Time since last: 1000458763 ns, Reaching safepoint: 239774 ns, At safepoint: 68459 ns, Total: 308233 ns
[2020-11-10T02:34:20.387+0000][7][safepoint   ] Safepoint "Cleanup", Time since last: 1000648884 ns, Reaching safepoint: 288136 ns, At safepoint: 66003 ns, Total: 354139 ns
[2020-11-10T02:34:21.387+0000][7][safepoint   ] Safepoint "Cleanup", Time since last: 1000635827 ns, Reaching safepoint: 197892 ns, At safepoint: 26383 ns, Total: 224275 ns
[2020-11-10T02:34:22.388+0000][7][safepoint   ] Safepoint "Cleanup", Time since last: 1000705042 ns, Reaching safepoint: 198271 ns, At safepoint: 17761 ns, Total: 216032 ns
[2020-11-10T02:34:24.389+0000][7][safepoint   ] Safepoint "Cleanup", Time since last: 2000751824 ns, Reaching safepoint: 266340 ns, At safepoint: 24997 ns, Total: 291337 ns
[2020-11-10T02:34:25.390+0000][7][safepoint   ] Safepoint "Cleanup", Time since last: 1000683196 ns, Reaching safepoint: 259668 ns, At safepoint: 32712 ns, Total: 292380 ns
[2020-11-10T02:34:26.391+0000][7][safepoint   ] Safepoint "Cleanup", Time since last: 1000856568 ns, Reaching safepoint: 234552 ns, At safepoint: 42122 ns, Total: 276674 ns
[2020-11-10T02:34:27.392+0000][7][safepoint   ] Safepoint "Cleanup", Time since last: 1000658617 ns, Reaching safepoint: 149493 ns, At safepoint: 3619 ns, Total: 153112 ns
[2020-11-10T02:34:28.393+0000][7][safepoint   ] Safepoint "Cleanup", Time since last: 1000679221 ns, Reaching safepoint: 198106 ns, At safepoint: 24835 ns, Total: 222941 ns
[2020-11-10T02:34:29.394+0000][7][safepoint   ] Safepoint "Cleanup", Time since last: 1000600819 ns, Reaching safepoint: 316377 ns, At safepoint: 50304 ns, Total: 366681 ns
[2020-11-10T02:34:30.395+0000][7][safepoint   ] Safepoint "Cleanup", Time since last: 1000155839 ns, Reaching safepoint: 270687 ns, At safepoint: 17568 ns, Total: 288255 ns
[2020-11-10T02:34:31.396+0000][7][safepoint   ] Safepoint "Cleanup", Time since last: 1000700663 ns, Reaching safepoint: 234925 ns, At safepoint: 28166 ns, Total: 263091 ns
[2020-11-10T02:34:33.396+0000][7][safepoint   ] Safepoint "Cleanup", Time since last: 2000248799 ns, Reaching safepoint: 189829 ns, At safepoint: 23005 ns, Total: 212834 ns
[2020-11-10T02:34:34.397+0000][7][safepoint   ] Safepoint "Cleanup", Time since last: 1000765670 ns, Reaching safepoint: 192394 ns, At safepoint: 29877 ns, Total: 222271 ns
[2020-11-10T02:34:36.397+0000][7][safepoint   ] Safepoint "Cleanup", Time since last: 2000152701 ns, Reaching safepoint: 121006 ns, At safepoint: 2093 ns, Total: 123099 ns
[2020-11-10T02:34:37.377+0000][7][safepoint   ] Safepoint "Cleanup", Time since last: 1000800225 ns, Reaching safepoint: 468549 ns, At safepoint: 32645 ns, Total: 501194 ns
[2020-11-10T02:34:38.378+0000][7][safepoint   ] Safepoint "Cleanup", Time since last: 1000839799 ns, Reaching safepoint: 224418 ns, At safepoint: 24461 ns, Total: 248879 ns
[2020-11-10T02:34:39.379+0000][7][safepoint   ] Safepoint "Cleanup", Time since last: 1000622991 ns, Reaching safepoint: 256645 ns, At safepoint: 20599 ns, Total: 277244 ns
[2020-11-10T02:34:41.380+0000][7][safepoint   ] Safepoint "Cleanup", Time since last: 2000653121 ns, Reaching safepoint: 267636 ns, At safepoint: 43215 ns, Total: 310851 ns
[2020-11-10T02:34:42.381+0000][7][safepoint   ] Safepoint "Cleanup", Time since last: 1000619164 ns, Reaching safepoint: 209032 ns, At safepoint: 7960 ns, Total: 216992 ns
[2020-11-10T02:34:43.382+0000][7][safepoint   ] Safepoint "Cleanup", Time since last: 1000739748 ns, Reaching safepoint: 181704 ns, At safepoint: 2672 ns, Total: 184376 ns
[2020-11-10T02:34:44.383+0000][7][safepoint   ] Safepoint "Cleanup", Time since last: 1000733165 ns, Reaching safepoint: 219025 ns, At safepoint: 9379 ns, Total: 228404 ns
[2020-11-10T02:34:45.384+0000][7][safepoint   ] Safepoint "Cleanup", Time since last: 1000765470 ns, Reaching safepoint: 165343 ns, At safepoint: 2964 ns, Total: 168307 ns
[2020-11-10T02:34:46.385+0000][7][safepoint   ] Safepoint "Cleanup", Time since last: 1000634933 ns, Reaching safepoint: 160081 ns, At safepoint: 2912 ns, Total: 162993 ns
[2020-11-10T02:34:48.386+0000][7][safepoint   ] Safepoint "Cleanup", Time since last: 2000718251 ns, Reaching safepoint: 186336 ns, At safepoint: 5033 ns, Total: 191369 ns
[2020-11-10T02:34:49.387+0000][7][safepoint   ] Safepoint "Cleanup", Time since last: 1000799651 ns, Reaching safepoint: 233007 ns, At safepoint: 3795 ns, Total: 236802 ns
[2020-11-10T02:34:51.388+0000][7][safepoint   ] Safepoint "Cleanup", Time since last: 2000864600 ns, Reaching safepoint: 192557 ns, At safepoint: 24557 ns, Total: 217114 ns
[2020-11-10T02:34:53.389+0000][7][safepoint   ] Safepoint "Cleanup", Time since last: 2000668356 ns, Reaching safepoint: 182595 ns, At safepoint: 51565 ns, Total: 234160 ns
[2020-11-10T02:34:54.390+0000][7][safepoint   ] Safepoint "Cleanup", Time since last: 1000696935 ns, Reaching safepoint: 159742 ns, At safepoint: 2588 ns, Total: 162330 ns
[2020-11-10T02:34:55.390+0000][7][safepoint   ] Safepoint "Cleanup", Time since last: 1000589551 ns, Reaching safepoint: 203397 ns, At safepoint: 6389 ns, Total: 209786 ns
[2020-11-10T02:34:56.391+0000][7][safepoint   ] Safepoint "Cleanup", Time since last: 1000571696 ns, Reaching safepoint: 190182 ns, At safepoint: 7818 ns, Total: 198000 ns
[2020-11-10T02:34:58.352+0000][7][safepoint   ] Safepoint "Cleanup", Time since last: 1960939664 ns, Reaching safepoint: 343863 ns, At safepoint: 23108 ns, Total: 366971 ns
[2020-11-10T02:34:59.353+0000][7][safepoint   ] Safepoint "Cleanup", Time since last: 1000539885 ns, Reaching safepoint: 300145 ns, At safepoint: 43442 ns, Total: 343587 ns
[2020-11-10T02:35:01.340+0000][7][safepoint   ] Safepoint "Cleanup", Time since last: 1986094575 ns, Reaching safepoint: 193698 ns, At safepoint: 21241 ns, Total: 214939 ns
[2020-11-10T02:35:03.340+0000][7][safepoint   ] Safepoint "Cleanup", Time since last: 2000681241 ns, Reaching safepoint: 144064 ns, At safepoint: 18741 ns, Total: 162805 ns
[2020-11-10T02:35:04.341+0000][7][safepoint   ] Safepoint "Cleanup", Time since last: 1000561275 ns, Reaching safepoint: 293726 ns, At safepoint: 7312 ns, Total: 301038 ns
[2020-11-10T02:35:05.342+0000][7][safepoint   ] Safepoint "Cleanup", Time since last: 1000649228 ns, Reaching safepoint: 168827 ns, At safepoint: 17931 ns, Total: 186758 ns
[2020-11-10T02:35:06.343+0000][7][safepoint   ] Safepoint "Cleanup", Time since last: 1000586698 ns, Reaching safepoint: 196786 ns, At safepoint: 31843 ns, Total: 228629 ns
[2020-11-10T02:35:09.323+0000][7][safepoint   ] Safepoint "Cleanup", Time since last: 3000853420 ns, Reaching safepoint: 304975 ns, At safepoint: 114102 ns, Total: 419077 ns
[2020-11-10T02:35:10.324+0000][7][safepoint   ] Safepoint "Cleanup", Time since last: 1000398253 ns, Reaching safepoint: 285187 ns, At safepoint: 30715 ns, Total: 315902 ns
[2020-11-10T02:35:11.325+0000][7][safepoint   ] Safepoint "Cleanup", Time since last: 1000784732 ns, Reaching safepoint: 188041 ns, At safepoint: 17621 ns, Total: 205662 ns
[2020-11-10T02:35:12.326+0000][7][safepoint   ] Safepoint "Cleanup", Time since last: 1000826069 ns, Reaching safepoint: 152080 ns, At safepoint: 14969 ns, Total: 167049 ns
[2020-11-10T02:35:14.327+0000][7][safepoint   ] Safepoint "Cleanup", Time since last: 2000821937 ns, Reaching safepoint: 183035 ns, At safepoint: 2836 ns, Total: 185871 ns
[2020-11-10T02:35:15.328+0000][7][safepoint   ] Safepoint "Cleanup", Time since last: 1000813788 ns, Reaching safepoint: 190650 ns, At safepoint: 52365 ns, Total: 243015 ns
[2020-11-10T02:35:16.329+0000][7][safepoint   ] Safepoint "Cleanup", Time since last: 1000648593 ns, Reaching safepoint: 173431 ns, At safepoint: 28267 ns, Total: 201698 ns
[2020-11-10T02:35:18.330+0000][7][safepoint   ] Safepoint "Cleanup", Time since last: 2001180840 ns, Reaching safepoint: 240480 ns, At safepoint: 22137 ns, Total: 262617 ns
[2020-11-10T02:35:19.331+0000][7][safepoint   ] Safepoint "Cleanup", Time since last: 1000599530 ns, Reaching safepoint: 186533 ns, At safepoint: 4901 ns, Total: 191434 ns
[2020-11-10T02:35:21.332+0000][7][safepoint   ] Safepoint "Cleanup", Time since last: 2000691662 ns, Reaching safepoint: 154416 ns, At safepoint: 2482 ns, Total: 156898 ns
[2020-11-10T02:35:22.333+0000][7][safepoint   ] Safepoint "Cleanup", Time since last: 1000562382 ns, Reaching safepoint: 242342 ns, At safepoint: 23541 ns, Total: 265883 ns
[2020-11-10T02:35:24.333+0000][7][safepoint   ] Safepoint "Cleanup", Time since last: 2000701495 ns, Reaching safepoint: 165787 ns, At safepoint: 24576 ns, Total: 190363 ns
[2020-11-10T02:35:25.335+0000][7][safepoint   ] Safepoint "Cleanup", Time since last: 1000946602 ns, Reaching safepoint: 235616 ns, At safepoint: 10832 ns, Total: 246448 ns
[2020-11-10T02:35:27.335+0000][7][safepoint   ] Safepoint "Cleanup", Time since last: 2000674142 ns, Reaching safepoint: 202834 ns, At safepoint: 3972 ns, Total: 206806 ns
[2020-11-10T02:35:29.336+0000][7][safepoint   ] Safepoint "Cleanup", Time since last: 2000751311 ns, Reaching safepoint: 205216 ns, At safepoint: 21700 ns, Total: 226916 ns
[2020-11-10T02:35:30.337+0000][7][safepoint   ] Safepoint "Cleanup", Time since last: 1000651947 ns, Reaching safepoint: 271797 ns, At safepoint: 37105 ns, Total: 308902 ns
[2020-11-10T02:35:32.339+0000][7][safepoint   ] Safepoint "Cleanup", Time since last: 2001025047 ns, Reaching safepoint: 272682 ns, At safepoint: 31186 ns, Total: 303868 ns
[2020-11-10T02:35:33.340+0000][7][safepoint   ] Safepoint "Cleanup", Time since last: 1000918921 ns, Reaching safepoint: 222972 ns, At safepoint: 37515 ns, Total: 260487 ns
[2020-11-10T02:35:34.341+0000][7][safepoint   ] Safepoint "Cleanup", Time since last: 1000638542 ns, Reaching safepoint: 240522 ns, At safepoint: 11977 ns, Total: 252499 ns
[2020-11-10T02:35:35.342+0000][7][safepoint   ] Safepoint "Cleanup", Time since last: 1000798371 ns, Reaching safepoint: 251865 ns, At safepoint: 24596 ns, Total: 276461 ns
[2020-11-10T02:35:36.343+0000][7][safepoint   ] Safepoint "Cleanup", Time since last: 1000990897 ns, Reaching safepoint: 246034 ns, At safepoint: 14237 ns, Total: 260271 ns
[2020-11-10T02:35:39.323+0000][7][safepoint   ] Safepoint "Cleanup", Time since last: 3000748321 ns, Reaching safepoint: 271151 ns, At safepoint: 14950 ns, Total: 286101 ns
[2020-11-10T02:35:40.324+0000][7][safepoint   ] Safepoint "Cleanup", Time since last: 1000670257 ns, Reaching safepoint: 542003 ns, At safepoint: 30381 ns, Total: 572384 ns
[2020-11-10T02:35:41.325+0000][7][safepoint   ] Safepoint "Cleanup", Time since last: 1001001525 ns, Reaching safepoint: 219953 ns, At safepoint: 38621 ns, Total: 258574 ns
[2020-11-10T02:35:42.326+0000][7][safepoint   ] Safepoint "Cleanup", Time since last: 1000570981 ns, Reaching safepoint: 242267 ns, At safepoint: 15972 ns, Total: 258239 ns
[2020-11-10T02:35:44.327+0000][7][safepoint   ] Safepoint "Cleanup", Time since last: 2000700143 ns, Reaching safepoint: 201954 ns, At safepoint: 15949 ns, Total: 217903 ns
[2020-11-10T02:35:45.328+0000][7][safepoint   ] Safepoint "Cleanup", Time since last: 1000723604 ns, Reaching safepoint: 239966 ns, At safepoint: 28811 ns, Total: 268777 ns
[2020-11-10T02:35:46.329+0000][7][safepoint   ] Safepoint "Cleanup", Time since last: 1000107281 ns, Reaching safepoint: 238064 ns, At safepoint: 2361 ns, Total: 240425 ns
[2020-11-10T02:35:48.330+0000][7][safepoint   ] Safepoint "Cleanup", Time since last: 2001184102 ns, Reaching safepoint: 293272 ns, At safepoint: 25083 ns, Total: 318355 ns
[2020-11-10T02:35:49.331+0000][7][safepoint   ] Safepoint "Cleanup", Time since last: 1000885924 ns, Reaching safepoint: 390771 ns, At safepoint: 29542 ns, Total: 420313 ns
[2020-11-10T02:35:50.333+0000][7][safepoint   ] Safepoint "Cleanup", Time since last: 1001150513 ns, Reaching safepoint: 645227 ns, At safepoint: 50405 ns, Total: 695632 ns
[2020-11-10T02:35:51.334+0000][7][safepoint   ] Safepoint "Cleanup", Time since last: 1000845069 ns, Reaching safepoint: 195724 ns, At safepoint: 14965 ns, Total: 210689 ns
[2020-11-10T02:35:54.335+0000][7][safepoint   ] Safepoint "Cleanup", Time since last: 3000858406 ns, Reaching safepoint: 194073 ns, At safepoint: 15501 ns, Total: 209574 ns
[2020-11-10T02:35:56.336+0000][7][safepoint   ] Safepoint "Cleanup", Time since last: 2000719439 ns, Reaching safepoint: 276958 ns, At safepoint: 24585 ns, Total: 301543 ns
[2020-11-10T02:35:57.337+0000][7][safepoint   ] Safepoint "Cleanup", Time since last: 1000689244 ns, Reaching safepoint: 236719 ns, At safepoint: 15607 ns, Total: 252326 ns
[2020-11-10T02:35:59.339+0000][7][safepoint   ] Safepoint "Cleanup", Time since last: 2000812183 ns, Reaching safepoint: 385803 ns, At safepoint: 92051 ns, Total: 477854 ns
[2020-11-10T02:36:00.340+0000][7][safepoint   ] Safepoint "Cleanup", Time since last: 1001437578 ns, Reaching safepoint: 260680 ns, At safepoint: 18928 ns, Total: 279608 ns
[2020-11-10T02:36:02.342+0000][7][safepoint   ] Safepoint "Cleanup", Time since last: 2000778613 ns, Reaching safepoint: 492078 ns, At safepoint: 76168 ns, Total: 568246 ns
[2020-11-10T02:36:03.343+0000][7][safepoint   ] Safepoint "Cleanup", Time since last: 1000983864 ns, Reaching safepoint: 383197 ns, At safepoint: 39640 ns, Total: 422837 ns
[2020-11-10T02:36:05.344+0000][7][safepoint   ] Safepoint "Cleanup", Time since last: 2001055819 ns, Reaching safepoint: 382514 ns, At safepoint: 23345 ns, Total: 405859 ns
[2020-11-10T02:36:07.325+0000][7][safepoint   ] Safepoint "Cleanup", Time since last: 2001021205 ns, Reaching safepoint: 683930 ns, At safepoint: 41259 ns, Total: 725189 ns
[2020-11-10T02:36:08.327+0000][7][safepoint   ] Safepoint "Cleanup", Time since last: 1001130361 ns, Reaching safepoint: 508016 ns, At safepoint: 46117 ns, Total: 554133 ns
[2020-11-10T02:36:09.328+0000][7][safepoint   ] Safepoint "Cleanup", Time since last: 1001185601 ns, Reaching safepoint: 161414 ns, At safepoint: 16430 ns, Total: 177844 ns
[2020-11-10T02:36:11.329+0000][7][safepoint   ] Safepoint "Cleanup", Time since last: 2000759694 ns, Reaching safepoint: 254697 ns, At safepoint: 26304 ns, Total: 281001 ns
[2020-11-10T02:36:12.330+0000][7][safepoint   ] Safepoint "Cleanup", Time since last: 1000734940 ns, Reaching safepoint: 257569 ns, At safepoint: 42785 ns, Total: 300354 ns
[2020-11-10T02:36:13.331+0000][7][safepoint   ] Safepoint "Cleanup", Time since last: 1000449100 ns, Reaching safepoint: 259722 ns, At safepoint: 32571 ns, Total: 292293 ns
[2020-11-10T02:36:14.332+0000][7][safepoint   ] Safepoint "Cleanup", Time since last: 1000960894 ns, Reaching safepoint: 201339 ns, At safepoint: 24449 ns, Total: 225788 ns
[2020-11-10T02:36:15.333+0000][7][safepoint   ] Safepoint "Cleanup", Time since last: 1000791285 ns, Reaching safepoint: 165914 ns, At safepoint: 16165 ns, Total: 182079 ns
[2020-11-10T02:36:17.334+0000][7][safepoint   ] Safepoint "Cleanup", Time since last: 2000732302 ns, Reaching safepoint: 285797 ns, At safepoint: 32502 ns, Total: 318299 ns
[2020-11-10T02:36:18.335+0000][7][safepoint   ] Safepoint "Cleanup", Time since last: 1000837646 ns, Reaching safepoint: 160015 ns, At safepoint: 16416 ns, Total: 176431 ns
[2020-11-10T02:36:21.336+0000][7][safepoint   ] Safepoint "Cleanup", Time since last: 3000729554 ns, Reaching safepoint: 191374 ns, At safepoint: 23822 ns, Total: 215196 ns
[2020-11-10T02:36:24.337+0000][7][safepoint   ] Safepoint "Cleanup", Time since last: 3000790749 ns, Reaching safepoint: 173506 ns, At safepoint: 22569 ns, Total: 196075 ns
[2020-11-10T02:36:25.338+0000][7][safepoint   ] Safepoint "Cleanup", Time since last: 1000694806 ns, Reaching safepoint: 193949 ns, At safepoint: 22918 ns, Total: 216867 ns
[2020-11-10T02:36:27.339+0000][7][safepoint   ] Safepoint "Cleanup", Time since last: 2000667844 ns, Reaching safepoint: 144805 ns, At safepoint: 2939 ns, Total: 147744 ns
[2020-11-10T02:36:29.340+0000][7][safepoint   ] Safepoint "Cleanup", Time since last: 2000717277 ns, Reaching safepoint: 228543 ns, At safepoint: 3169 ns, Total: 231712 ns
[2020-11-10T02:36:30.341+0000][7][safepoint   ] Safepoint "Cleanup", Time since last: 1000595752 ns, Reaching safepoint: 199101 ns, At safepoint: 80379 ns, Total: 279480 ns
[2020-11-10T02:36:33.342+0000][7][safepoint   ] Safepoint "Cleanup", Time since last: 3000614720 ns, Reaching safepoint: 483388 ns, At safepoint: 19168 ns, Total: 502556 ns
[2020-11-10T02:36:34.343+0000][7][safepoint   ] Safepoint "Cleanup", Time since last: 1001009944 ns, Reaching safepoint: 144271 ns, At safepoint: 17079 ns, Total: 161350 ns
[2020-11-10T02:36:35.344+0000][7][safepoint   ] Safepoint "Cleanup", Time since last: 1000699471 ns, Reaching safepoint: 202228 ns, At safepoint: 23471 ns, Total: 225699 ns
[2020-11-10T02:36:36.345+0000][7][safepoint   ] Safepoint "Cleanup", Time since last: 1000690576 ns, Reaching safepoint: 293181 ns, At safepoint: 22345 ns, Total: 315526 ns
[2020-11-10T02:36:36.640+0000][7][gc,start    ] GC(16) Pause Young (Normal) (G1 Evacuation Pause)
[2020-11-10T02:36:36.641+0000][7][gc,task     ] GC(16) Using 8 workers of 8 for evacuation
[2020-11-10T02:36:36.642+0000][7][gc,age      ] GC(16) Desired survivor size 18874368 bytes, new threshold 2 (max threshold 15)
[2020-11-10T02:36:36.653+0000][7][gc,age      ] GC(16) Age table with threshold 2 (max threshold 15)
[2020-11-10T02:36:36.654+0000][7][gc,age      ] GC(16) - age   1:    1153744 bytes,    1153744 total
[2020-11-10T02:36:36.654+0000][7][gc,age      ] GC(16) - age   2:    8236616 bytes,    9390360 total
[2020-11-10T02:36:36.654+0000][7][gc,phases   ] GC(16)   Pre Evacuate Collection Set: 0.2ms
[2020-11-10T02:36:36.655+0000][7][gc,phases   ] GC(16)   Merge Heap Roots: 0.3ms
[2020-11-10T02:36:36.655+0000][7][gc,phases   ] GC(16)   Evacuate Collection Set: 9.3ms
[2020-11-10T02:36:36.656+0000][7][gc,phases   ] GC(16)   Post Evacuate Collection Set: 1.1ms
[2020-11-10T02:36:36.656+0000][7][gc,phases   ] GC(16)   Other: 3.2ms
[2020-11-10T02:36:36.656+0000][7][gc,heap     ] GC(16) Eden regions: 260->0(266)
[2020-11-10T02:36:36.657+0000][7][gc,heap     ] GC(16) Survivor regions: 22->11(36)
[2020-11-10T02:36:36.657+0000][7][gc,heap     ] GC(16) Old regions: 58->70
[2020-11-10T02:36:36.658+0000][7][gc,heap     ] GC(16) Archive regions: 2->2
[2020-11-10T02:36:36.658+0000][7][gc,heap     ] GC(16) Humongous regions: 7->7
[2020-11-10T02:36:36.658+0000][7][gc,metaspace] GC(16) Metaspace: 97298K(101192K)->97298K(101192K) NonClass: 84354K(87112K)->84354K(87112K) Class: 12943K(14080K)->12943K(14080K)
[2020-11-10T02:36:36.659+0000][7][gc          ] GC(16) Pause Young (Normal) (G1 Evacuation Pause) 346M->88M(512M) 18.384ms
[2020-11-10T02:36:36.659+0000][7][gc,cpu      ] GC(16) User=0.06s Sys=0.00s Real=0.02s
[2020-11-10T02:36:36.660+0000][7][safepoint   ] Safepoint "G1CollectForAllocation", Time since last: 295219381 ns, Reaching safepoint: 296494 ns, At safepoint: 19258832 ns, Total: 19555326 ns
[2020-11-10T02:36:37.639+0000][7][safepoint   ] Safepoint "Cleanup", Time since last: 1000379464 ns, Reaching safepoint: 186434 ns, At safepoint: 21983 ns, Total: 208417 ns
[2020-11-10T02:36:38.640+0000][7][safepoint   ] Safepoint "Cleanup", Time since last: 1000695156 ns, Reaching safepoint: 166842 ns, At safepoint: 16323 ns, Total: 183165 ns
[2020-11-10T02:36:39.641+0000][7][safepoint   ] Safepoint "Cleanup", Time since last: 1000699092 ns, Reaching safepoint: 422043 ns, At safepoint: 42349 ns, Total: 464392 ns
[2020-11-10T02:36:40.642+0000][7][safepoint   ] Safepoint "Cleanup", Time since last: 1001179578 ns, Reaching safepoint: 299627 ns, At safepoint: 4743 ns, Total: 304370 ns
[2020-11-10T02:36:41.644+0000][7][safepoint   ] Safepoint "Cleanup", Time since last: 1000980762 ns, Reaching safepoint: 213894 ns, At safepoint: 44154 ns, Total: 258048 ns
[2020-11-10T02:36:42.645+0000][7][safepoint   ] Safepoint "Cleanup", Time since last: 1000732628 ns, Reaching safepoint: 242206 ns, At safepoint: 23398 ns, Total: 265604 ns
[2020-11-10T02:36:44.646+0000][7][safepoint   ] Safepoint "Cleanup", Time since last: 2000946545 ns, Reaching safepoint: 189314 ns, At safepoint: 23270 ns, Total: 212584 ns
[2020-11-10T02:36:45.647+0000][7][safepoint   ] Safepoint "Cleanup", Time since last: 1000642926 ns, Reaching safepoint: 351313 ns, At safepoint: 32212 ns, Total: 383525 ns
[2020-11-10T02:36:47.648+0000][7][safepoint   ] Safepoint "Cleanup", Time since last: 2000939533 ns, Reaching safepoint: 161943 ns, At safepoint: 3420 ns, Total: 165363 ns
[2020-11-10T02:36:48.649+0000][7][safepoint   ] Safepoint "Cleanup", Time since last: 1000808414 ns, Reaching safepoint: 534537 ns, At safepoint: 14542 ns, Total: 549079 ns
[2020-11-10T02:36:51.651+0000][7][safepoint   ] Safepoint "Cleanup", Time since last: 3001306918 ns, Reaching safepoint: 414677 ns, At safepoint: 72998 ns, Total: 487675 ns
[2020-11-10T02:36:54.653+0000][7][safepoint   ] Safepoint "Cleanup", Time since last: 3000952205 ns, Reaching safepoint: 502828 ns, At safepoint: 30480 ns, Total: 533308 ns
[2020-11-10T02:36:55.654+0000][7][safepoint   ] Safepoint "Cleanup", Time since last: 1001084534 ns, Reaching safepoint: 243059 ns, At safepoint: 5232 ns, Total: 248291 ns
[2020-11-10T02:36:56.655+0000][7][safepoint   ] Safepoint "Cleanup", Time since last: 1000912309 ns, Reaching safepoint: 314213 ns, At safepoint: 92069 ns, Total: 406282 ns
[2020-11-10T02:36:57.657+0000][7][safepoint   ] Safepoint "Cleanup", Time since last: 1000840079 ns, Reaching safepoint: 413090 ns, At safepoint: 39058 ns, Total: 452148 ns
[2020-11-10T02:36:59.658+0000][7][safepoint   ] Safepoint "Cleanup", Time since last: 2001013833 ns, Reaching safepoint: 324087 ns, At safepoint: 24184 ns, Total: 348271 ns
[2020-11-10T02:37:00.659+0000][7][safepoint   ] Safepoint "Cleanup", Time since last: 1000727962 ns, Reaching safepoint: 182035 ns, At safepoint: 23106 ns, Total: 205141 ns
[2020-11-10T02:37:01.660+0000][7][safepoint   ] Safepoint "Cleanup", Time since last: 1000679850 ns, Reaching safepoint: 262605 ns, At safepoint: 47924 ns, Total: 310529 ns
[2020-11-10T02:37:03.661+0000][7][safepoint   ] Safepoint "Cleanup", Time since last: 2000883438 ns, Reaching safepoint: 202646 ns, At safepoint: 23896 ns, Total: 226542 ns
[2020-11-10T02:37:04.662+0000][7][safepoint   ] Safepoint "Cleanup", Time since last: 1000667670 ns, Reaching safepoint: 228524 ns, At safepoint: 4093 ns, Total: 232617 ns
[2020-11-10T02:37:05.663+0000][7][safepoint   ] Safepoint "Cleanup", Time since last: 1001064753 ns, Reaching safepoint: 507743 ns, At safepoint: 34781 ns, Total: 542524 ns
[2020-11-10T02:37:06.665+0000][7][safepoint   ] Safepoint "Cleanup", Time since last: 1000893066 ns, Reaching safepoint: 233523 ns, At safepoint: 25898 ns, Total: 259421 ns
[2020-11-10T02:37:09.645+0000][7][safepoint   ] Safepoint "Cleanup", Time since last: 3000854435 ns, Reaching safepoint: 316755 ns, At safepoint: 63727 ns, Total: 380482 ns
[2020-11-10T02:37:10.646+0000][7][safepoint   ] Safepoint "Cleanup", Time since last: 1000811299 ns, Reaching safepoint: 213815 ns, At safepoint: 22088 ns, Total: 235903 ns
[2020-11-10T02:37:11.647+0000][7][safepoint   ] Safepoint "Cleanup", Time since last: 1000695527 ns, Reaching safepoint: 276829 ns, At safepoint: 50283 ns, Total: 327112 ns
[2020-11-10T02:37:12.648+0000][7][safepoint   ] Safepoint "Cleanup", Time since last: 1001018285 ns, Reaching safepoint: 723567 ns, At safepoint: 42608 ns, Total: 766175 ns
[2020-11-10T02:37:14.650+0000][7][safepoint   ] Safepoint "Cleanup", Time since last: 2000944329 ns, Reaching safepoint: 328082 ns, At safepoint: 47793 ns, Total: 375875 ns
[2020-11-10T02:37:15.650+0000][7][safepoint   ] Safepoint "Cleanup", Time since last: 1000132996 ns, Reaching safepoint: 287146 ns, At safepoint: 9776 ns, Total: 296922 ns
[2020-11-10T02:37:16.651+0000][7][safepoint   ] Safepoint "Cleanup", Time since last: 1000800997 ns, Reaching safepoint: 318283 ns, At safepoint: 29091 ns, Total: 347374 ns
[2020-11-10T02:37:18.652+0000][7][safepoint   ] Safepoint "Cleanup", Time since last: 2000800595 ns, Reaching safepoint: 389117 ns, At safepoint: 9275 ns, Total: 398392 ns
[2020-11-10T02:37:19.654+0000][7][safepoint   ] Safepoint "Cleanup", Time since last: 1001199934 ns, Reaching safepoint: 574648 ns, At safepoint: 17790 ns, Total: 592438 ns
[2020-11-10T02:37:21.656+0000][7][safepoint   ] Safepoint "Cleanup", Time since last: 2001157714 ns, Reaching safepoint: 224984 ns, At safepoint: 29187 ns, Total: 254171 ns
[2020-11-10T02:37:24.657+0000][7][safepoint   ] Safepoint "Cleanup", Time since last: 3000858346 ns, Reaching safepoint: 215476 ns, At safepoint: 27705 ns, Total: 243181 ns
[2020-11-10T02:37:27.658+0000][7][safepoint   ] Safepoint "Cleanup", Time since last: 3000821920 ns, Reaching safepoint: 296962 ns, At safepoint: 11654 ns, Total: 308616 ns
[2020-11-10T02:37:29.659+0000][7][safepoint   ] Safepoint "Cleanup", Time since last: 2001099012 ns, Reaching safepoint: 428606 ns, At safepoint: 43867 ns, Total: 472473 ns
[2020-11-10T02:37:30.661+0000][7][safepoint   ] Safepoint "Cleanup", Time since last: 1000960404 ns, Reaching safepoint: 216334 ns, At safepoint: 21704 ns, Total: 238038 ns
[2020-11-10T02:37:33.662+0000][7][safepoint   ] Safepoint "Cleanup", Time since last: 3000711345 ns, Reaching safepoint: 241677 ns, At safepoint: 26085 ns, Total: 267762 ns
[2020-11-10T02:37:34.663+0000][7][safepoint   ] Safepoint "Cleanup", Time since last: 1000792323 ns, Reaching safepoint: 396983 ns, At safepoint: 62401 ns, Total: 459384 ns
[2020-11-10T02:37:36.665+0000][7][safepoint   ] Safepoint "Cleanup", Time since last: 2001217424 ns, Reaching safepoint: 353286 ns, At safepoint: 51520 ns, Total: 404806 ns
[2020-11-10T02:37:37.644+0000][7][safepoint   ] Safepoint "Cleanup", Time since last: 1000844258 ns, Reaching safepoint: 254496 ns, At safepoint: 22546 ns, Total: 277042 ns
[2020-11-10T02:37:39.645+0000][7][safepoint   ] Safepoint "Cleanup", Time since last: 2000691934 ns, Reaching safepoint: 246603 ns, At safepoint: 27603 ns, Total: 274206 ns
[2020-11-10T02:37:45.647+0000][7][safepoint   ] Safepoint "Cleanup", Time since last: 6000986243 ns, Reaching safepoint: 498192 ns, At safepoint: 29157 ns, Total: 527349 ns
[2020-11-10T02:37:46.648+0000][7][safepoint   ] Safepoint "Cleanup", Time since last: 1000812391 ns, Reaching safepoint: 252885 ns, At safepoint: 42316 ns, Total: 295201 ns
[2020-11-10T02:37:51.649+0000][7][safepoint   ] Safepoint "Cleanup", Time since last: 5000941660 ns, Reaching safepoint: 259080 ns, At safepoint: 32555 ns, Total: 291635 ns
[2020-11-10T02:37:53.650+0000][7][safepoint   ] Safepoint "Cleanup", Time since last: 2000853287 ns, Reaching safepoint: 244040 ns, At safepoint: 22320 ns, Total: 266360 ns
[2020-11-10T02:37:54.651+0000][7][safepoint   ] Safepoint "Cleanup", Time since last: 1000598810 ns, Reaching safepoint: 313309 ns, At safepoint: 31417 ns, Total: 344726 ns
[2020-11-10T02:37:57.652+0000][7][safepoint   ] Safepoint "Cleanup", Time since last: 3000888853 ns, Reaching safepoint: 231711 ns, At safepoint: 24314 ns, Total: 256025 ns
[2020-11-10T02:37:58.653+0000][7][safepoint   ] Safepoint "Cleanup", Time since last: 1000545593 ns, Reaching safepoint: 197046 ns, At safepoint: 17100 ns, Total: 214146 ns
[2020-11-10T02:38:00.654+0000][7][safepoint   ] Safepoint "Cleanup", Time since last: 2000652929 ns, Reaching safepoint: 244886 ns, At safepoint: 26526 ns, Total: 271412 ns
[2020-11-10T02:38:01.655+0000][7][safepoint   ] Safepoint "Cleanup", Time since last: 1000741341 ns, Reaching safepoint: 239256 ns, At safepoint: 9512 ns, Total: 248768 ns
[2020-11-10T02:38:02.656+0000][7][safepoint   ] Safepoint "Cleanup", Time since last: 1000891318 ns, Reaching safepoint: 218232 ns, At safepoint: 25780 ns, Total: 244012 ns
[2020-11-10T02:38:04.657+0000][7][safepoint   ] Safepoint "Cleanup", Time since last: 2000775439 ns, Reaching safepoint: 334062 ns, At safepoint: 34342 ns, Total: 368404 ns
[2020-11-10T02:38:05.659+0000][7][safepoint   ] Safepoint "Cleanup", Time since last: 1000853896 ns, Reaching safepoint: 269499 ns, At safepoint: 33957 ns, Total: 303456 ns
[2020-11-10T02:38:06.660+0000][7][safepoint   ] Safepoint "Cleanup", Time since last: 1000788129 ns, Reaching safepoint: 350074 ns, At safepoint: 100833 ns, Total: 450907 ns
[2020-11-10T02:38:07.640+0000][7][safepoint   ] Safepoint "Cleanup", Time since last: 1000643074 ns, Reaching safepoint: 339573 ns, At safepoint: 27840 ns, Total: 367413 ns
[2020-11-10T02:38:09.641+0000][7][safepoint   ] Safepoint "Cleanup", Time since last: 2000716924 ns, Reaching safepoint: 341668 ns, At safepoint: 26414 ns, Total: 368082 ns
[2020-11-10T02:38:12.642+0000][7][safepoint   ] Safepoint "Cleanup", Time since last: 3000796355 ns, Reaching safepoint: 346396 ns, At safepoint: 33493 ns, Total: 379889 ns
[2020-11-10T02:38:13.643+0000][7][safepoint   ] Safepoint "Cleanup", Time since last: 1000952209 ns, Reaching safepoint: 220881 ns, At safepoint: 22027 ns, Total: 242908 ns
[2020-11-10T02:38:14.644+0000][7][safepoint   ] Safepoint "Cleanup", Time since last: 1000753431 ns, Reaching safepoint: 363124 ns, At safepoint: 34232 ns, Total: 397356 ns
[2020-11-10T02:38:15.645+0000][7][safepoint   ] Safepoint "Cleanup", Time since last: 1000986491 ns, Reaching safepoint: 216074 ns, At safepoint: 12199 ns, Total: 228273 ns
[2020-11-10T02:38:16.646+0000][7][safepoint   ] Safepoint "Cleanup", Time since last: 1000744068 ns, Reaching safepoint: 223133 ns, At safepoint: 4844 ns, Total: 227977 ns
[2020-11-10T02:38:18.647+0000][7][safepoint   ] Safepoint "Cleanup", Time since last: 2000364025 ns, Reaching safepoint: 233932 ns, At safepoint: 6896 ns, Total: 240828 ns
[2020-11-10T02:38:19.649+0000][7][safepoint   ] Safepoint "Cleanup", Time since last: 1001230852 ns, Reaching safepoint: 300100 ns, At safepoint: 26247 ns, Total: 326347 ns
[2020-11-10T02:38:21.650+0000][7][safepoint   ] Safepoint "Cleanup", Time since last: 2000752153 ns, Reaching safepoint: 381959 ns, At safepoint: 21889 ns, Total: 403848 ns
[2020-11-10T02:38:23.651+0000][7][safepoint   ] Safepoint "Cleanup", Time since last: 2000722584 ns, Reaching safepoint: 376203 ns, At safepoint: 23798 ns, Total: 400001 ns
[2020-11-10T02:38:24.652+0000][7][safepoint   ] Safepoint "Cleanup", Time since last: 1000745723 ns, Reaching safepoint: 145744 ns, At safepoint: 2433 ns, Total: 148177 ns
[2020-11-10T02:38:25.653+0000][7][safepoint   ] Safepoint "Cleanup", Time since last: 1000573675 ns, Reaching safepoint: 390950 ns, At safepoint: 31521 ns, Total: 422471 ns
[2020-11-10T02:38:27.654+0000][7][safepoint   ] Safepoint "Cleanup", Time since last: 2001013415 ns, Reaching safepoint: 421318 ns, At safepoint: 35306 ns, Total: 456624 ns
[2020-11-10T02:38:29.655+0000][7][safepoint   ] Safepoint "Cleanup", Time since last: 2001029868 ns, Reaching safepoint: 240244 ns, At safepoint: 37862 ns, Total: 278106 ns
[2020-11-10T02:38:30.656+0000][7][safepoint   ] Safepoint "Cleanup", Time since last: 1000650366 ns, Reaching safepoint: 217445 ns, At safepoint: 19500 ns, Total: 236945 ns
[2020-11-10T02:38:31.657+0000][7][safepoint   ] Safepoint "Cleanup", Time since last: 1000710801 ns, Reaching safepoint: 196145 ns, At safepoint: 9023 ns, Total: 205168 ns
[2020-11-10T02:38:32.658+0000][7][safepoint   ] Safepoint "Cleanup", Time since last: 1000762373 ns, Reaching safepoint: 367682 ns, At safepoint: 64665 ns, Total: 432347 ns
[2020-11-10T02:38:33.660+0000][7][safepoint   ] Safepoint "Cleanup", Time since last: 1000876444 ns, Reaching safepoint: 279623 ns, At safepoint: 22709 ns, Total: 302332 ns
[2020-11-10T02:38:36.661+0000][7][safepoint   ] Safepoint "Cleanup", Time since last: 3000632199 ns, Reaching safepoint: 355783 ns, At safepoint: 27010 ns, Total: 382793 ns
[2020-11-10T02:38:39.166+0000][7][gc,start    ] GC(17) Pause Young (Normal) (G1 Evacuation Pause)
[2020-11-10T02:38:39.167+0000][7][gc,task     ] GC(17) Using 8 workers of 8 for evacuation
[2020-11-10T02:38:39.167+0000][7][gc,age      ] GC(17) Desired survivor size 18350080 bytes, new threshold 15 (max threshold 15)
[2020-11-10T02:38:39.175+0000][7][gc,age      ] GC(17) Age table with threshold 15 (max threshold 15)
[2020-11-10T02:38:39.176+0000][7][gc,age      ] GC(17) - age   1:     562008 bytes,     562008 total
[2020-11-10T02:38:39.176+0000][7][gc,age      ] GC(17) - age   2:     444912 bytes,    1006920 total
[2020-11-10T02:38:39.177+0000][7][gc,age      ] GC(17) - age   3:    7625112 bytes,    8632032 total
[2020-11-10T02:38:39.177+0000][7][gc,phases   ] GC(17)   Pre Evacuate Collection Set: 0.2ms
[2020-11-10T02:38:39.177+0000][7][gc,phases   ] GC(17)   Merge Heap Roots: 0.1ms
[2020-11-10T02:38:39.178+0000][7][gc,phases   ] GC(17)   Evacuate Collection Set: 6.4ms
[2020-11-10T02:38:39.178+0000][7][gc,phases   ] GC(17)   Post Evacuate Collection Set: 1.0ms
[2020-11-10T02:38:39.178+0000][7][gc,phases   ] GC(17)   Other: 3.5ms
[2020-11-10T02:38:39.179+0000][7][gc,heap     ] GC(17) Eden regions: 266->0(272)
[2020-11-10T02:38:39.179+0000][7][gc,heap     ] GC(17) Survivor regions: 11->10(35)
[2020-11-10T02:38:39.180+0000][7][gc,heap     ] GC(17) Old regions: 70->70
[2020-11-10T02:38:39.180+0000][7][gc,heap     ] GC(17) Archive regions: 2->2
[2020-11-10T02:38:39.180+0000][7][gc,heap     ] GC(17) Humongous regions: 7->7
[2020-11-10T02:38:39.181+0000][7][gc,metaspace] GC(17) Metaspace: 98187K(101960K)->98187K(101960K) NonClass: 85218K(87880K)->85218K(87880K) Class: 12968K(14080K)->12968K(14080K)
[2020-11-10T02:38:39.181+0000][7][gc          ] GC(17) Pause Young (Normal) (G1 Evacuation Pause) 354M->86M(512M) 15.491ms
[2020-11-10T02:38:39.182+0000][7][gc,cpu      ] GC(17) User=0.04s Sys=0.00s Real=0.02s
[2020-11-10T02:38:39.182+0000][7][safepoint   ] Safepoint "G1CollectForAllocation", Time since last: 2526122400 ns, Reaching safepoint: 261790 ns, At safepoint: 16521550 ns, Total: 16783340 ns
[2020-11-10T02:38:45.183+0000][7][safepoint   ] Safepoint "Cleanup", Time since last: 6000567953 ns, Reaching safepoint: 291930 ns, At safepoint: 90090 ns, Total: 382020 ns
[2020-11-10T02:38:47.184+0000][7][safepoint   ] Safepoint "Cleanup", Time since last: 2000586181 ns, Reaching safepoint: 245735 ns, At safepoint: 42305 ns, Total: 288040 ns
[2020-11-10T02:38:51.185+0000][7][safepoint   ] Safepoint "Cleanup", Time since last: 4000888537 ns, Reaching safepoint: 307515 ns, At safepoint: 23424 ns, Total: 330939 ns
[2020-11-10T02:38:52.186+0000][7][safepoint   ] Safepoint "Cleanup", Time since last: 1000612193 ns, Reaching safepoint: 362688 ns, At safepoint: 41660 ns, Total: 404348 ns
[2020-11-10T02:38:54.187+0000][7][safepoint   ] Safepoint "Cleanup", Time since last: 2000766013 ns, Reaching safepoint: 203835 ns, At safepoint: 21231 ns, Total: 225066 ns
[2020-11-10T02:38:57.188+0000][7][safepoint   ] Safepoint "Cleanup", Time since last: 3000669759 ns, Reaching safepoint: 219870 ns, At safepoint: 24817 ns, Total: 244687 ns
[2020-11-10T02:38:59.189+0000][7][safepoint   ] Safepoint "Cleanup", Time since last: 2000692859 ns, Reaching safepoint: 295886 ns, At safepoint: 24153 ns, Total: 320039 ns
[2020-11-10T02:39:00.190+0000][7][safepoint   ] Safepoint "Cleanup", Time since last: 1000591229 ns, Reaching safepoint: 231431 ns, At safepoint: 21774 ns, Total: 253205 ns
[2020-11-10T02:39:02.191+0000][7][safepoint   ] Safepoint "Cleanup", Time since last: 2000177059 ns, Reaching safepoint: 159333 ns, At safepoint: 2504 ns, Total: 161837 ns
[2020-11-10T02:39:03.192+0000][7][safepoint   ] Safepoint "Cleanup", Time since last: 1000818868 ns, Reaching safepoint: 243738 ns, At safepoint: 45081 ns, Total: 288819 ns
[2020-11-10T02:39:04.193+0000][7][safepoint   ] Safepoint "Cleanup", Time since last: 1000820427 ns, Reaching safepoint: 246928 ns, At safepoint: 56045 ns, Total: 302973 ns
[2020-11-10T02:39:05.193+0000][7][safepoint   ] Safepoint "Cleanup", Time since last: 1000130631 ns, Reaching safepoint: 311200 ns, At safepoint: 13925 ns, Total: 325125 ns
[2020-11-10T02:39:06.194+0000][7][safepoint   ] Safepoint "Cleanup", Time since last: 1000674917 ns, Reaching safepoint: 489908 ns, At safepoint: 42761 ns, Total: 532669 ns
[2020-11-10T02:39:07.174+0000][7][safepoint   ] Safepoint "Cleanup", Time since last: 1000897167 ns, Reaching safepoint: 196390 ns, At safepoint: 23840 ns, Total: 220230 ns
[2020-11-10T02:39:08.176+0000][7][safepoint   ] Safepoint "Cleanup", Time since last: 1000715994 ns, Reaching safepoint: 490298 ns, At safepoint: 46028 ns, Total: 536326 ns
[2020-11-10T02:39:09.177+0000][7][safepoint   ] Safepoint "Cleanup", Time since last: 1001091236 ns, Reaching safepoint: 249010 ns, At safepoint: 24480 ns, Total: 273490 ns
[2020-11-10T02:39:12.179+0000][7][safepoint   ] Safepoint "Cleanup", Time since last: 3001511243 ns, Reaching safepoint: 303158 ns, At safepoint: 71635 ns, Total: 374793 ns
[2020-11-10T02:39:14.180+0000][7][safepoint   ] Safepoint "Cleanup", Time since last: 2000881907 ns, Reaching safepoint: 409924 ns, At safepoint: 24448 ns, Total: 434372 ns
[2020-11-10T02:39:15.181+0000][7][safepoint   ] Safepoint "Cleanup", Time since last: 1000635968 ns, Reaching safepoint: 212616 ns, At safepoint: 56888 ns, Total: 269504 ns
[2020-11-10T02:39:21.450+0000][7][safepoint   ] Safepoint "Cleanup", Time since last: 6269275343 ns, Reaching safepoint: 218082 ns, At safepoint: 3237 ns, Total: 221319 ns
[2020-11-10T02:39:22.451+0000][7][safepoint   ] Safepoint "Cleanup", Time since last: 1000774869 ns, Reaching safepoint: 157418 ns, At safepoint: 4580 ns, Total: 161998 ns
[2020-11-10T02:39:23.452+0000][7][safepoint   ] Safepoint "Cleanup", Time since last: 1000852738 ns, Reaching safepoint: 175399 ns, At safepoint: 3785 ns, Total: 179184 ns
[2020-11-10T02:39:24.453+0000][7][safepoint   ] Safepoint "Cleanup", Time since last: 1000747282 ns, Reaching safepoint: 188203 ns, At safepoint: 24530 ns, Total: 212733 ns
[2020-11-10T02:39:26.454+0000][7][safepoint   ] Safepoint "Cleanup", Time since last: 2000769315 ns, Reaching safepoint: 229388 ns, At safepoint: 24212 ns, Total: 253600 ns
[2020-11-10T02:39:27.456+0000][7][safepoint   ] Safepoint "Cleanup", Time since last: 1000777206 ns, Reaching safepoint: 262311 ns, At safepoint: 34163 ns, Total: 296474 ns
[2020-11-10T02:39:29.457+0000][7][safepoint   ] Safepoint "Cleanup", Time since last: 2000942264 ns, Reaching safepoint: 294494 ns, At safepoint: 32997 ns, Total: 327491 ns
[2020-11-10T02:39:30.458+0000][7][safepoint   ] Safepoint "Cleanup", Time since last: 1000911998 ns, Reaching safepoint: 253324 ns, At safepoint: 41564 ns, Total: 294888 ns
[2020-11-10T02:39:32.229+0000][7][safepoint   ] Safepoint "Cleanup", Time since last: 1770370149 ns, Reaching safepoint: 350204 ns, At safepoint: 36267 ns, Total: 386471 ns
[2020-11-10T02:39:33.229+0000][7][safepoint   ] Safepoint "Cleanup", Time since last: 1000190127 ns, Reaching safepoint: 237864 ns, At safepoint: 3076 ns, Total: 240940 ns
[2020-11-10T02:39:34.230+0000][7][safepoint   ] Safepoint "Cleanup", Time since last: 1000912909 ns, Reaching safepoint: 270020 ns, At safepoint: 16589 ns, Total: 286609 ns
[2020-11-10T02:39:35.231+0000][7][safepoint   ] Safepoint "Cleanup", Time since last: 1000823157 ns, Reaching safepoint: 240139 ns, At safepoint: 26506 ns, Total: 266645 ns
[2020-11-10T02:39:39.211+0000][7][safepoint   ] Safepoint "Cleanup", Time since last: 4000860049 ns, Reaching safepoint: 222300 ns, At safepoint: 23344 ns, Total: 245644 ns
[2020-11-10T02:39:41.212+0000][7][safepoint   ] Safepoint "Cleanup", Time since last: 2000681633 ns, Reaching safepoint: 238611 ns, At safepoint: 22120 ns, Total: 260731 ns
[2020-11-10T02:39:44.213+0000][7][safepoint   ] Safepoint "Cleanup", Time since last: 3000702127 ns, Reaching safepoint: 242020 ns, At safepoint: 21974 ns, Total: 263994 ns
[2020-11-10T02:39:45.214+0000][7][safepoint   ] Safepoint "Cleanup", Time since last: 1000723013 ns, Reaching safepoint: 246395 ns, At safepoint: 23589 ns, Total: 269984 ns
[2020-11-10T02:39:47.215+0000][7][safepoint   ] Safepoint "Cleanup", Time since last: 2000723827 ns, Reaching safepoint: 196916 ns, At safepoint: 24117 ns, Total: 221033 ns
[2020-11-10T02:39:48.216+0000][7][safepoint   ] Safepoint "Cleanup", Time since last: 1000685748 ns, Reaching safepoint: 206563 ns, At safepoint: 26968 ns, Total: 233531 ns
[2020-11-10T02:39:49.217+0000][7][safepoint   ] Safepoint "Cleanup", Time since last: 1000811121 ns, Reaching safepoint: 309003 ns, At safepoint: 27299 ns, Total: 336302 ns
[2020-11-10T02:39:51.218+0000][7][safepoint   ] Safepoint "Cleanup", Time since last: 2000832925 ns, Reaching safepoint: 195463 ns, At safepoint: 22455 ns, Total: 217918 ns
[2020-11-10T02:39:54.617+0000][7][safepoint   ] Safepoint "Cleanup", Time since last: 3398264105 ns, Reaching safepoint: 471206 ns, At safepoint: 36336 ns, Total: 507542 ns
[2020-11-10T02:39:57.618+0000][7][safepoint   ] Safepoint "Cleanup", Time since last: 3000915824 ns, Reaching safepoint: 188373 ns, At safepoint: 22535 ns, Total: 210908 ns
[2020-11-10T02:40:00.619+0000][7][safepoint   ] Safepoint "Cleanup", Time since last: 3000801230 ns, Reaching safepoint: 223766 ns, At safepoint: 26985 ns, Total: 250751 ns
[2020-11-10T02:40:02.620+0000][7][safepoint   ] Safepoint "Cleanup", Time since last: 2000782236 ns, Reaching safepoint: 293426 ns, At safepoint: 36099 ns, Total: 329525 ns
[2020-11-10T02:40:03.621+0000][7][safepoint   ] Safepoint "Cleanup", Time since last: 1000818249 ns, Reaching safepoint: 277325 ns, At safepoint: 33719 ns, Total: 311044 ns
[2020-11-10T02:40:15.602+0000][7][safepoint   ] Safepoint "Cleanup", Time since last: 12001559828 ns, Reaching safepoint: 217792 ns, At safepoint: 29263 ns, Total: 247055 ns
[2020-11-10T02:40:21.604+0000][7][safepoint   ] Safepoint "Cleanup", Time since last: 6001016832 ns, Reaching safepoint: 331526 ns, At safepoint: 182795 ns, Total: 514321 ns
[2020-11-10T02:40:24.604+0000][7][safepoint   ] Safepoint "Cleanup", Time since last: 3000185772 ns, Reaching safepoint: 179445 ns, At safepoint: 9097 ns, Total: 188542 ns
[2020-11-10T02:40:25.605+0000][7][safepoint   ] Safepoint "Cleanup", Time since last: 1000715486 ns, Reaching safepoint: 168585 ns, At safepoint: 17223 ns, Total: 185808 ns
[2020-11-10T02:40:26.606+0000][7][safepoint   ] Safepoint "Cleanup", Time since last: 1000563521 ns, Reaching safepoint: 265456 ns, At safepoint: 23232 ns, Total: 288688 ns
[2020-11-10T02:40:27.112+0000][7][gc,start    ] GC(18) Pause Young (Normal) (G1 Evacuation Pause)
[2020-11-10T02:40:27.112+0000][7][gc,task     ] GC(18) Using 8 workers of 8 for evacuation
[2020-11-10T02:40:27.113+0000][7][gc,age      ] GC(18) Desired survivor size 18874368 bytes, new threshold 15 (max threshold 15)
[2020-11-10T02:40:27.121+0000][7][gc,age      ] GC(18) Age table with threshold 15 (max threshold 15)
[2020-11-10T02:40:27.121+0000][7][gc,age      ] GC(18) - age   1:    2405160 bytes,    2405160 total
[2020-11-10T02:40:27.122+0000][7][gc,age      ] GC(18) - age   2:     355048 bytes,    2760208 total
[2020-11-10T02:40:27.122+0000][7][gc,age      ] GC(18) - age   3:     417576 bytes,    3177784 total
[2020-11-10T02:40:27.122+0000][7][gc,age      ] GC(18) - age   4:    7348032 bytes,   10525816 total
[2020-11-10T02:40:27.123+0000][7][gc,phases   ] GC(18)   Pre Evacuate Collection Set: 0.2ms
[2020-11-10T02:40:27.123+0000][7][gc,phases   ] GC(18)   Merge Heap Roots: 0.2ms
[2020-11-10T02:40:27.124+0000][7][gc,phases   ] GC(18)   Evacuate Collection Set: 6.0ms
[2020-11-10T02:40:27.124+0000][7][gc,phases   ] GC(18)   Post Evacuate Collection Set: 1.0ms
[2020-11-10T02:40:27.125+0000][7][gc,phases   ] GC(18)   Other: 3.9ms
[2020-11-10T02:40:27.125+0000][7][gc,heap     ] GC(18) Eden regions: 272->0(274)
[2020-11-10T02:40:27.125+0000][7][gc,heap     ] GC(18) Survivor regions: 10->11(36)
[2020-11-10T02:40:27.126+0000][7][gc,heap     ] GC(18) Old regions: 70->70
[2020-11-10T02:40:27.126+0000][7][gc,heap     ] GC(18) Archive regions: 2->2
[2020-11-10T02:40:27.126+0000][7][gc,heap     ] GC(18) Humongous regions: 7->7
[2020-11-10T02:40:27.127+0000][7][gc,metaspace] GC(18) Metaspace: 99429K(103368K)->99429K(103368K) NonClass: 86325K(89160K)->86325K(89160K) Class: 13104K(14208K)->13104K(14208K)
[2020-11-10T02:40:27.127+0000][7][gc          ] GC(18) Pause Young (Normal) (G1 Evacuation Pause) 358M->88M(512M) 15.522ms
[2020-11-10T02:40:27.128+0000][7][gc,cpu      ] GC(18) User=0.03s Sys=0.00s Real=0.02s
[2020-11-10T02:40:27.128+0000][7][safepoint   ] Safepoint "G1CollectForAllocation", Time since last: 505615876 ns, Reaching safepoint: 349639 ns, At safepoint: 16460495 ns, Total: 16810134 ns
[2020-11-10T02:40:32.129+0000][7][safepoint   ] Safepoint "Cleanup", Time since last: 5000769269 ns, Reaching safepoint: 185055 ns, At safepoint: 17771 ns, Total: 202826 ns
[2020-11-10T02:40:33.130+0000][7][safepoint   ] Safepoint "Cleanup", Time since last: 1000666216 ns, Reaching safepoint: 196343 ns, At safepoint: 21569 ns, Total: 217912 ns
[2020-11-10T02:40:34.131+0000][7][safepoint   ] Safepoint "Cleanup", Time since last: 1000675328 ns, Reaching safepoint: 219605 ns, At safepoint: 24739 ns, Total: 244344 ns
[2020-11-10T02:40:35.132+0000][7][safepoint   ] Safepoint "Cleanup", Time since last: 1000874080 ns, Reaching safepoint: 211248 ns, At safepoint: 23465 ns, Total: 234713 ns
[2020-11-10T02:40:36.133+0000][7][safepoint   ] Safepoint "Cleanup", Time since last: 1000738675 ns, Reaching safepoint: 179414 ns, At safepoint: 2740 ns, Total: 182154 ns
[2020-11-10T02:40:38.113+0000][7][safepoint   ] Safepoint "Cleanup", Time since last: 2000730155 ns, Reaching safepoint: 177556 ns, At safepoint: 21454 ns, Total: 199010 ns
[2020-11-10T02:40:39.113+0000][7][safepoint   ] Safepoint "Cleanup", Time since last: 1000160278 ns, Reaching safepoint: 264841 ns, At safepoint: 77480 ns, Total: 342321 ns
[2020-11-10T02:40:42.114+0000][7][safepoint   ] Safepoint "Cleanup", Time since last: 3000946091 ns, Reaching safepoint: 332144 ns, At safepoint: 15290 ns, Total: 347434 ns
[2020-11-10T02:40:44.116+0000][7][safepoint   ] Safepoint "Cleanup", Time since last: 2000809145 ns, Reaching safepoint: 317603 ns, At safepoint: 23369 ns, Total: 340972 ns
[2020-11-10T02:40:45.117+0000][7][safepoint   ] Safepoint "Cleanup", Time since last: 1000897202 ns, Reaching safepoint: 195907 ns, At safepoint: 22763 ns, Total: 218670 ns
[2020-11-10T02:40:50.117+0000][7][safepoint   ] Safepoint "Cleanup", Time since last: 5000415391 ns, Reaching safepoint: 306747 ns, At safepoint: 10494 ns, Total: 317241 ns
[2020-11-10T02:40:58.119+0000][7][safepoint   ] Safepoint "Cleanup", Time since last: 8001012567 ns, Reaching safepoint: 184065 ns, At safepoint: 3925 ns, Total: 187990 ns
[2020-11-10T02:40:59.120+0000][7][safepoint   ] Safepoint "Cleanup", Time since last: 1000690914 ns, Reaching safepoint: 254856 ns, At safepoint: 11528 ns, Total: 266384 ns
[2020-11-10T02:41:01.121+0000][7][safepoint   ] Safepoint "Cleanup", Time since last: 2000942081 ns, Reaching safepoint: 274079 ns, At safepoint: 23846 ns, Total: 297925 ns
[2020-11-10T02:41:03.122+0000][7][safepoint   ] Safepoint "Cleanup", Time since last: 2000666750 ns, Reaching safepoint: 273296 ns, At safepoint: 25498 ns, Total: 298794 ns
[2020-11-10T02:41:05.123+0000][7][safepoint   ] Safepoint "Cleanup", Time since last: 2000774054 ns, Reaching safepoint: 224632 ns, At safepoint: 23050 ns, Total: 247682 ns
[2020-11-10T02:41:07.102+0000][7][safepoint   ] Safepoint "Cleanup", Time since last: 2000740867 ns, Reaching safepoint: 198205 ns, At safepoint: 22901 ns, Total: 221106 ns
[2020-11-10T02:41:10.103+0000][7][safepoint   ] Safepoint "Cleanup", Time since last: 3000784977 ns, Reaching safepoint: 170036 ns, At safepoint: 16385 ns, Total: 186421 ns
[2020-11-10T02:41:13.104+0000][7][safepoint   ] Safepoint "Cleanup", Time since last: 3000760495 ns, Reaching safepoint: 181541 ns, At safepoint: 16142 ns, Total: 197683 ns
[2020-11-10T02:41:15.105+0000][7][safepoint   ] Safepoint "Cleanup", Time since last: 2000784474 ns, Reaching safepoint: 207905 ns, At safepoint: 23703 ns, Total: 231608 ns
[2020-11-10T02:41:16.106+0000][7][safepoint   ] Safepoint "Cleanup", Time since last: 1000738315 ns, Reaching safepoint: 221575 ns, At safepoint: 3119 ns, Total: 224694 ns
[2020-11-10T02:41:19.108+0000][7][safepoint   ] Safepoint "Cleanup", Time since last: 3000954531 ns, Reaching safepoint: 206159 ns, At safepoint: 38295 ns, Total: 244454 ns
[2020-11-10T02:41:25.108+0000][7][safepoint   ] Safepoint "Cleanup", Time since last: 6000582309 ns, Reaching safepoint: 246999 ns, At safepoint: 32202 ns, Total: 279201 ns
[2020-11-10T02:41:28.110+0000][7][safepoint   ] Safepoint "Cleanup", Time since last: 3000908996 ns, Reaching safepoint: 286051 ns, At safepoint: 24338 ns, Total: 310389 ns
[2020-11-10T02:41:29.111+0000][7][safepoint   ] Safepoint "Cleanup", Time since last: 1000792542 ns, Reaching safepoint: 262080 ns, At safepoint: 24908 ns, Total: 286988 ns
[2020-11-10T02:41:31.113+0000][7][safepoint   ] Safepoint "Cleanup", Time since last: 2002181477 ns, Reaching safepoint: 214568 ns, At safepoint: 16849 ns, Total: 231417 ns
[2020-11-10T02:41:33.114+0000][7][safepoint   ] Safepoint "Cleanup", Time since last: 2000760973 ns, Reaching safepoint: 234085 ns, At safepoint: 21725 ns, Total: 255810 ns
[2020-11-10T02:41:34.115+0000][7][safepoint   ] Safepoint "Cleanup", Time since last: 1000689556 ns, Reaching safepoint: 288718 ns, At safepoint: 26478 ns, Total: 315196 ns
[2020-11-10T02:41:35.116+0000][7][safepoint   ] Safepoint "Cleanup", Time since last: 1000886222 ns, Reaching safepoint: 172550 ns, At safepoint: 3926 ns, Total: 176476 ns
[2020-11-10T02:41:37.096+0000][7][safepoint   ] Safepoint "Cleanup", Time since last: 2000841286 ns, Reaching safepoint: 207820 ns, At safepoint: 27041 ns, Total: 234861 ns
[2020-11-10T02:41:42.097+0000][7][safepoint   ] Safepoint "Cleanup", Time since last: 5000923055 ns, Reaching safepoint: 259818 ns, At safepoint: 26669 ns, Total: 286487 ns
[2020-11-10T02:41:44.098+0000][7][safepoint   ] Safepoint "Cleanup", Time since last: 2000771268 ns, Reaching safepoint: 198826 ns, At safepoint: 17226 ns, Total: 216052 ns
[2020-11-10T02:41:45.099+0000][7][safepoint   ] Safepoint "Cleanup", Time since last: 1000751431 ns, Reaching safepoint: 182202 ns, At safepoint: 23624 ns, Total: 205826 ns
[2020-11-10T02:41:46.100+0000][7][safepoint   ] Safepoint "Cleanup", Time since last: 1000671619 ns, Reaching safepoint: 138322 ns, At safepoint: 5414 ns, Total: 143736 ns
[2020-11-10T02:41:47.101+0000][7][safepoint   ] Safepoint "Cleanup", Time since last: 1000661308 ns, Reaching safepoint: 205694 ns, At safepoint: 3885 ns, Total: 209579 ns
[2020-11-10T02:41:49.102+0000][7][safepoint   ] Safepoint "Cleanup", Time since last: 2000647600 ns, Reaching safepoint: 379877 ns, At safepoint: 33245 ns, Total: 413122 ns
[2020-11-10T02:41:50.103+0000][7][safepoint   ] Safepoint "Cleanup", Time since last: 1001028556 ns, Reaching safepoint: 111330 ns, At safepoint: 2429 ns, Total: 113759 ns
[2020-11-10T02:41:52.104+0000][7][safepoint   ] Safepoint "Cleanup", Time since last: 2001030646 ns, Reaching safepoint: 202876 ns, At safepoint: 27792 ns, Total: 230668 ns
[2020-11-10T02:41:54.105+0000][7][safepoint   ] Safepoint "Cleanup", Time since last: 2000711187 ns, Reaching safepoint: 288721 ns, At safepoint: 26746 ns, Total: 315467 ns
[2020-11-10T02:41:55.106+0000][7][safepoint   ] Safepoint "Cleanup", Time since last: 1000674875 ns, Reaching safepoint: 206396 ns, At safepoint: 23336 ns, Total: 229732 ns
[2020-11-10T02:41:58.107+0000][7][safepoint   ] Safepoint "Cleanup", Time since last: 3000752671 ns, Reaching safepoint: 243005 ns, At safepoint: 24039 ns, Total: 267044 ns
[2020-11-10T02:42:04.108+0000][7][safepoint   ] Safepoint "Cleanup", Time since last: 6000561638 ns, Reaching safepoint: 134177 ns, At safepoint: 2845 ns, Total: 137022 ns
[2020-11-10T02:42:08.088+0000][7][safepoint   ] Safepoint "Cleanup", Time since last: 4000805735 ns, Reaching safepoint: 165844 ns, At safepoint: 3315 ns, Total: 169159 ns
[2020-11-10T02:42:10.089+0000][7][safepoint   ] Safepoint "Cleanup", Time since last: 2000754181 ns, Reaching safepoint: 176221 ns, At safepoint: 3014 ns, Total: 179235 ns
[2020-11-10T02:42:11.090+0000][7][safepoint   ] Safepoint "Cleanup", Time since last: 1000654423 ns, Reaching safepoint: 329243 ns, At safepoint: 27027 ns, Total: 356270 ns
[2020-11-10T02:42:13.091+0000][7][safepoint   ] Safepoint "Cleanup", Time since last: 2000830157 ns, Reaching safepoint: 267657 ns, At safepoint: 30157 ns, Total: 297814 ns
[2020-11-10T02:42:14.092+0000][7][safepoint   ] Safepoint "Cleanup", Time since last: 1000901299 ns, Reaching safepoint: 233633 ns, At safepoint: 23586 ns, Total: 257219 ns
[2020-11-10T02:42:15.093+0000][7][safepoint   ] Safepoint "Cleanup", Time since last: 1000695824 ns, Reaching safepoint: 273220 ns, At safepoint: 20992 ns, Total: 294212 ns
[2020-11-10T02:42:16.094+0000][7][safepoint   ] Safepoint "Cleanup", Time since last: 1001014659 ns, Reaching safepoint: 223544 ns, At safepoint: 20914 ns, Total: 244458 ns
[2020-11-10T02:42:19.095+0000][7][safepoint   ] Safepoint "Cleanup", Time since last: 3000622366 ns, Reaching safepoint: 206404 ns, At safepoint: 17630 ns, Total: 224034 ns
[2020-11-10T02:42:25.096+0000][7][safepoint   ] Safepoint "Cleanup", Time since last: 6000888973 ns, Reaching safepoint: 238268 ns, At safepoint: 17725 ns, Total: 255993 ns
[2020-11-10T02:42:26.097+0000][7][safepoint   ] Safepoint "Cleanup", Time since last: 1000735327 ns, Reaching safepoint: 223783 ns, At safepoint: 30168 ns, Total: 253951 ns
[2020-11-10T02:42:28.098+0000][7][safepoint   ] Safepoint "Cleanup", Time since last: 2000189714 ns, Reaching safepoint: 305126 ns, At safepoint: 2864 ns, Total: 307990 ns
[2020-11-10T02:42:30.099+0000][7][safepoint   ] Safepoint "Cleanup", Time since last: 2000881068 ns, Reaching safepoint: 337609 ns, At safepoint: 28188 ns, Total: 365797 ns
[2020-11-10T02:42:30.739+0000][7][gc,start    ] GC(19) Pause Young (Normal) (G1 Evacuation Pause)
[2020-11-10T02:42:30.740+0000][7][gc,task     ] GC(19) Using 8 workers of 8 for evacuation
[2020-11-10T02:42:30.740+0000][7][gc,age      ] GC(19) Desired survivor size 18874368 bytes, new threshold 15 (max threshold 15)
[2020-11-10T02:42:30.755+0000][7][gc,age      ] GC(19) Age table with threshold 15 (max threshold 15)
[2020-11-10T02:42:30.755+0000][7][gc,age      ] GC(19) - age   1:    1439048 bytes,    1439048 total
[2020-11-10T02:42:30.756+0000][7][gc,age      ] GC(19) - age   2:    1855792 bytes,    3294840 total
[2020-11-10T02:42:30.756+0000][7][gc,age      ] GC(19) - age   3:     354720 bytes,    3649560 total
[2020-11-10T02:42:30.756+0000][7][gc,age      ] GC(19) - age   4:     417056 bytes,    4066616 total
[2020-11-10T02:42:30.757+0000][7][gc,age      ] GC(19) - age   5:    7347000 bytes,   11413616 total
[2020-11-10T02:42:30.757+0000][7][gc,phases   ] GC(19)   Pre Evacuate Collection Set: 0.2ms
[2020-11-10T02:42:30.758+0000][7][gc,phases   ] GC(19)   Merge Heap Roots: 0.2ms
[2020-11-10T02:42:30.758+0000][7][gc,phases   ] GC(19)   Evacuate Collection Set: 12.3ms
[2020-11-10T02:42:30.758+0000][7][gc,phases   ] GC(19)   Post Evacuate Collection Set: 1.7ms
[2020-11-10T02:42:30.759+0000][7][gc,phases   ] GC(19)   Other: 4.1ms
[2020-11-10T02:42:30.759+0000][7][gc,heap     ] GC(19) Eden regions: 274->0(276)
[2020-11-10T02:42:30.760+0000][7][gc,heap     ] GC(19) Survivor regions: 11->12(36)
[2020-11-10T02:42:30.760+0000][7][gc,heap     ] GC(19) Old regions: 70->70
[2020-11-10T02:42:30.760+0000][7][gc,heap     ] GC(19) Archive regions: 2->2
[2020-11-10T02:42:30.761+0000][7][gc,heap     ] GC(19) Humongous regions: 7->7
[2020-11-10T02:42:30.761+0000][7][gc,metaspace] GC(19) Metaspace: 99815K(103624K)->99815K(103624K) NonClass: 86710K(89416K)->86710K(89416K) Class: 13104K(14208K)->13104K(14208K)
[2020-11-10T02:42:30.762+0000][7][gc          ] GC(19) Pause Young (Normal) (G1 Evacuation Pause) 362M->88M(512M) 22.876ms
[2020-11-10T02:42:30.762+0000][7][gc,cpu      ] GC(19) User=0.03s Sys=0.01s Real=0.03s
[2020-11-10T02:42:30.763+0000][7][safepoint   ] Safepoint "G1CollectForAllocation", Time since last: 639521680 ns, Reaching safepoint: 349480 ns, At safepoint: 23737536 ns, Total: 24087016 ns
[2020-11-10T02:42:31.764+0000][7][safepoint   ] Safepoint "Cleanup", Time since last: 1001032987 ns, Reaching safepoint: 165611 ns, At safepoint: 57119 ns, Total: 222730 ns
[2020-11-10T02:42:32.765+0000][7][safepoint   ] Safepoint "Cleanup", Time since last: 1000829248 ns, Reaching safepoint: 140437 ns, At safepoint: 3288 ns, Total: 143725 ns
[2020-11-10T02:42:33.766+0000][7][safepoint   ] Safepoint "Cleanup", Time since last: 1000695351 ns, Reaching safepoint: 256833 ns, At safepoint: 27527 ns, Total: 284360 ns
[2020-11-10T02:42:34.767+0000][7][safepoint   ] Safepoint "Cleanup", Time since last: 1000751918 ns, Reaching safepoint: 181371 ns, At safepoint: 24335 ns, Total: 205706 ns
[2020-11-10T02:42:45.747+0000][7][safepoint   ] Safepoint "Cleanup", Time since last: 11001164869 ns, Reaching safepoint: 294260 ns, At safepoint: 27203 ns, Total: 321463 ns
[2020-11-10T02:42:46.747+0000][7][safepoint   ] Safepoint "Cleanup", Time since last: 1000120617 ns, Reaching safepoint: 229300 ns, At safepoint: 2814 ns, Total: 232114 ns
[2020-11-10T02:42:48.748+0000][7][safepoint   ] Safepoint "Cleanup", Time since last: 2000836553 ns, Reaching safepoint: 218330 ns, At safepoint: 3584 ns, Total: 221914 ns
[2020-11-10T02:42:51.750+0000][7][safepoint   ] Safepoint "Cleanup", Time since last: 3000650097 ns, Reaching safepoint: 436909 ns, At safepoint: 16577 ns, Total: 453486 ns
[2020-11-10T02:43:04.751+0000][7][safepoint   ] Safepoint "Cleanup", Time since last: 13000866593 ns, Reaching safepoint: 220703 ns, At safepoint: 15472 ns, Total: 236175 ns
[2020-11-10T02:43:06.731+0000][7][safepoint   ] Safepoint "Cleanup", Time since last: 2000924999 ns, Reaching safepoint: 229398 ns, At safepoint: 31059 ns, Total: 260457 ns
[2020-11-10T02:43:08.732+0000][7][safepoint   ] Safepoint "Cleanup", Time since last: 2001241440 ns, Reaching safepoint: 331792 ns, At safepoint: 20502 ns, Total: 352294 ns
[2020-11-10T02:43:15.733+0000][7][safepoint   ] Safepoint "Cleanup", Time since last: 7000938024 ns, Reaching safepoint: 342789 ns, At safepoint: 47294 ns, Total: 390083 ns
[2020-11-10T02:43:21.735+0000][7][safepoint   ] Safepoint "Cleanup", Time since last: 6001185943 ns, Reaching safepoint: 340852 ns, At safepoint: 64275 ns, Total: 405127 ns
[2020-11-10T02:43:22.164+0000][7][gc,heap,exit] Heap
[2020-11-10T02:43:22.165+0000][7][gc,heap,exit]  garbage-first heap   total 524288K, used 180580K [0x00000000e0000000, 0x0000000100000000)
[2020-11-10T02:43:22.165+0000][7][gc,heap,exit]   region size 1024K, 102 young (104448K), 12 survivors (12288K)
[2020-11-10T02:43:22.166+0000][7][gc,heap,exit]  Metaspace       used 100039K, capacity 103430K, committed 103880K, reserved 1138688K
[2020-11-10T02:43:22.167+0000][7][gc,heap,exit]   class space    used 13134K, capacity 14199K, committed 14208K, reserved 1048576K
