[2020-11-10T02:48:15.651+0000][7][gc] Using G1
[2020-11-10T02:48:15.941+0000][7][gc,init] Version: 15+36-1562 (release)
[2020-11-10T02:48:15.942+0000][7][gc,init] CPUs: 8 total, 8 available
[2020-11-10T02:48:15.943+0000][7][gc,init] Memory: 7961M
[2020-11-10T02:48:15.944+0000][7][gc,init] Large Page Support: Disabled
[2020-11-10T02:48:15.944+0000][7][gc,init] NUMA Support: Disabled
[2020-11-10T02:48:15.945+0000][7][gc,init] Compressed Oops: Enabled (32-bit)
[2020-11-10T02:48:15.945+0000][7][gc,init] Heap Region Size: 1M
[2020-11-10T02:48:15.946+0000][7][gc,init] Heap Min Capacity: 512M
[2020-11-10T02:48:15.946+0000][7][gc,init] Heap Initial Capacity: 512M
[2020-11-10T02:48:15.947+0000][7][gc,init] Heap Max Capacity: 512M
[2020-11-10T02:48:15.947+0000][7][gc,init] Pre-touch: Enabled
[2020-11-10T02:48:15.948+0000][7][gc,init] Parallel Workers: 8
[2020-11-10T02:48:15.948+0000][7][gc,init] Concurrent Workers: 2
[2020-11-10T02:48:15.949+0000][7][gc,init] Concurrent Refinement Workers: 8
[2020-11-10T02:48:15.949+0000][7][gc,init] Periodic GC: Disabled
[2020-11-10T02:48:15.950+0000][7][gc,cds ] Mark closed archive regions in map: [0x00000000fff00000, 0x00000000fff7bff8]
[2020-11-10T02:48:15.951+0000][7][gc,cds ] Mark open archive regions in map: [0x00000000ffe00000, 0x00000000ffe51ff8]
[2020-11-10T02:48:15.952+0000][7][gc,metaspace] CDS archive(s) mapped at: [0x0000000800000000-0x0000000800b33000-0x0000000800b33000), size 11743232, SharedBaseAddress: 0x0000000800000000, ArchiveRelocationMode: 0.
[2020-11-10T02:48:15.952+0000][7][gc,metaspace] Compressed class space mapped at: 0x0000000800b34000-0x0000000840b34000, size: 1073741824
[2020-11-10T02:48:15.953+0000][7][gc,metaspace] Narrow klass base: 0x0000000800000000, Narrow klass shift: 3, Narrow klass range: 0x100000000
[2020-11-10T02:48:16.682+0000][7][safepoint   ] Safepoint "ICBufferFull", Time since last: 718557553 ns, Reaching safepoint: 175534 ns, At safepoint: 110684 ns, Total: 286218 ns
[2020-11-10T02:48:16.992+0000][7][gc,start    ] GC(0) Pause Young (Normal) (G1 Evacuation Pause)
[2020-11-10T02:48:17.001+0000][7][gc,task     ] GC(0) Using 8 workers of 8 for evacuation
[2020-11-10T02:48:17.002+0000][7][gc,age      ] GC(0) Desired survivor size 2097152 bytes, new threshold 15 (max threshold 15)
[2020-11-10T02:48:17.019+0000][7][gc,age      ] GC(0) Age table with threshold 15 (max threshold 15)
[2020-11-10T02:48:17.020+0000][7][gc,age      ] GC(0) - age   1:    3528656 bytes,    3528656 total
[2020-11-10T02:48:17.021+0000][7][gc,phases   ] GC(0)   Pre Evacuate Collection Set: 0.3ms
[2020-11-10T02:48:17.022+0000][7][gc,phases   ] GC(0)   Merge Heap Roots: 0.1ms
[2020-11-10T02:48:17.023+0000][7][gc,phases   ] GC(0)   Evacuate Collection Set: 15.8ms
[2020-11-10T02:48:17.023+0000][7][gc,phases   ] GC(0)   Post Evacuate Collection Set: 0.7ms
[2020-11-10T02:48:17.024+0000][7][gc,phases   ] GC(0)   Other: 12.0ms
[2020-11-10T02:48:17.025+0000][7][gc,heap     ] GC(0) Eden regions: 25->0(36)
[2020-11-10T02:48:17.025+0000][7][gc,heap     ] GC(0) Survivor regions: 0->4(4)
[2020-11-10T02:48:17.026+0000][7][gc,heap     ] GC(0) Old regions: 0->0
[2020-11-10T02:48:17.026+0000][7][gc,heap     ] GC(0) Archive regions: 2->2
[2020-11-10T02:48:17.027+0000][7][gc,heap     ] GC(0) Humongous regions: 1->1
[2020-11-10T02:48:17.027+0000][7][gc,metaspace] GC(0) Metaspace: 8494K(9472K)->8494K(9472K) NonClass: 7522K(8448K)->7522K(8448K) Class: 971K(1024K)->971K(1024K)
[2020-11-10T02:48:17.028+0000][7][gc          ] GC(0) Pause Young (Normal) (G1 Evacuation Pause) 26M->5M(512M) 35.899ms
[2020-11-10T02:48:17.029+0000][7][gc,cpu      ] GC(0) User=0.05s Sys=0.00s Real=0.04s
[2020-11-10T02:48:17.029+0000][7][safepoint   ] Safepoint "G1CollectForAllocation", Time since last: 308455840 ns, Reaching safepoint: 2059595 ns, At safepoint: 37161759 ns, Total: 39221354 ns
[2020-11-10T02:48:18.204+0000][7][safepoint   ] Safepoint "Cleanup", Time since last: 1170337260 ns, Reaching safepoint: 3980093 ns, At safepoint: 21622 ns, Total: 4001715 ns
[2020-11-10T02:48:18.470+0000][7][gc,start    ] GC(1) Pause Young (Normal) (G1 Evacuation Pause)
[2020-11-10T02:48:18.475+0000][7][gc,task     ] GC(1) Using 8 workers of 8 for evacuation
[2020-11-10T02:48:18.477+0000][7][gc,age      ] GC(1) Desired survivor size 2621440 bytes, new threshold 1 (max threshold 15)
[2020-11-10T02:48:18.521+0000][7][gc,age      ] GC(1) Age table with threshold 1 (max threshold 15)
[2020-11-10T02:48:18.522+0000][7][gc,age      ] GC(1) - age   1:    2447016 bytes,    2447016 total
[2020-11-10T02:48:18.523+0000][7][gc,phases   ] GC(1)   Pre Evacuate Collection Set: 4.0ms
[2020-11-10T02:48:18.523+0000][7][gc,phases   ] GC(1)   Merge Heap Roots: 1.7ms
[2020-11-10T02:48:18.524+0000][7][gc,phases   ] GC(1)   Evacuate Collection Set: 25.3ms
[2020-11-10T02:48:18.525+0000][7][gc,phases   ] GC(1)   Post Evacuate Collection Set: 10.0ms
[2020-11-10T02:48:18.525+0000][7][gc,phases   ] GC(1)   Other: 11.8ms
[2020-11-10T02:48:18.526+0000][7][gc,heap     ] GC(1) Eden regions: 36->0(304)
[2020-11-10T02:48:18.527+0000][7][gc,heap     ] GC(1) Survivor regions: 4->3(5)
[2020-11-10T02:48:18.527+0000][7][gc,heap     ] GC(1) Old regions: 0->4
[2020-11-10T02:48:18.528+0000][7][gc,heap     ] GC(1) Archive regions: 2->2
[2020-11-10T02:48:18.529+0000][7][gc,heap     ] GC(1) Humongous regions: 1->1
[2020-11-10T02:48:18.529+0000][7][gc,metaspace] GC(1) Metaspace: 13766K(14080K)->13766K(14080K) NonClass: 12123K(12288K)->12123K(12288K) Class: 1643K(1792K)->1643K(1792K)
[2020-11-10T02:48:18.530+0000][7][gc          ] GC(1) Pause Young (Normal) (G1 Evacuation Pause) 41M->7M(512M) 59.727ms
[2020-11-10T02:48:18.530+0000][7][gc,cpu      ] GC(1) User=0.05s Sys=0.00s Real=0.06s
[2020-11-10T02:48:18.531+0000][7][safepoint   ] Safepoint "G1CollectForAllocation", Time since last: 266062331 ns, Reaching safepoint: 174724 ns, At safepoint: 60943279 ns, Total: 61118003 ns
[2020-11-10T02:48:19.127+0000][7][safepoint   ] Safepoint "ICBufferFull", Time since last: 596133752 ns, Reaching safepoint: 303477 ns, At safepoint: 79336 ns, Total: 382813 ns
[2020-11-10T02:48:19.147+0000][7][safepoint   ] Safepoint "ICBufferFull", Time since last: 15285539 ns, Reaching safepoint: 3995307 ns, At safepoint: 10240 ns, Total: 4005547 ns
[2020-11-10T02:48:19.158+0000][7][safepoint   ] Safepoint "ICBufferFull", Time since last: 7475852 ns, Reaching safepoint: 3513967 ns, At safepoint: 27957 ns, Total: 3541924 ns
[2020-11-10T02:48:19.169+0000][7][safepoint   ] Safepoint "ICBufferFull", Time since last: 9355005 ns, Reaching safepoint: 2007709 ns, At safepoint: 29009 ns, Total: 2036718 ns
[2020-11-10T02:48:19.176+0000][7][safepoint   ] Safepoint "ICBufferFull", Time since last: 5664299 ns, Reaching safepoint: 1071912 ns, At safepoint: 5139 ns, Total: 1077051 ns
[2020-11-10T02:48:19.185+0000][7][safepoint   ] Safepoint "ICBufferFull", Time since last: 7120599 ns, Reaching safepoint: 2045720 ns, At safepoint: 15391 ns, Total: 2061111 ns
[2020-11-10T02:48:19.191+0000][7][safepoint   ] Safepoint "ICBufferFull", Time since last: 5182024 ns, Reaching safepoint: 485302 ns, At safepoint: 7346 ns, Total: 492648 ns
[2020-11-10T02:48:19.196+0000][7][safepoint   ] Safepoint "ICBufferFull", Time since last: 4666812 ns, Reaching safepoint: 360773 ns, At safepoint: 23656 ns, Total: 384429 ns
[2020-11-10T02:48:19.204+0000][7][safepoint   ] Safepoint "ICBufferFull", Time since last: 4638797 ns, Reaching safepoint: 3317974 ns, At safepoint: 5326 ns, Total: 3323300 ns
[2020-11-10T02:48:19.210+0000][7][safepoint   ] Safepoint "ICBufferFull", Time since last: 5776440 ns, Reaching safepoint: 258513 ns, At safepoint: 4062 ns, Total: 262575 ns
[2020-11-10T02:48:19.216+0000][7][safepoint   ] Safepoint "ICBufferFull", Time since last: 5440348 ns, Reaching safepoint: 229446 ns, At safepoint: 27838 ns, Total: 257284 ns
[2020-11-10T02:48:19.222+0000][7][safepoint   ] Safepoint "ICBufferFull", Time since last: 5902649 ns, Reaching safepoint: 478625 ns, At safepoint: 21503 ns, Total: 500128 ns
[2020-11-10T02:48:19.228+0000][7][safepoint   ] Safepoint "ICBufferFull", Time since last: 5934044 ns, Reaching safepoint: 201251 ns, At safepoint: 28307 ns, Total: 229558 ns
[2020-11-10T02:48:19.235+0000][7][safepoint   ] Safepoint "ICBufferFull", Time since last: 6105974 ns, Reaching safepoint: 260329 ns, At safepoint: 77037 ns, Total: 337366 ns
[2020-11-10T02:48:19.241+0000][7][safepoint   ] Safepoint "ICBufferFull", Time since last: 6718794 ns, Reaching safepoint: 164607 ns, At safepoint: 30210 ns, Total: 194817 ns
[2020-11-10T02:48:20.061+0000][7][safepoint   ] Safepoint "ICBufferFull", Time since last: 815399166 ns, Reaching safepoint: 3889526 ns, At safepoint: 34630 ns, Total: 3924156 ns
[2020-11-10T02:48:20.573+0000][7][gc,start    ] GC(2) Pause Young (Normal) (G1 Evacuation Pause)
[2020-11-10T02:48:20.575+0000][7][gc,task     ] GC(2) Using 8 workers of 8 for evacuation
[2020-11-10T02:48:20.577+0000][7][gc,age      ] GC(2) Desired survivor size 20447232 bytes, new threshold 15 (max threshold 15)
[2020-11-10T02:48:20.599+0000][7][gc,age      ] GC(2) Age table with threshold 15 (max threshold 15)
[2020-11-10T02:48:20.603+0000][7][gc,age      ] GC(2) - age   1:    8262528 bytes,    8262528 total
[2020-11-10T02:48:20.603+0000][7][gc,age      ] GC(2) - age   2:    2366136 bytes,   10628664 total
[2020-11-10T02:48:20.605+0000][7][gc,phases   ] GC(2)   Pre Evacuate Collection Set: 1.0ms
[2020-11-10T02:48:20.607+0000][7][gc,phases   ] GC(2)   Merge Heap Roots: 0.2ms
[2020-11-10T02:48:20.608+0000][7][gc,phases   ] GC(2)   Evacuate Collection Set: 13.0ms
[2020-11-10T02:48:20.611+0000][7][gc,phases   ] GC(2)   Post Evacuate Collection Set: 4.4ms
[2020-11-10T02:48:20.612+0000][7][gc,phases   ] GC(2)   Other: 13.6ms
[2020-11-10T02:48:20.614+0000][7][gc,heap     ] GC(2) Eden regions: 304->0(296)
[2020-11-10T02:48:20.615+0000][7][gc,heap     ] GC(2) Survivor regions: 3->11(39)
[2020-11-10T02:48:20.615+0000][7][gc,heap     ] GC(2) Old regions: 4->4
[2020-11-10T02:48:20.617+0000][7][gc,heap     ] GC(2) Archive regions: 2->2
[2020-11-10T02:48:20.619+0000][7][gc,heap     ] GC(2) Humongous regions: 2->1
[2020-11-10T02:48:20.622+0000][7][gc,metaspace] GC(2) Metaspace: 18064K(18816K)->18064K(18816K) NonClass: 15857K(16384K)->15857K(16384K) Class: 2206K(2432K)->2206K(2432K)
[2020-11-10T02:48:20.623+0000][7][gc          ] GC(2) Pause Young (Normal) (G1 Evacuation Pause) 312M->15M(512M) 49.921ms
[2020-11-10T02:48:20.625+0000][7][gc,cpu      ] GC(2) User=0.02s Sys=0.00s Real=0.06s
[2020-11-10T02:48:20.628+0000][7][safepoint   ] Safepoint "G1CollectForAllocation", Time since last: 507981284 ns, Reaching safepoint: 4191976 ns, At safepoint: 54588754 ns, Total: 58780730 ns
[2020-11-10T02:48:21.417+0000][7][gc,start    ] GC(3) Pause Young (Normal) (G1 Evacuation Pause)
[2020-11-10T02:48:21.419+0000][7][gc,task     ] GC(3) Using 8 workers of 8 for evacuation
[2020-11-10T02:48:21.423+0000][7][gc,age      ] GC(3) Desired survivor size 20447232 bytes, new threshold 15 (max threshold 15)
[2020-11-10T02:48:21.470+0000][7][gc,age      ] GC(3) Age table with threshold 15 (max threshold 15)
[2020-11-10T02:48:21.474+0000][7][gc,age      ] GC(3) - age   1:    4371800 bytes,    4371800 total
[2020-11-10T02:48:21.478+0000][7][gc,age      ] GC(3) - age   2:    6072056 bytes,   10443856 total
[2020-11-10T02:48:21.483+0000][7][gc,age      ] GC(3) - age   3:    2366136 bytes,   12809992 total
[2020-11-10T02:48:21.487+0000][7][gc,phases   ] GC(3)   Pre Evacuate Collection Set: 4.0ms
[2020-11-10T02:48:21.491+0000][7][gc,phases   ] GC(3)   Merge Heap Roots: 1.1ms
[2020-11-10T02:48:21.495+0000][7][gc,phases   ] GC(3)   Evacuate Collection Set: 32.9ms
[2020-11-10T02:48:21.499+0000][7][gc,phases   ] GC(3)   Post Evacuate Collection Set: 5.0ms
[2020-11-10T02:48:21.503+0000][7][gc,phases   ] GC(3)   Other: 26.8ms
[2020-11-10T02:48:21.507+0000][7][gc,heap     ] GC(3) Eden regions: 296->0(294)
[2020-11-10T02:48:21.511+0000][7][gc,heap     ] GC(3) Survivor regions: 11->13(39)
[2020-11-10T02:48:21.513+0000][7][gc,heap     ] GC(3) Old regions: 4->4
[2020-11-10T02:48:21.517+0000][7][gc,heap     ] GC(3) Archive regions: 2->2
[2020-11-10T02:48:21.522+0000][7][gc,heap     ] GC(3) Humongous regions: 1->1
[2020-11-10T02:48:21.526+0000][7][gc,metaspace] GC(3) Metaspace: 19470K(20480K)->19470K(20480K) NonClass: 17134K(17920K)->17134K(17920K) Class: 2335K(2560K)->2335K(2560K)
[2020-11-10T02:48:21.531+0000][7][gc          ] GC(3) Pause Young (Normal) (G1 Evacuation Pause) 311M->17M(512M) 113.786ms
[2020-11-10T02:48:21.537+0000][7][gc,cpu      ] GC(3) User=0.23s Sys=0.01s Real=0.12s
[2020-11-10T02:48:21.543+0000][7][safepoint   ] Safepoint "G1CollectForAllocation", Time since last: 789306896 ns, Reaching safepoint: 157052 ns, At safepoint: 125828627 ns, Total: 125985679 ns
[2020-11-10T02:48:22.269+0000][7][gc,start    ] GC(4) Pause Young (Normal) (G1 Evacuation Pause)
[2020-11-10T02:48:22.272+0000][7][gc,task     ] GC(4) Using 8 workers of 8 for evacuation
[2020-11-10T02:48:22.276+0000][7][gc,age      ] GC(4) Desired survivor size 20447232 bytes, new threshold 15 (max threshold 15)
[2020-11-10T02:48:22.306+0000][7][gc,age      ] GC(4) Age table with threshold 15 (max threshold 15)
[2020-11-10T02:48:22.310+0000][7][gc,age      ] GC(4) - age   1:    2310608 bytes,    2310608 total
[2020-11-10T02:48:22.314+0000][7][gc,age      ] GC(4) - age   2:    2285784 bytes,    4596392 total
[2020-11-10T02:48:22.315+0000][7][gc,age      ] GC(4) - age   3:    6067368 bytes,   10663760 total
[2020-11-10T02:48:22.319+0000][7][gc,age      ] GC(4) - age   4:    2365992 bytes,   13029752 total
[2020-11-10T02:48:22.322+0000][7][gc,phases   ] GC(4)   Pre Evacuate Collection Set: 0.1ms
[2020-11-10T02:48:22.326+0000][7][gc,phases   ] GC(4)   Merge Heap Roots: 3.8ms
[2020-11-10T02:48:22.330+0000][7][gc,phases   ] GC(4)   Evacuate Collection Set: 11.0ms
[2020-11-10T02:48:22.334+0000][7][gc,phases   ] GC(4)   Post Evacuate Collection Set: 11.1ms
[2020-11-10T02:48:22.336+0000][7][gc,phases   ] GC(4)   Other: 27.5ms
[2020-11-10T02:48:22.337+0000][7][gc,heap     ] GC(4) Eden regions: 294->0(294)
[2020-11-10T02:48:22.337+0000][7][gc,heap     ] GC(4) Survivor regions: 13->13(39)
[2020-11-10T02:48:22.338+0000][7][gc,heap     ] GC(4) Old regions: 4->4
[2020-11-10T02:48:22.339+0000][7][gc,heap     ] GC(4) Archive regions: 2->2
[2020-11-10T02:48:22.339+0000][7][gc,heap     ] GC(4) Humongous regions: 1->1
[2020-11-10T02:48:22.340+0000][7][gc,metaspace] GC(4) Metaspace: 19837K(21120K)->19837K(21120K) NonClass: 17436K(18432K)->17436K(18432K) Class: 2400K(2688K)->2400K(2688K)
[2020-11-10T02:48:22.341+0000][7][gc          ] GC(4) Pause Young (Normal) (G1 Evacuation Pause) 311M->18M(512M) 72.157ms
[2020-11-10T02:48:22.341+0000][7][gc,cpu      ] GC(4) User=0.03s Sys=0.00s Real=0.07s
[2020-11-10T02:48:22.342+0000][7][safepoint   ] Safepoint "G1CollectForAllocation", Time since last: 721925506 ns, Reaching safepoint: 4020690 ns, At safepoint: 73533507 ns, Total: 77554197 ns
[2020-11-10T02:48:22.625+0000][7][gc,start    ] GC(5) Pause Young (Concurrent Start) (Metadata GC Threshold)
[2020-11-10T02:48:22.630+0000][7][gc,task     ] GC(5) Using 8 workers of 8 for evacuation
[2020-11-10T02:48:22.631+0000][7][gc,age      ] GC(5) Desired survivor size 20447232 bytes, new threshold 15 (max threshold 15)
[2020-11-10T02:48:22.651+0000][7][gc,age      ] GC(5) Age table with threshold 15 (max threshold 15)
[2020-11-10T02:48:22.652+0000][7][gc,age      ] GC(5) - age   1:    1570624 bytes,    1570624 total
[2020-11-10T02:48:22.653+0000][7][gc,age      ] GC(5) - age   2:     541752 bytes,    2112376 total
[2020-11-10T02:48:22.656+0000][7][gc,age      ] GC(5) - age   3:    2284744 bytes,    4397120 total
[2020-11-10T02:48:22.657+0000][7][gc,age      ] GC(5) - age   4:    6066576 bytes,   10463696 total
[2020-11-10T02:48:22.659+0000][7][gc,age      ] GC(5) - age   5:    2365992 bytes,   12829688 total
[2020-11-10T02:48:22.663+0000][7][gc,phases   ] GC(5)   Pre Evacuate Collection Set: 0.3ms
[2020-11-10T02:48:22.664+0000][7][gc,phases   ] GC(5)   Merge Heap Roots: 0.2ms
[2020-11-10T02:48:22.664+0000][7][gc,phases   ] GC(5)   Evacuate Collection Set: 15.0ms
[2020-11-10T02:48:22.666+0000][7][gc,phases   ] GC(5)   Post Evacuate Collection Set: 3.5ms
[2020-11-10T02:48:22.668+0000][7][gc,phases   ] GC(5)   Other: 18.5ms
[2020-11-10T02:48:22.669+0000][7][gc,heap     ] GC(5) Eden regions: 126->0(293)
[2020-11-10T02:48:22.673+0000][7][gc,heap     ] GC(5) Survivor regions: 13->14(39)
[2020-11-10T02:48:22.674+0000][7][gc,heap     ] GC(5) Old regions: 4->4
[2020-11-10T02:48:22.677+0000][7][gc,heap     ] GC(5) Archive regions: 2->2
[2020-11-10T02:48:22.681+0000][7][gc,heap     ] GC(5) Humongous regions: 1->1
[2020-11-10T02:48:22.681+0000][7][gc,metaspace] GC(5) Metaspace: 20144K(21296K)->20144K(21296K) NonClass: 17699K(18608K)->17699K(18608K) Class: 2445K(2688K)->2445K(2688K)
[2020-11-10T02:48:22.683+0000][7][gc          ] GC(5) Pause Young (Concurrent Start) (Metadata GC Threshold) 143M->18M(512M) 58.066ms
[2020-11-10T02:48:22.684+0000][7][gc,cpu      ] GC(5) User=0.03s Sys=0.00s Real=0.06s
[2020-11-10T02:48:22.685+0000][7][safepoint   ] Safepoint "CollectForMetadataAllocation", Time since last: 282711951 ns, Reaching safepoint: 172566 ns, At safepoint: 60046597 ns, Total: 60219163 ns
[2020-11-10T02:48:22.685+0000][7][gc          ] GC(6) Concurrent Cycle
[2020-11-10T02:48:22.687+0000][7][gc,marking  ] GC(6) Concurrent Clear Claimed Marks
[2020-11-10T02:48:22.689+0000][7][gc,marking  ] GC(6) Concurrent Clear Claimed Marks 1.199ms
[2020-11-10T02:48:22.689+0000][7][gc,marking  ] GC(6) Concurrent Scan Root Regions
[2020-11-10T02:48:22.702+0000][7][gc,marking  ] GC(6) Concurrent Scan Root Regions 12.594ms
[2020-11-10T02:48:22.703+0000][7][gc,marking  ] GC(6) Concurrent Mark (7.069s)
[2020-11-10T02:48:22.703+0000][7][gc,marking  ] GC(6) Concurrent Mark From Roots
[2020-11-10T02:48:22.704+0000][7][gc,task     ] GC(6) Using 2 workers of 2 for marking
[2020-11-10T02:48:22.717+0000][7][gc,marking  ] GC(6) Concurrent Mark From Roots 13.560ms
[2020-11-10T02:48:22.718+0000][7][gc,marking  ] GC(6) Concurrent Preclean
[2020-11-10T02:48:22.722+0000][7][gc,marking  ] GC(6) Concurrent Preclean 4.081ms
[2020-11-10T02:48:22.722+0000][7][gc,marking  ] GC(6) Concurrent Mark (7.069s, 7.088s) 19.870ms
[2020-11-10T02:48:22.731+0000][7][gc,start    ] GC(6) Pause Remark
[2020-11-10T02:48:22.748+0000][7][gc          ] GC(6) Pause Remark 26M->26M(512M) 17.215ms
[2020-11-10T02:48:22.749+0000][7][gc,cpu      ] GC(6) User=0.00s Sys=0.01s Real=0.02s
[2020-11-10T02:48:22.749+0000][7][safepoint   ] Safepoint "G1Concurrent", Time since last: 37945775 ns, Reaching safepoint: 7375349 ns, At safepoint: 18635597 ns, Total: 26010946 ns
[2020-11-10T02:48:22.750+0000][7][gc,marking  ] GC(6) Concurrent Rebuild Remembered Sets
[2020-11-10T02:48:22.755+0000][7][gc,marking  ] GC(6) Concurrent Rebuild Remembered Sets 4.912ms
[2020-11-10T02:48:22.768+0000][7][gc,start    ] GC(6) Pause Cleanup
[2020-11-10T02:48:22.774+0000][7][gc          ] GC(6) Pause Cleanup 31M->31M(512M) 5.618ms
[2020-11-10T02:48:22.775+0000][7][gc,cpu      ] GC(6) User=0.00s Sys=0.00s Real=0.01s
[2020-11-10T02:48:22.775+0000][7][safepoint   ] Safepoint "G1Concurrent", Time since last: 7796515 ns, Reaching safepoint: 11139379 ns, At safepoint: 7031437 ns, Total: 18170816 ns
[2020-11-10T02:48:22.780+0000][7][gc,marking  ] GC(6) Concurrent Cleanup for Next Mark
[2020-11-10T02:48:22.785+0000][7][gc,marking  ] GC(6) Concurrent Cleanup for Next Mark 4.965ms
[2020-11-10T02:48:22.789+0000][7][gc          ] GC(6) Concurrent Cycle 103.310ms
[2020-11-10T02:48:23.262+0000][7][gc,start    ] GC(7) Pause Young (Normal) (G1 Evacuation Pause)
[2020-11-10T02:48:23.264+0000][7][gc,task     ] GC(7) Using 8 workers of 8 for evacuation
[2020-11-10T02:48:23.264+0000][7][gc,age      ] GC(7) Desired survivor size 20447232 bytes, new threshold 15 (max threshold 15)
[2020-11-10T02:48:23.293+0000][7][gc,age      ] GC(7) Age table with threshold 15 (max threshold 15)
[2020-11-10T02:48:23.298+0000][7][gc,age      ] GC(7) - age   1:    3011824 bytes,    3011824 total
[2020-11-10T02:48:23.299+0000][7][gc,age      ] GC(7) - age   2:    1532104 bytes,    4543928 total
[2020-11-10T02:48:23.300+0000][7][gc,age      ] GC(7) - age   3:     540952 bytes,    5084880 total
[2020-11-10T02:48:23.300+0000][7][gc,age      ] GC(7) - age   4:    2284744 bytes,    7369624 total
[2020-11-10T02:48:23.302+0000][7][gc,age      ] GC(7) - age   5:    6066064 bytes,   13435688 total
[2020-11-10T02:48:23.302+0000][7][gc,age      ] GC(7) - age   6:    2364712 bytes,   15800400 total
[2020-11-10T02:48:23.303+0000][7][gc,phases   ] GC(7)   Pre Evacuate Collection Set: 0.3ms
[2020-11-10T02:48:23.303+0000][7][gc,phases   ] GC(7)   Merge Heap Roots: 0.3ms
[2020-11-10T02:48:23.304+0000][7][gc,phases   ] GC(7)   Evacuate Collection Set: 23.0ms
[2020-11-10T02:48:23.305+0000][7][gc,phases   ] GC(7)   Post Evacuate Collection Set: 4.6ms
[2020-11-10T02:48:23.306+0000][7][gc,phases   ] GC(7)   Other: 12.5ms
[2020-11-10T02:48:23.306+0000][7][gc,heap     ] GC(7) Eden regions: 293->0(291)
[2020-11-10T02:48:23.307+0000][7][gc,heap     ] GC(7) Survivor regions: 14->16(39)
[2020-11-10T02:48:23.307+0000][7][gc,heap     ] GC(7) Old regions: 4->4
[2020-11-10T02:48:23.308+0000][7][gc,heap     ] GC(7) Archive regions: 2->2
[2020-11-10T02:48:23.309+0000][7][gc,heap     ] GC(7) Humongous regions: 1->1
[2020-11-10T02:48:23.309+0000][7][gc,metaspace] GC(7) Metaspace: 20388K(21936K)->20388K(21936K) NonClass: 17901K(19120K)->17901K(19120K) Class: 2487K(2816K)->2487K(2816K)
[2020-11-10T02:48:23.310+0000][7][gc          ] GC(7) Pause Young (Normal) (G1 Evacuation Pause) 311M->21M(512M) 47.625ms
[2020-11-10T02:48:23.311+0000][7][gc,cpu      ] GC(7) User=0.03s Sys=0.00s Real=0.05s
[2020-11-10T02:48:23.311+0000][7][safepoint   ] Safepoint "G1CollectForAllocation", Time since last: 486958121 ns, Reaching safepoint: 136931 ns, At safepoint: 49074175 ns, Total: 49211106 ns
[2020-11-10T02:48:24.315+0000][7][safepoint   ] Safepoint "Cleanup", Time since last: 1001405880 ns, Reaching safepoint: 2498999 ns, At safepoint: 29612 ns, Total: 2528611 ns
[2020-11-10T02:48:25.434+0000][7][safepoint   ] Safepoint "ICBufferFull", Time since last: 1118568670 ns, Reaching safepoint: 545523 ns, At safepoint: 33328 ns, Total: 578851 ns
[2020-11-10T02:48:26.322+0000][7][safepoint   ] Safepoint "ICBufferFull", Time since last: 883379879 ns, Reaching safepoint: 3944951 ns, At safepoint: 56316 ns, Total: 4001267 ns
[2020-11-10T02:48:27.327+0000][7][safepoint   ] Safepoint "Cleanup", Time since last: 1001033899 ns, Reaching safepoint: 3912559 ns, At safepoint: 35754 ns, Total: 3948313 ns
[2020-11-10T02:48:28.328+0000][7][safepoint   ] Safepoint "Cleanup", Time since last: 1001266031 ns, Reaching safepoint: 182218 ns, At safepoint: 38570 ns, Total: 220788 ns
[2020-11-10T02:48:29.157+0000][7][gc,start    ] GC(8) Pause Young (Normal) (G1 Evacuation Pause)
[2020-11-10T02:48:29.158+0000][7][gc,task     ] GC(8) Using 8 workers of 8 for evacuation
[2020-11-10T02:48:29.159+0000][7][gc,age      ] GC(8) Desired survivor size 20447232 bytes, new threshold 15 (max threshold 15)
[2020-11-10T02:48:29.252+0000][7][gc,age      ] GC(8) Age table with threshold 15 (max threshold 15)
[2020-11-10T02:48:29.253+0000][7][gc,age      ] GC(8) - age   1:   26664480 bytes,   26664480 total
[2020-11-10T02:48:29.254+0000][7][gc,age      ] GC(8) - age   2:     951688 bytes,   27616168 total
[2020-11-10T02:48:29.255+0000][7][gc,age      ] GC(8) - age   3:    1525672 bytes,   29141840 total
[2020-11-10T02:48:29.256+0000][7][gc,age      ] GC(8) - age   4:     525528 bytes,   29667368 total
[2020-11-10T02:48:29.257+0000][7][gc,age      ] GC(8) - age   5:    2267448 bytes,   31934816 total
[2020-11-10T02:48:29.258+0000][7][gc,age      ] GC(8) - age   6:    5995248 bytes,   37930064 total
[2020-11-10T02:48:29.259+0000][7][gc,age      ] GC(8) - age   7:    2336168 bytes,   40266232 total
[2020-11-10T02:48:29.259+0000][7][gc,phases   ] GC(8)   Pre Evacuate Collection Set: 1.1ms
[2020-11-10T02:48:29.260+0000][7][gc,phases   ] GC(8)   Merge Heap Roots: 0.4ms
[2020-11-10T02:48:29.260+0000][7][gc,phases   ] GC(8)   Evacuate Collection Set: 65.2ms
[2020-11-10T02:48:29.261+0000][7][gc,phases   ] GC(8)   Post Evacuate Collection Set: 25.1ms
[2020-11-10T02:48:29.262+0000][7][gc,phases   ] GC(8)   Other: 10.4ms
[2020-11-10T02:48:29.263+0000][7][gc,heap     ] GC(8) Eden regions: 291->0(268)
[2020-11-10T02:48:29.263+0000][7][gc,heap     ] GC(8) Survivor regions: 16->39(39)
[2020-11-10T02:48:29.264+0000][7][gc,heap     ] GC(8) Old regions: 4->8
[2020-11-10T02:48:29.264+0000][7][gc,heap     ] GC(8) Archive regions: 2->2
[2020-11-10T02:48:29.265+0000][7][gc,heap     ] GC(8) Humongous regions: 1->1
[2020-11-10T02:48:29.266+0000][7][gc,metaspace] GC(8) Metaspace: 31441K(33712K)->31441K(33712K) NonClass: 27498K(29104K)->27498K(29104K) Class: 3942K(4608K)->3942K(4608K)
[2020-11-10T02:48:29.267+0000][7][gc          ] GC(8) Pause Young (Normal) (G1 Evacuation Pause) 312M->48M(512M) 109.918ms
[2020-11-10T02:48:29.268+0000][7][gc,cpu      ] GC(8) User=0.15s Sys=0.00s Real=0.11s
[2020-11-10T02:48:29.268+0000][7][safepoint   ] Safepoint "G1CollectForAllocation", Time since last: 828516678 ns, Reaching safepoint: 216188 ns, At safepoint: 111458899 ns, Total: 111675087 ns
[2020-11-10T02:48:29.693+0000][7][gc,start    ] GC(9) Pause Young (Concurrent Start) (Metadata GC Threshold)
[2020-11-10T02:48:29.694+0000][7][gc,task     ] GC(9) Using 8 workers of 8 for evacuation
[2020-11-10T02:48:29.694+0000][7][gc,age      ] GC(9) Desired survivor size 20447232 bytes, new threshold 1 (max threshold 15)
[2020-11-10T02:48:29.778+0000][7][gc,age      ] GC(9) Age table with threshold 1 (max threshold 15)
[2020-11-10T02:48:29.779+0000][7][gc,age      ] GC(9) - age   1:     914416 bytes,     914416 total
[2020-11-10T02:48:29.780+0000][7][gc,phases   ] GC(9)   Pre Evacuate Collection Set: 4.3ms
[2020-11-10T02:48:29.780+0000][7][gc,phases   ] GC(9)   Merge Heap Roots: 2.5ms
[2020-11-10T02:48:29.781+0000][7][gc,phases   ] GC(9)   Evacuate Collection Set: 62.7ms
[2020-11-10T02:48:29.782+0000][7][gc,phases   ] GC(9)   Post Evacuate Collection Set: 13.1ms
[2020-11-10T02:48:29.783+0000][7][gc,phases   ] GC(9)   Other: 4.6ms
[2020-11-10T02:48:29.783+0000][7][gc,heap     ] GC(9) Eden regions: 20->0(294)
[2020-11-10T02:48:29.784+0000][7][gc,heap     ] GC(9) Survivor regions: 39->4(39)
[2020-11-10T02:48:29.785+0000][7][gc,heap     ] GC(9) Old regions: 8->47
[2020-11-10T02:48:29.786+0000][7][gc,heap     ] GC(9) Archive regions: 2->2
[2020-11-10T02:48:29.787+0000][7][gc,heap     ] GC(9) Humongous regions: 1->1
[2020-11-10T02:48:29.787+0000][7][gc,metaspace] GC(9) Metaspace: 33621K(35888K)->33621K(35888K) NonClass: 29309K(30896K)->29309K(30896K) Class: 4312K(4992K)->4312K(4992K)
[2020-11-10T02:48:29.788+0000][7][gc          ] GC(9) Pause Young (Concurrent Start) (Metadata GC Threshold) 68M->52M(512M) 94.950ms
[2020-11-10T02:48:29.788+0000][7][gc,cpu      ] GC(9) User=0.13s Sys=0.00s Real=0.10s
[2020-11-10T02:48:29.789+0000][7][gc          ] GC(10) Concurrent Cycle
[2020-11-10T02:48:29.789+0000][7][gc,marking  ] GC(10) Concurrent Clear Claimed Marks
[2020-11-10T02:48:29.789+0000][7][safepoint   ] Safepoint "CollectForMetadataAllocation", Time since last: 420300827 ns, Reaching safepoint: 3997164 ns, At safepoint: 96460345 ns, Total: 100457509 ns
[2020-11-10T02:48:29.790+0000][7][gc,marking  ] GC(10) Concurrent Clear Claimed Marks 0.597ms
[2020-11-10T02:48:29.791+0000][7][gc,marking  ] GC(10) Concurrent Scan Root Regions
[2020-11-10T02:48:29.833+0000][7][gc,marking  ] GC(10) Concurrent Scan Root Regions 42.060ms
[2020-11-10T02:48:29.834+0000][7][gc,marking  ] GC(10) Concurrent Mark (14.200s)
[2020-11-10T02:48:29.835+0000][7][gc,marking  ] GC(10) Concurrent Mark From Roots
[2020-11-10T02:48:29.835+0000][7][gc,task     ] GC(10) Using 2 workers of 2 for marking
[2020-11-10T02:48:29.850+0000][7][gc,marking  ] GC(10) Concurrent Mark From Roots 15.064ms
[2020-11-10T02:48:29.850+0000][7][gc,marking  ] GC(10) Concurrent Preclean
[2020-11-10T02:48:29.852+0000][7][gc,marking  ] GC(10) Concurrent Preclean 1.656ms
[2020-11-10T02:48:29.853+0000][7][gc,marking  ] GC(10) Concurrent Mark (14.200s, 14.219s) 18.948ms
[2020-11-10T02:48:29.856+0000][7][gc,start    ] GC(10) Pause Remark
[2020-11-10T02:48:29.875+0000][7][gc          ] GC(10) Pause Remark 53M->53M(512M) 19.012ms
[2020-11-10T02:48:29.876+0000][7][gc,cpu      ] GC(10) User=0.01s Sys=0.00s Real=0.02s
[2020-11-10T02:48:29.877+0000][7][safepoint   ] Safepoint "G1Concurrent", Time since last: 64575596 ns, Reaching safepoint: 2044659 ns, At safepoint: 21197790 ns, Total: 23242449 ns
[2020-11-10T02:48:29.878+0000][7][gc,marking  ] GC(10) Concurrent Rebuild Remembered Sets
[2020-11-10T02:48:29.946+0000][7][gc,marking  ] GC(10) Concurrent Rebuild Remembered Sets 67.563ms
[2020-11-10T02:48:29.949+0000][7][gc,start    ] GC(10) Pause Cleanup
[2020-11-10T02:48:29.951+0000][7][gc          ] GC(10) Pause Cleanup 54M->54M(512M) 1.467ms
[2020-11-10T02:48:29.952+0000][7][gc,cpu      ] GC(10) User=0.00s Sys=0.00s Real=0.00s
[2020-11-10T02:48:29.952+0000][7][safepoint   ] Safepoint "G1Concurrent", Time since last: 69732829 ns, Reaching safepoint: 2560809 ns, At safepoint: 2990934 ns, Total: 5551743 ns
[2020-11-10T02:48:29.953+0000][7][gc,marking  ] GC(10) Concurrent Cleanup for Next Mark
[2020-11-10T02:48:29.955+0000][7][gc,marking  ] GC(10) Concurrent Cleanup for Next Mark 1.913ms
[2020-11-10T02:48:29.955+0000][7][gc          ] GC(10) Concurrent Cycle 166.563ms
[2020-11-10T02:48:30.953+0000][7][safepoint   ] Safepoint "Cleanup", Time since last: 1000680849 ns, Reaching safepoint: 293482 ns, At safepoint: 78476 ns, Total: 371958 ns
[2020-11-10T02:48:32.693+0000][7][safepoint   ] Safepoint "Cleanup", Time since last: 1739196731 ns, Reaching safepoint: 830334 ns, At safepoint: 46776 ns, Total: 877110 ns
[2020-11-10T02:48:33.934+0000][7][safepoint   ] Safepoint "ICBufferFull", Time since last: 1236331242 ns, Reaching safepoint: 3974884 ns, At safepoint: 40846 ns, Total: 4015730 ns
[2020-11-10T02:48:34.604+0000][7][gc,start    ] GC(11) Pause Young (Concurrent Start) (Metadata GC Threshold)
[2020-11-10T02:48:34.610+0000][7][gc,task     ] GC(11) Using 8 workers of 8 for evacuation
[2020-11-10T02:48:34.614+0000][7][gc,age      ] GC(11) Desired survivor size 19922944 bytes, new threshold 15 (max threshold 15)
[2020-11-10T02:48:34.644+0000][7][gc,age      ] GC(11) Age table with threshold 15 (max threshold 15)
[2020-11-10T02:48:34.645+0000][7][gc,age      ] GC(11) - age   1:   11075712 bytes,   11075712 total
[2020-11-10T02:48:34.646+0000][7][gc,age      ] GC(11) - age   2:     872208 bytes,   11947920 total
[2020-11-10T02:48:34.648+0000][7][gc,phases   ] GC(11)   Pre Evacuate Collection Set: 3.9ms
[2020-11-10T02:48:34.649+0000][7][gc,phases   ] GC(11)   Merge Heap Roots: 0.3ms
[2020-11-10T02:48:34.650+0000][7][gc,phases   ] GC(11)   Evacuate Collection Set: 16.0ms
[2020-11-10T02:48:34.651+0000][7][gc,phases   ] GC(11)   Post Evacuate Collection Set: 9.4ms
[2020-11-10T02:48:34.652+0000][7][gc,phases   ] GC(11)   Other: 13.6ms
[2020-11-10T02:48:34.653+0000][7][gc,heap     ] GC(11) Eden regions: 251->0(283)
[2020-11-10T02:48:34.654+0000][7][gc,heap     ] GC(11) Survivor regions: 4->13(38)
[2020-11-10T02:48:34.655+0000][7][gc,heap     ] GC(11) Old regions: 47->47
[2020-11-10T02:48:34.656+0000][7][gc,heap     ] GC(11) Archive regions: 2->2
[2020-11-10T02:48:34.656+0000][7][gc,heap     ] GC(11) Humongous regions: 1->1
[2020-11-10T02:48:34.657+0000][7][gc,metaspace] GC(11) Metaspace: 57043K(60240K)->57043K(60240K) NonClass: 49484K(51792K)->49484K(51792K) Class: 7558K(8448K)->7558K(8448K)
[2020-11-10T02:48:34.658+0000][7][gc          ] GC(11) Pause Young (Concurrent Start) (Metadata GC Threshold) 302M->60M(512M) 53.715ms
[2020-11-10T02:48:34.659+0000][7][gc,cpu      ] GC(11) User=0.12s Sys=0.01s Real=0.05s
[2020-11-10T02:48:34.661+0000][7][safepoint   ] Safepoint "CollectForMetadataAllocation", Time since last: 669952196 ns, Reaching safepoint: 649215 ns, At safepoint: 56781689 ns, Total: 57430904 ns
[2020-11-10T02:48:34.662+0000][7][gc          ] GC(12) Concurrent Cycle
[2020-11-10T02:48:34.669+0000][7][gc,marking  ] GC(12) Concurrent Clear Claimed Marks
[2020-11-10T02:48:34.670+0000][7][gc,marking  ] GC(12) Concurrent Clear Claimed Marks 1.048ms
[2020-11-10T02:48:34.671+0000][7][gc,marking  ] GC(12) Concurrent Scan Root Regions
[2020-11-10T02:48:34.678+0000][7][gc,marking  ] GC(12) Concurrent Scan Root Regions 7.449ms
[2020-11-10T02:48:34.682+0000][7][gc,marking  ] GC(12) Concurrent Mark (19.048s)
[2020-11-10T02:48:34.685+0000][7][gc,marking  ] GC(12) Concurrent Mark From Roots
[2020-11-10T02:48:34.686+0000][7][gc,task     ] GC(12) Using 2 workers of 2 for marking
[2020-11-10T02:48:34.750+0000][7][safepoint   ] Safepoint "CollectForMetadataAllocation", Time since last: 88816109 ns, Reaching safepoint: 182845 ns, At safepoint: 158150 ns, Total: 340995 ns
[2020-11-10T02:48:34.754+0000][7][gc,marking  ] GC(12) Concurrent Mark From Roots 69.201ms
[2020-11-10T02:48:34.755+0000][7][gc,marking  ] GC(12) Concurrent Preclean
[2020-11-10T02:48:34.756+0000][7][gc,marking  ] GC(12) Concurrent Preclean 1.249ms
[2020-11-10T02:48:34.757+0000][7][gc,marking  ] GC(12) Concurrent Mark (19.048s, 19.123s) 75.242ms
[2020-11-10T02:48:34.759+0000][7][gc,start    ] GC(12) Pause Remark
[2020-11-10T02:48:34.769+0000][7][gc          ] GC(12) Pause Remark 63M->63M(512M) 9.984ms
[2020-11-10T02:48:34.770+0000][7][gc,cpu      ] GC(12) User=0.01s Sys=0.01s Real=0.01s
[2020-11-10T02:48:34.771+0000][7][safepoint   ] Safepoint "G1Concurrent", Time since last: 7494553 ns, Reaching safepoint: 1070495 ns, At safepoint: 11894067 ns, Total: 12964562 ns
[2020-11-10T02:48:34.772+0000][7][gc,marking  ] GC(12) Concurrent Rebuild Remembered Sets
[2020-11-10T02:48:34.809+0000][7][gc,marking  ] GC(12) Concurrent Rebuild Remembered Sets 36.963ms
[2020-11-10T02:48:34.810+0000][7][gc,start    ] GC(12) Pause Cleanup
[2020-11-10T02:48:34.811+0000][7][gc          ] GC(12) Pause Cleanup 65M->65M(512M) 0.786ms
[2020-11-10T02:48:34.812+0000][7][gc,cpu      ] GC(12) User=0.00s Sys=0.00s Real=0.00s
[2020-11-10T02:48:34.812+0000][7][safepoint   ] Safepoint "G1Concurrent", Time since last: 38809812 ns, Reaching safepoint: 809639 ns, At safepoint: 2020537 ns, Total: 2830176 ns
[2020-11-10T02:48:34.813+0000][7][gc,marking  ] GC(12) Concurrent Cleanup for Next Mark
[2020-11-10T02:48:34.814+0000][7][gc,marking  ] GC(12) Concurrent Cleanup for Next Mark 1.370ms
[2020-11-10T02:48:34.815+0000][7][gc          ] GC(12) Concurrent Cycle 153.220ms
[2020-11-10T02:48:36.154+0000][7][safepoint   ] Safepoint "Cleanup", Time since last: 1340307849 ns, Reaching safepoint: 1461885 ns, At safepoint: 58055 ns, Total: 1519940 ns
[2020-11-10T02:48:37.135+0000][7][safepoint   ] Safepoint "Cleanup", Time since last: 1001106005 ns, Reaching safepoint: 278461 ns, At safepoint: 110310 ns, Total: 388771 ns
[2020-11-10T02:48:37.670+0000][7][safepoint   ] Safepoint "ICBufferFull", Time since last: 535190421 ns, Reaching safepoint: 226214 ns, At safepoint: 20453 ns, Total: 246667 ns
[2020-11-10T02:48:38.206+0000][7][safepoint   ] Safepoint "ICBufferFull", Time since last: 535473239 ns, Reaching safepoint: 358409 ns, At safepoint: 32025 ns, Total: 390434 ns
[2020-11-10T02:48:38.798+0000][7][safepoint   ] Safepoint "ICBufferFull", Time since last: 592089104 ns, Reaching safepoint: 208019 ns, At safepoint: 24158 ns, Total: 232177 ns
[2020-11-10T02:48:39.717+0000][7][safepoint   ] Safepoint "ICBufferFull", Time since last: 917746333 ns, Reaching safepoint: 935093 ns, At safepoint: 67913 ns, Total: 1003006 ns
[2020-11-10T02:48:40.149+0000][7][gc,start    ] GC(13) Pause Young (Concurrent Start) (G1 Evacuation Pause)
[2020-11-10T02:48:40.150+0000][7][gc,task     ] GC(13) Using 8 workers of 8 for evacuation
[2020-11-10T02:48:40.151+0000][7][gc,age      ] GC(13) Desired survivor size 19398656 bytes, new threshold 15 (max threshold 15)
[2020-11-10T02:48:40.194+0000][7][gc,age      ] GC(13) Age table with threshold 15 (max threshold 15)
[2020-11-10T02:48:40.195+0000][7][gc,age      ] GC(13) - age   1:   11987216 bytes,   11987216 total
[2020-11-10T02:48:40.196+0000][7][gc,age      ] GC(13) - age   2:   10582960 bytes,   22570176 total
[2020-11-10T02:48:40.196+0000][7][gc,age      ] GC(13) - age   3:     867016 bytes,   23437192 total
[2020-11-10T02:48:40.197+0000][7][gc,phases   ] GC(13)   Pre Evacuate Collection Set: 0.3ms
[2020-11-10T02:48:40.197+0000][7][gc,phases   ] GC(13)   Merge Heap Roots: 2.4ms
[2020-11-10T02:48:40.198+0000][7][gc,phases   ] GC(13)   Evacuate Collection Set: 34.5ms
[2020-11-10T02:48:40.199+0000][7][gc,phases   ] GC(13)   Post Evacuate Collection Set: 4.2ms
[2020-11-10T02:48:40.199+0000][7][gc,phases   ] GC(13)   Other: 6.6ms
[2020-11-10T02:48:40.199+0000][7][gc,heap     ] GC(13) Eden regions: 283->0(267)
[2020-11-10T02:48:40.200+0000][7][gc,heap     ] GC(13) Survivor regions: 13->24(37)
[2020-11-10T02:48:40.200+0000][7][gc,heap     ] GC(13) Old regions: 47->47
[2020-11-10T02:48:40.201+0000][7][gc,heap     ] GC(13) Archive regions: 2->2
[2020-11-10T02:48:40.202+0000][7][gc,heap     ] GC(13) Humongous regions: 7->7
[2020-11-10T02:48:40.202+0000][7][gc,metaspace] GC(13) Metaspace: 86995K(91496K)->86995K(91496K) NonClass: 75268K(78672K)->75268K(78672K) Class: 11726K(12824K)->11726K(12824K)
[2020-11-10T02:48:40.203+0000][7][gc          ] GC(13) Pause Young (Concurrent Start) (G1 Evacuation Pause) 349M->77M(512M) 53.807ms
[2020-11-10T02:48:40.203+0000][7][gc,cpu      ] GC(13) User=0.08s Sys=0.00s Real=0.06s
[2020-11-10T02:48:40.204+0000][7][safepoint   ] Safepoint "G1CollectForAllocation", Time since last: 430833945 ns, Reaching safepoint: 1148282 ns, At safepoint: 55102912 ns, Total: 56251194 ns
[2020-11-10T02:48:40.204+0000][7][gc          ] GC(14) Concurrent Cycle
[2020-11-10T02:48:40.205+0000][7][gc,marking  ] GC(14) Concurrent Clear Claimed Marks
[2020-11-10T02:48:40.206+0000][7][gc,marking  ] GC(14) Concurrent Clear Claimed Marks 0.896ms
[2020-11-10T02:48:40.207+0000][7][gc,marking  ] GC(14) Concurrent Scan Root Regions
[2020-11-10T02:48:40.225+0000][7][gc,marking  ] GC(14) Concurrent Scan Root Regions 17.952ms
[2020-11-10T02:48:40.230+0000][7][gc,marking  ] GC(14) Concurrent Mark (24.617s)
[2020-11-10T02:48:40.231+0000][7][gc,marking  ] GC(14) Concurrent Mark From Roots
[2020-11-10T02:48:40.231+0000][7][gc,task     ] GC(14) Using 2 workers of 2 for marking
[2020-11-10T02:48:40.335+0000][7][gc,marking  ] GC(14) Concurrent Mark From Roots 104.488ms
[2020-11-10T02:48:40.336+0000][7][gc,marking  ] GC(14) Concurrent Preclean
[2020-11-10T02:48:40.337+0000][7][gc,marking  ] GC(14) Concurrent Preclean 0.952ms
[2020-11-10T02:48:40.337+0000][7][gc,marking  ] GC(14) Concurrent Mark (24.617s, 24.724s) 107.381ms
[2020-11-10T02:48:40.340+0000][7][gc,start    ] GC(14) Pause Remark
[2020-11-10T02:48:40.351+0000][7][gc          ] GC(14) Pause Remark 86M->86M(512M) 11.470ms
[2020-11-10T02:48:40.352+0000][7][gc,cpu      ] GC(14) User=0.01s Sys=0.00s Real=0.01s
[2020-11-10T02:48:40.353+0000][7][safepoint   ] Safepoint "G1Concurrent", Time since last: 135538753 ns, Reaching safepoint: 143035 ns, At safepoint: 13004433 ns, Total: 13147468 ns
[2020-11-10T02:48:40.354+0000][7][gc,marking  ] GC(14) Concurrent Rebuild Remembered Sets
[2020-11-10T02:48:40.408+0000][7][gc,marking  ] GC(14) Concurrent Rebuild Remembered Sets 53.633ms
[2020-11-10T02:48:40.409+0000][7][gc,start    ] GC(14) Pause Cleanup
[2020-11-10T02:48:40.410+0000][7][gc          ] GC(14) Pause Cleanup 89M->89M(512M) 0.840ms
[2020-11-10T02:48:40.411+0000][7][gc,cpu      ] GC(14) User=0.00s Sys=0.00s Real=0.00s
[2020-11-10T02:48:40.411+0000][7][safepoint   ] Safepoint "G1Concurrent", Time since last: 56164645 ns, Reaching safepoint: 441068 ns, At safepoint: 2142018 ns, Total: 2583086 ns
[2020-11-10T02:48:40.412+0000][7][gc,marking  ] GC(14) Concurrent Cleanup for Next Mark
[2020-11-10T02:48:40.414+0000][7][gc,marking  ] GC(14) Concurrent Cleanup for Next Mark 1.732ms
[2020-11-10T02:48:40.415+0000][7][gc          ] GC(14) Concurrent Cycle 210.427ms
[2020-11-10T02:48:41.414+0000][7][safepoint   ] Safepoint "Cleanup", Time since last: 1002116205 ns, Reaching safepoint: 648708 ns, At safepoint: 27795 ns, Total: 676503 ns
[2020-11-10T02:48:42.418+0000][7][safepoint   ] Safepoint "Cleanup", Time since last: 1002818105 ns, Reaching safepoint: 497754 ns, At safepoint: 12059 ns, Total: 509813 ns
[2020-11-10T02:48:43.419+0000][7][safepoint   ] Safepoint "Cleanup", Time since last: 1001176111 ns, Reaching safepoint: 216227 ns, At safepoint: 8813 ns, Total: 225040 ns
[2020-11-10T02:48:44.420+0000][7][safepoint   ] Safepoint "Cleanup", Time since last: 1000264735 ns, Reaching safepoint: 414462 ns, At safepoint: 7292 ns, Total: 421754 ns
[2020-11-10T02:48:45.421+0000][7][safepoint   ] Safepoint "Cleanup", Time since last: 1001007146 ns, Reaching safepoint: 243122 ns, At safepoint: 29222 ns, Total: 272344 ns
[2020-11-10T02:48:46.422+0000][7][safepoint   ] Safepoint "Cleanup", Time since last: 1000924497 ns, Reaching safepoint: 411437 ns, At safepoint: 34601 ns, Total: 446038 ns
[2020-11-10T02:48:47.088+0000][7][safepoint   ] Safepoint "ICBufferFull", Time since last: 663735781 ns, Reaching safepoint: 1327250 ns, At safepoint: 154943 ns, Total: 1482193 ns
[2020-11-10T02:48:48.088+0000][7][safepoint   ] Safepoint "Cleanup", Time since last: 1000179584 ns, Reaching safepoint: 269521 ns, At safepoint: 13449 ns, Total: 282970 ns
[2020-11-10T02:48:49.090+0000][7][safepoint   ] Safepoint "Cleanup", Time since last: 1001090295 ns, Reaching safepoint: 657846 ns, At safepoint: 96844 ns, Total: 754690 ns
[2020-11-10T02:48:50.093+0000][7][safepoint   ] Safepoint "Cleanup", Time since last: 1003085365 ns, Reaching safepoint: 219927 ns, At safepoint: 12296 ns, Total: 232223 ns
[2020-11-10T02:48:51.095+0000][7][safepoint   ] Safepoint "Cleanup", Time since last: 1001229852 ns, Reaching safepoint: 302660 ns, At safepoint: 23729 ns, Total: 326389 ns
[2020-11-10T02:48:52.489+0000][7][safepoint   ] Safepoint "Cleanup", Time since last: 1393554233 ns, Reaching safepoint: 328004 ns, At safepoint: 24522 ns, Total: 352526 ns
[2020-11-10T02:48:53.489+0000][7][safepoint   ] Safepoint "Cleanup", Time since last: 1000133804 ns, Reaching safepoint: 261195 ns, At safepoint: 13815 ns, Total: 275010 ns
[2020-11-10T02:48:55.490+0000][7][safepoint   ] Safepoint "Cleanup", Time since last: 2000836809 ns, Reaching safepoint: 128553 ns, At safepoint: 4205 ns, Total: 132758 ns
[2020-11-10T02:48:56.491+0000][7][safepoint   ] Safepoint "Cleanup", Time since last: 1000177701 ns, Reaching safepoint: 409385 ns, At safepoint: 4838 ns, Total: 414223 ns
[2020-11-10T02:48:58.492+0000][7][safepoint   ] Safepoint "Cleanup", Time since last: 2000950890 ns, Reaching safepoint: 159566 ns, At safepoint: 3060 ns, Total: 162626 ns
[2020-11-10T02:48:59.493+0000][7][safepoint   ] Safepoint "Cleanup", Time since last: 1000680567 ns, Reaching safepoint: 279637 ns, At safepoint: 11059 ns, Total: 290696 ns
[2020-11-10T02:49:00.494+0000][7][safepoint   ] Safepoint "Cleanup", Time since last: 1000764513 ns, Reaching safepoint: 269388 ns, At safepoint: 24253 ns, Total: 293641 ns
[2020-11-10T02:49:02.495+0000][7][safepoint   ] Safepoint "Cleanup", Time since last: 2000667572 ns, Reaching safepoint: 432079 ns, At safepoint: 18260 ns, Total: 450339 ns
[2020-11-10T02:49:03.496+0000][7][safepoint   ] Safepoint "Cleanup", Time since last: 1001047965 ns, Reaching safepoint: 206449 ns, At safepoint: 4589 ns, Total: 211038 ns
[2020-11-10T02:49:04.497+0000][7][safepoint   ] Safepoint "Cleanup", Time since last: 1000698150 ns, Reaching safepoint: 173957 ns, At safepoint: 22416 ns, Total: 196373 ns
[2020-11-10T02:49:05.498+0000][7][safepoint   ] Safepoint "Cleanup", Time since last: 1000675690 ns, Reaching safepoint: 178406 ns, At safepoint: 45124 ns, Total: 223530 ns
[2020-11-10T02:49:06.478+0000][7][safepoint   ] Safepoint "Cleanup", Time since last: 1000771361 ns, Reaching safepoint: 170464 ns, At safepoint: 16816 ns, Total: 187280 ns
[2020-11-10T02:49:07.749+0000][7][gc,start    ] GC(15) Pause Young (Normal) (G1 Evacuation Pause)
[2020-11-10T02:49:07.749+0000][7][gc,task     ] GC(15) Using 8 workers of 8 for evacuation
[2020-11-10T02:49:07.750+0000][7][gc,age      ] GC(15) Desired survivor size 19398656 bytes, new threshold 2 (max threshold 15)
[2020-11-10T02:49:07.770+0000][7][gc,age      ] GC(15) Age table with threshold 2 (max threshold 15)
[2020-11-10T02:49:07.770+0000][7][gc,age      ] GC(15) - age   1:    9349960 bytes,    9349960 total
[2020-11-10T02:49:07.771+0000][7][gc,age      ] GC(15) - age   2:   11395104 bytes,   20745064 total
[2020-11-10T02:49:07.771+0000][7][gc,phases   ] GC(15)   Pre Evacuate Collection Set: 0.3ms
[2020-11-10T02:49:07.772+0000][7][gc,phases   ] GC(15)   Merge Heap Roots: 0.2ms
[2020-11-10T02:49:07.772+0000][7][gc,phases   ] GC(15)   Evacuate Collection Set: 17.4ms
[2020-11-10T02:49:07.772+0000][7][gc,phases   ] GC(15)   Post Evacuate Collection Set: 1.6ms
[2020-11-10T02:49:07.773+0000][7][gc,phases   ] GC(15)   Other: 3.1ms
[2020-11-10T02:49:07.773+0000][7][gc,heap     ] GC(15) Eden regions: 267->0(259)
[2020-11-10T02:49:07.774+0000][7][gc,heap     ] GC(15) Survivor regions: 24->23(37)
[2020-11-10T02:49:07.774+0000][7][gc,heap     ] GC(15) Old regions: 47->58
[2020-11-10T02:49:07.774+0000][7][gc,heap     ] GC(15) Archive regions: 2->2
[2020-11-10T02:49:07.775+0000][7][gc,heap     ] GC(15) Humongous regions: 17->7
[2020-11-10T02:49:07.775+0000][7][gc,metaspace] GC(15) Metaspace: 95377K(99816K)->95377K(99816K) NonClass: 82533K(85840K)->82533K(85840K) Class: 12844K(13976K)->12844K(13976K)
[2020-11-10T02:49:07.776+0000][7][gc          ] GC(15) Pause Young (Normal) (G1 Evacuation Pause) 354M->87M(512M) 27.019ms
[2020-11-10T02:49:07.776+0000][7][gc,cpu      ] GC(15) User=0.08s Sys=0.01s Real=0.03s
[2020-11-10T02:49:07.777+0000][7][safepoint   ] Safepoint "G1CollectForAllocation", Time since last: 1270760197 ns, Reaching safepoint: 163055 ns, At safepoint: 27892956 ns, Total: 28056011 ns
[2020-11-10T02:49:08.778+0000][7][safepoint   ] Safepoint "Cleanup", Time since last: 1001559731 ns, Reaching safepoint: 303043 ns, At safepoint: 27814 ns, Total: 330857 ns
[2020-11-10T02:49:09.779+0000][7][safepoint   ] Safepoint "Cleanup", Time since last: 1000146956 ns, Reaching safepoint: 193358 ns, At safepoint: 13144 ns, Total: 206502 ns
[2020-11-10T02:49:10.781+0000][7][safepoint   ] Safepoint "Cleanup", Time since last: 1001418602 ns, Reaching safepoint: 401481 ns, At safepoint: 34758 ns, Total: 436239 ns
[2020-11-10T02:49:11.782+0000][7][safepoint   ] Safepoint "Cleanup", Time since last: 1000921108 ns, Reaching safepoint: 234528 ns, At safepoint: 23659 ns, Total: 258187 ns
[2020-11-10T02:49:12.783+0000][7][safepoint   ] Safepoint "Cleanup", Time since last: 1000754452 ns, Reaching safepoint: 141635 ns, At safepoint: 3240 ns, Total: 144875 ns
[2020-11-10T02:49:13.784+0000][7][safepoint   ] Safepoint "Cleanup", Time since last: 1000760325 ns, Reaching safepoint: 149836 ns, At safepoint: 3805 ns, Total: 153641 ns
[2020-11-10T02:49:14.784+0000][7][safepoint   ] Safepoint "Cleanup", Time since last: 1000110846 ns, Reaching safepoint: 224877 ns, At safepoint: 22626 ns, Total: 247503 ns
[2020-11-10T02:49:15.785+0000][7][safepoint   ] Safepoint "Cleanup", Time since last: 1000585327 ns, Reaching safepoint: 222545 ns, At safepoint: 25995 ns, Total: 248540 ns
[2020-11-10T02:49:16.786+0000][7][safepoint   ] Safepoint "Cleanup", Time since last: 1000772970 ns, Reaching safepoint: 192260 ns, At safepoint: 45244 ns, Total: 237504 ns
[2020-11-10T02:49:17.787+0000][7][safepoint   ] Safepoint "Cleanup", Time since last: 1000981763 ns, Reaching safepoint: 186593 ns, At safepoint: 11881 ns, Total: 198474 ns
[2020-11-10T02:49:18.788+0000][7][safepoint   ] Safepoint "Cleanup", Time since last: 1000582129 ns, Reaching safepoint: 206794 ns, At safepoint: 26926 ns, Total: 233720 ns
[2020-11-10T02:49:20.789+0000][7][safepoint   ] Safepoint "Cleanup", Time since last: 2000845589 ns, Reaching safepoint: 283279 ns, At safepoint: 90787 ns, Total: 374066 ns
[2020-11-10T02:49:21.791+0000][7][safepoint   ] Safepoint "Cleanup", Time since last: 1001043901 ns, Reaching safepoint: 519128 ns, At safepoint: 46868 ns, Total: 565996 ns
[2020-11-10T02:49:22.792+0000][7][safepoint   ] Safepoint "Cleanup", Time since last: 1000977254 ns, Reaching safepoint: 220085 ns, At safepoint: 40849 ns, Total: 260934 ns
[2020-11-10T02:49:23.793+0000][7][safepoint   ] Safepoint "Cleanup", Time since last: 1000802892 ns, Reaching safepoint: 246844 ns, At safepoint: 27323 ns, Total: 274167 ns
[2020-11-10T02:49:24.794+0000][7][safepoint   ] Safepoint "Cleanup", Time since last: 1000723420 ns, Reaching safepoint: 236537 ns, At safepoint: 25189 ns, Total: 261726 ns
[2020-11-10T02:49:25.795+0000][7][safepoint   ] Safepoint "Cleanup", Time since last: 1000588324 ns, Reaching safepoint: 279052 ns, At safepoint: 21130 ns, Total: 300182 ns
[2020-11-10T02:49:26.796+0000][7][safepoint   ] Safepoint "Cleanup", Time since last: 1000859381 ns, Reaching safepoint: 189740 ns, At safepoint: 21752 ns, Total: 211492 ns
[2020-11-10T02:49:27.797+0000][7][safepoint   ] Safepoint "Cleanup", Time since last: 1000678873 ns, Reaching safepoint: 196541 ns, At safepoint: 23510 ns, Total: 220051 ns
[2020-11-10T02:49:29.798+0000][7][safepoint   ] Safepoint "Cleanup", Time since last: 2000775498 ns, Reaching safepoint: 256851 ns, At safepoint: 27266 ns, Total: 284117 ns
[2020-11-10T02:49:30.799+0000][7][safepoint   ] Safepoint "Cleanup", Time since last: 1000728862 ns, Reaching safepoint: 193670 ns, At safepoint: 3764 ns, Total: 197434 ns
[2020-11-10T02:49:31.800+0000][7][safepoint   ] Safepoint "Cleanup", Time since last: 1000990857 ns, Reaching safepoint: 204265 ns, At safepoint: 30413 ns, Total: 234678 ns
[2020-11-10T02:49:32.801+0000][7][safepoint   ] Safepoint "Cleanup", Time since last: 1000911558 ns, Reaching safepoint: 189374 ns, At safepoint: 23616 ns, Total: 212990 ns
[2020-11-10T02:49:35.802+0000][7][safepoint   ] Safepoint "Cleanup", Time since last: 3000778528 ns, Reaching safepoint: 252397 ns, At safepoint: 12973 ns, Total: 265370 ns
[2020-11-10T02:49:38.782+0000][7][safepoint   ] Safepoint "Cleanup", Time since last: 3000768618 ns, Reaching safepoint: 236153 ns, At safepoint: 6945 ns, Total: 243098 ns
[2020-11-10T02:49:39.783+0000][7][safepoint   ] Safepoint "Cleanup", Time since last: 1000397367 ns, Reaching safepoint: 180577 ns, At safepoint: 3344 ns, Total: 183921 ns
[2020-11-10T02:49:40.784+0000][7][safepoint   ] Safepoint "Cleanup", Time since last: 1000958202 ns, Reaching safepoint: 298119 ns, At safepoint: 48511 ns, Total: 346630 ns
[2020-11-10T02:49:41.785+0000][7][safepoint   ] Safepoint "Cleanup", Time since last: 1000896530 ns, Reaching safepoint: 240833 ns, At safepoint: 47169 ns, Total: 288002 ns
[2020-11-10T02:49:43.786+0000][7][safepoint   ] Safepoint "Cleanup", Time since last: 2000831429 ns, Reaching safepoint: 364732 ns, At safepoint: 27263 ns, Total: 391995 ns
[2020-11-10T02:49:44.788+0000][7][safepoint   ] Safepoint "Cleanup", Time since last: 1000737087 ns, Reaching safepoint: 305338 ns, At safepoint: 26910 ns, Total: 332248 ns
[2020-11-10T02:49:45.789+0000][7][safepoint   ] Safepoint "Cleanup", Time since last: 1000675996 ns, Reaching safepoint: 416236 ns, At safepoint: 33297 ns, Total: 449533 ns
[2020-11-10T02:49:47.790+0000][7][safepoint   ] Safepoint "Cleanup", Time since last: 2000871531 ns, Reaching safepoint: 147107 ns, At safepoint: 2706 ns, Total: 149813 ns
[2020-11-10T02:49:48.791+0000][7][safepoint   ] Safepoint "Cleanup", Time since last: 1000778322 ns, Reaching safepoint: 137230 ns, At safepoint: 3007 ns, Total: 140237 ns
[2020-11-10T02:49:50.792+0000][7][safepoint   ] Safepoint "Cleanup", Time since last: 2000634979 ns, Reaching safepoint: 454060 ns, At safepoint: 44394 ns, Total: 498454 ns
[2020-11-10T02:49:51.793+0000][7][safepoint   ] Safepoint "Cleanup", Time since last: 1000980222 ns, Reaching safepoint: 210133 ns, At safepoint: 24858 ns, Total: 234991 ns
[2020-11-10T02:49:53.794+0000][7][safepoint   ] Safepoint "Cleanup", Time since last: 2000724513 ns, Reaching safepoint: 134932 ns, At safepoint: 2474 ns, Total: 137406 ns
[2020-11-10T02:49:55.795+0000][7][safepoint   ] Safepoint "Cleanup", Time since last: 2000804831 ns, Reaching safepoint: 233444 ns, At safepoint: 25279 ns, Total: 258723 ns
[2020-11-10T02:49:56.796+0000][7][safepoint   ] Safepoint "Cleanup", Time since last: 1000875514 ns, Reaching safepoint: 173756 ns, At safepoint: 20780 ns, Total: 194536 ns
[2020-11-10T02:49:59.797+0000][7][safepoint   ] Safepoint "Cleanup", Time since last: 3000722831 ns, Reaching safepoint: 263148 ns, At safepoint: 32801 ns, Total: 295949 ns
[2020-11-10T02:50:00.798+0000][7][safepoint   ] Safepoint "Cleanup", Time since last: 1001065264 ns, Reaching safepoint: 262353 ns, At safepoint: 37966 ns, Total: 300319 ns
[2020-11-10T02:50:02.799+0000][7][safepoint   ] Safepoint "Cleanup", Time since last: 2000695045 ns, Reaching safepoint: 175039 ns, At safepoint: 2745 ns, Total: 177784 ns
[2020-11-10T02:50:06.118+0000][7][safepoint   ] Safepoint "Cleanup", Time since last: 3318340575 ns, Reaching safepoint: 382852 ns, At safepoint: 32538 ns, Total: 415390 ns
[2020-11-10T02:50:08.098+0000][7][safepoint   ] Safepoint "Cleanup", Time since last: 2000863720 ns, Reaching safepoint: 176385 ns, At safepoint: 30768 ns, Total: 207153 ns
[2020-11-10T02:50:09.098+0000][7][safepoint   ] Safepoint "Cleanup", Time since last: 1000171036 ns, Reaching safepoint: 290943 ns, At safepoint: 8846 ns, Total: 299789 ns
[2020-11-10T02:50:11.099+0000][7][safepoint   ] Safepoint "Cleanup", Time since last: 2000778477 ns, Reaching safepoint: 401830 ns, At safepoint: 28711 ns, Total: 430541 ns
[2020-11-10T02:50:12.101+0000][7][safepoint   ] Safepoint "Cleanup", Time since last: 1001043192 ns, Reaching safepoint: 171961 ns, At safepoint: 17695 ns, Total: 189656 ns
[2020-11-10T02:50:13.101+0000][7][safepoint   ] Safepoint "Cleanup", Time since last: 1000619469 ns, Reaching safepoint: 166500 ns, At safepoint: 6538 ns, Total: 173038 ns
[2020-11-10T02:50:15.103+0000][7][safepoint   ] Safepoint "Cleanup", Time since last: 2000861513 ns, Reaching safepoint: 347908 ns, At safepoint: 51237 ns, Total: 399145 ns
[2020-11-10T02:50:19.105+0000][7][safepoint   ] Safepoint "Cleanup", Time since last: 4001250465 ns, Reaching safepoint: 871648 ns, At safepoint: 119765 ns, Total: 991413 ns
[2020-11-10T02:50:20.107+0000][7][safepoint   ] Safepoint "Cleanup", Time since last: 1001577235 ns, Reaching safepoint: 190695 ns, At safepoint: 22156 ns, Total: 212851 ns
[2020-11-10T02:50:20.226+0000][7][gc,heap,exit] Heap
[2020-11-10T02:50:20.227+0000][7][gc,heap,exit]  garbage-first heap   total 524288K, used 283130K [0x00000000e0000000, 0x0000000100000000)
[2020-11-10T02:50:20.228+0000][7][gc,heap,exit]   region size 1024K, 214 young (219136K), 23 survivors (23552K)
[2020-11-10T02:50:20.229+0000][7][gc,heap,exit]  Metaspace       used 96957K, capacity 100196K, committed 101480K, reserved 1136640K
[2020-11-10T02:50:20.229+0000][7][gc,heap,exit]   class space    used 12957K, capacity 14007K, committed 14104K, reserved 1048576K
