[2020-11-10T15:22:20.951+0000][170][gc] Using G1
[2020-11-10T15:22:20.966+0000][170][gc,init] Version: 15+36-1562 (release)
[2020-11-10T15:22:20.967+0000][170][gc,init] CPUs: 8 total, 8 available
[2020-11-10T15:22:20.967+0000][170][gc,init] Memory: 7961M
[2020-11-10T15:22:20.968+0000][170][gc,init] Large Page Support: Disabled
[2020-11-10T15:22:20.969+0000][170][gc,init] NUMA Support: Disabled
[2020-11-10T15:22:20.970+0000][170][gc,init] Compressed Oops: Enabled (32-bit)
[2020-11-10T15:22:20.971+0000][170][gc,init] Heap Region Size: 1M
[2020-11-10T15:22:20.971+0000][170][gc,init] Heap Min Capacity: 512M
[2020-11-10T15:22:20.972+0000][170][gc,init] Heap Initial Capacity: 512M
[2020-11-10T15:22:20.973+0000][170][gc,init] Heap Max Capacity: 512M
[2020-11-10T15:22:20.974+0000][170][gc,init] Pre-touch: Disabled
[2020-11-10T15:22:20.975+0000][170][gc,init] Parallel Workers: 8
[2020-11-10T15:22:20.976+0000][170][gc,init] Concurrent Workers: 2
[2020-11-10T15:22:20.977+0000][170][gc,init] Concurrent Refinement Workers: 8
[2020-11-10T15:22:20.977+0000][170][gc,init] Periodic GC: Disabled
[2020-11-10T15:22:20.978+0000][170][gc,metaspace] CDS disabled.
[2020-11-10T15:22:20.979+0000][170][gc,metaspace] Compressed class space mapped at: 0x0000000100000000-0x0000000140000000, size: 1073741824
[2020-11-10T15:22:20.980+0000][170][gc,metaspace] Narrow klass base: 0x0000000000000000, Narrow klass shift: 3, Narrow klass range: 0x140000000
[2020-11-10T15:22:21.192+0000][170][gc,heap,exit] Heap
[2020-11-10T15:22:21.194+0000][170][gc,heap,exit]  garbage-first heap   total 524288K, used 1024K [0x00000000e0000000, 0x0000000100000000)
[2020-11-10T15:22:21.195+0000][170][gc,heap,exit]   region size 1024K, 2 young (2048K), 0 survivors (0K)
[2020-11-10T15:22:21.195+0000][170][gc,heap,exit]  Metaspace       used 3406K, capacity 4480K, committed 4480K, reserved 1056768K
[2020-11-10T15:22:21.197+0000][170][gc,heap,exit]   class space    used 278K, capacity 384K, committed 384K, reserved 1048576K
