[2020-11-10T02:43:37.248+0000][7][gc] Using G1
[2020-11-10T02:43:37.526+0000][7][gc,init] Version: 15+36-1562 (release)
[2020-11-10T02:43:37.526+0000][7][gc,init] CPUs: 8 total, 8 available
[2020-11-10T02:43:37.530+0000][7][gc,init] Memory: 7961M
[2020-11-10T02:43:37.534+0000][7][gc,init] Large Page Support: Disabled
[2020-11-10T02:43:37.534+0000][7][gc,init] NUMA Support: Disabled
[2020-11-10T02:43:37.535+0000][7][gc,init] Compressed Oops: Enabled (32-bit)
[2020-11-10T02:43:37.536+0000][7][gc,init] Heap Region Size: 1M
[2020-11-10T02:43:37.536+0000][7][gc,init] Heap Min Capacity: 512M
[2020-11-10T02:43:37.537+0000][7][gc,init] Heap Initial Capacity: 512M
[2020-11-10T02:43:37.538+0000][7][gc,init] Heap Max Capacity: 512M
[2020-11-10T02:43:37.542+0000][7][gc,init] Pre-touch: Enabled
[2020-11-10T02:43:37.543+0000][7][gc,init] Parallel Workers: 8
[2020-11-10T02:43:37.543+0000][7][gc,init] Concurrent Workers: 2
[2020-11-10T02:43:37.544+0000][7][gc,init] Concurrent Refinement Workers: 8
[2020-11-10T02:43:37.545+0000][7][gc,init] Periodic GC: Disabled
[2020-11-10T02:43:37.545+0000][7][gc,cds ] Mark closed archive regions in map: [0x00000000fff00000, 0x00000000fff7bff8]
[2020-11-10T02:43:37.546+0000][7][gc,cds ] Mark open archive regions in map: [0x00000000ffe00000, 0x00000000ffe51ff8]
[2020-11-10T02:43:37.547+0000][7][gc,metaspace] CDS archive(s) mapped at: [0x0000000800000000-0x0000000800b33000-0x0000000800b33000), size 11743232, SharedBaseAddress: 0x0000000800000000, ArchiveRelocationMode: 0.
[2020-11-10T02:43:37.548+0000][7][gc,metaspace] Compressed class space mapped at: 0x0000000800b34000-0x0000000840b34000, size: 1073741824
[2020-11-10T02:43:37.548+0000][7][gc,metaspace] Narrow klass base: 0x0000000800000000, Narrow klass shift: 3, Narrow klass range: 0x100000000
[2020-11-10T02:43:38.130+0000][7][safepoint   ] Safepoint "ICBufferFull", Time since last: 568207259 ns, Reaching safepoint: 829630 ns, At safepoint: 21419 ns, Total: 851049 ns
[2020-11-10T02:43:38.524+0000][7][gc,start    ] GC(0) Pause Young (Normal) (G1 Evacuation Pause)
[2020-11-10T02:43:38.551+0000][7][gc,task     ] GC(0) Using 8 workers of 8 for evacuation
[2020-11-10T02:43:38.553+0000][7][gc,age      ] GC(0) Desired survivor size 2097152 bytes, new threshold 15 (max threshold 15)
[2020-11-10T02:43:38.577+0000][7][gc,age      ] GC(0) Age table with threshold 15 (max threshold 15)
[2020-11-10T02:43:38.578+0000][7][gc,age      ] GC(0) - age   1:    3521304 bytes,    3521304 total
[2020-11-10T02:43:38.579+0000][7][gc,phases   ] GC(0)   Pre Evacuate Collection Set: 1.7ms
[2020-11-10T02:43:38.579+0000][7][gc,phases   ] GC(0)   Merge Heap Roots: 1.5ms
[2020-11-10T02:43:38.580+0000][7][gc,phases   ] GC(0)   Evacuate Collection Set: 14.6ms
[2020-11-10T02:43:38.581+0000][7][gc,phases   ] GC(0)   Post Evacuate Collection Set: 5.1ms
[2020-11-10T02:43:38.581+0000][7][gc,phases   ] GC(0)   Other: 31.4ms
[2020-11-10T02:43:38.582+0000][7][gc,heap     ] GC(0) Eden regions: 25->0(36)
[2020-11-10T02:43:38.583+0000][7][gc,heap     ] GC(0) Survivor regions: 0->4(4)
[2020-11-10T02:43:38.583+0000][7][gc,heap     ] GC(0) Old regions: 0->0
[2020-11-10T02:43:38.584+0000][7][gc,heap     ] GC(0) Archive regions: 2->2
[2020-11-10T02:43:38.585+0000][7][gc,heap     ] GC(0) Humongous regions: 1->1
[2020-11-10T02:43:38.585+0000][7][gc,metaspace] GC(0) Metaspace: 8506K(9472K)->8506K(9472K) NonClass: 7536K(8448K)->7536K(8448K) Class: 969K(1024K)->969K(1024K)
[2020-11-10T02:43:38.586+0000][7][gc          ] GC(0) Pause Young (Normal) (G1 Evacuation Pause) 26M->5M(512M) 61.455ms
[2020-11-10T02:43:38.586+0000][7][gc,cpu      ] GC(0) User=0.05s Sys=0.01s Real=0.07s
[2020-11-10T02:43:38.587+0000][7][safepoint   ] Safepoint "G1CollectForAllocation", Time since last: 394168319 ns, Reaching safepoint: 209381 ns, At safepoint: 62851999 ns, Total: 63061380 ns
[2020-11-10T02:43:39.723+0000][7][safepoint   ] Safepoint "ICBufferFull", Time since last: 1135371941 ns, Reaching safepoint: 383064 ns, At safepoint: 13810 ns, Total: 396874 ns
[2020-11-10T02:43:39.904+0000][7][gc,start    ] GC(1) Pause Young (Normal) (G1 Evacuation Pause)
[2020-11-10T02:43:39.905+0000][7][gc,task     ] GC(1) Using 8 workers of 8 for evacuation
[2020-11-10T02:43:39.905+0000][7][gc,age      ] GC(1) Desired survivor size 2621440 bytes, new threshold 1 (max threshold 15)
[2020-11-10T02:43:39.945+0000][7][gc,age      ] GC(1) Age table with threshold 1 (max threshold 15)
[2020-11-10T02:43:39.946+0000][7][gc,age      ] GC(1) - age   1:    2426720 bytes,    2426720 total
[2020-11-10T02:43:39.946+0000][7][gc,phases   ] GC(1)   Pre Evacuate Collection Set: 0.5ms
[2020-11-10T02:43:39.947+0000][7][gc,phases   ] GC(1)   Merge Heap Roots: 0.1ms
[2020-11-10T02:43:39.948+0000][7][gc,phases   ] GC(1)   Evacuate Collection Set: 24.2ms
[2020-11-10T02:43:39.948+0000][7][gc,phases   ] GC(1)   Post Evacuate Collection Set: 13.7ms
[2020-11-10T02:43:39.949+0000][7][gc,phases   ] GC(1)   Other: 3.8ms
[2020-11-10T02:43:39.949+0000][7][gc,heap     ] GC(1) Eden regions: 36->0(304)
[2020-11-10T02:43:39.950+0000][7][gc,heap     ] GC(1) Survivor regions: 4->3(5)
[2020-11-10T02:43:39.950+0000][7][gc,heap     ] GC(1) Old regions: 0->4
[2020-11-10T02:43:39.951+0000][7][gc,heap     ] GC(1) Archive regions: 2->2
[2020-11-10T02:43:39.951+0000][7][gc,heap     ] GC(1) Humongous regions: 1->1
[2020-11-10T02:43:39.952+0000][7][gc,metaspace] GC(1) Metaspace: 13850K(14336K)->13850K(14336K) NonClass: 12204K(12544K)->12204K(12544K) Class: 1645K(1792K)->1645K(1792K)
[2020-11-10T02:43:39.953+0000][7][gc          ] GC(1) Pause Young (Normal) (G1 Evacuation Pause) 41M->7M(512M) 48.839ms
[2020-11-10T02:43:39.953+0000][7][gc,cpu      ] GC(1) User=0.04s Sys=0.00s Real=0.05s
[2020-11-10T02:43:39.954+0000][7][safepoint   ] Safepoint "G1CollectForAllocation", Time since last: 180885615 ns, Reaching safepoint: 148356 ns, At safepoint: 50000655 ns, Total: 50149011 ns
[2020-11-10T02:43:40.445+0000][7][safepoint   ] Safepoint "ICBufferFull", Time since last: 489848213 ns, Reaching safepoint: 1449363 ns, At safepoint: 21634 ns, Total: 1470997 ns
[2020-11-10T02:43:40.458+0000][7][safepoint   ] Safepoint "ICBufferFull", Time since last: 10539403 ns, Reaching safepoint: 1999703 ns, At safepoint: 25578 ns, Total: 2025281 ns
[2020-11-10T02:43:40.467+0000][7][safepoint   ] Safepoint "ICBufferFull", Time since last: 8513675 ns, Reaching safepoint: 118180 ns, At safepoint: 2868 ns, Total: 121048 ns
[2020-11-10T02:43:40.475+0000][7][safepoint   ] Safepoint "ICBufferFull", Time since last: 7382691 ns, Reaching safepoint: 645103 ns, At safepoint: 21224 ns, Total: 666327 ns
[2020-11-10T02:43:40.485+0000][7][safepoint   ] Safepoint "ICBufferFull", Time since last: 8786835 ns, Reaching safepoint: 2013611 ns, At safepoint: 3864 ns, Total: 2017475 ns
[2020-11-10T02:43:40.494+0000][7][safepoint   ] Safepoint "ICBufferFull", Time since last: 7845091 ns, Reaching safepoint: 324742 ns, At safepoint: 67671 ns, Total: 392413 ns
[2020-11-10T02:43:40.504+0000][7][safepoint   ] Safepoint "ICBufferFull", Time since last: 7347626 ns, Reaching safepoint: 2869877 ns, At safepoint: 25873 ns, Total: 2895750 ns
[2020-11-10T02:43:40.514+0000][7][safepoint   ] Safepoint "ICBufferFull", Time since last: 4554411 ns, Reaching safepoint: 5414565 ns, At safepoint: 60233 ns, Total: 5474798 ns
[2020-11-10T02:43:40.523+0000][7][safepoint   ] Safepoint "ICBufferFull", Time since last: 5196582 ns, Reaching safepoint: 3888606 ns, At safepoint: 57379 ns, Total: 3945985 ns
[2020-11-10T02:43:40.529+0000][7][safepoint   ] Safepoint "ICBufferFull", Time since last: 5179873 ns, Reaching safepoint: 291662 ns, At safepoint: 5762 ns, Total: 297424 ns
[2020-11-10T02:43:40.536+0000][7][safepoint   ] Safepoint "ICBufferFull", Time since last: 6980087 ns, Reaching safepoint: 204126 ns, At safepoint: 3302 ns, Total: 207428 ns
[2020-11-10T02:43:40.550+0000][7][safepoint   ] Safepoint "ICBufferFull", Time since last: 10346313 ns, Reaching safepoint: 3917180 ns, At safepoint: 24118 ns, Total: 3941298 ns
[2020-11-10T02:43:40.561+0000][7][safepoint   ] Safepoint "ICBufferFull", Time since last: 10517778 ns, Reaching safepoint: 330978 ns, At safepoint: 22595 ns, Total: 353573 ns
[2020-11-10T02:43:40.574+0000][7][safepoint   ] Safepoint "ICBufferFull", Time since last: 12062666 ns, Reaching safepoint: 1281866 ns, At safepoint: 34028 ns, Total: 1315894 ns
[2020-11-10T02:43:40.583+0000][7][safepoint   ] Safepoint "ICBufferFull", Time since last: 7986077 ns, Reaching safepoint: 404634 ns, At safepoint: 4747 ns, Total: 409381 ns
[2020-11-10T02:43:40.600+0000][7][safepoint   ] Safepoint "ICBufferFull", Time since last: 16671963 ns, Reaching safepoint: 197391 ns, At safepoint: 35546 ns, Total: 232937 ns
[2020-11-10T02:43:41.543+0000][7][safepoint   ] Safepoint "ICBufferFull", Time since last: 942655658 ns, Reaching safepoint: 764312 ns, At safepoint: 36438 ns, Total: 800750 ns
[2020-11-10T02:43:41.819+0000][7][gc,start    ] GC(2) Pause Young (Normal) (G1 Evacuation Pause)
[2020-11-10T02:43:41.823+0000][7][gc,task     ] GC(2) Using 8 workers of 8 for evacuation
[2020-11-10T02:43:41.824+0000][7][gc,age      ] GC(2) Desired survivor size 20447232 bytes, new threshold 15 (max threshold 15)
[2020-11-10T02:43:41.851+0000][7][gc,age      ] GC(2) Age table with threshold 15 (max threshold 15)
[2020-11-10T02:43:41.852+0000][7][gc,age      ] GC(2) - age   1:    8154360 bytes,    8154360 total
[2020-11-10T02:43:41.853+0000][7][gc,age      ] GC(2) - age   2:    2350560 bytes,   10504920 total
[2020-11-10T02:43:41.853+0000][7][gc,phases   ] GC(2)   Pre Evacuate Collection Set: 0.2ms
[2020-11-10T02:43:41.854+0000][7][gc,phases   ] GC(2)   Merge Heap Roots: 0.1ms
[2020-11-10T02:43:41.855+0000][7][gc,phases   ] GC(2)   Evacuate Collection Set: 18.5ms
[2020-11-10T02:43:41.858+0000][7][gc,phases   ] GC(2)   Post Evacuate Collection Set: 7.9ms
[2020-11-10T02:43:41.858+0000][7][gc,phases   ] GC(2)   Other: 8.2ms
[2020-11-10T02:43:41.859+0000][7][gc,heap     ] GC(2) Eden regions: 304->0(296)
[2020-11-10T02:43:41.859+0000][7][gc,heap     ] GC(2) Survivor regions: 3->11(39)
[2020-11-10T02:43:41.860+0000][7][gc,heap     ] GC(2) Old regions: 4->4
[2020-11-10T02:43:41.861+0000][7][gc,heap     ] GC(2) Archive regions: 2->2
[2020-11-10T02:43:41.861+0000][7][gc,heap     ] GC(2) Humongous regions: 2->1
[2020-11-10T02:43:41.862+0000][7][gc,metaspace] GC(2) Metaspace: 18199K(18816K)->18199K(18816K) NonClass: 15990K(16384K)->15990K(16384K) Class: 2208K(2432K)->2208K(2432K)
[2020-11-10T02:43:41.862+0000][7][gc          ] GC(2) Pause Young (Normal) (G1 Evacuation Pause) 312M->15M(512M) 43.675ms
[2020-11-10T02:43:41.863+0000][7][gc,cpu      ] GC(2) User=0.05s Sys=0.01s Real=0.04s
[2020-11-10T02:43:41.864+0000][7][safepoint   ] Safepoint "G1CollectForAllocation", Time since last: 275358928 ns, Reaching safepoint: 218397 ns, At safepoint: 45035196 ns, Total: 45253593 ns
[2020-11-10T02:43:42.891+0000][7][gc,start    ] GC(3) Pause Young (Normal) (G1 Evacuation Pause)
[2020-11-10T02:43:42.892+0000][7][gc,task     ] GC(3) Using 8 workers of 8 for evacuation
[2020-11-10T02:43:42.892+0000][7][gc,age      ] GC(3) Desired survivor size 20447232 bytes, new threshold 15 (max threshold 15)
[2020-11-10T02:43:42.924+0000][7][gc,age      ] GC(3) Age table with threshold 15 (max threshold 15)
[2020-11-10T02:43:42.925+0000][7][gc,age      ] GC(3) - age   1:    4398448 bytes,    4398448 total
[2020-11-10T02:43:42.926+0000][7][gc,age      ] GC(3) - age   2:    6094560 bytes,   10493008 total
[2020-11-10T02:43:42.926+0000][7][gc,age      ] GC(3) - age   3:    2350560 bytes,   12843568 total
[2020-11-10T02:43:42.927+0000][7][gc,phases   ] GC(3)   Pre Evacuate Collection Set: 3.4ms
[2020-11-10T02:43:42.928+0000][7][gc,phases   ] GC(3)   Merge Heap Roots: 1.4ms
[2020-11-10T02:43:42.928+0000][7][gc,phases   ] GC(3)   Evacuate Collection Set: 15.0ms
[2020-11-10T02:43:42.929+0000][7][gc,phases   ] GC(3)   Post Evacuate Collection Set: 11.4ms
[2020-11-10T02:43:42.929+0000][7][gc,phases   ] GC(3)   Other: 5.2ms
[2020-11-10T02:43:42.930+0000][7][gc,heap     ] GC(3) Eden regions: 296->0(294)
[2020-11-10T02:43:42.931+0000][7][gc,heap     ] GC(3) Survivor regions: 11->13(39)
[2020-11-10T02:43:42.931+0000][7][gc,heap     ] GC(3) Old regions: 4->4
[2020-11-10T02:43:42.932+0000][7][gc,heap     ] GC(3) Archive regions: 2->2
[2020-11-10T02:43:42.933+0000][7][gc,heap     ] GC(3) Humongous regions: 1->1
[2020-11-10T02:43:42.933+0000][7][gc,metaspace] GC(3) Metaspace: 19600K(20480K)->19600K(20480K) NonClass: 17263K(17920K)->17263K(17920K) Class: 2337K(2560K)->2337K(2560K)
[2020-11-10T02:43:42.934+0000][7][gc          ] GC(3) Pause Young (Normal) (G1 Evacuation Pause) 311M->17M(512M) 43.186ms
[2020-11-10T02:43:42.934+0000][7][gc,cpu      ] GC(3) User=0.06s Sys=0.00s Real=0.04s
[2020-11-10T02:43:42.935+0000][7][safepoint   ] Safepoint "G1CollectForAllocation", Time since last: 1026257922 ns, Reaching safepoint: 728488 ns, At safepoint: 44485383 ns, Total: 45213871 ns
[2020-11-10T02:43:43.503+0000][7][gc,start    ] GC(4) Pause Young (Normal) (G1 Evacuation Pause)
[2020-11-10T02:43:43.504+0000][7][gc,task     ] GC(4) Using 8 workers of 8 for evacuation
[2020-11-10T02:43:43.505+0000][7][gc,age      ] GC(4) Desired survivor size 20447232 bytes, new threshold 15 (max threshold 15)
[2020-11-10T02:43:43.538+0000][7][gc,age      ] GC(4) Age table with threshold 15 (max threshold 15)
[2020-11-10T02:43:43.539+0000][7][gc,age      ] GC(4) - age   1:    2420688 bytes,    2420688 total
[2020-11-10T02:43:43.539+0000][7][gc,age      ] GC(4) - age   2:    2286048 bytes,    4706736 total
[2020-11-10T02:43:43.540+0000][7][gc,age      ] GC(4) - age   3:    6089872 bytes,   10796608 total
[2020-11-10T02:43:43.541+0000][7][gc,age      ] GC(4) - age   4:    2350416 bytes,   13147024 total
[2020-11-10T02:43:43.541+0000][7][gc,phases   ] GC(4)   Pre Evacuate Collection Set: 1.6ms
[2020-11-10T02:43:43.542+0000][7][gc,phases   ] GC(4)   Merge Heap Roots: 3.0ms
[2020-11-10T02:43:43.543+0000][7][gc,phases   ] GC(4)   Evacuate Collection Set: 21.0ms
[2020-11-10T02:43:43.544+0000][7][gc,phases   ] GC(4)   Post Evacuate Collection Set: 6.7ms
[2020-11-10T02:43:43.547+0000][7][gc,phases   ] GC(4)   Other: 5.8ms
[2020-11-10T02:43:43.550+0000][7][gc,heap     ] GC(4) Eden regions: 294->0(293)
[2020-11-10T02:43:43.552+0000][7][gc,heap     ] GC(4) Survivor regions: 13->14(39)
[2020-11-10T02:43:43.556+0000][7][gc,heap     ] GC(4) Old regions: 4->4
[2020-11-10T02:43:43.557+0000][7][gc,heap     ] GC(4) Archive regions: 2->2
[2020-11-10T02:43:43.561+0000][7][gc,heap     ] GC(4) Humongous regions: 1->1
[2020-11-10T02:43:43.562+0000][7][gc,metaspace] GC(4) Metaspace: 19974K(21120K)->19974K(21120K) NonClass: 17571K(18432K)->17571K(18432K) Class: 2402K(2688K)->2402K(2688K)
[2020-11-10T02:43:43.563+0000][7][gc          ] GC(4) Pause Young (Normal) (G1 Evacuation Pause) 311M->18M(512M) 59.274ms
[2020-11-10T02:43:43.563+0000][7][gc,cpu      ] GC(4) User=0.03s Sys=0.00s Real=0.06s
[2020-11-10T02:43:43.564+0000][7][safepoint   ] Safepoint "G1CollectForAllocation", Time since last: 566747031 ns, Reaching safepoint: 1374226 ns, At safepoint: 60911723 ns, Total: 62285949 ns
[2020-11-10T02:43:43.828+0000][7][gc,start    ] GC(5) Pause Young (Concurrent Start) (Metadata GC Threshold)
[2020-11-10T02:43:43.829+0000][7][gc,task     ] GC(5) Using 8 workers of 8 for evacuation
[2020-11-10T02:43:43.829+0000][7][gc,age      ] GC(5) Desired survivor size 20447232 bytes, new threshold 15 (max threshold 15)
[2020-11-10T02:43:43.850+0000][7][gc,age      ] GC(5) Age table with threshold 15 (max threshold 15)
[2020-11-10T02:43:43.853+0000][7][gc,age      ] GC(5) - age   1:    1412824 bytes,    1412824 total
[2020-11-10T02:43:43.853+0000][7][gc,age      ] GC(5) - age   2:     541240 bytes,    1954064 total
[2020-11-10T02:43:43.857+0000][7][gc,age      ] GC(5) - age   3:    2286048 bytes,    4240112 total
[2020-11-10T02:43:43.861+0000][7][gc,age      ] GC(5) - age   4:    6089080 bytes,   10329192 total
[2020-11-10T02:43:43.865+0000][7][gc,age      ] GC(5) - age   5:    2350416 bytes,   12679608 total
[2020-11-10T02:43:43.866+0000][7][gc,phases   ] GC(5)   Pre Evacuate Collection Set: 0.2ms
[2020-11-10T02:43:43.869+0000][7][gc,phases   ] GC(5)   Merge Heap Roots: 0.1ms
[2020-11-10T02:43:43.873+0000][7][gc,phases   ] GC(5)   Evacuate Collection Set: 11.7ms
[2020-11-10T02:43:43.873+0000][7][gc,phases   ] GC(5)   Post Evacuate Collection Set: 4.7ms
[2020-11-10T02:43:43.877+0000][7][gc,phases   ] GC(5)   Other: 21.1ms
[2020-11-10T02:43:43.879+0000][7][gc,heap     ] GC(5) Eden regions: 95->0(294)
[2020-11-10T02:43:43.879+0000][7][gc,heap     ] GC(5) Survivor regions: 14->13(39)
[2020-11-10T02:43:43.880+0000][7][gc,heap     ] GC(5) Old regions: 4->4
[2020-11-10T02:43:43.880+0000][7][gc,heap     ] GC(5) Archive regions: 2->2
[2020-11-10T02:43:43.881+0000][7][gc,heap     ] GC(5) Humongous regions: 1->1
[2020-11-10T02:43:43.881+0000][7][gc,metaspace] GC(5) Metaspace: 20251K(21296K)->20251K(21296K) NonClass: 17808K(18608K)->17808K(18608K) Class: 2443K(2688K)->2443K(2688K)
[2020-11-10T02:43:43.882+0000][7][gc          ] GC(5) Pause Young (Concurrent Start) (Metadata GC Threshold) 113M->18M(512M) 54.077ms
[2020-11-10T02:43:43.882+0000][7][gc,cpu      ] GC(5) User=0.02s Sys=0.00s Real=0.05s
[2020-11-10T02:43:43.883+0000][7][safepoint   ] Safepoint "CollectForMetadataAllocation", Time since last: 261893083 ns, Reaching safepoint: 1856425 ns, At safepoint: 55332806 ns, Total: 57189231 ns
[2020-11-10T02:43:43.884+0000][7][gc          ] GC(6) Concurrent Cycle
[2020-11-10T02:43:43.884+0000][7][gc,marking  ] GC(6) Concurrent Clear Claimed Marks
[2020-11-10T02:43:43.885+0000][7][gc,marking  ] GC(6) Concurrent Clear Claimed Marks 0.624ms
[2020-11-10T02:43:43.885+0000][7][gc,marking  ] GC(6) Concurrent Scan Root Regions
[2020-11-10T02:43:43.902+0000][7][gc,marking  ] GC(6) Concurrent Scan Root Regions 16.421ms
[2020-11-10T02:43:43.903+0000][7][gc,marking  ] GC(6) Concurrent Mark (6.670s)
[2020-11-10T02:43:43.908+0000][7][gc,marking  ] GC(6) Concurrent Mark From Roots
[2020-11-10T02:43:43.909+0000][7][gc,task     ] GC(6) Using 2 workers of 2 for marking
[2020-11-10T02:43:43.915+0000][7][gc,marking  ] GC(6) Concurrent Mark From Roots 6.840ms
[2020-11-10T02:43:43.916+0000][7][gc,marking  ] GC(6) Concurrent Preclean
[2020-11-10T02:43:43.917+0000][7][gc,marking  ] GC(6) Concurrent Preclean 0.893ms
[2020-11-10T02:43:43.917+0000][7][gc,marking  ] GC(6) Concurrent Mark (6.670s, 6.684s) 14.119ms
[2020-11-10T02:43:43.918+0000][7][gc,start    ] GC(6) Pause Remark
[2020-11-10T02:43:43.925+0000][7][gc          ] GC(6) Pause Remark 33M->33M(512M) 6.784ms
[2020-11-10T02:43:43.926+0000][7][gc,cpu      ] GC(6) User=0.01s Sys=0.00s Real=0.01s
[2020-11-10T02:43:43.927+0000][7][safepoint   ] Safepoint "G1Concurrent", Time since last: 34861954 ns, Reaching safepoint: 148964 ns, At safepoint: 8317035 ns, Total: 8465999 ns
[2020-11-10T02:43:43.927+0000][7][gc,marking  ] GC(6) Concurrent Rebuild Remembered Sets
[2020-11-10T02:43:43.931+0000][7][gc,marking  ] GC(6) Concurrent Rebuild Remembered Sets 3.866ms
[2020-11-10T02:43:43.933+0000][7][gc,start    ] GC(6) Pause Cleanup
[2020-11-10T02:43:43.934+0000][7][gc          ] GC(6) Pause Cleanup 37M->37M(512M) 1.038ms
[2020-11-10T02:43:43.934+0000][7][gc,cpu      ] GC(6) User=0.00s Sys=0.00s Real=0.00s
[2020-11-10T02:43:43.935+0000][7][safepoint   ] Safepoint "G1Concurrent", Time since last: 5368572 ns, Reaching safepoint: 842169 ns, At safepoint: 2405826 ns, Total: 3247995 ns
[2020-11-10T02:43:43.936+0000][7][gc,marking  ] GC(6) Concurrent Cleanup for Next Mark
[2020-11-10T02:43:43.939+0000][7][gc,marking  ] GC(6) Concurrent Cleanup for Next Mark 3.269ms
[2020-11-10T02:43:43.940+0000][7][gc          ] GC(6) Concurrent Cycle 56.157ms
[2020-11-10T02:43:44.337+0000][7][gc,start    ] GC(7) Pause Young (Normal) (G1 Evacuation Pause)
[2020-11-10T02:43:44.338+0000][7][gc,task     ] GC(7) Using 8 workers of 8 for evacuation
[2020-11-10T02:43:44.338+0000][7][gc,age      ] GC(7) Desired survivor size 20447232 bytes, new threshold 15 (max threshold 15)
[2020-11-10T02:43:44.351+0000][7][gc,age      ] GC(7) Age table with threshold 15 (max threshold 15)
[2020-11-10T02:43:44.352+0000][7][gc,age      ] GC(7) - age   1:     978096 bytes,     978096 total
[2020-11-10T02:43:44.352+0000][7][gc,age      ] GC(7) - age   2:    1391856 bytes,    2369952 total
[2020-11-10T02:43:44.353+0000][7][gc,age      ] GC(7) - age   3:     540440 bytes,    2910392 total
[2020-11-10T02:43:44.354+0000][7][gc,age      ] GC(7) - age   4:    2285008 bytes,    5195400 total
[2020-11-10T02:43:44.354+0000][7][gc,age      ] GC(7) - age   5:    6088632 bytes,   11284032 total
[2020-11-10T02:43:44.355+0000][7][gc,age      ] GC(7) - age   6:    2349232 bytes,   13633264 total
[2020-11-10T02:43:44.355+0000][7][gc,phases   ] GC(7)   Pre Evacuate Collection Set: 0.2ms
[2020-11-10T02:43:44.356+0000][7][gc,phases   ] GC(7)   Merge Heap Roots: 0.1ms
[2020-11-10T02:43:44.356+0000][7][gc,phases   ] GC(7)   Evacuate Collection Set: 10.6ms
[2020-11-10T02:43:44.357+0000][7][gc,phases   ] GC(7)   Post Evacuate Collection Set: 1.1ms
[2020-11-10T02:43:44.358+0000][7][gc,phases   ] GC(7)   Other: 6.7ms
[2020-11-10T02:43:44.358+0000][7][gc,heap     ] GC(7) Eden regions: 294->0(293)
[2020-11-10T02:43:44.359+0000][7][gc,heap     ] GC(7) Survivor regions: 13->14(39)
[2020-11-10T02:43:44.359+0000][7][gc,heap     ] GC(7) Old regions: 4->4
[2020-11-10T02:43:44.360+0000][7][gc,heap     ] GC(7) Archive regions: 2->2
[2020-11-10T02:43:44.360+0000][7][gc,heap     ] GC(7) Humongous regions: 1->1
[2020-11-10T02:43:44.361+0000][7][gc,metaspace] GC(7) Metaspace: 20495K(21936K)->20495K(21936K) NonClass: 18011K(19120K)->18011K(19120K) Class: 2484K(2816K)->2484K(2816K)
[2020-11-10T02:43:44.362+0000][7][gc          ] GC(7) Pause Young (Normal) (G1 Evacuation Pause) 312M->19M(512M) 24.839ms
[2020-11-10T02:43:44.362+0000][7][gc,cpu      ] GC(7) User=0.02s Sys=0.00s Real=0.02s
[2020-11-10T02:43:44.363+0000][7][safepoint   ] Safepoint "G1CollectForAllocation", Time since last: 401326760 ns, Reaching safepoint: 183409 ns, At safepoint: 25928760 ns, Total: 26112169 ns
[2020-11-10T02:43:45.371+0000][7][safepoint   ] Safepoint "Cleanup", Time since last: 1005276710 ns, Reaching safepoint: 2605704 ns, At safepoint: 26329 ns, Total: 2632033 ns
[2020-11-10T02:43:46.443+0000][7][safepoint   ] Safepoint "ICBufferFull", Time since last: 1072443062 ns, Reaching safepoint: 217050 ns, At safepoint: 3685 ns, Total: 220735 ns
[2020-11-10T02:43:47.460+0000][7][safepoint   ] Safepoint "Cleanup", Time since last: 1010713889 ns, Reaching safepoint: 6023517 ns, At safepoint: 30125 ns, Total: 6053642 ns
[2020-11-10T02:43:47.915+0000][7][gc,start    ] GC(8) Pause Young (Normal) (G1 Evacuation Pause)
[2020-11-10T02:43:47.916+0000][7][gc,task     ] GC(8) Using 8 workers of 8 for evacuation
[2020-11-10T02:43:47.916+0000][7][gc,age      ] GC(8) Desired survivor size 20447232 bytes, new threshold 15 (max threshold 15)
[2020-11-10T02:43:48.019+0000][7][gc,age      ] GC(8) Age table with threshold 15 (max threshold 15)
[2020-11-10T02:43:48.020+0000][7][gc,age      ] GC(8) - age   1:   26130664 bytes,   26130664 total
[2020-11-10T02:43:48.021+0000][7][gc,age      ] GC(8) - age   2:     940416 bytes,   27071080 total
[2020-11-10T02:43:48.021+0000][7][gc,age      ] GC(8) - age   3:    1386432 bytes,   28457512 total
[2020-11-10T02:43:48.021+0000][7][gc,age      ] GC(8) - age   4:     524984 bytes,   28982496 total
[2020-11-10T02:43:48.022+0000][7][gc,age      ] GC(8) - age   5:    2269936 bytes,   31252432 total
[2020-11-10T02:43:48.022+0000][7][gc,age      ] GC(8) - age   6:    6017856 bytes,   37270288 total
[2020-11-10T02:43:48.023+0000][7][gc,age      ] GC(8) - age   7:    2320936 bytes,   39591224 total
[2020-11-10T02:43:48.023+0000][7][gc,phases   ] GC(8)   Pre Evacuate Collection Set: 1.0ms
[2020-11-10T02:43:48.024+0000][7][gc,phases   ] GC(8)   Merge Heap Roots: 5.9ms
[2020-11-10T02:43:48.024+0000][7][gc,phases   ] GC(8)   Evacuate Collection Set: 85.5ms
[2020-11-10T02:43:48.031+0000][7][gc,phases   ] GC(8)   Post Evacuate Collection Set: 9.7ms
[2020-11-10T02:43:48.032+0000][7][gc,phases   ] GC(8)   Other: 6.4ms
[2020-11-10T02:43:48.032+0000][7][gc,heap     ] GC(8) Eden regions: 293->0(268)
[2020-11-10T02:43:48.033+0000][7][gc,heap     ] GC(8) Survivor regions: 14->39(39)
[2020-11-10T02:43:48.033+0000][7][gc,heap     ] GC(8) Old regions: 4->4
[2020-11-10T02:43:48.034+0000][7][gc,heap     ] GC(8) Archive regions: 2->2
[2020-11-10T02:43:48.038+0000][7][gc,heap     ] GC(8) Humongous regions: 1->1
[2020-11-10T02:43:48.039+0000][7][gc,metaspace] GC(8) Metaspace: 29942K(32176K)->29942K(32176K) NonClass: 26230K(27824K)->26230K(27824K) Class: 3712K(4352K)->3712K(4352K)
[2020-11-10T02:43:48.039+0000][7][gc          ] GC(8) Pause Young (Normal) (G1 Evacuation Pause) 312M->44M(512M) 124.176ms
[2020-11-10T02:43:48.040+0000][7][gc,cpu      ] GC(8) User=0.21s Sys=0.00s Real=0.13s
[2020-11-10T02:43:48.040+0000][7][safepoint   ] Safepoint "G1CollectForAllocation", Time since last: 454923255 ns, Reaching safepoint: 151179 ns, At safepoint: 125316678 ns, Total: 125467857 ns
[2020-11-10T02:43:48.896+0000][7][gc,start    ] GC(9) Pause Young (Concurrent Start) (Metadata GC Threshold)
[2020-11-10T02:43:48.897+0000][7][gc,task     ] GC(9) Using 8 workers of 8 for evacuation
[2020-11-10T02:43:48.897+0000][7][gc,age      ] GC(9) Desired survivor size 20447232 bytes, new threshold 1 (max threshold 15)
[2020-11-10T02:43:48.984+0000][7][gc,age      ] GC(9) Age table with threshold 1 (max threshold 15)
[2020-11-10T02:43:48.988+0000][7][gc,age      ] GC(9) - age   1:    6268824 bytes,    6268824 total
[2020-11-10T02:43:48.990+0000][7][gc,phases   ] GC(9)   Pre Evacuate Collection Set: 0.4ms
[2020-11-10T02:43:48.991+0000][7][gc,phases   ] GC(9)   Merge Heap Roots: 0.1ms
[2020-11-10T02:43:48.993+0000][7][gc,phases   ] GC(9)   Evacuate Collection Set: 80.6ms
[2020-11-10T02:43:48.997+0000][7][gc,phases   ] GC(9)   Post Evacuate Collection Set: 5.3ms
[2020-11-10T02:43:48.997+0000][7][gc,phases   ] GC(9)   Other: 7.9ms
[2020-11-10T02:43:48.999+0000][7][gc,heap     ] GC(9) Eden regions: 45->0(296)
[2020-11-10T02:43:49.000+0000][7][gc,heap     ] GC(9) Survivor regions: 39->9(39)
[2020-11-10T02:43:49.004+0000][7][gc,heap     ] GC(9) Old regions: 4->42
[2020-11-10T02:43:49.012+0000][7][gc,heap     ] GC(9) Archive regions: 2->2
[2020-11-10T02:43:49.015+0000][7][gc,heap     ] GC(9) Humongous regions: 1->1
[2020-11-10T02:43:49.018+0000][7][gc,metaspace] GC(9) Metaspace: 33576K(35888K)->33576K(35888K) NonClass: 29273K(30896K)->29273K(30896K) Class: 4303K(4992K)->4303K(4992K)
[2020-11-10T02:43:49.019+0000][7][gc          ] GC(9) Pause Young (Concurrent Start) (Metadata GC Threshold) 88M->51M(512M) 123.267ms
[2020-11-10T02:43:49.020+0000][7][gc,cpu      ] GC(9) User=0.15s Sys=0.00s Real=0.12s
[2020-11-10T02:43:49.021+0000][7][safepoint   ] Safepoint "CollectForMetadataAllocation", Time since last: 855118555 ns, Reaching safepoint: 267584 ns, At safepoint: 125535789 ns, Total: 125803373 ns
[2020-11-10T02:43:49.021+0000][7][gc          ] GC(10) Concurrent Cycle
[2020-11-10T02:43:49.025+0000][7][gc,marking  ] GC(10) Concurrent Clear Claimed Marks
[2020-11-10T02:43:49.030+0000][7][gc,marking  ] GC(10) Concurrent Clear Claimed Marks 4.380ms
[2020-11-10T02:43:49.031+0000][7][gc,marking  ] GC(10) Concurrent Scan Root Regions
[2020-11-10T02:43:49.055+0000][7][gc,marking  ] GC(10) Concurrent Scan Root Regions 24.468ms
[2020-11-10T02:43:49.056+0000][7][gc,marking  ] GC(10) Concurrent Mark (11.823s)
[2020-11-10T02:43:49.056+0000][7][gc,marking  ] GC(10) Concurrent Mark From Roots
[2020-11-10T02:43:49.057+0000][7][gc,task     ] GC(10) Using 2 workers of 2 for marking
[2020-11-10T02:43:49.095+0000][7][gc,marking  ] GC(10) Concurrent Mark From Roots 38.894ms
[2020-11-10T02:43:49.096+0000][7][gc,marking  ] GC(10) Concurrent Preclean
[2020-11-10T02:43:49.097+0000][7][gc,marking  ] GC(10) Concurrent Preclean 0.736ms
[2020-11-10T02:43:49.097+0000][7][gc,marking  ] GC(10) Concurrent Mark (11.823s, 11.864s) 41.448ms
[2020-11-10T02:43:49.098+0000][7][gc,start    ] GC(10) Pause Remark
[2020-11-10T02:43:49.115+0000][7][gc          ] GC(10) Pause Remark 52M->52M(512M) 16.785ms
[2020-11-10T02:43:49.116+0000][7][gc,cpu      ] GC(10) User=0.01s Sys=0.00s Real=0.02s
[2020-11-10T02:43:49.117+0000][7][safepoint   ] Safepoint "G1Concurrent", Time since last: 76676721 ns, Reaching safepoint: 343496 ns, At safepoint: 18606114 ns, Total: 18949610 ns
[2020-11-10T02:43:49.121+0000][7][gc,marking  ] GC(10) Concurrent Rebuild Remembered Sets
[2020-11-10T02:43:49.180+0000][7][gc,marking  ] GC(10) Concurrent Rebuild Remembered Sets 59.003ms
[2020-11-10T02:43:49.189+0000][7][gc,start    ] GC(10) Pause Cleanup
[2020-11-10T02:43:49.193+0000][7][gc          ] GC(10) Pause Cleanup 53M->53M(512M) 4.246ms
[2020-11-10T02:43:49.194+0000][7][gc,cpu      ] GC(10) User=0.00s Sys=0.00s Real=0.00s
[2020-11-10T02:43:49.195+0000][7][safepoint   ] Safepoint "G1Concurrent", Time since last: 64074241 ns, Reaching safepoint: 7780544 ns, At safepoint: 5813178 ns, Total: 13593722 ns
[2020-11-10T02:43:49.196+0000][7][gc,marking  ] GC(10) Concurrent Cleanup for Next Mark
[2020-11-10T02:43:49.200+0000][7][gc,marking  ] GC(10) Concurrent Cleanup for Next Mark 4.172ms
[2020-11-10T02:43:49.200+0000][7][gc          ] GC(10) Concurrent Cycle 178.979ms
[2020-11-10T02:43:50.196+0000][7][safepoint   ] Safepoint "Cleanup", Time since last: 1000764589 ns, Reaching safepoint: 313204 ns, At safepoint: 17957 ns, Total: 331161 ns
[2020-11-10T02:43:51.454+0000][7][safepoint   ] Safepoint "Cleanup", Time since last: 1254300136 ns, Reaching safepoint: 4058004 ns, At safepoint: 74455 ns, Total: 4132459 ns
[2020-11-10T02:43:52.696+0000][7][safepoint   ] Safepoint "ICBufferFull", Time since last: 1241246439 ns, Reaching safepoint: 330781 ns, At safepoint: 71909 ns, Total: 402690 ns
[2020-11-10T02:43:53.715+0000][7][gc,start    ] GC(11) Pause Young (Concurrent Start) (Metadata GC Threshold)
[2020-11-10T02:43:53.719+0000][7][gc,task     ] GC(11) Using 8 workers of 8 for evacuation
[2020-11-10T02:43:53.721+0000][7][gc,age      ] GC(11) Desired survivor size 20447232 bytes, new threshold 15 (max threshold 15)
[2020-11-10T02:43:53.779+0000][7][gc,age      ] GC(11) Age table with threshold 15 (max threshold 15)
[2020-11-10T02:43:53.780+0000][7][gc,age      ] GC(11) - age   1:   11061312 bytes,   11061312 total
[2020-11-10T02:43:53.781+0000][7][gc,age      ] GC(11) - age   2:    6122296 bytes,   17183608 total
[2020-11-10T02:43:53.783+0000][7][gc,phases   ] GC(11)   Pre Evacuate Collection Set: 0.4ms
[2020-11-10T02:43:53.786+0000][7][gc,phases   ] GC(11)   Merge Heap Roots: 3.6ms
[2020-11-10T02:43:53.787+0000][7][gc,phases   ] GC(11)   Evacuate Collection Set: 36.0ms
[2020-11-10T02:43:53.788+0000][7][gc,phases   ] GC(11)   Post Evacuate Collection Set: 14.2ms
[2020-11-10T02:43:53.790+0000][7][gc,phases   ] GC(11)   Other: 13.4ms
[2020-11-10T02:43:53.790+0000][7][gc,heap     ] GC(11) Eden regions: 249->0(284)
[2020-11-10T02:43:53.791+0000][7][gc,heap     ] GC(11) Survivor regions: 9->18(39)
[2020-11-10T02:43:53.795+0000][7][gc,heap     ] GC(11) Old regions: 42->42
[2020-11-10T02:43:53.795+0000][7][gc,heap     ] GC(11) Archive regions: 2->2
[2020-11-10T02:43:53.799+0000][7][gc,heap     ] GC(11) Humongous regions: 1->1
[2020-11-10T02:43:53.801+0000][7][gc,metaspace] GC(11) Metaspace: 56992K(60240K)->56992K(60240K) NonClass: 49459K(51792K)->49459K(51792K) Class: 7533K(8448K)->7533K(8448K)
[2020-11-10T02:43:53.802+0000][7][gc          ] GC(11) Pause Young (Concurrent Start) (Metadata GC Threshold) 300M->60M(512M) 87.223ms
[2020-11-10T02:43:53.803+0000][7][gc,cpu      ] GC(11) User=0.09s Sys=0.01s Real=0.09s
[2020-11-10T02:43:53.807+0000][7][gc          ] GC(12) Concurrent Cycle
[2020-11-10T02:43:53.807+0000][7][safepoint   ] Safepoint "CollectForMetadataAllocation", Time since last: 1014972938 ns, Reaching safepoint: 4161282 ns, At safepoint: 92350834 ns, Total: 96512116 ns
[2020-11-10T02:43:53.810+0000][7][gc,marking  ] GC(12) Concurrent Clear Claimed Marks
[2020-11-10T02:43:53.811+0000][7][gc,marking  ] GC(12) Concurrent Clear Claimed Marks 1.508ms
[2020-11-10T02:43:53.812+0000][7][gc,marking  ] GC(12) Concurrent Scan Root Regions
[2020-11-10T02:43:53.824+0000][7][gc,marking  ] GC(12) Concurrent Scan Root Regions 12.320ms
[2020-11-10T02:43:53.825+0000][7][gc,marking  ] GC(12) Concurrent Mark (16.592s)
[2020-11-10T02:43:53.825+0000][7][gc,marking  ] GC(12) Concurrent Mark From Roots
[2020-11-10T02:43:53.826+0000][7][gc,task     ] GC(12) Using 2 workers of 2 for marking
[2020-11-10T02:43:53.902+0000][7][safepoint   ] Safepoint "CollectForMetadataAllocation", Time since last: 85658365 ns, Reaching safepoint: 8902153 ns, At safepoint: 229857 ns, Total: 9132010 ns
[2020-11-10T02:43:53.906+0000][7][gc,marking  ] GC(12) Concurrent Mark From Roots 80.581ms
[2020-11-10T02:43:53.907+0000][7][gc,marking  ] GC(12) Concurrent Preclean
[2020-11-10T02:43:53.907+0000][7][gc,marking  ] GC(12) Concurrent Preclean 0.878ms
[2020-11-10T02:43:53.908+0000][7][gc,marking  ] GC(12) Concurrent Mark (16.592s, 16.675s) 83.446ms
[2020-11-10T02:43:53.920+0000][7][gc,start    ] GC(12) Pause Remark
[2020-11-10T02:43:53.944+0000][7][gc          ] GC(12) Pause Remark 63M->63M(512M) 24.123ms
[2020-11-10T02:43:53.945+0000][7][gc,cpu      ] GC(12) User=0.01s Sys=0.01s Real=0.02s
[2020-11-10T02:43:53.945+0000][7][safepoint   ] Safepoint "G1Concurrent", Time since last: 9844309 ns, Reaching safepoint: 8008732 ns, At safepoint: 25664076 ns, Total: 33672808 ns
[2020-11-10T02:43:53.949+0000][7][gc,marking  ] GC(12) Concurrent Rebuild Remembered Sets
[2020-11-10T02:43:54.000+0000][7][gc,marking  ] GC(12) Concurrent Rebuild Remembered Sets 51.018ms
[2020-11-10T02:43:54.005+0000][7][gc,start    ] GC(12) Pause Cleanup
[2020-11-10T02:43:54.013+0000][7][gc          ] GC(12) Pause Cleanup 65M->65M(512M) 7.509ms
[2020-11-10T02:43:54.017+0000][7][gc,cpu      ] GC(12) User=0.00s Sys=0.00s Real=0.02s
[2020-11-10T02:43:54.021+0000][7][safepoint   ] Safepoint "G1Concurrent", Time since last: 55351667 ns, Reaching safepoint: 4467924 ns, At safepoint: 15575280 ns, Total: 20043204 ns
[2020-11-10T02:43:54.022+0000][7][gc,marking  ] GC(12) Concurrent Cleanup for Next Mark
[2020-11-10T02:43:54.027+0000][7][gc,marking  ] GC(12) Concurrent Cleanup for Next Mark 4.950ms
[2020-11-10T02:43:54.028+0000][7][gc          ] GC(12) Concurrent Cycle 220.628ms
[2020-11-10T02:43:55.366+0000][7][safepoint   ] Safepoint "Cleanup", Time since last: 1343656474 ns, Reaching safepoint: 1414786 ns, At safepoint: 21026 ns, Total: 1435812 ns
[2020-11-10T02:43:56.611+0000][7][safepoint   ] Safepoint "Cleanup", Time since last: 1244851649 ns, Reaching safepoint: 200784 ns, At safepoint: 19585 ns, Total: 220369 ns
[2020-11-10T02:43:57.254+0000][7][safepoint   ] Safepoint "ICBufferFull", Time since last: 642065422 ns, Reaching safepoint: 385088 ns, At safepoint: 57825 ns, Total: 442913 ns
[2020-11-10T02:43:57.391+0000][7][safepoint   ] Safepoint "ICBufferFull", Time since last: 135406571 ns, Reaching safepoint: 1652913 ns, At safepoint: 22960 ns, Total: 1675873 ns
[2020-11-10T02:43:58.082+0000][7][safepoint   ] Safepoint "ICBufferFull", Time since last: 691101549 ns, Reaching safepoint: 367801 ns, At safepoint: 11734 ns, Total: 379535 ns
[2020-11-10T02:43:59.085+0000][7][safepoint   ] Safepoint "Cleanup", Time since last: 1000985802 ns, Reaching safepoint: 1460542 ns, At safepoint: 100255 ns, Total: 1560797 ns
[2020-11-10T02:43:59.622+0000][7][gc,start    ] GC(13) Pause Young (Concurrent Start) (G1 Evacuation Pause)
[2020-11-10T02:43:59.622+0000][7][gc,task     ] GC(13) Using 8 workers of 8 for evacuation
[2020-11-10T02:43:59.623+0000][7][gc,age      ] GC(13) Desired survivor size 19922944 bytes, new threshold 15 (max threshold 15)
[2020-11-10T02:43:59.666+0000][7][gc,age      ] GC(13) Age table with threshold 15 (max threshold 15)
[2020-11-10T02:43:59.667+0000][7][gc,age      ] GC(13) - age   1:   11804592 bytes,   11804592 total
[2020-11-10T02:43:59.668+0000][7][gc,age      ] GC(13) - age   2:   10569120 bytes,   22373712 total
[2020-11-10T02:43:59.668+0000][7][gc,age      ] GC(13) - age   3:    6114904 bytes,   28488616 total
[2020-11-10T02:43:59.668+0000][7][gc,phases   ] GC(13)   Pre Evacuate Collection Set: 0.4ms
[2020-11-10T02:43:59.669+0000][7][gc,phases   ] GC(13)   Merge Heap Roots: 0.3ms
[2020-11-10T02:43:59.669+0000][7][gc,phases   ] GC(13)   Evacuate Collection Set: 32.1ms
[2020-11-10T02:43:59.670+0000][7][gc,phases   ] GC(13)   Post Evacuate Collection Set: 9.9ms
[2020-11-10T02:43:59.671+0000][7][gc,phases   ] GC(13)   Other: 4.3ms
[2020-11-10T02:43:59.671+0000][7][gc,heap     ] GC(13) Eden regions: 284->0(268)
[2020-11-10T02:43:59.672+0000][7][gc,heap     ] GC(13) Survivor regions: 18->29(38)
[2020-11-10T02:43:59.673+0000][7][gc,heap     ] GC(13) Old regions: 42->42
[2020-11-10T02:43:59.673+0000][7][gc,heap     ] GC(13) Archive regions: 2->2
[2020-11-10T02:43:59.674+0000][7][gc,heap     ] GC(13) Humongous regions: 7->7
[2020-11-10T02:43:59.674+0000][7][gc,metaspace] GC(13) Metaspace: 87032K(91420K)->87032K(91420K) NonClass: 75300K(78672K)->75300K(78672K) Class: 11731K(12748K)->11731K(12748K)
[2020-11-10T02:43:59.675+0000][7][gc          ] GC(13) Pause Young (Concurrent Start) (G1 Evacuation Pause) 350M->77M(512M) 53.131ms
[2020-11-10T02:43:59.675+0000][7][gc,cpu      ] GC(13) User=0.10s Sys=0.01s Real=0.05s
[2020-11-10T02:43:59.676+0000][7][gc          ] GC(14) Concurrent Cycle
[2020-11-10T02:43:59.677+0000][7][gc,marking  ] GC(14) Concurrent Clear Claimed Marks
[2020-11-10T02:43:59.676+0000][7][safepoint   ] Safepoint "G1CollectForAllocation", Time since last: 535375014 ns, Reaching safepoint: 1479502 ns, At safepoint: 54538475 ns, Total: 56017977 ns
[2020-11-10T02:43:59.677+0000][7][gc,marking  ] GC(14) Concurrent Clear Claimed Marks 0.940ms
[2020-11-10T02:43:59.679+0000][7][gc,marking  ] GC(14) Concurrent Scan Root Regions
[2020-11-10T02:43:59.700+0000][7][gc,marking  ] GC(14) Concurrent Scan Root Regions 21.733ms
[2020-11-10T02:43:59.701+0000][7][gc,marking  ] GC(14) Concurrent Mark (22.469s)
[2020-11-10T02:43:59.702+0000][7][gc,marking  ] GC(14) Concurrent Mark From Roots
[2020-11-10T02:43:59.703+0000][7][gc,task     ] GC(14) Using 2 workers of 2 for marking
[2020-11-10T02:43:59.775+0000][7][gc,marking  ] GC(14) Concurrent Mark From Roots 73.079ms
[2020-11-10T02:43:59.776+0000][7][gc,marking  ] GC(14) Concurrent Preclean
[2020-11-10T02:43:59.777+0000][7][gc,marking  ] GC(14) Concurrent Preclean 0.952ms
[2020-11-10T02:43:59.777+0000][7][gc,marking  ] GC(14) Concurrent Mark (22.469s, 22.544s) 75.850ms
[2020-11-10T02:43:59.782+0000][7][gc,start    ] GC(14) Pause Remark
[2020-11-10T02:43:59.788+0000][7][gc          ] GC(14) Pause Remark 83M->83M(512M) 6.314ms
[2020-11-10T02:43:59.789+0000][7][gc,cpu      ] GC(14) User=0.01s Sys=0.00s Real=0.01s
[2020-11-10T02:43:59.790+0000][7][safepoint   ] Safepoint "G1Concurrent", Time since last: 101914257 ns, Reaching safepoint: 3935871 ns, At safepoint: 8079253 ns, Total: 12015124 ns
[2020-11-10T02:43:59.791+0000][7][gc,marking  ] GC(14) Concurrent Rebuild Remembered Sets
[2020-11-10T02:43:59.850+0000][7][gc,marking  ] GC(14) Concurrent Rebuild Remembered Sets 58.766ms
[2020-11-10T02:43:59.852+0000][7][gc,start    ] GC(14) Pause Cleanup
[2020-11-10T02:43:59.853+0000][7][gc          ] GC(14) Pause Cleanup 85M->85M(512M) 0.876ms
[2020-11-10T02:43:59.854+0000][7][gc,cpu      ] GC(14) User=0.00s Sys=0.00s Real=0.00s
[2020-11-10T02:43:59.855+0000][7][safepoint   ] Safepoint "G1Concurrent", Time since last: 60400433 ns, Reaching safepoint: 2014743 ns, At safepoint: 2096316 ns, Total: 4111059 ns
[2020-11-10T02:43:59.855+0000][7][gc,marking  ] GC(14) Concurrent Cleanup for Next Mark
[2020-11-10T02:43:59.857+0000][7][gc,marking  ] GC(14) Concurrent Cleanup for Next Mark 1.396ms
[2020-11-10T02:43:59.857+0000][7][gc          ] GC(14) Concurrent Cycle 181.221ms
[2020-11-10T02:44:00.857+0000][7][safepoint   ] Safepoint "Cleanup", Time since last: 1000723760 ns, Reaching safepoint: 1644945 ns, At safepoint: 34053 ns, Total: 1678998 ns
[2020-11-10T02:44:01.858+0000][7][safepoint   ] Safepoint "Cleanup", Time since last: 1000591270 ns, Reaching safepoint: 449056 ns, At safepoint: 9725 ns, Total: 458781 ns
[2020-11-10T02:44:03.703+0000][7][safepoint   ] Safepoint "Cleanup", Time since last: 1845080192 ns, Reaching safepoint: 257580 ns, At safepoint: 38951 ns, Total: 296531 ns
[2020-11-10T02:44:04.705+0000][7][safepoint   ] Safepoint "Cleanup", Time since last: 1001832898 ns, Reaching safepoint: 299295 ns, At safepoint: 10188 ns, Total: 309483 ns
[2020-11-10T02:44:05.707+0000][7][safepoint   ] Safepoint "Cleanup", Time since last: 1000981863 ns, Reaching safepoint: 306029 ns, At safepoint: 99847 ns, Total: 405876 ns
[2020-11-10T02:44:06.688+0000][7][safepoint   ] Safepoint "Cleanup", Time since last: 1001517852 ns, Reaching safepoint: 583762 ns, At safepoint: 25772 ns, Total: 609534 ns
[2020-11-10T02:44:07.690+0000][7][safepoint   ] Safepoint "Cleanup", Time since last: 1001842447 ns, Reaching safepoint: 251299 ns, At safepoint: 2485 ns, Total: 253784 ns
[2020-11-10T02:44:08.695+0000][7][safepoint   ] Safepoint "Cleanup", Time since last: 1004808144 ns, Reaching safepoint: 180604 ns, At safepoint: 25372 ns, Total: 205976 ns
[2020-11-10T02:44:09.696+0000][7][safepoint   ] Safepoint "Cleanup", Time since last: 1000841618 ns, Reaching safepoint: 201980 ns, At safepoint: 23589 ns, Total: 225569 ns
[2020-11-10T02:44:10.697+0000][7][safepoint   ] Safepoint "Cleanup", Time since last: 1000671722 ns, Reaching safepoint: 201751 ns, At safepoint: 53775 ns, Total: 255526 ns
[2020-11-10T02:44:11.698+0000][7][safepoint   ] Safepoint "Cleanup", Time since last: 1000820968 ns, Reaching safepoint: 262603 ns, At safepoint: 9516 ns, Total: 272119 ns
[2020-11-10T02:44:12.699+0000][7][safepoint   ] Safepoint "Cleanup", Time since last: 1000918592 ns, Reaching safepoint: 247769 ns, At safepoint: 10338 ns, Total: 258107 ns
[2020-11-10T02:44:14.645+0000][7][gc,start    ] GC(15) Pause Young (Normal) (G1 Evacuation Pause)
[2020-11-10T02:44:14.645+0000][7][gc,task     ] GC(15) Using 8 workers of 8 for evacuation
[2020-11-10T02:44:14.646+0000][7][gc,age      ] GC(15) Desired survivor size 19922944 bytes, new threshold 2 (max threshold 15)
[2020-11-10T02:44:14.665+0000][7][gc,age      ] GC(15) Age table with threshold 2 (max threshold 15)
[2020-11-10T02:44:14.665+0000][7][gc,age      ] GC(15) - age   1:    9062888 bytes,    9062888 total
[2020-11-10T02:44:14.666+0000][7][gc,age      ] GC(15) - age   2:   11296608 bytes,   20359496 total
[2020-11-10T02:44:14.666+0000][7][gc,phases   ] GC(15)   Pre Evacuate Collection Set: 0.2ms
[2020-11-10T02:44:14.666+0000][7][gc,phases   ] GC(15)   Merge Heap Roots: 0.2ms
[2020-11-10T02:44:14.667+0000][7][gc,phases   ] GC(15)   Evacuate Collection Set: 16.5ms
[2020-11-10T02:44:14.667+0000][7][gc,phases   ] GC(15)   Post Evacuate Collection Set: 1.6ms
[2020-11-10T02:44:14.667+0000][7][gc,phases   ] GC(15)   Other: 2.8ms
[2020-11-10T02:44:14.668+0000][7][gc,heap     ] GC(15) Eden regions: 268->0(261)
[2020-11-10T02:44:14.668+0000][7][gc,heap     ] GC(15) Survivor regions: 29->22(38)
[2020-11-10T02:44:14.668+0000][7][gc,heap     ] GC(15) Old regions: 42->58
[2020-11-10T02:44:14.669+0000][7][gc,heap     ] GC(15) Archive regions: 2->2
[2020-11-10T02:44:14.669+0000][7][gc,heap     ] GC(15) Humongous regions: 17->7
[2020-11-10T02:44:14.669+0000][7][gc,metaspace] GC(15) Metaspace: 95568K(100124K)->95568K(100124K) NonClass: 82663K(86096K)->82663K(86096K) Class: 12905K(14028K)->12905K(14028K)
[2020-11-10T02:44:14.670+0000][7][gc          ] GC(15) Pause Young (Normal) (G1 Evacuation Pause) 355M->86M(512M) 25.071ms
[2020-11-10T02:44:14.670+0000][7][gc,cpu      ] GC(15) User=0.08s Sys=0.00s Real=0.02s
[2020-11-10T02:44:14.670+0000][7][safepoint   ] Safepoint "G1CollectForAllocation", Time since last: 1945274882 ns, Reaching safepoint: 296772 ns, At safepoint: 25773601 ns, Total: 26070373 ns
[2020-11-10T02:44:15.672+0000][7][safepoint   ] Safepoint "Cleanup", Time since last: 1001157223 ns, Reaching safepoint: 158250 ns, At safepoint: 2808 ns, Total: 161058 ns
[2020-11-10T02:44:16.673+0000][7][safepoint   ] Safepoint "Cleanup", Time since last: 1000845591 ns, Reaching safepoint: 122860 ns, At safepoint: 16590 ns, Total: 139450 ns
[2020-11-10T02:44:17.674+0000][7][safepoint   ] Safepoint "Cleanup", Time since last: 1000626808 ns, Reaching safepoint: 418215 ns, At safepoint: 43059 ns, Total: 461274 ns
[2020-11-10T02:44:18.676+0000][7][safepoint   ] Safepoint "Cleanup", Time since last: 1001215329 ns, Reaching safepoint: 394254 ns, At safepoint: 86200 ns, Total: 480454 ns
[2020-11-10T02:44:19.677+0000][7][safepoint   ] Safepoint "Cleanup", Time since last: 1001138629 ns, Reaching safepoint: 373325 ns, At safepoint: 44716 ns, Total: 418041 ns
[2020-11-10T02:44:21.678+0000][7][safepoint   ] Safepoint "Cleanup", Time since last: 2000312157 ns, Reaching safepoint: 214361 ns, At safepoint: 3346 ns, Total: 217707 ns
[2020-11-10T02:44:22.679+0000][7][safepoint   ] Safepoint "Cleanup", Time since last: 1000731348 ns, Reaching safepoint: 358862 ns, At safepoint: 41857 ns, Total: 400719 ns
[2020-11-10T02:44:23.680+0000][7][safepoint   ] Safepoint "Cleanup", Time since last: 1001045748 ns, Reaching safepoint: 262634 ns, At safepoint: 22990 ns, Total: 285624 ns
[2020-11-10T02:44:24.681+0000][7][safepoint   ] Safepoint "Cleanup", Time since last: 1000768785 ns, Reaching safepoint: 205162 ns, At safepoint: 23833 ns, Total: 228995 ns
[2020-11-10T02:44:25.682+0000][7][safepoint   ] Safepoint "Cleanup", Time since last: 1000677427 ns, Reaching safepoint: 224222 ns, At safepoint: 27645 ns, Total: 251867 ns
[2020-11-10T02:44:26.683+0000][7][safepoint   ] Safepoint "Cleanup", Time since last: 1000709059 ns, Reaching safepoint: 255443 ns, At safepoint: 27336 ns, Total: 282779 ns
[2020-11-10T02:44:27.684+0000][7][safepoint   ] Safepoint "Cleanup", Time since last: 1000688802 ns, Reaching safepoint: 220965 ns, At safepoint: 23616 ns, Total: 244581 ns
[2020-11-10T02:44:28.685+0000][7][safepoint   ] Safepoint "Cleanup", Time since last: 1000731310 ns, Reaching safepoint: 315415 ns, At safepoint: 32478 ns, Total: 347893 ns
[2020-11-10T02:44:29.685+0000][7][safepoint   ] Safepoint "Cleanup", Time since last: 1000169356 ns, Reaching safepoint: 172654 ns, At safepoint: 7015 ns, Total: 179669 ns
[2020-11-10T02:44:30.686+0000][7][safepoint   ] Safepoint "Cleanup", Time since last: 1000811473 ns, Reaching safepoint: 261606 ns, At safepoint: 54332 ns, Total: 315938 ns
[2020-11-10T02:44:31.688+0000][7][safepoint   ] Safepoint "Cleanup", Time since last: 1001070532 ns, Reaching safepoint: 167979 ns, At safepoint: 41735 ns, Total: 209714 ns
[2020-11-10T02:44:32.689+0000][7][safepoint   ] Safepoint "Cleanup", Time since last: 1000855902 ns, Reaching safepoint: 182662 ns, At safepoint: 26791 ns, Total: 209453 ns
[2020-11-10T02:44:33.690+0000][7][safepoint   ] Safepoint "Cleanup", Time since last: 1000845650 ns, Reaching safepoint: 240193 ns, At safepoint: 34251 ns, Total: 274444 ns
[2020-11-10T02:44:34.691+0000][7][safepoint   ] Safepoint "Cleanup", Time since last: 1000828721 ns, Reaching safepoint: 252098 ns, At safepoint: 27180 ns, Total: 279278 ns
[2020-11-10T02:44:35.692+0000][7][safepoint   ] Safepoint "Cleanup", Time since last: 1000823539 ns, Reaching safepoint: 195166 ns, At safepoint: 23770 ns, Total: 218936 ns
[2020-11-10T02:44:36.672+0000][7][safepoint   ] Safepoint "Cleanup", Time since last: 1000634003 ns, Reaching safepoint: 193875 ns, At safepoint: 23906 ns, Total: 217781 ns
[2020-11-10T02:44:37.673+0000][7][safepoint   ] Safepoint "Cleanup", Time since last: 1000774417 ns, Reaching safepoint: 190512 ns, At safepoint: 23432 ns, Total: 213944 ns
[2020-11-10T02:44:39.674+0000][7][safepoint   ] Safepoint "Cleanup", Time since last: 2000766587 ns, Reaching safepoint: 162855 ns, At safepoint: 4462 ns, Total: 167317 ns
[2020-11-10T02:44:40.675+0000][7][safepoint   ] Safepoint "Cleanup", Time since last: 1000799446 ns, Reaching safepoint: 174042 ns, At safepoint: 23711 ns, Total: 197753 ns
[2020-11-10T02:44:41.676+0000][7][safepoint   ] Safepoint "Cleanup", Time since last: 1000611959 ns, Reaching safepoint: 286973 ns, At safepoint: 26387 ns, Total: 313360 ns
[2020-11-10T02:44:42.677+0000][7][safepoint   ] Safepoint "Cleanup", Time since last: 1000759477 ns, Reaching safepoint: 249541 ns, At safepoint: 24782 ns, Total: 274323 ns
[2020-11-10T02:44:43.678+0000][7][safepoint   ] Safepoint "Cleanup", Time since last: 1000852676 ns, Reaching safepoint: 163555 ns, At safepoint: 10361 ns, Total: 173916 ns
[2020-11-10T02:44:44.679+0000][7][safepoint   ] Safepoint "Cleanup", Time since last: 1000772849 ns, Reaching safepoint: 248234 ns, At safepoint: 37715 ns, Total: 285949 ns
[2020-11-10T02:44:45.680+0000][7][safepoint   ] Safepoint "Cleanup", Time since last: 1000781967 ns, Reaching safepoint: 274769 ns, At safepoint: 26327 ns, Total: 301096 ns
[2020-11-10T02:44:46.681+0000][7][safepoint   ] Safepoint "Cleanup", Time since last: 1000798268 ns, Reaching safepoint: 260887 ns, At safepoint: 35735 ns, Total: 296622 ns
[2020-11-10T02:44:48.682+0000][7][safepoint   ] Safepoint "Cleanup", Time since last: 2000746002 ns, Reaching safepoint: 280193 ns, At safepoint: 19076 ns, Total: 299269 ns
[2020-11-10T02:44:51.683+0000][7][safepoint   ] Safepoint "Cleanup", Time since last: 3000868658 ns, Reaching safepoint: 258420 ns, At safepoint: 22733 ns, Total: 281153 ns
[2020-11-10T02:44:52.684+0000][7][safepoint   ] Safepoint "Cleanup", Time since last: 1000769788 ns, Reaching safepoint: 204357 ns, At safepoint: 25064 ns, Total: 229421 ns
[2020-11-10T02:44:54.685+0000][7][safepoint   ] Safepoint "Cleanup", Time since last: 2000707143 ns, Reaching safepoint: 276898 ns, At safepoint: 35746 ns, Total: 312644 ns
[2020-11-10T02:44:57.687+0000][7][safepoint   ] Safepoint "Cleanup", Time since last: 3001060793 ns, Reaching safepoint: 375761 ns, At safepoint: 41893 ns, Total: 417654 ns
[2020-11-10T02:44:58.688+0000][7][safepoint   ] Safepoint "Cleanup", Time since last: 1000949025 ns, Reaching safepoint: 280624 ns, At safepoint: 13940 ns, Total: 294564 ns
[2020-11-10T02:44:59.688+0000][7][safepoint   ] Safepoint "Cleanup", Time since last: 1000193061 ns, Reaching safepoint: 366229 ns, At safepoint: 5598 ns, Total: 371827 ns
[2020-11-10T02:45:00.690+0000][7][safepoint   ] Safepoint "Cleanup", Time since last: 1001137235 ns, Reaching safepoint: 306406 ns, At safepoint: 14741 ns, Total: 321147 ns
[2020-11-10T02:45:01.691+0000][7][safepoint   ] Safepoint "Cleanup", Time since last: 1000814699 ns, Reaching safepoint: 308187 ns, At safepoint: 14580 ns, Total: 322767 ns
[2020-11-10T02:45:02.692+0000][7][safepoint   ] Safepoint "Cleanup", Time since last: 1000955699 ns, Reaching safepoint: 274264 ns, At safepoint: 10790 ns, Total: 285054 ns
[2020-11-10T02:45:03.693+0000][7][safepoint   ] Safepoint "Cleanup", Time since last: 1000758362 ns, Reaching safepoint: 458496 ns, At safepoint: 44796 ns, Total: 503292 ns
[2020-11-10T02:45:04.695+0000][7][safepoint   ] Safepoint "Cleanup", Time since last: 1001074983 ns, Reaching safepoint: 216128 ns, At safepoint: 26515 ns, Total: 242643 ns
[2020-11-10T02:45:05.696+0000][7][safepoint   ] Safepoint "Cleanup", Time since last: 1000793893 ns, Reaching safepoint: 255236 ns, At safepoint: 26508 ns, Total: 281744 ns
[2020-11-10T02:45:06.669+0000][7][safepoint   ] Safepoint "Cleanup", Time since last: 1000669411 ns, Reaching safepoint: 246545 ns, At safepoint: 27673 ns, Total: 274218 ns
[2020-11-10T02:45:07.670+0000][7][safepoint   ] Safepoint "Cleanup", Time since last: 1000692018 ns, Reaching safepoint: 187496 ns, At safepoint: 22135 ns, Total: 209631 ns
[2020-11-10T02:45:09.671+0000][7][safepoint   ] Safepoint "Cleanup", Time since last: 2000805450 ns, Reaching safepoint: 315631 ns, At safepoint: 27223 ns, Total: 342854 ns
[2020-11-10T02:45:10.672+0000][7][safepoint   ] Safepoint "Cleanup", Time since last: 1000548031 ns, Reaching safepoint: 396081 ns, At safepoint: 32401 ns, Total: 428482 ns
[2020-11-10T02:45:11.673+0000][7][safepoint   ] Safepoint "Cleanup", Time since last: 1000936091 ns, Reaching safepoint: 240458 ns, At safepoint: 26195 ns, Total: 266653 ns
[2020-11-10T02:45:12.674+0000][7][safepoint   ] Safepoint "Cleanup", Time since last: 1000788738 ns, Reaching safepoint: 516338 ns, At safepoint: 42611 ns, Total: 558949 ns
[2020-11-10T02:45:13.675+0000][7][safepoint   ] Safepoint "Cleanup", Time since last: 1000996717 ns, Reaching safepoint: 159135 ns, At safepoint: 20411 ns, Total: 179546 ns
[2020-11-10T02:45:14.676+0000][7][safepoint   ] Safepoint "Cleanup", Time since last: 1000638276 ns, Reaching safepoint: 360893 ns, At safepoint: 31868 ns, Total: 392761 ns
[2020-11-10T02:45:15.678+0000][7][safepoint   ] Safepoint "Cleanup", Time since last: 1001221981 ns, Reaching safepoint: 293985 ns, At safepoint: 33690 ns, Total: 327675 ns
[2020-11-10T02:45:16.679+0000][7][safepoint   ] Safepoint "Cleanup", Time since last: 1000884428 ns, Reaching safepoint: 200603 ns, At safepoint: 42285 ns, Total: 242888 ns
[2020-11-10T02:45:18.680+0000][7][safepoint   ] Safepoint "Cleanup", Time since last: 2000659472 ns, Reaching safepoint: 242187 ns, At safepoint: 53162 ns, Total: 295349 ns
[2020-11-10T02:45:20.682+0000][7][safepoint   ] Safepoint "Cleanup", Time since last: 2001215571 ns, Reaching safepoint: 272247 ns, At safepoint: 12294 ns, Total: 284541 ns
[2020-11-10T02:45:21.683+0000][7][safepoint   ] Safepoint "Cleanup", Time since last: 1000880841 ns, Reaching safepoint: 218930 ns, At safepoint: 28779 ns, Total: 247709 ns
[2020-11-10T02:45:22.684+0000][7][safepoint   ] Safepoint "Cleanup", Time since last: 1000666474 ns, Reaching safepoint: 267737 ns, At safepoint: 33317 ns, Total: 301054 ns
[2020-11-10T02:45:24.685+0000][7][safepoint   ] Safepoint "Cleanup", Time since last: 2000904927 ns, Reaching safepoint: 313351 ns, At safepoint: 33563 ns, Total: 346914 ns
[2020-11-10T02:45:25.686+0000][7][safepoint   ] Safepoint "Cleanup", Time since last: 1000945558 ns, Reaching safepoint: 414460 ns, At safepoint: 15264 ns, Total: 429724 ns
[2020-11-10T02:45:27.688+0000][7][safepoint   ] Safepoint "Cleanup", Time since last: 2001056948 ns, Reaching safepoint: 189772 ns, At safepoint: 5838 ns, Total: 195610 ns
[2020-11-10T02:45:28.689+0000][7][safepoint   ] Safepoint "Cleanup", Time since last: 1000891323 ns, Reaching safepoint: 352455 ns, At safepoint: 43072 ns, Total: 395527 ns
[2020-11-10T02:45:30.689+0000][7][safepoint   ] Safepoint "Cleanup", Time since last: 2000287875 ns, Reaching safepoint: 259615 ns, At safepoint: 10142 ns, Total: 269757 ns
[2020-11-10T02:45:32.691+0000][7][safepoint   ] Safepoint "Cleanup", Time since last: 2000912788 ns, Reaching safepoint: 258634 ns, At safepoint: 32957 ns, Total: 291591 ns
[2020-11-10T02:45:33.692+0000][7][safepoint   ] Safepoint "Cleanup", Time since last: 1000912842 ns, Reaching safepoint: 185603 ns, At safepoint: 9909 ns, Total: 195512 ns
[2020-11-10T02:45:34.693+0000][7][safepoint   ] Safepoint "Cleanup", Time since last: 1000688950 ns, Reaching safepoint: 171177 ns, At safepoint: 21706 ns, Total: 192883 ns
[2020-11-10T02:45:36.669+0000][7][safepoint   ] Safepoint "Cleanup", Time since last: 2000712734 ns, Reaching safepoint: 154301 ns, At safepoint: 4029 ns, Total: 158330 ns
[2020-11-10T02:45:38.669+0000][7][safepoint   ] Safepoint "Cleanup", Time since last: 2000731010 ns, Reaching safepoint: 213511 ns, At safepoint: 2825 ns, Total: 216336 ns
[2020-11-10T02:45:39.671+0000][7][safepoint   ] Safepoint "Cleanup", Time since last: 1000891892 ns, Reaching safepoint: 155427 ns, At safepoint: 3366 ns, Total: 158793 ns
[2020-11-10T02:45:40.672+0000][7][safepoint   ] Safepoint "Cleanup", Time since last: 1000939870 ns, Reaching safepoint: 289766 ns, At safepoint: 5431 ns, Total: 295197 ns
[2020-11-10T02:45:41.673+0000][7][safepoint   ] Safepoint "Cleanup", Time since last: 1001302933 ns, Reaching safepoint: 338195 ns, At safepoint: 33775 ns, Total: 371970 ns
[2020-11-10T02:45:42.675+0000][7][safepoint   ] Safepoint "Cleanup", Time since last: 1001002208 ns, Reaching safepoint: 184838 ns, At safepoint: 24641 ns, Total: 209479 ns
[2020-11-10T02:45:43.676+0000][7][safepoint   ] Safepoint "Cleanup", Time since last: 1000738970 ns, Reaching safepoint: 388724 ns, At safepoint: 43008 ns, Total: 431732 ns
[2020-11-10T02:45:44.677+0000][7][safepoint   ] Safepoint "Cleanup", Time since last: 1001012966 ns, Reaching safepoint: 138455 ns, At safepoint: 3151 ns, Total: 141606 ns
[2020-11-10T02:45:45.678+0000][7][safepoint   ] Safepoint "Cleanup", Time since last: 1000788724 ns, Reaching safepoint: 322770 ns, At safepoint: 67381 ns, Total: 390151 ns
[2020-11-10T02:45:46.679+0000][7][safepoint   ] Safepoint "Cleanup", Time since last: 1000810904 ns, Reaching safepoint: 334673 ns, At safepoint: 28025 ns, Total: 362698 ns
[2020-11-10T02:45:48.681+0000][7][safepoint   ] Safepoint "Cleanup", Time since last: 2000721164 ns, Reaching safepoint: 452239 ns, At safepoint: 39821 ns, Total: 492060 ns
[2020-11-10T02:45:49.682+0000][7][safepoint   ] Safepoint "Cleanup", Time since last: 1001180031 ns, Reaching safepoint: 229420 ns, At safepoint: 23190 ns, Total: 252610 ns
[2020-11-10T02:45:50.683+0000][7][safepoint   ] Safepoint "Cleanup", Time since last: 1000688935 ns, Reaching safepoint: 508850 ns, At safepoint: 101410 ns, Total: 610260 ns
[2020-11-10T02:45:51.685+0000][7][safepoint   ] Safepoint "Cleanup", Time since last: 1000991861 ns, Reaching safepoint: 237320 ns, At safepoint: 27318 ns, Total: 264638 ns
[2020-11-10T02:45:54.686+0000][7][safepoint   ] Safepoint "Cleanup", Time since last: 3000820508 ns, Reaching safepoint: 219432 ns, At safepoint: 19939 ns, Total: 239371 ns
[2020-11-10T02:45:55.686+0000][7][safepoint   ] Safepoint "Cleanup", Time since last: 1000553717 ns, Reaching safepoint: 301564 ns, At safepoint: 24222 ns, Total: 325786 ns
[2020-11-10T02:45:57.687+0000][7][safepoint   ] Safepoint "Cleanup", Time since last: 2000779363 ns, Reaching safepoint: 126739 ns, At safepoint: 3322 ns, Total: 130061 ns
[2020-11-10T02:46:00.688+0000][7][safepoint   ] Safepoint "Cleanup", Time since last: 3000273394 ns, Reaching safepoint: 120741 ns, At safepoint: 20656 ns, Total: 141397 ns
[2020-11-10T02:46:02.261+0000][7][safepoint   ] Safepoint "Cleanup", Time since last: 1573351427 ns, Reaching safepoint: 267768 ns, At safepoint: 27728 ns, Total: 295496 ns
[2020-11-10T02:46:03.262+0000][7][safepoint   ] Safepoint "Cleanup", Time since last: 1000594142 ns, Reaching safepoint: 391046 ns, At safepoint: 23746 ns, Total: 414792 ns
[2020-11-10T02:46:04.263+0000][7][safepoint   ] Safepoint "Cleanup", Time since last: 1000620382 ns, Reaching safepoint: 340923 ns, At safepoint: 25172 ns, Total: 366095 ns
[2020-11-10T02:46:05.264+0000][7][safepoint   ] Safepoint "Cleanup", Time since last: 1000800842 ns, Reaching safepoint: 200802 ns, At safepoint: 23253 ns, Total: 224055 ns
[2020-11-10T02:46:06.265+0000][7][safepoint   ] Safepoint "Cleanup", Time since last: 1000561231 ns, Reaching safepoint: 287597 ns, At safepoint: 23699 ns, Total: 311296 ns
[2020-11-10T02:46:07.245+0000][7][safepoint   ] Safepoint "Cleanup", Time since last: 1000549604 ns, Reaching safepoint: 285248 ns, At safepoint: 33081 ns, Total: 318329 ns
[2020-11-10T02:46:08.246+0000][7][safepoint   ] Safepoint "Cleanup", Time since last: 1000885047 ns, Reaching safepoint: 276405 ns, At safepoint: 22234 ns, Total: 298639 ns
[2020-11-10T02:46:09.252+0000][7][safepoint   ] Safepoint "Cleanup", Time since last: 1005931192 ns, Reaching safepoint: 166087 ns, At safepoint: 3564 ns, Total: 169651 ns
[2020-11-10T02:46:10.676+0000][7][safepoint   ] Safepoint "Cleanup", Time since last: 1423970713 ns, Reaching safepoint: 225854 ns, At safepoint: 22643 ns, Total: 248497 ns
[2020-11-10T02:46:12.677+0000][7][safepoint   ] Safepoint "Cleanup", Time since last: 2000675366 ns, Reaching safepoint: 198493 ns, At safepoint: 22251 ns, Total: 220744 ns
[2020-11-10T02:46:15.678+0000][7][safepoint   ] Safepoint "Cleanup", Time since last: 3000728015 ns, Reaching safepoint: 168347 ns, At safepoint: 30766 ns, Total: 199113 ns
[2020-11-10T02:46:17.679+0000][7][safepoint   ] Safepoint "Cleanup", Time since last: 2000813143 ns, Reaching safepoint: 255339 ns, At safepoint: 8723 ns, Total: 264062 ns
[2020-11-10T02:46:18.681+0000][7][safepoint   ] Safepoint "Cleanup", Time since last: 1001243467 ns, Reaching safepoint: 458532 ns, At safepoint: 19256 ns, Total: 477788 ns
[2020-11-10T02:46:21.682+0000][7][safepoint   ] Safepoint "Cleanup", Time since last: 3000971677 ns, Reaching safepoint: 306053 ns, At safepoint: 36306 ns, Total: 342359 ns
[2020-11-10T02:46:23.683+0000][7][safepoint   ] Safepoint "Cleanup", Time since last: 2001026211 ns, Reaching safepoint: 192183 ns, At safepoint: 9566 ns, Total: 201749 ns
[2020-11-10T02:46:24.684+0000][7][safepoint   ] Safepoint "Cleanup", Time since last: 1000726038 ns, Reaching safepoint: 319980 ns, At safepoint: 32303 ns, Total: 352283 ns
[2020-11-10T02:46:25.686+0000][7][safepoint   ] Safepoint "Cleanup", Time since last: 1000937963 ns, Reaching safepoint: 405036 ns, At safepoint: 25862 ns, Total: 430898 ns
[2020-11-10T02:46:27.687+0000][7][safepoint   ] Safepoint "Cleanup", Time since last: 2000992628 ns, Reaching safepoint: 238981 ns, At safepoint: 20539 ns, Total: 259520 ns
[2020-11-10T02:46:30.688+0000][7][safepoint   ] Safepoint "Cleanup", Time since last: 3001030130 ns, Reaching safepoint: 242125 ns, At safepoint: 20108 ns, Total: 262233 ns
[2020-11-10T02:46:32.421+0000][7][gc,start    ] GC(16) Pause Young (Normal) (G1 Evacuation Pause)
[2020-11-10T02:46:32.421+0000][7][gc,task     ] GC(16) Using 8 workers of 8 for evacuation
[2020-11-10T02:46:32.422+0000][7][gc,age      ] GC(16) Desired survivor size 18874368 bytes, new threshold 2 (max threshold 15)
[2020-11-10T02:46:32.433+0000][7][gc,age      ] GC(16) Age table with threshold 2 (max threshold 15)
[2020-11-10T02:46:32.434+0000][7][gc,age      ] GC(16) - age   1:    1319280 bytes,    1319280 total
[2020-11-10T02:46:32.435+0000][7][gc,age      ] GC(16) - age   2:    8794584 bytes,   10113864 total
[2020-11-10T02:46:32.435+0000][7][gc,phases   ] GC(16)   Pre Evacuate Collection Set: 0.2ms
[2020-11-10T02:46:32.435+0000][7][gc,phases   ] GC(16)   Merge Heap Roots: 0.1ms
[2020-11-10T02:46:32.436+0000][7][gc,phases   ] GC(16)   Evacuate Collection Set: 8.2ms
[2020-11-10T02:46:32.436+0000][7][gc,phases   ] GC(16)   Post Evacuate Collection Set: 2.4ms
[2020-11-10T02:46:32.436+0000][7][gc,phases   ] GC(16)   Other: 3.4ms
[2020-11-10T02:46:32.437+0000][7][gc,heap     ] GC(16) Eden regions: 261->0(266)
[2020-11-10T02:46:32.437+0000][7][gc,heap     ] GC(16) Survivor regions: 22->12(36)
[2020-11-10T02:46:32.437+0000][7][gc,heap     ] GC(16) Old regions: 58->69
[2020-11-10T02:46:32.438+0000][7][gc,heap     ] GC(16) Archive regions: 2->2
[2020-11-10T02:46:32.438+0000][7][gc,heap     ] GC(16) Humongous regions: 7->7
[2020-11-10T02:46:32.438+0000][7][gc,metaspace] GC(16) Metaspace: 97360K(101660K)->97360K(101660K) NonClass: 84404K(87632K)->84404K(87632K) Class: 12955K(14028K)->12955K(14028K)
[2020-11-10T02:46:32.439+0000][7][gc          ] GC(16) Pause Young (Normal) (G1 Evacuation Pause) 347M->88M(512M) 17.986ms
[2020-11-10T02:46:32.439+0000][7][gc,cpu      ] GC(16) User=0.06s Sys=0.00s Real=0.02s
[2020-11-10T02:46:32.439+0000][7][safepoint   ] Safepoint "G1CollectForAllocation", Time since last: 1732249893 ns, Reaching safepoint: 245034 ns, At safepoint: 18739820 ns, Total: 18984854 ns
[2020-11-10T02:46:33.440+0000][7][safepoint   ] Safepoint "Cleanup", Time since last: 1000447636 ns, Reaching safepoint: 255272 ns, At safepoint: 27252 ns, Total: 282524 ns
[2020-11-10T02:46:34.441+0000][7][safepoint   ] Safepoint "Cleanup", Time since last: 1000691273 ns, Reaching safepoint: 387108 ns, At safepoint: 33791 ns, Total: 420899 ns
[2020-11-10T02:46:35.442+0000][7][safepoint   ] Safepoint "Cleanup", Time since last: 1000860277 ns, Reaching safepoint: 185081 ns, At safepoint: 22080 ns, Total: 207161 ns
[2020-11-10T02:46:36.422+0000][7][safepoint   ] Safepoint "Cleanup", Time since last: 1000668777 ns, Reaching safepoint: 201878 ns, At safepoint: 26662 ns, Total: 228540 ns
[2020-11-10T02:46:37.423+0000][7][safepoint   ] Safepoint "Cleanup", Time since last: 1000726095 ns, Reaching safepoint: 303412 ns, At safepoint: 39719 ns, Total: 343131 ns
[2020-11-10T02:46:38.424+0000][7][safepoint   ] Safepoint "Cleanup", Time since last: 1000886545 ns, Reaching safepoint: 268875 ns, At safepoint: 43823 ns, Total: 312698 ns
[2020-11-10T02:46:39.425+0000][7][safepoint   ] Safepoint "Cleanup", Time since last: 1000717821 ns, Reaching safepoint: 366957 ns, At safepoint: 31868 ns, Total: 398825 ns
[2020-11-10T02:46:40.427+0000][7][safepoint   ] Safepoint "Cleanup", Time since last: 1001181916 ns, Reaching safepoint: 350524 ns, At safepoint: 33599 ns, Total: 384123 ns
[2020-11-10T02:46:43.429+0000][7][safepoint   ] Safepoint "Cleanup", Time since last: 3001070891 ns, Reaching safepoint: 544421 ns, At safepoint: 43836 ns, Total: 588257 ns
[2020-11-10T02:46:45.430+0000][7][safepoint   ] Safepoint "Cleanup", Time since last: 2000999361 ns, Reaching safepoint: 225340 ns, At safepoint: 29054 ns, Total: 254394 ns
[2020-11-10T02:46:46.431+0000][7][safepoint   ] Safepoint "Cleanup", Time since last: 1000770366 ns, Reaching safepoint: 371045 ns, At safepoint: 31863 ns, Total: 402908 ns
[2020-11-10T02:46:49.433+0000][7][safepoint   ] Safepoint "Cleanup", Time since last: 3001064872 ns, Reaching safepoint: 444495 ns, At safepoint: 45947 ns, Total: 490442 ns
[2020-11-10T02:46:52.434+0000][7][safepoint   ] Safepoint "Cleanup", Time since last: 3001174378 ns, Reaching safepoint: 164498 ns, At safepoint: 8172 ns, Total: 172670 ns
[2020-11-10T02:46:53.435+0000][7][safepoint   ] Safepoint "Cleanup", Time since last: 1000690003 ns, Reaching safepoint: 234631 ns, At safepoint: 26805 ns, Total: 261436 ns
[2020-11-10T02:46:55.436+0000][7][safepoint   ] Safepoint "Cleanup", Time since last: 2000784936 ns, Reaching safepoint: 460153 ns, At safepoint: 72635 ns, Total: 532788 ns
[2020-11-10T02:46:56.438+0000][7][safepoint   ] Safepoint "Cleanup", Time since last: 1001212339 ns, Reaching safepoint: 220283 ns, At safepoint: 23216 ns, Total: 243499 ns
[2020-11-10T02:46:58.439+0000][7][safepoint   ] Safepoint "Cleanup", Time since last: 2000835614 ns, Reaching safepoint: 228534 ns, At safepoint: 27160 ns, Total: 255694 ns
[2020-11-10T02:46:59.440+0000][7][safepoint   ] Safepoint "Cleanup", Time since last: 1000789377 ns, Reaching safepoint: 257053 ns, At safepoint: 22225 ns, Total: 279278 ns
[2020-11-10T02:47:01.441+0000][7][safepoint   ] Safepoint "Cleanup", Time since last: 2000803266 ns, Reaching safepoint: 250460 ns, At safepoint: 24656 ns, Total: 275116 ns
[2020-11-10T02:47:02.442+0000][7][safepoint   ] Safepoint "Cleanup", Time since last: 1000660598 ns, Reaching safepoint: 156798 ns, At safepoint: 2648 ns, Total: 159446 ns
[2020-11-10T02:47:04.443+0000][7][safepoint   ] Safepoint "Cleanup", Time since last: 2000779286 ns, Reaching safepoint: 237358 ns, At safepoint: 4733 ns, Total: 242091 ns
[2020-11-10T02:47:05.444+0000][7][safepoint   ] Safepoint "Cleanup", Time since last: 1000832926 ns, Reaching safepoint: 261215 ns, At safepoint: 25139 ns, Total: 286354 ns
[2020-11-10T02:47:07.424+0000][7][safepoint   ] Safepoint "Cleanup", Time since last: 2000778781 ns, Reaching safepoint: 243287 ns, At safepoint: 7519 ns, Total: 250806 ns
[2020-11-10T02:47:08.425+0000][7][safepoint   ] Safepoint "Cleanup", Time since last: 1000956211 ns, Reaching safepoint: 394957 ns, At safepoint: 44644 ns, Total: 439601 ns
[2020-11-10T02:47:09.426+0000][7][safepoint   ] Safepoint "Cleanup", Time since last: 1000764823 ns, Reaching safepoint: 190885 ns, At safepoint: 7950 ns, Total: 198835 ns
[2020-11-10T02:47:10.427+0000][7][safepoint   ] Safepoint "Cleanup", Time since last: 1000662582 ns, Reaching safepoint: 200193 ns, At safepoint: 6288 ns, Total: 206481 ns
[2020-11-10T02:47:13.429+0000][7][safepoint   ] Safepoint "Cleanup", Time since last: 3001913961 ns, Reaching safepoint: 263464 ns, At safepoint: 60866 ns, Total: 324330 ns
[2020-11-10T02:47:15.430+0000][7][safepoint   ] Safepoint "Cleanup", Time since last: 2000664414 ns, Reaching safepoint: 396064 ns, At safepoint: 48283 ns, Total: 444347 ns
[2020-11-10T02:47:16.431+0000][7][safepoint   ] Safepoint "Cleanup", Time since last: 1000960423 ns, Reaching safepoint: 235821 ns, At safepoint: 25679 ns, Total: 261500 ns
[2020-11-10T02:47:17.432+0000][7][safepoint   ] Safepoint "Cleanup", Time since last: 1000733687 ns, Reaching safepoint: 232571 ns, At safepoint: 25662 ns, Total: 258233 ns
[2020-11-10T02:47:19.434+0000][7][safepoint   ] Safepoint "Cleanup", Time since last: 2000833002 ns, Reaching safepoint: 230815 ns, At safepoint: 26753 ns, Total: 257568 ns
[2020-11-10T02:47:21.437+0000][7][safepoint   ] Safepoint "Cleanup", Time since last: 2000769341 ns, Reaching safepoint: 2676284 ns, At safepoint: 35831 ns, Total: 2712115 ns
[2020-11-10T02:47:22.438+0000][7][safepoint   ] Safepoint "Cleanup", Time since last: 1000675455 ns, Reaching safepoint: 219576 ns, At safepoint: 39867 ns, Total: 259443 ns
[2020-11-10T02:47:24.439+0000][7][safepoint   ] Safepoint "Cleanup", Time since last: 2000816888 ns, Reaching safepoint: 302179 ns, At safepoint: 55283 ns, Total: 357462 ns
[2020-11-10T02:47:25.440+0000][7][safepoint   ] Safepoint "Cleanup", Time since last: 1000691116 ns, Reaching safepoint: 174422 ns, At safepoint: 3205 ns, Total: 177627 ns
[2020-11-10T02:47:27.441+0000][7][safepoint   ] Safepoint "Cleanup", Time since last: 2000803893 ns, Reaching safepoint: 340890 ns, At safepoint: 34413 ns, Total: 375303 ns
[2020-11-10T02:47:28.442+0000][7][safepoint   ] Safepoint "Cleanup", Time since last: 1000638021 ns, Reaching safepoint: 358403 ns, At safepoint: 24481 ns, Total: 382884 ns
[2020-11-10T02:47:29.443+0000][7][safepoint   ] Safepoint "Cleanup", Time since last: 1000578652 ns, Reaching safepoint: 379164 ns, At safepoint: 32509 ns, Total: 411673 ns
[2020-11-10T02:47:31.444+0000][7][safepoint   ] Safepoint "Cleanup", Time since last: 2000279824 ns, Reaching safepoint: 201973 ns, At safepoint: 4316 ns, Total: 206289 ns
[2020-11-10T02:47:32.445+0000][7][safepoint   ] Safepoint "Cleanup", Time since last: 1000951347 ns, Reaching safepoint: 276223 ns, At safepoint: 24222 ns, Total: 300445 ns
[2020-11-10T02:47:34.445+0000][7][safepoint   ] Safepoint "Cleanup", Time since last: 2000338732 ns, Reaching safepoint: 218508 ns, At safepoint: 3673 ns, Total: 222181 ns
[2020-11-10T02:47:35.447+0000][7][safepoint   ] Safepoint "Cleanup", Time since last: 1000892633 ns, Reaching safepoint: 356518 ns, At safepoint: 24398 ns, Total: 380916 ns
[2020-11-10T02:47:36.427+0000][7][safepoint   ] Safepoint "Cleanup", Time since last: 1000932590 ns, Reaching safepoint: 215845 ns, At safepoint: 2478 ns, Total: 218323 ns
[2020-11-10T02:47:37.428+0000][7][safepoint   ] Safepoint "Cleanup", Time since last: 1000909610 ns, Reaching safepoint: 364494 ns, At safepoint: 26090 ns, Total: 390584 ns
[2020-11-10T02:47:38.429+0000][7][safepoint   ] Safepoint "Cleanup", Time since last: 1001012189 ns, Reaching safepoint: 312928 ns, At safepoint: 25615 ns, Total: 338543 ns
[2020-11-10T02:47:39.431+0000][7][safepoint   ] Safepoint "Cleanup", Time since last: 1000867551 ns, Reaching safepoint: 277955 ns, At safepoint: 26920 ns, Total: 304875 ns
[2020-11-10T02:47:43.432+0000][7][safepoint   ] Safepoint "Cleanup", Time since last: 4000805736 ns, Reaching safepoint: 241367 ns, At safepoint: 27305 ns, Total: 268672 ns
[2020-11-10T02:47:45.432+0000][7][safepoint   ] Safepoint "Cleanup", Time since last: 2000316876 ns, Reaching safepoint: 235207 ns, At safepoint: 12947 ns, Total: 248154 ns
[2020-11-10T02:47:46.434+0000][7][safepoint   ] Safepoint "Cleanup", Time since last: 1001021979 ns, Reaching safepoint: 365477 ns, At safepoint: 41188 ns, Total: 406665 ns
[2020-11-10T02:47:47.435+0000][7][safepoint   ] Safepoint "Cleanup", Time since last: 1001364870 ns, Reaching safepoint: 202344 ns, At safepoint: 22706 ns, Total: 225050 ns
[2020-11-10T02:47:49.436+0000][7][safepoint   ] Safepoint "Cleanup", Time since last: 2000593804 ns, Reaching safepoint: 345976 ns, At safepoint: 24226 ns, Total: 370202 ns
[2020-11-10T02:47:50.437+0000][7][safepoint   ] Safepoint "Cleanup", Time since last: 1000648085 ns, Reaching safepoint: 297728 ns, At safepoint: 41904 ns, Total: 339632 ns
[2020-11-10T02:47:53.438+0000][7][safepoint   ] Safepoint "Cleanup", Time since last: 3000955876 ns, Reaching safepoint: 214506 ns, At safepoint: 25049 ns, Total: 239555 ns
[2020-11-10T02:47:56.439+0000][7][safepoint   ] Safepoint "Cleanup", Time since last: 3000758308 ns, Reaching safepoint: 200243 ns, At safepoint: 22760 ns, Total: 223003 ns
[2020-11-10T02:47:59.440+0000][7][safepoint   ] Safepoint "Cleanup", Time since last: 3000776079 ns, Reaching safepoint: 367882 ns, At safepoint: 43650 ns, Total: 411532 ns
[2020-11-10T02:48:01.442+0000][7][safepoint   ] Safepoint "Cleanup", Time since last: 2001158762 ns, Reaching safepoint: 469879 ns, At safepoint: 31060 ns, Total: 500939 ns
[2020-11-10T02:48:02.443+0000][7][safepoint   ] Safepoint "Cleanup", Time since last: 1000978765 ns, Reaching safepoint: 179606 ns, At safepoint: 3460 ns, Total: 183066 ns
[2020-11-10T02:48:03.444+0000][7][safepoint   ] Safepoint "Cleanup", Time since last: 1000688814 ns, Reaching safepoint: 182245 ns, At safepoint: 4380 ns, Total: 186625 ns
[2020-11-10T02:48:05.445+0000][7][safepoint   ] Safepoint "Cleanup", Time since last: 2000807093 ns, Reaching safepoint: 259677 ns, At safepoint: 22897 ns, Total: 282574 ns
[2020-11-10T02:48:06.884+0000][7][gc,heap,exit] Heap
[2020-11-10T02:48:06.885+0000][7][gc,heap,exit]  garbage-first heap   total 524288K, used 277304K [0x00000000e0000000, 0x0000000100000000)
[2020-11-10T02:48:06.886+0000][7][gc,heap,exit]   region size 1024K, 196 young (200704K), 12 survivors (12288K)
[2020-11-10T02:48:06.890+0000][7][gc,heap,exit]  Metaspace       used 97979K, capacity 101188K, committed 102556K, reserved 1138688K
[2020-11-10T02:48:06.891+0000][7][gc,heap,exit]   class space    used 12988K, capacity 14035K, committed 14156K, reserved 1048576K
