[2020-11-10T02:50:25.476+0000][6][gc] Using G1
[2020-11-10T02:50:25.755+0000][6][gc,init] Version: 15+36-1562 (release)
[2020-11-10T02:50:25.756+0000][6][gc,init] CPUs: 8 total, 8 available
[2020-11-10T02:50:25.757+0000][6][gc,init] Memory: 7961M
[2020-11-10T02:50:25.758+0000][6][gc,init] Large Page Support: Disabled
[2020-11-10T02:50:25.758+0000][6][gc,init] NUMA Support: Disabled
[2020-11-10T02:50:25.759+0000][6][gc,init] Compressed Oops: Enabled (32-bit)
[2020-11-10T02:50:25.760+0000][6][gc,init] Heap Region Size: 1M
[2020-11-10T02:50:25.760+0000][6][gc,init] Heap Min Capacity: 512M
[2020-11-10T02:50:25.761+0000][6][gc,init] Heap Initial Capacity: 512M
[2020-11-10T02:50:25.762+0000][6][gc,init] Heap Max Capacity: 512M
[2020-11-10T02:50:25.763+0000][6][gc,init] Pre-touch: Enabled
[2020-11-10T02:50:25.763+0000][6][gc,init] Parallel Workers: 8
[2020-11-10T02:50:25.764+0000][6][gc,init] Concurrent Workers: 2
[2020-11-10T02:50:25.765+0000][6][gc,init] Concurrent Refinement Workers: 8
[2020-11-10T02:50:25.766+0000][6][gc,init] Periodic GC: Disabled
[2020-11-10T02:50:25.767+0000][6][gc,cds ] Mark closed archive regions in map: [0x00000000fff00000, 0x00000000fff7bff8]
[2020-11-10T02:50:25.767+0000][6][gc,cds ] Mark open archive regions in map: [0x00000000ffe00000, 0x00000000ffe51ff8]
[2020-11-10T02:50:25.768+0000][6][gc,metaspace] CDS archive(s) mapped at: [0x0000000800000000-0x0000000800b33000-0x0000000800b33000), size 11743232, SharedBaseAddress: 0x0000000800000000, ArchiveRelocationMode: 0.
[2020-11-10T02:50:25.769+0000][6][gc,metaspace] Compressed class space mapped at: 0x0000000800b34000-0x0000000840b34000, size: 1073741824
[2020-11-10T02:50:25.769+0000][6][gc,metaspace] Narrow klass base: 0x0000000800000000, Narrow klass shift: 3, Narrow klass range: 0x100000000
[2020-11-10T02:50:26.497+0000][6][safepoint   ] Safepoint "ICBufferFull", Time since last: 717331672 ns, Reaching safepoint: 226080 ns, At safepoint: 18768 ns, Total: 244848 ns
[2020-11-10T02:50:26.798+0000][6][gc,start    ] GC(0) Pause Young (Normal) (G1 Evacuation Pause)
[2020-11-10T02:50:26.800+0000][6][gc,task     ] GC(0) Using 8 workers of 8 for evacuation
[2020-11-10T02:50:26.801+0000][6][gc,age      ] GC(0) Desired survivor size 2097152 bytes, new threshold 15 (max threshold 15)
[2020-11-10T02:50:26.809+0000][6][gc,age      ] GC(0) Age table with threshold 15 (max threshold 15)
[2020-11-10T02:50:26.810+0000][6][gc,age      ] GC(0) - age   1:    3470440 bytes,    3470440 total
[2020-11-10T02:50:26.810+0000][6][gc,phases   ] GC(0)   Pre Evacuate Collection Set: 0.2ms
[2020-11-10T02:50:26.811+0000][6][gc,phases   ] GC(0)   Merge Heap Roots: 0.1ms
[2020-11-10T02:50:26.811+0000][6][gc,phases   ] GC(0)   Evacuate Collection Set: 6.8ms
[2020-11-10T02:50:26.812+0000][6][gc,phases   ] GC(0)   Post Evacuate Collection Set: 0.4ms
[2020-11-10T02:50:26.812+0000][6][gc,phases   ] GC(0)   Other: 4.5ms
[2020-11-10T02:50:26.813+0000][6][gc,heap     ] GC(0) Eden regions: 25->0(36)
[2020-11-10T02:50:26.813+0000][6][gc,heap     ] GC(0) Survivor regions: 0->4(4)
[2020-11-10T02:50:26.814+0000][6][gc,heap     ] GC(0) Old regions: 0->0
[2020-11-10T02:50:26.814+0000][6][gc,heap     ] GC(0) Archive regions: 2->2
[2020-11-10T02:50:26.815+0000][6][gc,heap     ] GC(0) Humongous regions: 1->1
[2020-11-10T02:50:26.816+0000][6][gc,metaspace] GC(0) Metaspace: 8389K(9472K)->8389K(9472K) NonClass: 7434K(8448K)->7434K(8448K) Class: 955K(1024K)->955K(1024K)
[2020-11-10T02:50:26.816+0000][6][gc          ] GC(0) Pause Young (Normal) (G1 Evacuation Pause) 26M->5M(512M) 18.029ms
[2020-11-10T02:50:26.817+0000][6][gc,cpu      ] GC(0) User=0.02s Sys=0.00s Real=0.02s
[2020-11-10T02:50:26.817+0000][6][safepoint   ] Safepoint "G1CollectForAllocation", Time since last: 300819700 ns, Reaching safepoint: 178906 ns, At safepoint: 19095720 ns, Total: 19274626 ns
[2020-11-10T02:50:27.805+0000][6][safepoint   ] Safepoint "ICBufferFull", Time since last: 987871810 ns, Reaching safepoint: 138127 ns, At safepoint: 2690 ns, Total: 140817 ns
[2020-11-10T02:50:28.004+0000][6][gc,start    ] GC(1) Pause Young (Normal) (G1 Evacuation Pause)
[2020-11-10T02:50:28.005+0000][6][gc,task     ] GC(1) Using 8 workers of 8 for evacuation
[2020-11-10T02:50:28.006+0000][6][gc,age      ] GC(1) Desired survivor size 2621440 bytes, new threshold 1 (max threshold 15)
[2020-11-10T02:50:28.032+0000][6][gc,age      ] GC(1) Age table with threshold 1 (max threshold 15)
[2020-11-10T02:50:28.033+0000][6][gc,age      ] GC(1) - age   1:    2430200 bytes,    2430200 total
[2020-11-10T02:50:28.034+0000][6][gc,phases   ] GC(1)   Pre Evacuate Collection Set: 0.1ms
[2020-11-10T02:50:28.034+0000][6][gc,phases   ] GC(1)   Merge Heap Roots: 0.1ms
[2020-11-10T02:50:28.035+0000][6][gc,phases   ] GC(1)   Evacuate Collection Set: 13.8ms
[2020-11-10T02:50:28.035+0000][6][gc,phases   ] GC(1)   Post Evacuate Collection Set: 8.1ms
[2020-11-10T02:50:28.036+0000][6][gc,phases   ] GC(1)   Other: 7.3ms
[2020-11-10T02:50:28.036+0000][6][gc,heap     ] GC(1) Eden regions: 36->0(304)
[2020-11-10T02:50:28.037+0000][6][gc,heap     ] GC(1) Survivor regions: 4->3(5)
[2020-11-10T02:50:28.038+0000][6][gc,heap     ] GC(1) Old regions: 0->4
[2020-11-10T02:50:28.038+0000][6][gc,heap     ] GC(1) Archive regions: 2->2
[2020-11-10T02:50:28.039+0000][6][gc,heap     ] GC(1) Humongous regions: 1->1
[2020-11-10T02:50:28.039+0000][6][gc,metaspace] GC(1) Metaspace: 13701K(14080K)->13701K(14080K) NonClass: 12068K(12288K)->12068K(12288K) Class: 1632K(1792K)->1632K(1792K)
[2020-11-10T02:50:28.040+0000][6][gc          ] GC(1) Pause Young (Normal) (G1 Evacuation Pause) 41M->7M(512M) 35.402ms
[2020-11-10T02:50:28.040+0000][6][gc,cpu      ] GC(1) User=0.02s Sys=0.00s Real=0.04s
[2020-11-10T02:50:28.041+0000][6][safepoint   ] Safepoint "G1CollectForAllocation", Time since last: 198862801 ns, Reaching safepoint: 117684 ns, At safepoint: 36453056 ns, Total: 36570740 ns
[2020-11-10T02:50:28.538+0000][6][safepoint   ] Safepoint "ICBufferFull", Time since last: 497128638 ns, Reaching safepoint: 303237 ns, At safepoint: 3187 ns, Total: 306424 ns
[2020-11-10T02:50:28.553+0000][6][safepoint   ] Safepoint "ICBufferFull", Time since last: 14627620 ns, Reaching safepoint: 390575 ns, At safepoint: 4266 ns, Total: 394841 ns
[2020-11-10T02:50:28.568+0000][6][safepoint   ] Safepoint "ICBufferFull", Time since last: 11169686 ns, Reaching safepoint: 3827632 ns, At safepoint: 27463 ns, Total: 3855095 ns
[2020-11-10T02:50:28.575+0000][6][safepoint   ] Safepoint "ICBufferFull", Time since last: 7065346 ns, Reaching safepoint: 163079 ns, At safepoint: 2905 ns, Total: 165984 ns
[2020-11-10T02:50:28.590+0000][6][safepoint   ] Safepoint "ICBufferFull", Time since last: 14691834 ns, Reaching safepoint: 133319 ns, At safepoint: 2813 ns, Total: 136132 ns
[2020-11-10T02:50:28.608+0000][6][safepoint   ] Safepoint "ICBufferFull", Time since last: 13877297 ns, Reaching safepoint: 3985725 ns, At safepoint: 25624 ns, Total: 4011349 ns
[2020-11-10T02:50:28.623+0000][6][safepoint   ] Safepoint "ICBufferFull", Time since last: 7120462 ns, Reaching safepoint: 7392282 ns, At safepoint: 63763 ns, Total: 7456045 ns
[2020-11-10T02:50:28.637+0000][6][safepoint   ] Safepoint "ICBufferFull", Time since last: 5809625 ns, Reaching safepoint: 8268352 ns, At safepoint: 60807 ns, Total: 8329159 ns
[2020-11-10T02:50:28.646+0000][6][safepoint   ] Safepoint "ICBufferFull", Time since last: 5384118 ns, Reaching safepoint: 4087463 ns, At safepoint: 22862 ns, Total: 4110325 ns
[2020-11-10T02:50:28.657+0000][6][safepoint   ] Safepoint "ICBufferFull", Time since last: 4899145 ns, Reaching safepoint: 5861406 ns, At safepoint: 30269 ns, Total: 5891675 ns
[2020-11-10T02:50:28.667+0000][6][safepoint   ] Safepoint "ICBufferFull", Time since last: 8083460 ns, Reaching safepoint: 1710023 ns, At safepoint: 62599 ns, Total: 1772622 ns
[2020-11-10T02:50:28.676+0000][6][safepoint   ] Safepoint "ICBufferFull", Time since last: 8257742 ns, Reaching safepoint: 603870 ns, At safepoint: 4840 ns, Total: 608710 ns
[2020-11-10T02:50:28.684+0000][6][safepoint   ] Safepoint "ICBufferFull", Time since last: 5420874 ns, Reaching safepoint: 2414986 ns, At safepoint: 77281 ns, Total: 2492267 ns
[2020-11-10T02:50:28.702+0000][6][safepoint   ] Safepoint "ICBufferFull", Time since last: 18487057 ns, Reaching safepoint: 201354 ns, At safepoint: 6072 ns, Total: 207426 ns
[2020-11-10T02:50:28.717+0000][6][safepoint   ] Safepoint "ICBufferFull", Time since last: 13954152 ns, Reaching safepoint: 176331 ns, At safepoint: 4108 ns, Total: 180439 ns
[2020-11-10T02:50:28.722+0000][6][safepoint   ] Safepoint "ICBufferFull", Time since last: 4794173 ns, Reaching safepoint: 227697 ns, At safepoint: 22269 ns, Total: 249966 ns
[2020-11-10T02:50:28.726+0000][6][safepoint   ] Safepoint "ICBufferFull", Time since last: 3899835 ns, Reaching safepoint: 142266 ns, At safepoint: 2946 ns, Total: 145212 ns
[2020-11-10T02:50:28.739+0000][6][safepoint   ] Safepoint "ICBufferFull", Time since last: 11706408 ns, Reaching safepoint: 1804762 ns, At safepoint: 14405 ns, Total: 1819167 ns
[2020-11-10T02:50:28.754+0000][6][safepoint   ] Safepoint "ICBufferFull", Time since last: 14419047 ns, Reaching safepoint: 188564 ns, At safepoint: 8587 ns, Total: 197151 ns
[2020-11-10T02:50:28.766+0000][6][safepoint   ] Safepoint "ICBufferFull", Time since last: 11581778 ns, Reaching safepoint: 198469 ns, At safepoint: 3221 ns, Total: 201690 ns
[2020-11-10T02:50:28.772+0000][6][safepoint   ] Safepoint "ICBufferFull", Time since last: 6297765 ns, Reaching safepoint: 243507 ns, At safepoint: 3545 ns, Total: 247052 ns
[2020-11-10T02:50:28.777+0000][6][safepoint   ] Safepoint "ICBufferFull", Time since last: 2201735 ns, Reaching safepoint: 2825271 ns, At safepoint: 24361 ns, Total: 2849632 ns
[2020-11-10T02:50:28.779+0000][6][safepoint   ] Safepoint "ICBufferFull", Time since last: 2135603 ns, Reaching safepoint: 106370 ns, At safepoint: 20722 ns, Total: 127092 ns
[2020-11-10T02:50:29.535+0000][6][safepoint   ] Safepoint "ICBufferFull", Time since last: 751787684 ns, Reaching safepoint: 3305130 ns, At safepoint: 35646 ns, Total: 3340776 ns
[2020-11-10T02:50:29.889+0000][6][gc,start    ] GC(2) Pause Young (Normal) (G1 Evacuation Pause)
[2020-11-10T02:50:29.891+0000][6][gc,task     ] GC(2) Using 8 workers of 8 for evacuation
[2020-11-10T02:50:29.892+0000][6][gc,age      ] GC(2) Desired survivor size 20447232 bytes, new threshold 15 (max threshold 15)
[2020-11-10T02:50:29.911+0000][6][gc,age      ] GC(2) Age table with threshold 15 (max threshold 15)
[2020-11-10T02:50:29.912+0000][6][gc,age      ] GC(2) - age   1:    7180648 bytes,    7180648 total
[2020-11-10T02:50:29.913+0000][6][gc,age      ] GC(2) - age   2:    2350288 bytes,    9530936 total
[2020-11-10T02:50:29.914+0000][6][gc,phases   ] GC(2)   Pre Evacuate Collection Set: 1.0ms
[2020-11-10T02:50:29.915+0000][6][gc,phases   ] GC(2)   Merge Heap Roots: 0.4ms
[2020-11-10T02:50:29.916+0000][6][gc,phases   ] GC(2)   Evacuate Collection Set: 10.8ms
[2020-11-10T02:50:29.917+0000][6][gc,phases   ] GC(2)   Post Evacuate Collection Set: 6.3ms
[2020-11-10T02:50:29.917+0000][6][gc,phases   ] GC(2)   Other: 6.7ms
[2020-11-10T02:50:29.922+0000][6][gc,heap     ] GC(2) Eden regions: 304->0(297)
[2020-11-10T02:50:29.924+0000][6][gc,heap     ] GC(2) Survivor regions: 3->10(39)
[2020-11-10T02:50:29.925+0000][6][gc,heap     ] GC(2) Old regions: 4->4
[2020-11-10T02:50:29.929+0000][6][gc,heap     ] GC(2) Archive regions: 2->2
[2020-11-10T02:50:29.931+0000][6][gc,heap     ] GC(2) Humongous regions: 2->1
[2020-11-10T02:50:29.935+0000][6][gc,metaspace] GC(2) Metaspace: 18044K(18816K)->18044K(18816K) NonClass: 15845K(16384K)->15845K(16384K) Class: 2198K(2432K)->2198K(2432K)
[2020-11-10T02:50:29.937+0000][6][gc          ] GC(2) Pause Young (Normal) (G1 Evacuation Pause) 312M->14M(512M) 48.122ms
[2020-11-10T02:50:29.941+0000][6][gc,cpu      ] GC(2) User=0.04s Sys=0.01s Real=0.05s
[2020-11-10T02:50:29.944+0000][6][safepoint   ] Safepoint "G1CollectForAllocation", Time since last: 354503032 ns, Reaching safepoint: 167077 ns, At safepoint: 55135414 ns, Total: 55302491 ns
[2020-11-10T02:50:30.953+0000][6][safepoint   ] Safepoint "Cleanup", Time since last: 1004974157 ns, Reaching safepoint: 3464157 ns, At safepoint: 122678 ns, Total: 3586835 ns
[2020-11-10T02:50:31.039+0000][6][gc,start    ] GC(3) Pause Young (Normal) (G1 Evacuation Pause)
[2020-11-10T02:50:31.040+0000][6][gc,task     ] GC(3) Using 8 workers of 8 for evacuation
[2020-11-10T02:50:31.040+0000][6][gc,age      ] GC(3) Desired survivor size 20447232 bytes, new threshold 15 (max threshold 15)
[2020-11-10T02:50:31.060+0000][6][gc,age      ] GC(3) Age table with threshold 15 (max threshold 15)
[2020-11-10T02:50:31.061+0000][6][gc,age      ] GC(3) - age   1:    3206016 bytes,    3206016 total
[2020-11-10T02:50:31.062+0000][6][gc,age      ] GC(3) - age   2:    6220704 bytes,    9426720 total
[2020-11-10T02:50:31.062+0000][6][gc,age      ] GC(3) - age   3:    2350288 bytes,   11777008 total
[2020-11-10T02:50:31.063+0000][6][gc,phases   ] GC(3)   Pre Evacuate Collection Set: 0.3ms
[2020-11-10T02:50:31.063+0000][6][gc,phases   ] GC(3)   Merge Heap Roots: 0.1ms
[2020-11-10T02:50:31.065+0000][6][gc,phases   ] GC(3)   Evacuate Collection Set: 17.9ms
[2020-11-10T02:50:31.065+0000][6][gc,phases   ] GC(3)   Post Evacuate Collection Set: 1.1ms
[2020-11-10T02:50:31.066+0000][6][gc,phases   ] GC(3)   Other: 4.7ms
[2020-11-10T02:50:31.066+0000][6][gc,heap     ] GC(3) Eden regions: 297->0(294)
[2020-11-10T02:50:31.067+0000][6][gc,heap     ] GC(3) Survivor regions: 10->13(39)
[2020-11-10T02:50:31.067+0000][6][gc,heap     ] GC(3) Old regions: 4->4
[2020-11-10T02:50:31.069+0000][6][gc,heap     ] GC(3) Archive regions: 2->2
[2020-11-10T02:50:31.069+0000][6][gc,heap     ] GC(3) Humongous regions: 1->1
[2020-11-10T02:50:31.070+0000][6][gc,metaspace] GC(3) Metaspace: 19541K(20480K)->19541K(20480K) NonClass: 17195K(17920K)->17195K(17920K) Class: 2345K(2560K)->2345K(2560K)
[2020-11-10T02:50:31.070+0000][6][gc          ] GC(3) Pause Young (Normal) (G1 Evacuation Pause) 311M->17M(512M) 31.498ms
[2020-11-10T02:50:31.071+0000][6][gc,cpu      ] GC(3) User=0.06s Sys=0.01s Real=0.04s
[2020-11-10T02:50:31.071+0000][6][safepoint   ] Safepoint "G1CollectForAllocation", Time since last: 85610059 ns, Reaching safepoint: 137682 ns, At safepoint: 32616751 ns, Total: 32754433 ns
[2020-11-10T02:50:31.972+0000][6][gc,start    ] GC(4) Pause Young (Normal) (G1 Evacuation Pause)
[2020-11-10T02:50:31.973+0000][6][gc,task     ] GC(4) Using 8 workers of 8 for evacuation
[2020-11-10T02:50:31.973+0000][6][gc,age      ] GC(4) Desired survivor size 20447232 bytes, new threshold 15 (max threshold 15)
[2020-11-10T02:50:31.995+0000][6][gc,age      ] GC(4) Age table with threshold 15 (max threshold 15)
[2020-11-10T02:50:32.000+0000][6][gc,age      ] GC(4) - age   1:    2855800 bytes,    2855800 total
[2020-11-10T02:50:32.001+0000][6][gc,age      ] GC(4) - age   2:    2336216 bytes,    5192016 total
[2020-11-10T02:50:32.002+0000][6][gc,age      ] GC(4) - age   3:    6219368 bytes,   11411384 total
[2020-11-10T02:50:32.002+0000][6][gc,age      ] GC(4) - age   4:    2350144 bytes,   13761528 total
[2020-11-10T02:50:32.003+0000][6][gc,phases   ] GC(4)   Pre Evacuate Collection Set: 0.3ms
[2020-11-10T02:50:32.003+0000][6][gc,phases   ] GC(4)   Merge Heap Roots: 0.1ms
[2020-11-10T02:50:32.004+0000][6][gc,phases   ] GC(4)   Evacuate Collection Set: 19.8ms
[2020-11-10T02:50:32.004+0000][6][gc,phases   ] GC(4)   Post Evacuate Collection Set: 1.1ms
[2020-11-10T02:50:32.005+0000][6][gc,phases   ] GC(4)   Other: 9.7ms
[2020-11-10T02:50:32.005+0000][6][gc,heap     ] GC(4) Eden regions: 294->0(293)
[2020-11-10T02:50:32.006+0000][6][gc,heap     ] GC(4) Survivor regions: 13->14(39)
[2020-11-10T02:50:32.006+0000][6][gc,heap     ] GC(4) Old regions: 4->4
[2020-11-10T02:50:32.010+0000][6][gc,heap     ] GC(4) Archive regions: 2->2
[2020-11-10T02:50:32.011+0000][6][gc,heap     ] GC(4) Humongous regions: 1->1
[2020-11-10T02:50:32.011+0000][6][gc,metaspace] GC(4) Metaspace: 20135K(21296K)->20135K(21296K) NonClass: 17696K(18608K)->17696K(18608K) Class: 2438K(2688K)->2438K(2688K)
[2020-11-10T02:50:32.012+0000][6][gc          ] GC(4) Pause Young (Normal) (G1 Evacuation Pause) 311M->19M(512M) 40.347ms
[2020-11-10T02:50:32.012+0000][6][gc,cpu      ] GC(4) User=0.02s Sys=0.00s Real=0.04s
[2020-11-10T02:50:32.013+0000][6][safepoint   ] Safepoint "G1CollectForAllocation", Time since last: 898836924 ns, Reaching safepoint: 1566294 ns, At safepoint: 41473967 ns, Total: 43040261 ns
[2020-11-10T02:50:32.053+0000][6][gc,start    ] GC(5) Pause Young (Concurrent Start) (Metadata GC Threshold)
[2020-11-10T02:50:32.054+0000][6][gc,task     ] GC(5) Using 8 workers of 8 for evacuation
[2020-11-10T02:50:32.055+0000][6][gc,age      ] GC(5) Desired survivor size 20447232 bytes, new threshold 15 (max threshold 15)
[2020-11-10T02:50:32.078+0000][6][gc,age      ] GC(5) Age table with threshold 15 (max threshold 15)
[2020-11-10T02:50:32.079+0000][6][gc,age      ] GC(5) - age   1:     450424 bytes,     450424 total
[2020-11-10T02:50:32.079+0000][6][gc,age      ] GC(5) - age   2:    1905328 bytes,    2355752 total
[2020-11-10T02:50:32.080+0000][6][gc,age      ] GC(5) - age   3:    2336216 bytes,    4691968 total
[2020-11-10T02:50:32.080+0000][6][gc,age      ] GC(5) - age   4:    6219368 bytes,   10911336 total
[2020-11-10T02:50:32.081+0000][6][gc,age      ] GC(5) - age   5:    2350144 bytes,   13261480 total
[2020-11-10T02:50:32.082+0000][6][gc,phases   ] GC(5)   Pre Evacuate Collection Set: 0.4ms
[2020-11-10T02:50:32.082+0000][6][gc,phases   ] GC(5)   Merge Heap Roots: 0.1ms
[2020-11-10T02:50:32.083+0000][6][gc,phases   ] GC(5)   Evacuate Collection Set: 19.6ms
[2020-11-10T02:50:32.083+0000][6][gc,phases   ] GC(5)   Post Evacuate Collection Set: 2.4ms
[2020-11-10T02:50:32.084+0000][6][gc,phases   ] GC(5)   Other: 5.6ms
[2020-11-10T02:50:32.084+0000][6][gc,heap     ] GC(5) Eden regions: 19->0(293)
[2020-11-10T02:50:32.085+0000][6][gc,heap     ] GC(5) Survivor regions: 14->14(39)
[2020-11-10T02:50:32.085+0000][6][gc,heap     ] GC(5) Old regions: 4->4
[2020-11-10T02:50:32.086+0000][6][gc,heap     ] GC(5) Archive regions: 2->2
[2020-11-10T02:50:32.086+0000][6][gc,heap     ] GC(5) Humongous regions: 1->1
[2020-11-10T02:50:32.087+0000][6][gc,metaspace] GC(5) Metaspace: 20136K(21296K)->20136K(21296K) NonClass: 17698K(18608K)->17698K(18608K) Class: 2438K(2688K)->2438K(2688K)
[2020-11-10T02:50:32.087+0000][6][gc          ] GC(5) Pause Young (Concurrent Start) (Metadata GC Threshold) 37M->18M(512M) 33.723ms
[2020-11-10T02:50:32.088+0000][6][gc,cpu      ] GC(5) User=0.02s Sys=0.00s Real=0.03s
[2020-11-10T02:50:32.089+0000][6][safepoint   ] Safepoint "CollectForMetadataAllocation", Time since last: 38943562 ns, Reaching safepoint: 1362718 ns, At safepoint: 35107327 ns, Total: 36470045 ns
[2020-11-10T02:50:32.089+0000][6][gc          ] GC(6) Concurrent Cycle
[2020-11-10T02:50:32.094+0000][6][gc,marking  ] GC(6) Concurrent Clear Claimed Marks
[2020-11-10T02:50:32.094+0000][6][gc,marking  ] GC(6) Concurrent Clear Claimed Marks 0.562ms
[2020-11-10T02:50:32.095+0000][6][gc,marking  ] GC(6) Concurrent Scan Root Regions
[2020-11-10T02:50:32.101+0000][6][gc,marking  ] GC(6) Concurrent Scan Root Regions 6.359ms
[2020-11-10T02:50:32.102+0000][6][gc,marking  ] GC(6) Concurrent Mark (6.642s)
[2020-11-10T02:50:32.102+0000][6][gc,marking  ] GC(6) Concurrent Mark From Roots
[2020-11-10T02:50:32.103+0000][6][gc,task     ] GC(6) Using 2 workers of 2 for marking
[2020-11-10T02:50:32.135+0000][6][gc,marking  ] GC(6) Concurrent Mark From Roots 32.603ms
[2020-11-10T02:50:32.136+0000][6][gc,marking  ] GC(6) Concurrent Preclean
[2020-11-10T02:50:32.137+0000][6][gc,marking  ] GC(6) Concurrent Preclean 0.848ms
[2020-11-10T02:50:32.137+0000][6][gc,marking  ] GC(6) Concurrent Mark (6.642s, 6.677s) 35.397ms
[2020-11-10T02:50:32.143+0000][6][gc,start    ] GC(6) Pause Remark
[2020-11-10T02:50:32.149+0000][6][gc          ] GC(6) Pause Remark 34M->34M(512M) 6.658ms
[2020-11-10T02:50:32.150+0000][6][gc,cpu      ] GC(6) User=0.01s Sys=0.00s Real=0.01s
[2020-11-10T02:50:32.151+0000][6][safepoint   ] Safepoint "G1Concurrent", Time since last: 49308406 ns, Reaching safepoint: 4753480 ns, At safepoint: 8171886 ns, Total: 12925366 ns
[2020-11-10T02:50:32.151+0000][6][gc,marking  ] GC(6) Concurrent Rebuild Remembered Sets
[2020-11-10T02:50:32.155+0000][6][gc,marking  ] GC(6) Concurrent Rebuild Remembered Sets 3.715ms
[2020-11-10T02:50:32.157+0000][6][gc,start    ] GC(6) Pause Cleanup
[2020-11-10T02:50:32.159+0000][6][gc          ] GC(6) Pause Cleanup 35M->35M(512M) 1.911ms
[2020-11-10T02:50:32.159+0000][6][gc,cpu      ] GC(6) User=0.00s Sys=0.00s Real=0.01s
[2020-11-10T02:50:32.160+0000][6][safepoint   ] Safepoint "G1Concurrent", Time since last: 5098174 ns, Reaching safepoint: 672302 ns, At safepoint: 3244218 ns, Total: 3916520 ns
[2020-11-10T02:50:32.161+0000][6][gc,marking  ] GC(6) Concurrent Cleanup for Next Mark
[2020-11-10T02:50:32.166+0000][6][gc,marking  ] GC(6) Concurrent Cleanup for Next Mark 5.538ms
[2020-11-10T02:50:32.167+0000][6][gc          ] GC(6) Concurrent Cycle 78.012ms
[2020-11-10T02:50:33.161+0000][6][safepoint   ] Safepoint "Cleanup", Time since last: 1000707208 ns, Reaching safepoint: 218696 ns, At safepoint: 53826 ns, Total: 272522 ns
[2020-11-10T02:50:33.371+0000][6][gc,start    ] GC(7) Pause Young (Normal) (G1 Evacuation Pause)
[2020-11-10T02:50:33.372+0000][6][gc,task     ] GC(7) Using 8 workers of 8 for evacuation
[2020-11-10T02:50:33.373+0000][6][gc,age      ] GC(7) Desired survivor size 20447232 bytes, new threshold 15 (max threshold 15)
[2020-11-10T02:50:33.390+0000][6][gc,age      ] GC(7) Age table with threshold 15 (max threshold 15)
[2020-11-10T02:50:33.395+0000][6][gc,age      ] GC(7) - age   1:    1588392 bytes,    1588392 total
[2020-11-10T02:50:33.396+0000][6][gc,age      ] GC(7) - age   2:     386408 bytes,    1974800 total
[2020-11-10T02:50:33.397+0000][6][gc,age      ] GC(7) - age   3:    1890304 bytes,    3865104 total
[2020-11-10T02:50:33.398+0000][6][gc,age      ] GC(7) - age   4:    2324160 bytes,    6189264 total
[2020-11-10T02:50:33.398+0000][6][gc,age      ] GC(7) - age   5:    6176168 bytes,   12365432 total
[2020-11-10T02:50:33.399+0000][6][gc,age      ] GC(7) - age   6:    2326064 bytes,   14691496 total
[2020-11-10T02:50:33.399+0000][6][gc,phases   ] GC(7)   Pre Evacuate Collection Set: 2.8ms
[2020-11-10T02:50:33.400+0000][6][gc,phases   ] GC(7)   Merge Heap Roots: 0.1ms
[2020-11-10T02:50:33.400+0000][6][gc,phases   ] GC(7)   Evacuate Collection Set: 13.0ms
[2020-11-10T02:50:33.401+0000][6][gc,phases   ] GC(7)   Post Evacuate Collection Set: 1.0ms
[2020-11-10T02:50:33.401+0000][6][gc,phases   ] GC(7)   Other: 11.3ms
[2020-11-10T02:50:33.402+0000][6][gc,heap     ] GC(7) Eden regions: 293->0(291)
[2020-11-10T02:50:33.402+0000][6][gc,heap     ] GC(7) Survivor regions: 14->16(39)
[2020-11-10T02:50:33.403+0000][6][gc,heap     ] GC(7) Old regions: 4->4
[2020-11-10T02:50:33.404+0000][6][gc,heap     ] GC(7) Archive regions: 2->2
[2020-11-10T02:50:33.404+0000][6][gc,heap     ] GC(7) Humongous regions: 1->1
[2020-11-10T02:50:33.405+0000][6][gc,metaspace] GC(7) Metaspace: 23974K(25392K)->23974K(25392K) NonClass: 21051K(22192K)->21051K(22192K) Class: 2922K(3200K)->2922K(3200K)
[2020-11-10T02:50:33.406+0000][6][gc          ] GC(7) Pause Young (Normal) (G1 Evacuation Pause) 311M->20M(512M) 34.441ms
[2020-11-10T02:50:33.406+0000][6][gc,cpu      ] GC(7) User=0.03s Sys=0.00s Real=0.03s
[2020-11-10T02:50:33.407+0000][6][safepoint   ] Safepoint "G1CollectForAllocation", Time since last: 206261736 ns, Reaching safepoint: 4033657 ns, At safepoint: 35570343 ns, Total: 39604000 ns
[2020-11-10T02:50:34.413+0000][6][safepoint   ] Safepoint "ICBufferFull", Time since last: 1006400051 ns, Reaching safepoint: 281731 ns, At safepoint: 20046 ns, Total: 301777 ns
[2020-11-10T02:50:34.928+0000][6][safepoint   ] Safepoint "ICBufferFull", Time since last: 513929011 ns, Reaching safepoint: 210075 ns, At safepoint: 3078 ns, Total: 213153 ns
[2020-11-10T02:50:36.701+0000][6][safepoint   ] Safepoint "Cleanup", Time since last: 1789554460 ns, Reaching safepoint: 4987676 ns, At safepoint: 25348 ns, Total: 5013024 ns
[2020-11-10T02:50:37.034+0000][6][gc,start    ] GC(8) Pause Young (Concurrent Start) (Metadata GC Threshold)
[2020-11-10T02:50:37.034+0000][6][gc,task     ] GC(8) Using 8 workers of 8 for evacuation
[2020-11-10T02:50:37.035+0000][6][gc,age      ] GC(8) Desired survivor size 20447232 bytes, new threshold 15 (max threshold 15)
[2020-11-10T02:50:37.141+0000][6][gc,age      ] GC(8) Age table with threshold 15 (max threshold 15)
[2020-11-10T02:50:37.143+0000][6][gc,age      ] GC(8) - age   1:   25669200 bytes,   25669200 total
[2020-11-10T02:50:37.143+0000][6][gc,age      ] GC(8) - age   2:    1535088 bytes,   27204288 total
[2020-11-10T02:50:37.144+0000][6][gc,age      ] GC(8) - age   3:     384376 bytes,   27588664 total
[2020-11-10T02:50:37.145+0000][6][gc,age      ] GC(8) - age   4:    1889064 bytes,   29477728 total
[2020-11-10T02:50:37.145+0000][6][gc,age      ] GC(8) - age   5:    2309320 bytes,   31787048 total
[2020-11-10T02:50:37.146+0000][6][gc,age      ] GC(8) - age   6:    6144352 bytes,   37931400 total
[2020-11-10T02:50:37.146+0000][6][gc,age      ] GC(8) - age   7:    2319968 bytes,   40251368 total
[2020-11-10T02:50:37.148+0000][6][gc,phases   ] GC(8)   Pre Evacuate Collection Set: 0.3ms
[2020-11-10T02:50:37.151+0000][6][gc,phases   ] GC(8)   Merge Heap Roots: 0.1ms
[2020-11-10T02:50:37.154+0000][6][gc,phases   ] GC(8)   Evacuate Collection Set: 77.4ms
[2020-11-10T02:50:37.156+0000][6][gc,phases   ] GC(8)   Post Evacuate Collection Set: 27.9ms
[2020-11-10T02:50:37.160+0000][6][gc,phases   ] GC(8)   Other: 8.9ms
[2020-11-10T02:50:37.161+0000][6][gc,heap     ] GC(8) Eden regions: 226->0(268)
[2020-11-10T02:50:37.164+0000][6][gc,heap     ] GC(8) Survivor regions: 16->39(39)
[2020-11-10T02:50:37.166+0000][6][gc,heap     ] GC(8) Old regions: 4->9
[2020-11-10T02:50:37.167+0000][6][gc,heap     ] GC(8) Archive regions: 2->2
[2020-11-10T02:50:37.167+0000][6][gc,heap     ] GC(8) Humongous regions: 1->1
[2020-11-10T02:50:37.168+0000][6][gc,metaspace] GC(8) Metaspace: 33565K(35888K)->33565K(35888K) NonClass: 29259K(30896K)->29259K(30896K) Class: 4305K(4992K)->4305K(4992K)
[2020-11-10T02:50:37.169+0000][6][gc          ] GC(8) Pause Young (Concurrent Start) (Metadata GC Threshold) 245M->49M(512M) 135.197ms
[2020-11-10T02:50:37.169+0000][6][gc,cpu      ] GC(8) User=0.17s Sys=0.00s Real=0.14s
[2020-11-10T02:50:37.171+0000][6][safepoint   ] Safepoint "CollectForMetadataAllocation", Time since last: 331787104 ns, Reaching safepoint: 793029 ns, At safepoint: 137222481 ns, Total: 138015510 ns
[2020-11-10T02:50:37.171+0000][6][gc          ] GC(9) Concurrent Cycle
[2020-11-10T02:50:37.177+0000][6][gc,marking  ] GC(9) Concurrent Clear Claimed Marks
[2020-11-10T02:50:37.180+0000][6][gc,marking  ] GC(9) Concurrent Clear Claimed Marks 3.245ms
[2020-11-10T02:50:37.184+0000][6][gc,marking  ] GC(9) Concurrent Scan Root Regions
[2020-11-10T02:50:37.218+0000][6][safepoint   ] Safepoint "CollectForMetadataAllocation", Time since last: 46752072 ns, Reaching safepoint: 162967 ns, At safepoint: 290741 ns, Total: 453708 ns
[2020-11-10T02:50:37.228+0000][6][gc,marking  ] GC(9) Concurrent Scan Root Regions 44.555ms
[2020-11-10T02:50:37.229+0000][6][gc,marking  ] GC(9) Concurrent Mark (11.790s)
[2020-11-10T02:50:37.234+0000][6][gc,marking  ] GC(9) Concurrent Mark From Roots
[2020-11-10T02:50:37.236+0000][6][gc,task     ] GC(9) Using 2 workers of 2 for marking
[2020-11-10T02:50:37.255+0000][6][gc,marking  ] GC(9) Concurrent Mark From Roots 21.039ms
[2020-11-10T02:50:37.259+0000][6][gc,marking  ] GC(9) Concurrent Preclean
[2020-11-10T02:50:37.263+0000][6][gc,marking  ] GC(9) Concurrent Preclean 4.128ms
[2020-11-10T02:50:37.267+0000][6][gc,marking  ] GC(9) Concurrent Mark (11.790s, 11.828s) 37.601ms
[2020-11-10T02:50:37.279+0000][6][gc,start    ] GC(9) Pause Remark
[2020-11-10T02:50:37.302+0000][6][gc          ] GC(9) Pause Remark 51M->51M(512M) 22.457ms
[2020-11-10T02:50:37.303+0000][6][gc,cpu      ] GC(9) User=0.03s Sys=0.00s Real=0.02s
[2020-11-10T02:50:37.304+0000][6][safepoint   ] Safepoint "G1Concurrent", Time since last: 54980063 ns, Reaching safepoint: 6153187 ns, At safepoint: 24485606 ns, Total: 30638793 ns
[2020-11-10T02:50:37.307+0000][6][gc,marking  ] GC(9) Concurrent Rebuild Remembered Sets
[2020-11-10T02:50:37.325+0000][6][gc,marking  ] GC(9) Concurrent Rebuild Remembered Sets 17.650ms
[2020-11-10T02:50:37.338+0000][6][gc,start    ] GC(9) Pause Cleanup
[2020-11-10T02:50:37.340+0000][6][gc          ] GC(9) Pause Cleanup 52M->52M(512M) 1.552ms
[2020-11-10T02:50:37.340+0000][6][gc,cpu      ] GC(9) User=0.00s Sys=0.00s Real=0.00s
[2020-11-10T02:50:37.341+0000][6][safepoint   ] Safepoint "G1Concurrent", Time since last: 26344317 ns, Reaching safepoint: 8301417 ns, At safepoint: 3080281 ns, Total: 11381698 ns
[2020-11-10T02:50:37.346+0000][6][gc,marking  ] GC(9) Concurrent Cleanup for Next Mark
[2020-11-10T02:50:37.351+0000][6][gc,marking  ] GC(9) Concurrent Cleanup for Next Mark 5.323ms
[2020-11-10T02:50:37.352+0000][6][gc          ] GC(9) Concurrent Cycle 181.434ms
[2020-11-10T02:50:38.342+0000][6][safepoint   ] Safepoint "Cleanup", Time since last: 1000885725 ns, Reaching safepoint: 213519 ns, At safepoint: 25764 ns, Total: 239283 ns
[2020-11-10T02:50:39.621+0000][6][safepoint   ] Safepoint "Cleanup", Time since last: 1272609386 ns, Reaching safepoint: 6367109 ns, At safepoint: 43713 ns, Total: 6410822 ns
[2020-11-10T02:50:40.793+0000][6][safepoint   ] Safepoint "ICBufferFull", Time since last: 1170637354 ns, Reaching safepoint: 1041229 ns, At safepoint: 62348 ns, Total: 1103577 ns
[2020-11-10T02:50:41.475+0000][6][safepoint   ] Safepoint "ICBufferFull", Time since last: 678744470 ns, Reaching safepoint: 3230302 ns, At safepoint: 6946 ns, Total: 3237248 ns
[2020-11-10T02:50:42.012+0000][6][gc,start    ] GC(10) Pause Young (Concurrent Start) (Metadata GC Threshold)
[2020-11-10T02:50:42.013+0000][6][gc,task     ] GC(10) Using 8 workers of 8 for evacuation
[2020-11-10T02:50:42.014+0000][6][gc,age      ] GC(10) Desired survivor size 20447232 bytes, new threshold 1 (max threshold 15)
[2020-11-10T02:50:42.070+0000][6][gc,age      ] GC(10) Age table with threshold 1 (max threshold 15)
[2020-11-10T02:50:42.071+0000][6][gc,age      ] GC(10) - age   1:   11453560 bytes,   11453560 total
[2020-11-10T02:50:42.072+0000][6][gc,phases   ] GC(10)   Pre Evacuate Collection Set: 0.4ms
[2020-11-10T02:50:42.072+0000][6][gc,phases   ] GC(10)   Merge Heap Roots: 0.4ms
[2020-11-10T02:50:42.073+0000][6][gc,phases   ] GC(10)   Evacuate Collection Set: 45.8ms
[2020-11-10T02:50:42.073+0000][6][gc,phases   ] GC(10)   Post Evacuate Collection Set: 9.3ms
[2020-11-10T02:50:42.074+0000][6][gc,phases   ] GC(10)   Other: 3.5ms
[2020-11-10T02:50:42.074+0000][6][gc,heap     ] GC(10) Eden regions: 255->0(277)
[2020-11-10T02:50:42.075+0000][6][gc,heap     ] GC(10) Survivor regions: 39->13(39)
[2020-11-10T02:50:42.075+0000][6][gc,heap     ] GC(10) Old regions: 9->48
[2020-11-10T02:50:42.076+0000][6][gc,heap     ] GC(10) Archive regions: 2->2
[2020-11-10T02:50:42.076+0000][6][gc,heap     ] GC(10) Humongous regions: 1->1
[2020-11-10T02:50:42.077+0000][6][gc,metaspace] GC(10) Metaspace: 58150K(60976K)->58150K(60976K) NonClass: 50326K(52272K)->50326K(52272K) Class: 7824K(8704K)->7824K(8704K)
[2020-11-10T02:50:42.077+0000][6][gc          ] GC(10) Pause Young (Concurrent Start) (Metadata GC Threshold) 304M->62M(512M) 64.943ms
[2020-11-10T02:50:42.078+0000][6][gc,cpu      ] GC(10) User=0.16s Sys=0.01s Real=0.07s
[2020-11-10T02:50:42.082+0000][6][safepoint   ] Safepoint "CollectForMetadataAllocation", Time since last: 536993195 ns, Reaching safepoint: 246979 ns, At safepoint: 69409595 ns, Total: 69656574 ns
[2020-11-10T02:50:42.082+0000][6][gc          ] GC(11) Concurrent Cycle
[2020-11-10T02:50:42.088+0000][6][gc,marking  ] GC(11) Concurrent Clear Claimed Marks
[2020-11-10T02:50:42.089+0000][6][gc,marking  ] GC(11) Concurrent Clear Claimed Marks 0.704ms
[2020-11-10T02:50:42.089+0000][6][gc,marking  ] GC(11) Concurrent Scan Root Regions
[2020-11-10T02:50:42.112+0000][6][safepoint   ] Safepoint "CollectForMetadataAllocation", Time since last: 29745634 ns, Reaching safepoint: 279550 ns, At safepoint: 212170 ns, Total: 491720 ns
[2020-11-10T02:50:42.136+0000][6][gc,marking  ] GC(11) Concurrent Scan Root Regions 47.130ms
[2020-11-10T02:50:42.137+0000][6][gc,marking  ] GC(11) Concurrent Mark (16.698s)
[2020-11-10T02:50:42.138+0000][6][gc,marking  ] GC(11) Concurrent Mark From Roots
[2020-11-10T02:50:42.138+0000][6][gc,task     ] GC(11) Using 2 workers of 2 for marking
[2020-11-10T02:50:42.156+0000][6][gc,marking  ] GC(11) Concurrent Mark From Roots 18.737ms
[2020-11-10T02:50:42.157+0000][6][gc,marking  ] GC(11) Concurrent Preclean
[2020-11-10T02:50:42.158+0000][6][gc,marking  ] GC(11) Concurrent Preclean 0.894ms
[2020-11-10T02:50:42.158+0000][6][gc,marking  ] GC(11) Concurrent Mark (16.698s, 16.719s) 21.308ms
[2020-11-10T02:50:42.160+0000][6][gc,start    ] GC(11) Pause Remark
[2020-11-10T02:50:42.164+0000][6][gc          ] GC(11) Pause Remark 67M->67M(512M) 4.797ms
[2020-11-10T02:50:42.165+0000][6][gc,cpu      ] GC(11) User=0.01s Sys=0.00s Real=0.00s
[2020-11-10T02:50:42.166+0000][6][safepoint   ] Safepoint "G1Concurrent", Time since last: 47079304 ns, Reaching safepoint: 431394 ns, At safepoint: 6284097 ns, Total: 6715491 ns
[2020-11-10T02:50:42.166+0000][6][gc,marking  ] GC(11) Concurrent Rebuild Remembered Sets
[2020-11-10T02:50:42.220+0000][6][gc,marking  ] GC(11) Concurrent Rebuild Remembered Sets 53.593ms
[2020-11-10T02:50:42.227+0000][6][gc,start    ] GC(11) Pause Cleanup
[2020-11-10T02:50:42.228+0000][6][gc          ] GC(11) Pause Cleanup 70M->70M(512M) 1.070ms
[2020-11-10T02:50:42.229+0000][6][gc,cpu      ] GC(11) User=0.00s Sys=0.00s Real=0.01s
[2020-11-10T02:50:42.229+0000][6][safepoint   ] Safepoint "G1Concurrent", Time since last: 55127688 ns, Reaching safepoint: 5842798 ns, At safepoint: 2641811 ns, Total: 8484609 ns
[2020-11-10T02:50:42.230+0000][6][gc,marking  ] GC(11) Concurrent Cleanup for Next Mark
[2020-11-10T02:50:42.232+0000][6][gc,marking  ] GC(11) Concurrent Cleanup for Next Mark 1.691ms
[2020-11-10T02:50:42.232+0000][6][gc          ] GC(11) Concurrent Cycle 150.329ms
[2020-11-10T02:50:43.450+0000][6][safepoint   ] Safepoint "Cleanup", Time since last: 1219487293 ns, Reaching safepoint: 1190743 ns, At safepoint: 19913 ns, Total: 1210656 ns
[2020-11-10T02:50:44.455+0000][6][safepoint   ] Safepoint "Cleanup", Time since last: 1004323699 ns, Reaching safepoint: 874290 ns, At safepoint: 24097 ns, Total: 898387 ns
[2020-11-10T02:50:44.956+0000][6][safepoint   ] Safepoint "ICBufferFull", Time since last: 500669556 ns, Reaching safepoint: 333272 ns, At safepoint: 32264 ns, Total: 365536 ns
[2020-11-10T02:50:45.773+0000][6][safepoint   ] Safepoint "ICBufferFull", Time since last: 815767562 ns, Reaching safepoint: 877159 ns, At safepoint: 44858 ns, Total: 922017 ns
[2020-11-10T02:50:46.437+0000][6][safepoint   ] Safepoint "ICBufferFull", Time since last: 663102403 ns, Reaching safepoint: 464667 ns, At safepoint: 11939 ns, Total: 476606 ns
[2020-11-10T02:50:47.263+0000][6][safepoint   ] Safepoint "ICBufferFull", Time since last: 825825325 ns, Reaching safepoint: 756113 ns, At safepoint: 63830 ns, Total: 819943 ns
[2020-11-10T02:50:48.266+0000][6][safepoint   ] Safepoint "Cleanup", Time since last: 1001792722 ns, Reaching safepoint: 1034432 ns, At safepoint: 35091 ns, Total: 1069523 ns
[2020-11-10T02:50:48.466+0000][6][gc,start    ] GC(12) Pause Young (Concurrent Start) (G1 Evacuation Pause)
[2020-11-10T02:50:48.467+0000][6][gc,task     ] GC(12) Using 8 workers of 8 for evacuation
[2020-11-10T02:50:48.468+0000][6][gc,age      ] GC(12) Desired survivor size 19398656 bytes, new threshold 15 (max threshold 15)
[2020-11-10T02:50:48.528+0000][6][gc,age      ] GC(12) Age table with threshold 15 (max threshold 15)
[2020-11-10T02:50:48.529+0000][6][gc,age      ] GC(12) - age   1:   13432000 bytes,   13432000 total
[2020-11-10T02:50:48.530+0000][6][gc,age      ] GC(12) - age   2:   11064952 bytes,   24496952 total
[2020-11-10T02:50:48.531+0000][6][gc,phases   ] GC(12)   Pre Evacuate Collection Set: 0.5ms
[2020-11-10T02:50:48.531+0000][6][gc,phases   ] GC(12)   Merge Heap Roots: 0.2ms
[2020-11-10T02:50:48.532+0000][6][gc,phases   ] GC(12)   Evacuate Collection Set: 46.7ms
[2020-11-10T02:50:48.532+0000][6][gc,phases   ] GC(12)   Post Evacuate Collection Set: 12.9ms
[2020-11-10T02:50:48.533+0000][6][gc,phases   ] GC(12)   Other: 4.3ms
[2020-11-10T02:50:48.535+0000][6][gc,heap     ] GC(12) Eden regions: 277->0(260)
[2020-11-10T02:50:48.537+0000][6][gc,heap     ] GC(12) Survivor regions: 13->25(37)
[2020-11-10T02:50:48.537+0000][6][gc,heap     ] GC(12) Old regions: 48->48
[2020-11-10T02:50:48.538+0000][6][gc,heap     ] GC(12) Archive regions: 2->2
[2020-11-10T02:50:48.539+0000][6][gc,heap     ] GC(12) Humongous regions: 7->7
[2020-11-10T02:50:48.539+0000][6][gc,metaspace] GC(12) Metaspace: 87523K(91464K)->87523K(91464K) NonClass: 75750K(78640K)->75750K(78640K) Class: 11772K(12824K)->11772K(12824K)
[2020-11-10T02:50:48.540+0000][6][gc          ] GC(12) Pause Young (Concurrent Start) (G1 Evacuation Pause) 345M->79M(512M) 74.027ms
[2020-11-10T02:50:48.540+0000][6][gc,cpu      ] GC(12) User=0.20s Sys=0.01s Real=0.08s
[2020-11-10T02:50:48.541+0000][6][gc          ] GC(13) Concurrent Cycle
[2020-11-10T02:50:48.542+0000][6][gc,marking  ] GC(13) Concurrent Clear Claimed Marks
[2020-11-10T02:50:48.543+0000][6][gc,marking  ] GC(13) Concurrent Clear Claimed Marks 0.581ms
[2020-11-10T02:50:48.543+0000][6][gc,marking  ] GC(13) Concurrent Scan Root Regions
[2020-11-10T02:50:48.541+0000][6][safepoint   ] Safepoint "G1CollectForAllocation", Time since last: 199465542 ns, Reaching safepoint: 309522 ns, At safepoint: 75235350 ns, Total: 75544872 ns
[2020-11-10T02:50:48.579+0000][6][gc,marking  ] GC(13) Concurrent Scan Root Regions 35.933ms
[2020-11-10T02:50:48.580+0000][6][gc,marking  ] GC(13) Concurrent Mark (23.141s)
[2020-11-10T02:50:48.581+0000][6][gc,marking  ] GC(13) Concurrent Mark From Roots
[2020-11-10T02:50:48.582+0000][6][gc,task     ] GC(13) Using 2 workers of 2 for marking
[2020-11-10T02:50:48.672+0000][6][gc,marking  ] GC(13) Concurrent Mark From Roots 91.423ms
[2020-11-10T02:50:48.673+0000][6][gc,marking  ] GC(13) Concurrent Preclean
[2020-11-10T02:50:48.675+0000][6][gc,marking  ] GC(13) Concurrent Preclean 2.816ms
[2020-11-10T02:50:48.678+0000][6][gc,marking  ] GC(13) Concurrent Mark (23.141s, 23.239s) 98.065ms
[2020-11-10T02:50:48.680+0000][6][gc,start    ] GC(13) Pause Remark
[2020-11-10T02:50:48.693+0000][6][gc          ] GC(13) Pause Remark 86M->86M(512M) 12.744ms
[2020-11-10T02:50:48.694+0000][6][gc,cpu      ] GC(13) User=0.03s Sys=0.00s Real=0.01s
[2020-11-10T02:50:48.695+0000][6][safepoint   ] Safepoint "G1Concurrent", Time since last: 138492091 ns, Reaching safepoint: 509257 ns, At safepoint: 14409976 ns, Total: 14919233 ns
[2020-11-10T02:50:48.696+0000][6][gc,marking  ] GC(13) Concurrent Rebuild Remembered Sets
[2020-11-10T02:50:48.764+0000][6][gc,marking  ] GC(13) Concurrent Rebuild Remembered Sets 67.980ms
[2020-11-10T02:50:48.766+0000][6][gc,start    ] GC(13) Pause Cleanup
[2020-11-10T02:50:48.767+0000][6][gc          ] GC(13) Pause Cleanup 88M->88M(512M) 1.002ms
[2020-11-10T02:50:48.767+0000][6][gc,cpu      ] GC(13) User=0.00s Sys=0.00s Real=0.00s
[2020-11-10T02:50:48.768+0000][6][safepoint   ] Safepoint "G1Concurrent", Time since last: 70375288 ns, Reaching safepoint: 610274 ns, At safepoint: 2606546 ns, Total: 3216820 ns
[2020-11-10T02:50:48.769+0000][6][gc,marking  ] GC(13) Concurrent Cleanup for Next Mark
[2020-11-10T02:50:48.771+0000][6][gc,marking  ] GC(13) Concurrent Cleanup for Next Mark 2.268ms
[2020-11-10T02:50:48.772+0000][6][gc          ] GC(13) Concurrent Cycle 230.836ms
[2020-11-10T02:50:49.769+0000][6][safepoint   ] Safepoint "Cleanup", Time since last: 1000618562 ns, Reaching safepoint: 231119 ns, At safepoint: 9302 ns, Total: 240421 ns
[2020-11-10T02:50:50.769+0000][6][safepoint   ] Safepoint "Cleanup", Time since last: 1000202119 ns, Reaching safepoint: 246389 ns, At safepoint: 7636 ns, Total: 254025 ns
[2020-11-10T02:50:51.777+0000][6][safepoint   ] Safepoint "Cleanup", Time since last: 1002560316 ns, Reaching safepoint: 4525382 ns, At safepoint: 73478 ns, Total: 4598860 ns
[2020-11-10T02:50:52.779+0000][6][safepoint   ] Safepoint "Cleanup", Time since last: 1001643402 ns, Reaching safepoint: 842791 ns, At safepoint: 53785 ns, Total: 896576 ns
[2020-11-10T02:50:53.780+0000][6][safepoint   ] Safepoint "Cleanup", Time since last: 1000926110 ns, Reaching safepoint: 139272 ns, At safepoint: 52412 ns, Total: 191684 ns
[2020-11-10T02:50:54.490+0000][6][safepoint   ] Safepoint "ICBufferFull", Time since last: 708653253 ns, Reaching safepoint: 1459650 ns, At safepoint: 81429 ns, Total: 1541079 ns
[2020-11-10T02:50:55.493+0000][6][safepoint   ] Safepoint "Cleanup", Time since last: 1002160346 ns, Reaching safepoint: 408160 ns, At safepoint: 24777 ns, Total: 432937 ns
[2020-11-10T02:50:56.494+0000][6][safepoint   ] Safepoint "Cleanup", Time since last: 1000900989 ns, Reaching safepoint: 223703 ns, At safepoint: 30544 ns, Total: 254247 ns
[2020-11-10T02:50:57.495+0000][6][safepoint   ] Safepoint "Cleanup", Time since last: 1000839665 ns, Reaching safepoint: 232865 ns, At safepoint: 25850 ns, Total: 258715 ns
[2020-11-10T02:50:58.496+0000][6][safepoint   ] Safepoint "Cleanup", Time since last: 1000777026 ns, Reaching safepoint: 210170 ns, At safepoint: 26064 ns, Total: 236234 ns
[2020-11-10T02:50:59.497+0000][6][safepoint   ] Safepoint "Cleanup", Time since last: 1000768548 ns, Reaching safepoint: 206762 ns, At safepoint: 17291 ns, Total: 224053 ns
[2020-11-10T02:51:00.498+0000][6][safepoint   ] Safepoint "Cleanup", Time since last: 1000173049 ns, Reaching safepoint: 388719 ns, At safepoint: 21990 ns, Total: 410709 ns
[2020-11-10T02:51:01.502+0000][6][safepoint   ] Safepoint "Cleanup", Time since last: 1004007445 ns, Reaching safepoint: 206532 ns, At safepoint: 5768 ns, Total: 212300 ns
[2020-11-10T02:51:02.502+0000][6][safepoint   ] Safepoint "Cleanup", Time since last: 1000127868 ns, Reaching safepoint: 126850 ns, At safepoint: 2266 ns, Total: 129116 ns
[2020-11-10T02:51:03.503+0000][6][safepoint   ] Safepoint "Cleanup", Time since last: 1000734181 ns, Reaching safepoint: 256731 ns, At safepoint: 12840 ns, Total: 269571 ns
[2020-11-10T02:51:04.505+0000][6][safepoint   ] Safepoint "Cleanup", Time since last: 1000923552 ns, Reaching safepoint: 190479 ns, At safepoint: 10152 ns, Total: 200631 ns
[2020-11-10T02:51:05.506+0000][6][safepoint   ] Safepoint "Cleanup", Time since last: 1000790056 ns, Reaching safepoint: 262960 ns, At safepoint: 27279 ns, Total: 290239 ns
[2020-11-10T02:51:06.486+0000][6][safepoint   ] Safepoint "Cleanup", Time since last: 1000894903 ns, Reaching safepoint: 235734 ns, At safepoint: 34839 ns, Total: 270573 ns
[2020-11-10T02:51:07.487+0000][6][safepoint   ] Safepoint "Cleanup", Time since last: 1000775646 ns, Reaching safepoint: 432790 ns, At safepoint: 13938 ns, Total: 446728 ns
[2020-11-10T02:51:08.488+0000][6][safepoint   ] Safepoint "Cleanup", Time since last: 1001034891 ns, Reaching safepoint: 278023 ns, At safepoint: 4890 ns, Total: 282913 ns
[2020-11-10T02:51:09.489+0000][6][safepoint   ] Safepoint "Cleanup", Time since last: 1000991635 ns, Reaching safepoint: 349763 ns, At safepoint: 22599 ns, Total: 372362 ns
[2020-11-10T02:51:10.491+0000][6][safepoint   ] Safepoint "Cleanup", Time since last: 1001332887 ns, Reaching safepoint: 203532 ns, At safepoint: 9281 ns, Total: 212813 ns
[2020-11-10T02:51:11.492+0000][6][safepoint   ] Safepoint "Cleanup", Time since last: 1000925310 ns, Reaching safepoint: 346309 ns, At safepoint: 40149 ns, Total: 386458 ns
[2020-11-10T02:51:12.494+0000][6][safepoint   ] Safepoint "Cleanup", Time since last: 1000892511 ns, Reaching safepoint: 450858 ns, At safepoint: 16169 ns, Total: 467027 ns
[2020-11-10T02:51:13.495+0000][6][safepoint   ] Safepoint "Cleanup", Time since last: 1000792014 ns, Reaching safepoint: 273216 ns, At safepoint: 11592 ns, Total: 284808 ns
[2020-11-10T02:51:14.496+0000][6][safepoint   ] Safepoint "Cleanup", Time since last: 1000833099 ns, Reaching safepoint: 272544 ns, At safepoint: 11568 ns, Total: 284112 ns
[2020-11-10T02:51:15.497+0000][6][safepoint   ] Safepoint "Cleanup", Time since last: 1000679444 ns, Reaching safepoint: 210035 ns, At safepoint: 18640 ns, Total: 228675 ns
[2020-11-10T02:51:17.498+0000][6][safepoint   ] Safepoint "Cleanup", Time since last: 2000703086 ns, Reaching safepoint: 308376 ns, At safepoint: 33685 ns, Total: 342061 ns
[2020-11-10T02:51:18.499+0000][6][safepoint   ] Safepoint "Cleanup", Time since last: 1001288360 ns, Reaching safepoint: 191763 ns, At safepoint: 5409 ns, Total: 197172 ns
[2020-11-10T02:51:19.501+0000][6][safepoint   ] Safepoint "Cleanup", Time since last: 1001141454 ns, Reaching safepoint: 289148 ns, At safepoint: 32494 ns, Total: 321642 ns
[2020-11-10T02:51:20.502+0000][6][safepoint   ] Safepoint "Cleanup", Time since last: 1000937879 ns, Reaching safepoint: 282210 ns, At safepoint: 34360 ns, Total: 316570 ns
[2020-11-10T02:51:21.503+0000][6][safepoint   ] Safepoint "Cleanup", Time since last: 1000819818 ns, Reaching safepoint: 230520 ns, At safepoint: 25939 ns, Total: 256459 ns
[2020-11-10T02:51:22.504+0000][6][safepoint   ] Safepoint "Cleanup", Time since last: 1000759820 ns, Reaching safepoint: 366874 ns, At safepoint: 42457 ns, Total: 409331 ns
[2020-11-10T02:51:24.506+0000][6][safepoint   ] Safepoint "Cleanup", Time since last: 2001250638 ns, Reaching safepoint: 267519 ns, At safepoint: 26938 ns, Total: 294457 ns
[2020-11-10T02:51:25.507+0000][6][safepoint   ] Safepoint "Cleanup", Time since last: 1000753452 ns, Reaching safepoint: 275876 ns, At safepoint: 22198 ns, Total: 298074 ns
[2020-11-10T02:51:27.508+0000][6][safepoint   ] Safepoint "Cleanup", Time since last: 2000672706 ns, Reaching safepoint: 275412 ns, At safepoint: 25307 ns, Total: 300719 ns
[2020-11-10T02:51:28.509+0000][6][safepoint   ] Safepoint "Cleanup", Time since last: 1000709041 ns, Reaching safepoint: 269770 ns, At safepoint: 5666 ns, Total: 275436 ns
[2020-11-10T02:51:29.510+0000][6][safepoint   ] Safepoint "Cleanup", Time since last: 1000623457 ns, Reaching safepoint: 262522 ns, At safepoint: 10365 ns, Total: 272887 ns
[2020-11-10T02:51:30.511+0000][6][safepoint   ] Safepoint "Cleanup", Time since last: 1000579342 ns, Reaching safepoint: 224812 ns, At safepoint: 37325 ns, Total: 262137 ns
[2020-11-10T02:51:31.512+0000][6][safepoint   ] Safepoint "Cleanup", Time since last: 1001323977 ns, Reaching safepoint: 216516 ns, At safepoint: 39569 ns, Total: 256085 ns
[2020-11-10T02:51:32.513+0000][6][safepoint   ] Safepoint "Cleanup", Time since last: 1000718024 ns, Reaching safepoint: 164602 ns, At safepoint: 4224 ns, Total: 168826 ns
[2020-11-10T02:51:33.513+0000][6][safepoint   ] Safepoint "Cleanup", Time since last: 1000108065 ns, Reaching safepoint: 284208 ns, At safepoint: 6170 ns, Total: 290378 ns
[2020-11-10T02:51:34.515+0000][6][safepoint   ] Safepoint "Cleanup", Time since last: 1000919273 ns, Reaching safepoint: 383026 ns, At safepoint: 8197 ns, Total: 391223 ns
[2020-11-10T02:51:36.495+0000][6][safepoint   ] Safepoint "Cleanup", Time since last: 2001035240 ns, Reaching safepoint: 216331 ns, At safepoint: 10081 ns, Total: 226412 ns
[2020-11-10T02:51:37.496+0000][6][safepoint   ] Safepoint "Cleanup", Time since last: 1000767363 ns, Reaching safepoint: 223516 ns, At safepoint: 7135 ns, Total: 230651 ns
[2020-11-10T02:51:38.497+0000][6][safepoint   ] Safepoint "Cleanup", Time since last: 1000782983 ns, Reaching safepoint: 224104 ns, At safepoint: 4029 ns, Total: 228133 ns
[2020-11-10T02:51:39.498+0000][6][safepoint   ] Safepoint "Cleanup", Time since last: 1000796527 ns, Reaching safepoint: 241910 ns, At safepoint: 21520 ns, Total: 263430 ns
[2020-11-10T02:51:40.499+0000][6][safepoint   ] Safepoint "Cleanup", Time since last: 1000729201 ns, Reaching safepoint: 344881 ns, At safepoint: 43458 ns, Total: 388339 ns
[2020-11-10T02:51:41.500+0000][6][safepoint   ] Safepoint "Cleanup", Time since last: 1001065021 ns, Reaching safepoint: 252173 ns, At safepoint: 24583 ns, Total: 276756 ns
[2020-11-10T02:51:42.501+0000][6][safepoint   ] Safepoint "Cleanup", Time since last: 1000701950 ns, Reaching safepoint: 235366 ns, At safepoint: 24783 ns, Total: 260149 ns
[2020-11-10T02:51:43.502+0000][6][safepoint   ] Safepoint "Cleanup", Time since last: 1000733285 ns, Reaching safepoint: 264521 ns, At safepoint: 12153 ns, Total: 276674 ns
[2020-11-10T02:51:45.504+0000][6][safepoint   ] Safepoint "Cleanup", Time since last: 2000876085 ns, Reaching safepoint: 284123 ns, At safepoint: 25235 ns, Total: 309358 ns
[2020-11-10T02:51:46.504+0000][6][safepoint   ] Safepoint "Cleanup", Time since last: 1000614966 ns, Reaching safepoint: 239437 ns, At safepoint: 18548 ns, Total: 257985 ns
[2020-11-10T02:51:47.505+0000][6][safepoint   ] Safepoint "Cleanup", Time since last: 1000272965 ns, Reaching safepoint: 173717 ns, At safepoint: 3352 ns, Total: 177069 ns
[2020-11-10T02:51:48.506+0000][6][safepoint   ] Safepoint "Cleanup", Time since last: 1000762257 ns, Reaching safepoint: 221713 ns, At safepoint: 25202 ns, Total: 246915 ns
[2020-11-10T02:51:50.507+0000][6][safepoint   ] Safepoint "Cleanup", Time since last: 2000772165 ns, Reaching safepoint: 206407 ns, At safepoint: 3834 ns, Total: 210241 ns
[2020-11-10T02:51:51.508+0000][6][safepoint   ] Safepoint "Cleanup", Time since last: 1000981998 ns, Reaching safepoint: 209763 ns, At safepoint: 23035 ns, Total: 232798 ns
[2020-11-10T02:51:52.509+0000][6][safepoint   ] Safepoint "Cleanup", Time since last: 1000681914 ns, Reaching safepoint: 234154 ns, At safepoint: 19271 ns, Total: 253425 ns
[2020-11-10T02:51:54.510+0000][6][safepoint   ] Safepoint "Cleanup", Time since last: 2000730222 ns, Reaching safepoint: 201864 ns, At safepoint: 23261 ns, Total: 225125 ns
[2020-11-10T02:51:55.511+0000][6][safepoint   ] Safepoint "Cleanup", Time since last: 1000748279 ns, Reaching safepoint: 297257 ns, At safepoint: 34705 ns, Total: 331962 ns
[2020-11-10T02:51:57.139+0000][6][gc,start    ] GC(14) Pause Young (Normal) (G1 Evacuation Pause)
[2020-11-10T02:51:57.139+0000][6][gc,task     ] GC(14) Using 8 workers of 8 for evacuation
[2020-11-10T02:51:57.140+0000][6][gc,age      ] GC(14) Desired survivor size 18874368 bytes, new threshold 2 (max threshold 15)
[2020-11-10T02:51:57.159+0000][6][gc,age      ] GC(14) Age table with threshold 2 (max threshold 15)
[2020-11-10T02:51:57.161+0000][6][gc,age      ] GC(14) - age   1:    8678712 bytes,    8678712 total
[2020-11-10T02:51:57.161+0000][6][gc,age      ] GC(14) - age   2:   12759016 bytes,   21437728 total
[2020-11-10T02:51:57.161+0000][6][gc,phases   ] GC(14)   Pre Evacuate Collection Set: 0.2ms
[2020-11-10T02:51:57.162+0000][6][gc,phases   ] GC(14)   Merge Heap Roots: 0.2ms
[2020-11-10T02:51:57.162+0000][6][gc,phases   ] GC(14)   Evacuate Collection Set: 16.1ms
[2020-11-10T02:51:57.163+0000][6][gc,phases   ] GC(14)   Post Evacuate Collection Set: 2.8ms
[2020-11-10T02:51:57.163+0000][6][gc,phases   ] GC(14)   Other: 3.4ms
[2020-11-10T02:51:57.163+0000][6][gc,heap     ] GC(14) Eden regions: 260->0(254)
[2020-11-10T02:51:57.164+0000][6][gc,heap     ] GC(14) Survivor regions: 25->23(36)
[2020-11-10T02:51:57.164+0000][6][gc,heap     ] GC(14) Old regions: 48->59
[2020-11-10T02:51:57.164+0000][6][gc,heap     ] GC(14) Archive regions: 2->2
[2020-11-10T02:51:57.165+0000][6][gc,heap     ] GC(14) Humongous regions: 17->7
[2020-11-10T02:51:57.165+0000][6][gc,metaspace] GC(14) Metaspace: 96929K(100936K)->96929K(100936K) NonClass: 83959K(86832K)->83959K(86832K) Class: 12969K(14104K)->12969K(14104K)
[2020-11-10T02:51:57.165+0000][6][gc          ] GC(14) Pause Young (Normal) (G1 Evacuation Pause) 349M->89M(512M) 26.640ms
[2020-11-10T02:51:57.166+0000][6][gc,cpu      ] GC(14) User=0.09s Sys=0.01s Real=0.03s
[2020-11-10T02:51:57.166+0000][6][safepoint   ] Safepoint "G1CollectForAllocation", Time since last: 1627404917 ns, Reaching safepoint: 264911 ns, At safepoint: 27565018 ns, Total: 27829929 ns
[2020-11-10T02:51:58.168+0000][6][safepoint   ] Safepoint "Cleanup", Time since last: 1001423774 ns, Reaching safepoint: 197510 ns, At safepoint: 24209 ns, Total: 221719 ns
[2020-11-10T02:51:59.169+0000][6][safepoint   ] Safepoint "Cleanup", Time since last: 1000431664 ns, Reaching safepoint: 351667 ns, At safepoint: 34531 ns, Total: 386198 ns
[2020-11-10T02:52:00.170+0000][6][safepoint   ] Safepoint "Cleanup", Time since last: 1000901288 ns, Reaching safepoint: 221215 ns, At safepoint: 23037 ns, Total: 244252 ns
[2020-11-10T02:52:01.171+0000][6][safepoint   ] Safepoint "Cleanup", Time since last: 1000717183 ns, Reaching safepoint: 234360 ns, At safepoint: 26305 ns, Total: 260665 ns
[2020-11-10T02:52:02.172+0000][6][safepoint   ] Safepoint "Cleanup", Time since last: 1000738340 ns, Reaching safepoint: 230897 ns, At safepoint: 25953 ns, Total: 256850 ns
[2020-11-10T02:52:03.173+0000][6][safepoint   ] Safepoint "Cleanup", Time since last: 1000821155 ns, Reaching safepoint: 212257 ns, At safepoint: 26792 ns, Total: 239049 ns
[2020-11-10T02:52:04.174+0000][6][safepoint   ] Safepoint "Cleanup", Time since last: 1000732876 ns, Reaching safepoint: 228643 ns, At safepoint: 27668 ns, Total: 256311 ns
[2020-11-10T02:52:06.175+0000][6][safepoint   ] Safepoint "Cleanup", Time since last: 2000853815 ns, Reaching safepoint: 313359 ns, At safepoint: 32105 ns, Total: 345464 ns
[2020-11-10T02:52:07.156+0000][6][safepoint   ] Safepoint "Cleanup", Time since last: 1000885024 ns, Reaching safepoint: 318424 ns, At safepoint: 372970 ns, Total: 691394 ns
[2020-11-10T02:52:09.168+0000][6][safepoint   ] Safepoint "Cleanup", Time since last: 2011093213 ns, Reaching safepoint: 901228 ns, At safepoint: 110469 ns, Total: 1011697 ns
[2020-11-10T02:52:12.169+0000][6][safepoint   ] Safepoint "Cleanup", Time since last: 3001118958 ns, Reaching safepoint: 608243 ns, At safepoint: 45969 ns, Total: 654212 ns
[2020-11-10T02:52:13.172+0000][6][safepoint   ] Safepoint "Cleanup", Time since last: 1001649899 ns, Reaching safepoint: 730200 ns, At safepoint: 49454 ns, Total: 779654 ns
[2020-11-10T02:52:14.173+0000][6][safepoint   ] Safepoint "Cleanup", Time since last: 1001181923 ns, Reaching safepoint: 372140 ns, At safepoint: 32425 ns, Total: 404565 ns
[2020-11-10T02:52:15.175+0000][6][safepoint   ] Safepoint "Cleanup", Time since last: 1001043245 ns, Reaching safepoint: 267325 ns, At safepoint: 27994 ns, Total: 295319 ns
[2020-11-10T02:52:16.176+0000][6][safepoint   ] Safepoint "Cleanup", Time since last: 1000767561 ns, Reaching safepoint: 352028 ns, At safepoint: 33346 ns, Total: 385374 ns
[2020-11-10T02:52:17.176+0000][6][safepoint   ] Safepoint "Cleanup", Time since last: 1000155726 ns, Reaching safepoint: 219326 ns, At safepoint: 6215 ns, Total: 225541 ns
[2020-11-10T02:52:18.178+0000][6][safepoint   ] Safepoint "Cleanup", Time since last: 1000886376 ns, Reaching safepoint: 305208 ns, At safepoint: 26070 ns, Total: 331278 ns
[2020-11-10T02:52:19.178+0000][6][safepoint   ] Safepoint "Cleanup", Time since last: 1000197383 ns, Reaching safepoint: 327998 ns, At safepoint: 12149 ns, Total: 340147 ns
[2020-11-10T02:52:20.180+0000][6][safepoint   ] Safepoint "Cleanup", Time since last: 1001172958 ns, Reaching safepoint: 312527 ns, At safepoint: 58003 ns, Total: 370530 ns
[2020-11-10T02:52:21.181+0000][6][safepoint   ] Safepoint "Cleanup", Time since last: 1000663106 ns, Reaching safepoint: 227401 ns, At safepoint: 14881 ns, Total: 242282 ns
[2020-11-10T02:52:22.181+0000][6][safepoint   ] Safepoint "Cleanup", Time since last: 1000473085 ns, Reaching safepoint: 232912 ns, At safepoint: 24793 ns, Total: 257705 ns
[2020-11-10T02:52:23.182+0000][6][safepoint   ] Safepoint "Cleanup", Time since last: 1000699813 ns, Reaching safepoint: 320133 ns, At safepoint: 139722 ns, Total: 459855 ns
[2020-11-10T02:52:24.183+0000][6][safepoint   ] Safepoint "Cleanup", Time since last: 1000714435 ns, Reaching safepoint: 281448 ns, At safepoint: 21294 ns, Total: 302742 ns
[2020-11-10T02:52:26.184+0000][6][safepoint   ] Safepoint "Cleanup", Time since last: 2000161752 ns, Reaching safepoint: 199870 ns, At safepoint: 5497 ns, Total: 205367 ns
[2020-11-10T02:52:27.185+0000][6][safepoint   ] Safepoint "Cleanup", Time since last: 1000532143 ns, Reaching safepoint: 255735 ns, At safepoint: 20282 ns, Total: 276017 ns
[2020-11-10T02:52:30.186+0000][6][safepoint   ] Safepoint "Cleanup", Time since last: 3000766823 ns, Reaching safepoint: 225481 ns, At safepoint: 23835 ns, Total: 249316 ns
[2020-11-10T02:52:32.187+0000][6][safepoint   ] Safepoint "Cleanup", Time since last: 2000820612 ns, Reaching safepoint: 201233 ns, At safepoint: 24803 ns, Total: 226036 ns
[2020-11-10T02:52:33.188+0000][6][safepoint   ] Safepoint "Cleanup", Time since last: 1000648166 ns, Reaching safepoint: 244626 ns, At safepoint: 39855 ns, Total: 284481 ns
[2020-11-10T02:52:34.189+0000][6][safepoint   ] Safepoint "Cleanup", Time since last: 1000869206 ns, Reaching safepoint: 262111 ns, At safepoint: 33395 ns, Total: 295506 ns
[2020-11-10T02:52:36.169+0000][6][safepoint   ] Safepoint "Cleanup", Time since last: 2000984052 ns, Reaching safepoint: 220592 ns, At safepoint: 22617 ns, Total: 243209 ns
[2020-11-10T02:52:37.170+0000][6][safepoint   ] Safepoint "Cleanup", Time since last: 1000746863 ns, Reaching safepoint: 214078 ns, At safepoint: 19373 ns, Total: 233451 ns
[2020-11-10T02:52:39.171+0000][6][safepoint   ] Safepoint "Cleanup", Time since last: 2000769446 ns, Reaching safepoint: 172956 ns, At safepoint: 16788 ns, Total: 189744 ns
[2020-11-10T02:52:40.172+0000][6][safepoint   ] Safepoint "Cleanup", Time since last: 1000668867 ns, Reaching safepoint: 244305 ns, At safepoint: 5320 ns, Total: 249625 ns
[2020-11-10T02:52:42.173+0000][6][safepoint   ] Safepoint "Cleanup", Time since last: 2000817953 ns, Reaching safepoint: 215297 ns, At safepoint: 22812 ns, Total: 238109 ns
[2020-11-10T02:52:45.174+0000][6][safepoint   ] Safepoint "Cleanup", Time since last: 3000887655 ns, Reaching safepoint: 300208 ns, At safepoint: 24577 ns, Total: 324785 ns
[2020-11-10T02:52:46.175+0000][6][safepoint   ] Safepoint "Cleanup", Time since last: 1000819809 ns, Reaching safepoint: 281788 ns, At safepoint: 38841 ns, Total: 320629 ns
[2020-11-10T02:52:47.176+0000][6][safepoint   ] Safepoint "Cleanup", Time since last: 1000308726 ns, Reaching safepoint: 273671 ns, At safepoint: 20391 ns, Total: 294062 ns
[2020-11-10T02:52:48.177+0000][6][safepoint   ] Safepoint "Cleanup", Time since last: 1000963752 ns, Reaching safepoint: 166355 ns, At safepoint: 3686 ns, Total: 170041 ns
[2020-11-10T02:52:49.178+0000][6][safepoint   ] Safepoint "Cleanup", Time since last: 1000807403 ns, Reaching safepoint: 194508 ns, At safepoint: 29595 ns, Total: 224103 ns
[2020-11-10T02:52:50.179+0000][6][safepoint   ] Safepoint "Cleanup", Time since last: 1000814768 ns, Reaching safepoint: 313818 ns, At safepoint: 26852 ns, Total: 340670 ns
[2020-11-10T02:52:51.179+0000][6][safepoint   ] Safepoint "Cleanup", Time since last: 1000246750 ns, Reaching safepoint: 190475 ns, At safepoint: 10289 ns, Total: 200764 ns
[2020-11-10T02:52:52.181+0000][6][safepoint   ] Safepoint "Cleanup", Time since last: 1000833222 ns, Reaching safepoint: 219896 ns, At safepoint: 42326 ns, Total: 262222 ns
[2020-11-10T02:52:53.181+0000][6][safepoint   ] Safepoint "Cleanup", Time since last: 1000200148 ns, Reaching safepoint: 261404 ns, At safepoint: 9219 ns, Total: 270623 ns
[2020-11-10T02:52:54.182+0000][6][safepoint   ] Safepoint "Cleanup", Time since last: 1001031534 ns, Reaching safepoint: 249993 ns, At safepoint: 10014 ns, Total: 260007 ns
[2020-11-10T02:52:55.183+0000][6][safepoint   ] Safepoint "Cleanup", Time since last: 1000609406 ns, Reaching safepoint: 278047 ns, At safepoint: 20712 ns, Total: 298759 ns
[2020-11-10T02:52:57.184+0000][6][safepoint   ] Safepoint "Cleanup", Time since last: 2000800723 ns, Reaching safepoint: 316263 ns, At safepoint: 50127 ns, Total: 366390 ns
[2020-11-10T02:53:00.186+0000][6][safepoint   ] Safepoint "Cleanup", Time since last: 3001047529 ns, Reaching safepoint: 198093 ns, At safepoint: 24075 ns, Total: 222168 ns
[2020-11-10T02:53:01.187+0000][6][safepoint   ] Safepoint "Cleanup", Time since last: 1000783141 ns, Reaching safepoint: 339690 ns, At safepoint: 33343 ns, Total: 373033 ns
[2020-11-10T02:53:02.188+0000][6][safepoint   ] Safepoint "Cleanup", Time since last: 1000856215 ns, Reaching safepoint: 175528 ns, At safepoint: 21487 ns, Total: 197015 ns
[2020-11-10T02:53:03.189+0000][6][safepoint   ] Safepoint "Cleanup", Time since last: 1000658103 ns, Reaching safepoint: 248234 ns, At safepoint: 28785 ns, Total: 277019 ns
[2020-11-10T02:53:04.190+0000][6][safepoint   ] Safepoint "Cleanup", Time since last: 1000747752 ns, Reaching safepoint: 224329 ns, At safepoint: 19317 ns, Total: 243646 ns
[2020-11-10T02:53:06.170+0000][6][safepoint   ] Safepoint "Cleanup", Time since last: 2000803319 ns, Reaching safepoint: 200207 ns, At safepoint: 22983 ns, Total: 223190 ns
[2020-11-10T02:53:09.171+0000][6][safepoint   ] Safepoint "Cleanup", Time since last: 3000759801 ns, Reaching safepoint: 169437 ns, At safepoint: 21176 ns, Total: 190613 ns
[2020-11-10T02:53:12.171+0000][6][safepoint   ] Safepoint "Cleanup", Time since last: 3000695185 ns, Reaching safepoint: 205281 ns, At safepoint: 23677 ns, Total: 228958 ns
[2020-11-10T02:53:15.172+0000][6][safepoint   ] Safepoint "Cleanup", Time since last: 3000725904 ns, Reaching safepoint: 150330 ns, At safepoint: 2416 ns, Total: 152746 ns
[2020-11-10T02:53:16.173+0000][6][safepoint   ] Safepoint "Cleanup", Time since last: 1000792709 ns, Reaching safepoint: 261471 ns, At safepoint: 33503 ns, Total: 294974 ns
[2020-11-10T02:53:17.174+0000][6][safepoint   ] Safepoint "Cleanup", Time since last: 1000815998 ns, Reaching safepoint: 187137 ns, At safepoint: 15440 ns, Total: 202577 ns
[2020-11-10T02:53:18.175+0000][6][safepoint   ] Safepoint "Cleanup", Time since last: 1000687880 ns, Reaching safepoint: 227785 ns, At safepoint: 23952 ns, Total: 251737 ns
[2020-11-10T02:53:19.177+0000][6][safepoint   ] Safepoint "Cleanup", Time since last: 1000855613 ns, Reaching safepoint: 273330 ns, At safepoint: 31582 ns, Total: 304912 ns
[2020-11-10T02:53:20.178+0000][6][safepoint   ] Safepoint "Cleanup", Time since last: 1000729633 ns, Reaching safepoint: 336099 ns, At safepoint: 38793 ns, Total: 374892 ns
[2020-11-10T02:53:21.185+0000][6][safepoint   ] Safepoint "Cleanup", Time since last: 1006935756 ns, Reaching safepoint: 143995 ns, At safepoint: 3140 ns, Total: 147135 ns
[2020-11-10T02:53:22.187+0000][6][safepoint   ] Safepoint "Cleanup", Time since last: 1001644942 ns, Reaching safepoint: 265485 ns, At safepoint: 37334 ns, Total: 302819 ns
[2020-11-10T02:53:24.215+0000][6][safepoint   ] Safepoint "Cleanup", Time since last: 2027633336 ns, Reaching safepoint: 185310 ns, At safepoint: 22952 ns, Total: 208262 ns
[2020-11-10T02:53:27.216+0000][6][safepoint   ] Safepoint "Cleanup", Time since last: 3000717466 ns, Reaching safepoint: 303549 ns, At safepoint: 34620 ns, Total: 338169 ns
[2020-11-10T02:53:31.217+0000][6][safepoint   ] Safepoint "Cleanup", Time since last: 4001111226 ns, Reaching safepoint: 272785 ns, At safepoint: 25522 ns, Total: 298307 ns
[2020-11-10T02:53:32.217+0000][6][safepoint   ] Safepoint "Cleanup", Time since last: 1000142959 ns, Reaching safepoint: 204401 ns, At safepoint: 9100 ns, Total: 213501 ns
[2020-11-10T02:53:33.218+0000][6][safepoint   ] Safepoint "Cleanup", Time since last: 1000760943 ns, Reaching safepoint: 196071 ns, At safepoint: 18072 ns, Total: 214143 ns
[2020-11-10T02:53:34.220+0000][6][safepoint   ] Safepoint "Cleanup", Time since last: 1000944990 ns, Reaching safepoint: 259676 ns, At safepoint: 24417 ns, Total: 284093 ns
[2020-11-10T02:53:35.221+0000][6][safepoint   ] Safepoint "Cleanup", Time since last: 1000937125 ns, Reaching safepoint: 207931 ns, At safepoint: 14997 ns, Total: 222928 ns
[2020-11-10T02:53:36.201+0000][6][safepoint   ] Safepoint "Cleanup", Time since last: 1000841203 ns, Reaching safepoint: 420991 ns, At safepoint: 33877 ns, Total: 454868 ns
[2020-11-10T02:53:37.201+0000][6][safepoint   ] Safepoint "Cleanup", Time since last: 1000142070 ns, Reaching safepoint: 145491 ns, At safepoint: 15359 ns, Total: 160850 ns
[2020-11-10T02:53:37.340+0000][6][gc,start    ] GC(15) Pause Young (Normal) (G1 Evacuation Pause)
[2020-11-10T02:53:37.340+0000][6][gc,task     ] GC(15) Using 8 workers of 8 for evacuation
[2020-11-10T02:53:37.341+0000][6][gc,age      ] GC(15) Desired survivor size 18350080 bytes, new threshold 2 (max threshold 15)
[2020-11-10T02:53:37.353+0000][6][gc,age      ] GC(15) Age table with threshold 2 (max threshold 15)
[2020-11-10T02:53:37.354+0000][6][gc,age      ] GC(15) - age   1:    1859632 bytes,    1859632 total
[2020-11-10T02:53:37.355+0000][6][gc,age      ] GC(15) - age   2:    7220648 bytes,    9080280 total
[2020-11-10T02:53:37.355+0000][6][gc,phases   ] GC(15)   Pre Evacuate Collection Set: 0.2ms
[2020-11-10T02:53:37.355+0000][6][gc,phases   ] GC(15)   Merge Heap Roots: 0.1ms
[2020-11-10T02:53:37.356+0000][6][gc,phases   ] GC(15)   Evacuate Collection Set: 9.6ms
[2020-11-10T02:53:37.356+0000][6][gc,phases   ] GC(15)   Post Evacuate Collection Set: 2.0ms
[2020-11-10T02:53:37.356+0000][6][gc,phases   ] GC(15)   Other: 3.2ms
[2020-11-10T02:53:37.357+0000][6][gc,heap     ] GC(15) Eden regions: 254->0(260)
[2020-11-10T02:53:37.357+0000][6][gc,heap     ] GC(15) Survivor regions: 23->11(35)
[2020-11-10T02:53:37.358+0000][6][gc,heap     ] GC(15) Old regions: 59->72
[2020-11-10T02:53:37.358+0000][6][gc,heap     ] GC(15) Archive regions: 2->2
[2020-11-10T02:53:37.358+0000][6][gc,heap     ] GC(15) Humongous regions: 7->7
[2020-11-10T02:53:37.359+0000][6][gc,metaspace] GC(15) Metaspace: 98024K(101704K)->98024K(101704K) NonClass: 85029K(87600K)->85029K(87600K) Class: 12995K(14104K)->12995K(14104K)
[2020-11-10T02:53:37.359+0000][6][gc          ] GC(15) Pause Young (Normal) (G1 Evacuation Pause) 343M->89M(512M) 19.120ms
[2020-11-10T02:53:37.359+0000][6][gc,cpu      ] GC(15) User=0.05s Sys=0.00s Real=0.02s
[2020-11-10T02:53:37.360+0000][6][safepoint   ] Safepoint "G1CollectForAllocation", Time since last: 138534675 ns, Reaching safepoint: 212657 ns, At safepoint: 19975942 ns, Total: 20188599 ns
[2020-11-10T02:53:38.360+0000][6][safepoint   ] Safepoint "Cleanup", Time since last: 1000156213 ns, Reaching safepoint: 177413 ns, At safepoint: 8842 ns, Total: 186255 ns
[2020-11-10T02:53:39.361+0000][6][safepoint   ] Safepoint "Cleanup", Time since last: 1000792782 ns, Reaching safepoint: 189762 ns, At safepoint: 16757 ns, Total: 206519 ns
[2020-11-10T02:53:42.362+0000][6][safepoint   ] Safepoint "Cleanup", Time since last: 3000765112 ns, Reaching safepoint: 223163 ns, At safepoint: 16809 ns, Total: 239972 ns
[2020-11-10T02:53:45.363+0000][6][safepoint   ] Safepoint "Cleanup", Time since last: 3000804475 ns, Reaching safepoint: 181905 ns, At safepoint: 24132 ns, Total: 206037 ns
[2020-11-10T02:53:46.364+0000][6][safepoint   ] Safepoint "Cleanup", Time since last: 1000726835 ns, Reaching safepoint: 247684 ns, At safepoint: 23715 ns, Total: 271399 ns
[2020-11-10T02:53:48.365+0000][6][safepoint   ] Safepoint "Cleanup", Time since last: 2000877289 ns, Reaching safepoint: 324413 ns, At safepoint: 32797 ns, Total: 357210 ns
[2020-11-10T02:53:51.367+0000][6][safepoint   ] Safepoint "Cleanup", Time since last: 3001149226 ns, Reaching safepoint: 320911 ns, At safepoint: 4478 ns, Total: 325389 ns
[2020-11-10T02:53:52.369+0000][6][safepoint   ] Safepoint "Cleanup", Time since last: 1001101122 ns, Reaching safepoint: 446791 ns, At safepoint: 45223 ns, Total: 492014 ns
[2020-11-10T02:53:53.370+0000][6][safepoint   ] Safepoint "Cleanup", Time since last: 1001354554 ns, Reaching safepoint: 209825 ns, At safepoint: 25066 ns, Total: 234891 ns
[2020-11-10T02:53:54.371+0000][6][safepoint   ] Safepoint "Cleanup", Time since last: 1000739402 ns, Reaching safepoint: 279346 ns, At safepoint: 8395 ns, Total: 287741 ns
[2020-11-10T02:53:55.372+0000][6][safepoint   ] Safepoint "Cleanup", Time since last: 1001000301 ns, Reaching safepoint: 242389 ns, At safepoint: 26754 ns, Total: 269143 ns
[2020-11-10T02:53:57.374+0000][6][safepoint   ] Safepoint "Cleanup", Time since last: 2000814012 ns, Reaching safepoint: 260187 ns, At safepoint: 11501 ns, Total: 271688 ns
[2020-11-10T02:53:58.375+0000][6][safepoint   ] Safepoint "Cleanup", Time since last: 1001297366 ns, Reaching safepoint: 243178 ns, At safepoint: 16196 ns, Total: 259374 ns
[2020-11-10T02:54:00.376+0000][6][safepoint   ] Safepoint "Cleanup", Time since last: 2000694730 ns, Reaching safepoint: 422289 ns, At safepoint: 15307 ns, Total: 437596 ns
[2020-11-10T02:54:02.378+0000][6][safepoint   ] Safepoint "Cleanup", Time since last: 2001398501 ns, Reaching safepoint: 639987 ns, At safepoint: 63079 ns, Total: 703066 ns
[2020-11-10T02:54:03.380+0000][6][safepoint   ] Safepoint "Cleanup", Time since last: 1001059795 ns, Reaching safepoint: 232958 ns, At safepoint: 17524 ns, Total: 250482 ns
[2020-11-10T02:54:04.380+0000][6][safepoint   ] Safepoint "Cleanup", Time since last: 1000497848 ns, Reaching safepoint: 336895 ns, At safepoint: 32083 ns, Total: 368978 ns
[2020-11-10T02:54:05.382+0000][6][safepoint   ] Safepoint "Cleanup", Time since last: 1001070949 ns, Reaching safepoint: 377557 ns, At safepoint: 32788 ns, Total: 410345 ns
[2020-11-10T02:54:06.362+0000][6][safepoint   ] Safepoint "Cleanup", Time since last: 1000946634 ns, Reaching safepoint: 256705 ns, At safepoint: 31571 ns, Total: 288276 ns
[2020-11-10T02:54:07.363+0000][6][safepoint   ] Safepoint "Cleanup", Time since last: 1000895903 ns, Reaching safepoint: 257383 ns, At safepoint: 24468 ns, Total: 281851 ns
[2020-11-10T02:54:09.364+0000][6][safepoint   ] Safepoint "Cleanup", Time since last: 2000964687 ns, Reaching safepoint: 248092 ns, At safepoint: 26347 ns, Total: 274439 ns
[2020-11-10T02:54:10.365+0000][6][safepoint   ] Safepoint "Cleanup", Time since last: 1000742864 ns, Reaching safepoint: 194654 ns, At safepoint: 4566 ns, Total: 199220 ns
[2020-11-10T02:54:12.367+0000][6][safepoint   ] Safepoint "Cleanup", Time since last: 2000813822 ns, Reaching safepoint: 281435 ns, At safepoint: 4484 ns, Total: 285919 ns
[2020-11-10T02:54:13.368+0000][6][safepoint   ] Safepoint "Cleanup", Time since last: 1000917595 ns, Reaching safepoint: 405723 ns, At safepoint: 37115 ns, Total: 442838 ns
[2020-11-10T02:54:15.369+0000][6][safepoint   ] Safepoint "Cleanup", Time since last: 2001012283 ns, Reaching safepoint: 192750 ns, At safepoint: 23080 ns, Total: 215830 ns
[2020-11-10T02:54:18.370+0000][6][safepoint   ] Safepoint "Cleanup", Time since last: 3000886827 ns, Reaching safepoint: 156488 ns, At safepoint: 17305 ns, Total: 173793 ns
[2020-11-10T02:54:19.371+0000][6][safepoint   ] Safepoint "Cleanup", Time since last: 1000661530 ns, Reaching safepoint: 265525 ns, At safepoint: 33205 ns, Total: 298730 ns
[2020-11-10T02:54:21.372+0000][6][safepoint   ] Safepoint "Cleanup", Time since last: 2000951700 ns, Reaching safepoint: 341359 ns, At safepoint: 7058 ns, Total: 348417 ns
[2020-11-10T02:54:22.374+0000][6][safepoint   ] Safepoint "Cleanup", Time since last: 1001146392 ns, Reaching safepoint: 297836 ns, At safepoint: 25405 ns, Total: 323241 ns
[2020-11-10T02:54:23.375+0000][6][safepoint   ] Safepoint "Cleanup", Time since last: 1001025237 ns, Reaching safepoint: 369071 ns, At safepoint: 43872 ns, Total: 412943 ns
[2020-11-10T02:54:24.377+0000][6][safepoint   ] Safepoint "Cleanup", Time since last: 1001223894 ns, Reaching safepoint: 283808 ns, At safepoint: 27557 ns, Total: 311365 ns
[2020-11-10T02:54:30.378+0000][6][safepoint   ] Safepoint "Cleanup", Time since last: 6000823684 ns, Reaching safepoint: 183030 ns, At safepoint: 4769 ns, Total: 187799 ns
[2020-11-10T02:54:31.379+0000][6][safepoint   ] Safepoint "Cleanup", Time since last: 1000637960 ns, Reaching safepoint: 305362 ns, At safepoint: 3634 ns, Total: 308996 ns
[2020-11-10T02:54:32.380+0000][6][safepoint   ] Safepoint "Cleanup", Time since last: 1000979886 ns, Reaching safepoint: 149225 ns, At safepoint: 3381 ns, Total: 152606 ns
[2020-11-10T02:54:36.360+0000][6][safepoint   ] Safepoint "Cleanup", Time since last: 4000755491 ns, Reaching safepoint: 335094 ns, At safepoint: 11724 ns, Total: 346818 ns
[2020-11-10T02:54:37.361+0000][6][safepoint   ] Safepoint "Cleanup", Time since last: 1000762068 ns, Reaching safepoint: 339851 ns, At safepoint: 45236 ns, Total: 385087 ns
[2020-11-10T02:54:39.363+0000][6][safepoint   ] Safepoint "Cleanup", Time since last: 2001339992 ns, Reaching safepoint: 345533 ns, At safepoint: 33293 ns, Total: 378826 ns
[2020-11-10T02:54:41.364+0000][6][safepoint   ] Safepoint "Cleanup", Time since last: 2000961083 ns, Reaching safepoint: 280972 ns, At safepoint: 31793 ns, Total: 312765 ns
[2020-11-10T02:54:42.365+0000][6][safepoint   ] Safepoint "Cleanup", Time since last: 1000809768 ns, Reaching safepoint: 246590 ns, At safepoint: 25066 ns, Total: 271656 ns
[2020-11-10T02:54:43.366+0000][6][safepoint   ] Safepoint "Cleanup", Time since last: 1000785023 ns, Reaching safepoint: 223114 ns, At safepoint: 2928 ns, Total: 226042 ns
[2020-11-10T02:54:45.367+0000][6][safepoint   ] Safepoint "Cleanup", Time since last: 2000844654 ns, Reaching safepoint: 166839 ns, At safepoint: 2531 ns, Total: 169370 ns
[2020-11-10T02:54:47.368+0000][6][safepoint   ] Safepoint "Cleanup", Time since last: 2000616693 ns, Reaching safepoint: 406035 ns, At safepoint: 41953 ns, Total: 447988 ns
[2020-11-10T02:54:49.370+0000][6][safepoint   ] Safepoint "Cleanup", Time since last: 2001362136 ns, Reaching safepoint: 156135 ns, At safepoint: 31998 ns, Total: 188133 ns
[2020-11-10T02:54:50.371+0000][6][safepoint   ] Safepoint "Cleanup", Time since last: 1000652249 ns, Reaching safepoint: 296795 ns, At safepoint: 4878 ns, Total: 301673 ns
[2020-11-10T02:54:52.372+0000][6][safepoint   ] Safepoint "Cleanup", Time since last: 2001054208 ns, Reaching safepoint: 263515 ns, At safepoint: 32752 ns, Total: 296267 ns
[2020-11-10T02:54:54.373+0000][6][safepoint   ] Safepoint "Cleanup", Time since last: 2000956692 ns, Reaching safepoint: 182287 ns, At safepoint: 19949 ns, Total: 202236 ns
[2020-11-10T02:54:55.374+0000][6][safepoint   ] Safepoint "Cleanup", Time since last: 1000758566 ns, Reaching safepoint: 276642 ns, At safepoint: 23299 ns, Total: 299941 ns
[2020-11-10T02:54:56.376+0000][6][safepoint   ] Safepoint "Cleanup", Time since last: 1000933097 ns, Reaching safepoint: 358150 ns, At safepoint: 44576 ns, Total: 402726 ns
[2020-11-10T02:54:57.377+0000][6][safepoint   ] Safepoint "Cleanup", Time since last: 1000623506 ns, Reaching safepoint: 319698 ns, At safepoint: 36876 ns, Total: 356574 ns
[2020-11-10T02:55:00.378+0000][6][safepoint   ] Safepoint "Cleanup", Time since last: 3000768353 ns, Reaching safepoint: 275338 ns, At safepoint: 4457 ns, Total: 279795 ns
[2020-11-10T02:55:02.379+0000][6][safepoint   ] Safepoint "Cleanup", Time since last: 2000924509 ns, Reaching safepoint: 254644 ns, At safepoint: 26040 ns, Total: 280684 ns
[2020-11-10T02:55:06.359+0000][6][safepoint   ] Safepoint "Cleanup", Time since last: 4001051530 ns, Reaching safepoint: 246088 ns, At safepoint: 22847 ns, Total: 268935 ns
[2020-11-10T02:55:07.360+0000][6][safepoint   ] Safepoint "Cleanup", Time since last: 1000696204 ns, Reaching safepoint: 168872 ns, At safepoint: 4095 ns, Total: 172967 ns
[2020-11-10T02:55:09.361+0000][6][safepoint   ] Safepoint "Cleanup", Time since last: 2000794349 ns, Reaching safepoint: 148466 ns, At safepoint: 2844 ns, Total: 151310 ns
[2020-11-10T02:55:12.362+0000][6][safepoint   ] Safepoint "Cleanup", Time since last: 3000945518 ns, Reaching safepoint: 323490 ns, At safepoint: 32492 ns, Total: 355982 ns
[2020-11-10T02:55:15.364+0000][6][safepoint   ] Safepoint "Cleanup", Time since last: 3001109794 ns, Reaching safepoint: 337793 ns, At safepoint: 34849 ns, Total: 372642 ns
[2020-11-10T02:55:18.365+0000][6][safepoint   ] Safepoint "Cleanup", Time since last: 3001014856 ns, Reaching safepoint: 224587 ns, At safepoint: 11092 ns, Total: 235679 ns
[2020-11-10T02:55:19.366+0000][6][safepoint   ] Safepoint "Cleanup", Time since last: 1001005529 ns, Reaching safepoint: 417330 ns, At safepoint: 113587 ns, Total: 530917 ns
[2020-11-10T02:55:21.368+0000][6][safepoint   ] Safepoint "Cleanup", Time since last: 2001142016 ns, Reaching safepoint: 200236 ns, At safepoint: 23384 ns, Total: 223620 ns
[2020-11-10T02:55:22.369+0000][6][safepoint   ] Safepoint "Cleanup", Time since last: 1000725045 ns, Reaching safepoint: 274022 ns, At safepoint: 21852 ns, Total: 295874 ns
[2020-11-10T02:55:24.370+0000][6][safepoint   ] Safepoint "Cleanup", Time since last: 2000861515 ns, Reaching safepoint: 212184 ns, At safepoint: 44176 ns, Total: 256360 ns
[2020-11-10T02:55:26.371+0000][6][safepoint   ] Safepoint "Cleanup", Time since last: 2000691379 ns, Reaching safepoint: 185034 ns, At safepoint: 38846 ns, Total: 223880 ns
[2020-11-10T02:55:27.372+0000][6][safepoint   ] Safepoint "Cleanup", Time since last: 1000689903 ns, Reaching safepoint: 206172 ns, At safepoint: 23996 ns, Total: 230168 ns
[2020-11-10T02:55:28.373+0000][6][safepoint   ] Safepoint "Cleanup", Time since last: 1000786492 ns, Reaching safepoint: 274711 ns, At safepoint: 33861 ns, Total: 308572 ns
[2020-11-10T02:55:30.374+0000][6][safepoint   ] Safepoint "Cleanup", Time since last: 2000900544 ns, Reaching safepoint: 292521 ns, At safepoint: 26152 ns, Total: 318673 ns
[2020-11-10T02:55:33.375+0000][6][safepoint   ] Safepoint "Cleanup", Time since last: 3000849021 ns, Reaching safepoint: 534825 ns, At safepoint: 32920 ns, Total: 567745 ns
[2020-11-10T02:55:34.377+0000][6][safepoint   ] Safepoint "Cleanup", Time since last: 1000805026 ns, Reaching safepoint: 293898 ns, At safepoint: 26019 ns, Total: 319917 ns
[2020-11-10T02:55:36.356+0000][6][safepoint   ] Safepoint "Cleanup", Time since last: 2000619026 ns, Reaching safepoint: 253138 ns, At safepoint: 19950 ns, Total: 273088 ns
[2020-11-10T02:55:39.357+0000][6][safepoint   ] Safepoint "Cleanup", Time since last: 3000700801 ns, Reaching safepoint: 237039 ns, At safepoint: 23571 ns, Total: 260610 ns
[2020-11-10T02:55:42.358+0000][6][safepoint   ] Safepoint "Cleanup", Time since last: 3000726039 ns, Reaching safepoint: 469150 ns, At safepoint: 42758 ns, Total: 511908 ns
[2020-11-10T02:55:45.360+0000][6][safepoint   ] Safepoint "Cleanup", Time since last: 3001014413 ns, Reaching safepoint: 254942 ns, At safepoint: 44350 ns, Total: 299292 ns
[2020-11-10T02:55:46.361+0000][6][safepoint   ] Safepoint "Cleanup", Time since last: 1000762833 ns, Reaching safepoint: 271310 ns, At safepoint: 26133 ns, Total: 297443 ns
[2020-11-10T02:55:47.362+0000][6][safepoint   ] Safepoint "Cleanup", Time since last: 1000762135 ns, Reaching safepoint: 362854 ns, At safepoint: 30837 ns, Total: 393691 ns
[2020-11-10T02:55:48.363+0000][6][safepoint   ] Safepoint "Cleanup", Time since last: 1000873227 ns, Reaching safepoint: 331117 ns, At safepoint: 22170 ns, Total: 353287 ns
[2020-11-10T02:55:49.364+0000][6][safepoint   ] Safepoint "Cleanup", Time since last: 1000149315 ns, Reaching safepoint: 251430 ns, At safepoint: 14038 ns, Total: 265468 ns
[2020-11-10T02:55:50.365+0000][6][safepoint   ] Safepoint "Cleanup", Time since last: 1001127500 ns, Reaching safepoint: 275465 ns, At safepoint: 8811 ns, Total: 284276 ns
[2020-11-10T02:55:51.366+0000][6][safepoint   ] Safepoint "Cleanup", Time since last: 1000946150 ns, Reaching safepoint: 262740 ns, At safepoint: 18774 ns, Total: 281514 ns
[2020-11-10T02:55:51.389+0000][6][gc,start    ] GC(16) Pause Young (Normal) (G1 Evacuation Pause)
[2020-11-10T02:55:51.389+0000][6][gc,task     ] GC(16) Using 8 workers of 8 for evacuation
[2020-11-10T02:55:51.390+0000][6][gc,age      ] GC(16) Desired survivor size 17825792 bytes, new threshold 15 (max threshold 15)
[2020-11-10T02:55:51.404+0000][6][gc,age      ] GC(16) Age table with threshold 15 (max threshold 15)
[2020-11-10T02:55:51.404+0000][6][gc,age      ] GC(16) - age   1:    2312976 bytes,    2312976 total
[2020-11-10T02:55:51.405+0000][6][gc,age      ] GC(16) - age   2:     951424 bytes,    3264400 total
[2020-11-10T02:55:51.405+0000][6][gc,age      ] GC(16) - age   3:    6529272 bytes,    9793672 total
[2020-11-10T02:55:51.406+0000][6][gc,phases   ] GC(16)   Pre Evacuate Collection Set: 0.2ms
[2020-11-10T02:55:51.406+0000][6][gc,phases   ] GC(16)   Merge Heap Roots: 0.1ms
[2020-11-10T02:55:51.406+0000][6][gc,phases   ] GC(16)   Evacuate Collection Set: 11.9ms
[2020-11-10T02:55:51.407+0000][6][gc,phases   ] GC(16)   Post Evacuate Collection Set: 1.1ms
[2020-11-10T02:55:51.407+0000][6][gc,phases   ] GC(16)   Other: 3.3ms
[2020-11-10T02:55:51.407+0000][6][gc,heap     ] GC(16) Eden regions: 260->0(265)
[2020-11-10T02:55:51.408+0000][6][gc,heap     ] GC(16) Survivor regions: 11->10(34)
[2020-11-10T02:55:51.408+0000][6][gc,heap     ] GC(16) Old regions: 72->72
[2020-11-10T02:55:51.408+0000][6][gc,heap     ] GC(16) Archive regions: 2->2
[2020-11-10T02:55:51.409+0000][6][gc,heap     ] GC(16) Humongous regions: 7->7
[2020-11-10T02:55:51.409+0000][6][gc,metaspace] GC(16) Metaspace: 98790K(102472K)->98790K(102472K) NonClass: 85787K(88368K)->85787K(88368K) Class: 13003K(14104K)->13003K(14104K)
[2020-11-10T02:55:51.409+0000][6][gc          ] GC(16) Pause Young (Normal) (G1 Evacuation Pause) 349M->89M(512M) 20.510ms
[2020-11-10T02:55:51.410+0000][6][gc,cpu      ] GC(16) User=0.04s Sys=0.01s Real=0.02s
[2020-11-10T02:55:51.410+0000][6][safepoint   ] Safepoint "G1CollectForAllocation", Time since last: 22445557 ns, Reaching safepoint: 200509 ns, At safepoint: 21308410 ns, Total: 21508919 ns
[2020-11-10T02:55:52.411+0000][6][safepoint   ] Safepoint "Cleanup", Time since last: 1000451935 ns, Reaching safepoint: 200339 ns, At safepoint: 22046 ns, Total: 222385 ns
[2020-11-10T02:55:53.411+0000][6][safepoint   ] Safepoint "Cleanup", Time since last: 1000234515 ns, Reaching safepoint: 311345 ns, At safepoint: 25429 ns, Total: 336774 ns
[2020-11-10T02:55:54.413+0000][6][safepoint   ] Safepoint "Cleanup", Time since last: 1001098877 ns, Reaching safepoint: 306312 ns, At safepoint: 48925 ns, Total: 355237 ns
[2020-11-10T02:55:55.413+0000][6][safepoint   ] Safepoint "Cleanup", Time since last: 1000112343 ns, Reaching safepoint: 236474 ns, At safepoint: 3143 ns, Total: 239617 ns
[2020-11-10T02:55:56.415+0000][6][safepoint   ] Safepoint "Cleanup", Time since last: 1001253217 ns, Reaching safepoint: 285470 ns, At safepoint: 49730 ns, Total: 335200 ns
[2020-11-10T02:55:59.416+0000][6][safepoint   ] Safepoint "Cleanup", Time since last: 3001114324 ns, Reaching safepoint: 373692 ns, At safepoint: 6310 ns, Total: 380002 ns
[2020-11-10T02:56:01.418+0000][6][safepoint   ] Safepoint "Cleanup", Time since last: 2001109079 ns, Reaching safepoint: 303919 ns, At safepoint: 32521 ns, Total: 336440 ns
[2020-11-10T02:56:03.419+0000][6][safepoint   ] Safepoint "Cleanup", Time since last: 2001025913 ns, Reaching safepoint: 255331 ns, At safepoint: 57683 ns, Total: 313014 ns
[2020-11-10T02:56:04.420+0000][6][safepoint   ] Safepoint "Cleanup", Time since last: 1000711772 ns, Reaching safepoint: 214851 ns, At safepoint: 68357 ns, Total: 283208 ns
[2020-11-10T02:56:06.400+0000][6][safepoint   ] Safepoint "Cleanup", Time since last: 2000708845 ns, Reaching safepoint: 387178 ns, At safepoint: 30807 ns, Total: 417985 ns
[2020-11-10T02:56:07.401+0000][6][safepoint   ] Safepoint "Cleanup", Time since last: 1000998454 ns, Reaching safepoint: 233272 ns, At safepoint: 45137 ns, Total: 278409 ns
[2020-11-10T02:56:09.402+0000][6][safepoint   ] Safepoint "Cleanup", Time since last: 2000939967 ns, Reaching safepoint: 172667 ns, At safepoint: 16936 ns, Total: 189603 ns
[2020-11-10T02:56:11.403+0000][6][safepoint   ] Safepoint "Cleanup", Time since last: 2000673064 ns, Reaching safepoint: 235330 ns, At safepoint: 23924 ns, Total: 259254 ns
[2020-11-10T02:56:12.404+0000][6][safepoint   ] Safepoint "Cleanup", Time since last: 1000645562 ns, Reaching safepoint: 207029 ns, At safepoint: 24308 ns, Total: 231337 ns
[2020-11-10T02:56:13.405+0000][6][safepoint   ] Safepoint "Cleanup", Time since last: 1000735654 ns, Reaching safepoint: 194506 ns, At safepoint: 24031 ns, Total: 218537 ns
[2020-11-10T02:56:15.406+0000][6][safepoint   ] Safepoint "Cleanup", Time since last: 2000682194 ns, Reaching safepoint: 194200 ns, At safepoint: 2858 ns, Total: 197058 ns
[2020-11-10T02:56:18.407+0000][6][safepoint   ] Safepoint "Cleanup", Time since last: 3000646288 ns, Reaching safepoint: 352465 ns, At safepoint: 34916 ns, Total: 387381 ns
[2020-11-10T02:56:19.408+0000][6][safepoint   ] Safepoint "Cleanup", Time since last: 1000182393 ns, Reaching safepoint: 180363 ns, At safepoint: 2845 ns, Total: 183208 ns
[2020-11-10T02:56:24.409+0000][6][safepoint   ] Safepoint "Cleanup", Time since last: 5001097202 ns, Reaching safepoint: 159116 ns, At safepoint: 17806 ns, Total: 176922 ns
[2020-11-10T02:56:26.410+0000][6][safepoint   ] Safepoint "Cleanup", Time since last: 2000750477 ns, Reaching safepoint: 198462 ns, At safepoint: 23386 ns, Total: 221848 ns
[2020-11-10T02:56:27.411+0000][6][safepoint   ] Safepoint "Cleanup", Time since last: 1000664898 ns, Reaching safepoint: 314285 ns, At safepoint: 54254 ns, Total: 368539 ns
[2020-11-10T02:56:29.412+0000][6][safepoint   ] Safepoint "Cleanup", Time since last: 2000942760 ns, Reaching safepoint: 401536 ns, At safepoint: 37157 ns, Total: 438693 ns
[2020-11-10T02:56:30.414+0000][6][safepoint   ] Safepoint "Cleanup", Time since last: 1001289849 ns, Reaching safepoint: 564249 ns, At safepoint: 43311 ns, Total: 607560 ns
[2020-11-10T02:56:34.415+0000][6][safepoint   ] Safepoint "Cleanup", Time since last: 4001042900 ns, Reaching safepoint: 217013 ns, At safepoint: 22499 ns, Total: 239512 ns
[2020-11-10T02:56:36.395+0000][6][safepoint   ] Safepoint "Cleanup", Time since last: 2000710068 ns, Reaching safepoint: 257943 ns, At safepoint: 26281 ns, Total: 284224 ns
[2020-11-10T02:56:39.396+0000][6][safepoint   ] Safepoint "Cleanup", Time since last: 3000877596 ns, Reaching safepoint: 153789 ns, At safepoint: 16898 ns, Total: 170687 ns
[2020-11-10T02:56:40.397+0000][6][safepoint   ] Safepoint "Cleanup", Time since last: 1000803165 ns, Reaching safepoint: 160169 ns, At safepoint: 16291 ns, Total: 176460 ns
[2020-11-10T02:56:41.398+0000][6][safepoint   ] Safepoint "Cleanup", Time since last: 1000715656 ns, Reaching safepoint: 269238 ns, At safepoint: 26386 ns, Total: 295624 ns
[2020-11-10T02:56:42.399+0000][6][safepoint   ] Safepoint "Cleanup", Time since last: 1000658258 ns, Reaching safepoint: 192373 ns, At safepoint: 22608 ns, Total: 214981 ns
[2020-11-10T02:56:44.400+0000][6][safepoint   ] Safepoint "Cleanup", Time since last: 2000668325 ns, Reaching safepoint: 176241 ns, At safepoint: 3017 ns, Total: 179258 ns
[2020-11-10T02:56:45.401+0000][6][safepoint   ] Safepoint "Cleanup", Time since last: 1000858152 ns, Reaching safepoint: 249961 ns, At safepoint: 18465 ns, Total: 268426 ns
[2020-11-10T02:56:48.403+0000][6][safepoint   ] Safepoint "Cleanup", Time since last: 3000986325 ns, Reaching safepoint: 424031 ns, At safepoint: 36611 ns, Total: 460642 ns
[2020-11-10T02:56:54.404+0000][6][safepoint   ] Safepoint "Cleanup", Time since last: 6001291389 ns, Reaching safepoint: 290682 ns, At safepoint: 33666 ns, Total: 324348 ns
[2020-11-10T02:56:56.406+0000][6][safepoint   ] Safepoint "Cleanup", Time since last: 2001300384 ns, Reaching safepoint: 420295 ns, At safepoint: 35006 ns, Total: 455301 ns
[2020-11-10T02:56:58.407+0000][6][safepoint   ] Safepoint "Cleanup", Time since last: 2001055675 ns, Reaching safepoint: 196118 ns, At safepoint: 24386 ns, Total: 220504 ns
[2020-11-10T02:57:02.409+0000][6][safepoint   ] Safepoint "Cleanup", Time since last: 4001037819 ns, Reaching safepoint: 298252 ns, At safepoint: 35434 ns, Total: 333686 ns
[2020-11-10T02:57:03.410+0000][6][safepoint   ] Safepoint "Cleanup", Time since last: 1000978026 ns, Reaching safepoint: 323360 ns, At safepoint: 25507 ns, Total: 348867 ns
[2020-11-10T02:57:04.411+0000][6][safepoint   ] Safepoint "Cleanup", Time since last: 1000774886 ns, Reaching safepoint: 274285 ns, At safepoint: 3433 ns, Total: 277718 ns
[2020-11-10T02:57:12.559+0000][6][safepoint   ] Safepoint "Cleanup", Time since last: 8168441859 ns, Reaching safepoint: 621830 ns, At safepoint: 87958 ns, Total: 709788 ns
[2020-11-10T02:57:13.560+0000][6][safepoint   ] Safepoint "Cleanup", Time since last: 1001088263 ns, Reaching safepoint: 272378 ns, At safepoint: 31498 ns, Total: 303876 ns
[2020-11-10T02:57:14.562+0000][6][safepoint   ] Safepoint "Cleanup", Time since last: 1001177713 ns, Reaching safepoint: 286317 ns, At safepoint: 24352 ns, Total: 310669 ns
[2020-11-10T02:57:15.563+0000][6][safepoint   ] Safepoint "Cleanup", Time since last: 1000935690 ns, Reaching safepoint: 386594 ns, At safepoint: 57594 ns, Total: 444188 ns
[2020-11-10T02:57:16.564+0000][6][safepoint   ] Safepoint "Cleanup", Time since last: 1000823183 ns, Reaching safepoint: 173066 ns, At safepoint: 17517 ns, Total: 190583 ns
[2020-11-10T02:57:18.565+0000][6][safepoint   ] Safepoint "Cleanup", Time since last: 2000685338 ns, Reaching safepoint: 334111 ns, At safepoint: 19393 ns, Total: 353504 ns
[2020-11-10T02:57:20.567+0000][6][safepoint   ] Safepoint "Cleanup", Time since last: 2001085771 ns, Reaching safepoint: 499146 ns, At safepoint: 17523 ns, Total: 516669 ns
[2020-11-10T02:57:22.568+0000][6][safepoint   ] Safepoint "Cleanup", Time since last: 2001050353 ns, Reaching safepoint: 186316 ns, At safepoint: 21745 ns, Total: 208061 ns
[2020-11-10T02:57:25.569+0000][6][safepoint   ] Safepoint "Cleanup", Time since last: 3000822074 ns, Reaching safepoint: 163253 ns, At safepoint: 3625 ns, Total: 166878 ns
[2020-11-10T02:57:26.570+0000][6][safepoint   ] Safepoint "Cleanup", Time since last: 1000738164 ns, Reaching safepoint: 248792 ns, At safepoint: 26880 ns, Total: 275672 ns
[2020-11-10T02:57:27.571+0000][6][safepoint   ] Safepoint "Cleanup", Time since last: 1000709659 ns, Reaching safepoint: 213653 ns, At safepoint: 25460 ns, Total: 239113 ns
[2020-11-10T02:57:29.572+0000][6][safepoint   ] Safepoint "Cleanup", Time since last: 2000882181 ns, Reaching safepoint: 204008 ns, At safepoint: 27386 ns, Total: 231394 ns
[2020-11-10T02:57:30.573+0000][6][safepoint   ] Safepoint "Cleanup", Time since last: 1000637821 ns, Reaching safepoint: 203926 ns, At safepoint: 23023 ns, Total: 226949 ns
[2020-11-10T02:57:32.574+0000][6][safepoint   ] Safepoint "Cleanup", Time since last: 2000728049 ns, Reaching safepoint: 297341 ns, At safepoint: 24508 ns, Total: 321849 ns
[2020-11-10T02:57:33.575+0000][6][safepoint   ] Safepoint "Cleanup", Time since last: 1000865566 ns, Reaching safepoint: 367512 ns, At safepoint: 41733 ns, Total: 409245 ns
[2020-11-10T02:57:36.556+0000][6][safepoint   ] Safepoint "Cleanup", Time since last: 3001273499 ns, Reaching safepoint: 174788 ns, At safepoint: 2500 ns, Total: 177288 ns
[2020-11-10T02:57:37.557+0000][6][safepoint   ] Safepoint "Cleanup", Time since last: 1000692973 ns, Reaching safepoint: 341391 ns, At safepoint: 33744 ns, Total: 375135 ns
[2020-11-10T02:57:42.558+0000][6][safepoint   ] Safepoint "Cleanup", Time since last: 5001016188 ns, Reaching safepoint: 205308 ns, At safepoint: 4597 ns, Total: 209905 ns
[2020-11-10T02:57:45.559+0000][6][safepoint   ] Safepoint "Cleanup", Time since last: 3000859225 ns, Reaching safepoint: 284796 ns, At safepoint: 23941 ns, Total: 308737 ns
[2020-11-10T02:57:48.560+0000][6][safepoint   ] Safepoint "Cleanup", Time since last: 3000775429 ns, Reaching safepoint: 190970 ns, At safepoint: 23700 ns, Total: 214670 ns
[2020-11-10T02:57:50.561+0000][6][safepoint   ] Safepoint "Cleanup", Time since last: 2000646803 ns, Reaching safepoint: 223297 ns, At safepoint: 5016 ns, Total: 228313 ns
[2020-11-10T02:57:52.562+0000][6][safepoint   ] Safepoint "Cleanup", Time since last: 2000795065 ns, Reaching safepoint: 221221 ns, At safepoint: 24406 ns, Total: 245627 ns
[2020-11-10T02:57:54.564+0000][6][safepoint   ] Safepoint "Cleanup", Time since last: 2001561659 ns, Reaching safepoint: 358099 ns, At safepoint: 52043 ns, Total: 410142 ns
[2020-11-10T02:57:57.566+0000][6][safepoint   ] Safepoint "Cleanup", Time since last: 3001200220 ns, Reaching safepoint: 555790 ns, At safepoint: 34758 ns, Total: 590548 ns
[2020-11-10T02:58:00.567+0000][6][safepoint   ] Safepoint "Cleanup", Time since last: 3001056381 ns, Reaching safepoint: 506527 ns, At safepoint: 54231 ns, Total: 560758 ns
[2020-11-10T02:58:04.569+0000][6][safepoint   ] Safepoint "Cleanup", Time since last: 4001175121 ns, Reaching safepoint: 635727 ns, At safepoint: 139527 ns, Total: 775254 ns
[2020-11-10T02:58:05.571+0000][6][safepoint   ] Safepoint "Cleanup", Time since last: 1001371489 ns, Reaching safepoint: 375783 ns, At safepoint: 32201 ns, Total: 407984 ns
[2020-11-10T02:58:06.551+0000][6][safepoint   ] Safepoint "Cleanup", Time since last: 1000868568 ns, Reaching safepoint: 292075 ns, At safepoint: 17799 ns, Total: 309874 ns
[2020-11-10T02:58:10.553+0000][6][safepoint   ] Safepoint "Cleanup", Time since last: 4000819801 ns, Reaching safepoint: 610036 ns, At safepoint: 32610 ns, Total: 642646 ns
[2020-11-10T02:58:12.554+0000][6][safepoint   ] Safepoint "Cleanup", Time since last: 2000961412 ns, Reaching safepoint: 266130 ns, At safepoint: 35122 ns, Total: 301252 ns
[2020-11-10T02:58:13.555+0000][6][safepoint   ] Safepoint "Cleanup", Time since last: 1000984061 ns, Reaching safepoint: 471995 ns, At safepoint: 19379 ns, Total: 491374 ns
[2020-11-10T02:58:14.758+0000][6][gc,start    ] GC(17) Pause Young (Normal) (G1 Evacuation Pause)
[2020-11-10T02:58:14.758+0000][6][gc,task     ] GC(17) Using 8 workers of 8 for evacuation
[2020-11-10T02:58:14.759+0000][6][gc,age      ] GC(17) Desired survivor size 18350080 bytes, new threshold 15 (max threshold 15)
[2020-11-10T02:58:14.765+0000][6][gc,age      ] GC(17) Age table with threshold 15 (max threshold 15)
[2020-11-10T02:58:14.765+0000][6][gc,age      ] GC(17) - age   1:    3044184 bytes,    3044184 total
[2020-11-10T02:58:14.766+0000][6][gc,age      ] GC(17) - age   2:     369568 bytes,    3413752 total
[2020-11-10T02:58:14.766+0000][6][gc,age      ] GC(17) - age   3:     320592 bytes,    3734344 total
[2020-11-10T02:58:14.766+0000][6][gc,age      ] GC(17) - age   4:    6515952 bytes,   10250296 total
[2020-11-10T02:58:14.767+0000][6][gc,phases   ] GC(17)   Pre Evacuate Collection Set: 0.2ms
[2020-11-10T02:58:14.767+0000][6][gc,phases   ] GC(17)   Merge Heap Roots: 0.2ms
[2020-11-10T02:58:14.767+0000][6][gc,phases   ] GC(17)   Evacuate Collection Set: 4.5ms
[2020-11-10T02:58:14.768+0000][6][gc,phases   ] GC(17)   Post Evacuate Collection Set: 1.2ms
[2020-11-10T02:58:14.768+0000][6][gc,phases   ] GC(17)   Other: 3.0ms
[2020-11-10T02:58:14.768+0000][6][gc,heap     ] GC(17) Eden regions: 265->0(268)
[2020-11-10T02:58:14.769+0000][6][gc,heap     ] GC(17) Survivor regions: 10->11(35)
[2020-11-10T02:58:14.769+0000][6][gc,heap     ] GC(17) Old regions: 72->72
[2020-11-10T02:58:14.769+0000][6][gc,heap     ] GC(17) Archive regions: 2->2
[2020-11-10T02:58:14.770+0000][6][gc,heap     ] GC(17) Humongous regions: 7->7
[2020-11-10T02:58:14.770+0000][6][gc,metaspace] GC(17) Metaspace: 100028K(103880K)->100028K(103880K) NonClass: 86896K(89648K)->86896K(89648K) Class: 13131K(14232K)->13131K(14232K)
[2020-11-10T02:58:14.770+0000][6][gc          ] GC(17) Pause Young (Normal) (G1 Evacuation Pause) 354M->90M(512M) 12.548ms
[2020-11-10T02:58:14.771+0000][6][gc,cpu      ] GC(17) User=0.02s Sys=0.01s Real=0.02s
[2020-11-10T02:58:14.771+0000][6][safepoint   ] Safepoint "G1CollectForAllocation", Time since last: 1202265220 ns, Reaching safepoint: 209627 ns, At safepoint: 13286202 ns, Total: 13495829 ns
[2020-11-10T02:58:15.771+0000][6][safepoint   ] Safepoint "Cleanup", Time since last: 1000121733 ns, Reaching safepoint: 197581 ns, At safepoint: 3099 ns, Total: 200680 ns
[2020-11-10T02:58:16.772+0000][6][safepoint   ] Safepoint "Cleanup", Time since last: 1000666878 ns, Reaching safepoint: 292609 ns, At safepoint: 13193 ns, Total: 305802 ns
[2020-11-10T02:58:17.773+0000][6][safepoint   ] Safepoint "Cleanup", Time since last: 1000759321 ns, Reaching safepoint: 243308 ns, At safepoint: 3317 ns, Total: 246625 ns
[2020-11-10T02:58:19.774+0000][6][safepoint   ] Safepoint "Cleanup", Time since last: 2000650943 ns, Reaching safepoint: 281877 ns, At safepoint: 4132 ns, Total: 286009 ns
[2020-11-10T02:58:22.775+0000][6][safepoint   ] Safepoint "Cleanup", Time since last: 3000626751 ns, Reaching safepoint: 244940 ns, At safepoint: 10378 ns, Total: 255318 ns
[2020-11-10T02:58:26.776+0000][6][safepoint   ] Safepoint "Cleanup", Time since last: 4000868167 ns, Reaching safepoint: 408450 ns, At safepoint: 25635 ns, Total: 434085 ns
[2020-11-10T02:58:27.777+0000][6][safepoint   ] Safepoint "Cleanup", Time since last: 1000680264 ns, Reaching safepoint: 331512 ns, At safepoint: 6908 ns, Total: 338420 ns
[2020-11-10T02:58:28.779+0000][6][safepoint   ] Safepoint "Cleanup", Time since last: 1000918463 ns, Reaching safepoint: 224260 ns, At safepoint: 20984 ns, Total: 245244 ns
[2020-11-10T02:58:32.780+0000][6][safepoint   ] Safepoint "Cleanup", Time since last: 4000842315 ns, Reaching safepoint: 217736 ns, At safepoint: 15268 ns, Total: 233004 ns
[2020-11-10T02:58:33.781+0000][6][safepoint   ] Safepoint "Cleanup", Time since last: 1000664447 ns, Reaching safepoint: 245906 ns, At safepoint: 19456 ns, Total: 265362 ns
[2020-11-10T02:58:34.782+0000][6][safepoint   ] Safepoint "Cleanup", Time since last: 1000717667 ns, Reaching safepoint: 233608 ns, At safepoint: 17081 ns, Total: 250689 ns
[2020-11-10T02:58:41.762+0000][6][safepoint   ] Safepoint "Cleanup", Time since last: 7000989373 ns, Reaching safepoint: 359906 ns, At safepoint: 38293 ns, Total: 398199 ns
[2020-11-10T02:58:42.764+0000][6][safepoint   ] Safepoint "Cleanup", Time since last: 1001832124 ns, Reaching safepoint: 316150 ns, At safepoint: 5751 ns, Total: 321901 ns
[2020-11-10T02:58:43.765+0000][6][safepoint   ] Safepoint "Cleanup", Time since last: 1000951557 ns, Reaching safepoint: 282245 ns, At safepoint: 12334 ns, Total: 294579 ns
[2020-11-10T02:58:44.766+0000][6][safepoint   ] Safepoint "Cleanup", Time since last: 1000693836 ns, Reaching safepoint: 432662 ns, At safepoint: 36177 ns, Total: 468839 ns
[2020-11-10T02:58:47.768+0000][6][safepoint   ] Safepoint "Cleanup", Time since last: 3001284702 ns, Reaching safepoint: 201620 ns, At safepoint: 23853 ns, Total: 225473 ns
[2020-11-10T02:58:48.769+0000][6][safepoint   ] Safepoint "Cleanup", Time since last: 1000661600 ns, Reaching safepoint: 159573 ns, At safepoint: 2587 ns, Total: 162160 ns
[2020-11-10T02:58:50.770+0000][6][safepoint   ] Safepoint "Cleanup", Time since last: 2000590760 ns, Reaching safepoint: 189938 ns, At safepoint: 21307 ns, Total: 211245 ns
[2020-11-10T02:58:52.771+0000][6][safepoint   ] Safepoint "Cleanup", Time since last: 2000736057 ns, Reaching safepoint: 236420 ns, At safepoint: 5951 ns, Total: 242371 ns
[2020-11-10T02:58:58.772+0000][6][safepoint   ] Safepoint "Cleanup", Time since last: 6001452820 ns, Reaching safepoint: 324386 ns, At safepoint: 23249 ns, Total: 347635 ns
[2020-11-10T02:58:59.773+0000][6][safepoint   ] Safepoint "Cleanup", Time since last: 1000684703 ns, Reaching safepoint: 247544 ns, At safepoint: 35958 ns, Total: 283502 ns
[2020-11-10T02:59:02.774+0000][6][safepoint   ] Safepoint "Cleanup", Time since last: 3000690868 ns, Reaching safepoint: 235065 ns, At safepoint: 3801 ns, Total: 238866 ns
[2020-11-10T02:59:08.754+0000][6][safepoint   ] Safepoint "Cleanup", Time since last: 6000859855 ns, Reaching safepoint: 322955 ns, At safepoint: 20575 ns, Total: 343530 ns
[2020-11-10T02:59:11.756+0000][6][safepoint   ] Safepoint "Cleanup", Time since last: 3001075447 ns, Reaching safepoint: 230551 ns, At safepoint: 20468 ns, Total: 251019 ns
[2020-11-10T02:59:12.757+0000][6][safepoint   ] Safepoint "Cleanup", Time since last: 1000692231 ns, Reaching safepoint: 325497 ns, At safepoint: 22663 ns, Total: 348160 ns
[2020-11-10T02:59:13.758+0000][6][safepoint   ] Safepoint "Cleanup", Time since last: 1001369160 ns, Reaching safepoint: 225235 ns, At safepoint: 19143 ns, Total: 244378 ns
[2020-11-10T02:59:14.759+0000][6][safepoint   ] Safepoint "Cleanup", Time since last: 1000777425 ns, Reaching safepoint: 202341 ns, At safepoint: 23282 ns, Total: 225623 ns
[2020-11-10T02:59:17.760+0000][6][safepoint   ] Safepoint "Cleanup", Time since last: 3000712189 ns, Reaching safepoint: 211910 ns, At safepoint: 32696 ns, Total: 244606 ns
[2020-11-10T02:59:18.761+0000][6][safepoint   ] Safepoint "Cleanup", Time since last: 1000396860 ns, Reaching safepoint: 256994 ns, At safepoint: 35980 ns, Total: 292974 ns
[2020-11-10T02:59:19.762+0000][6][safepoint   ] Safepoint "Cleanup", Time since last: 1000591582 ns, Reaching safepoint: 284548 ns, At safepoint: 46006 ns, Total: 330554 ns
[2020-11-10T02:59:20.763+0000][6][safepoint   ] Safepoint "Cleanup", Time since last: 1000922945 ns, Reaching safepoint: 322318 ns, At safepoint: 26605 ns, Total: 348923 ns
[2020-11-10T02:59:22.764+0000][6][safepoint   ] Safepoint "Cleanup", Time since last: 2000873421 ns, Reaching safepoint: 268448 ns, At safepoint: 4031 ns, Total: 272479 ns
[2020-11-10T02:59:23.765+0000][6][safepoint   ] Safepoint "Cleanup", Time since last: 1000935040 ns, Reaching safepoint: 222139 ns, At safepoint: 16123 ns, Total: 238262 ns
[2020-11-10T02:59:26.766+0000][6][safepoint   ] Safepoint "Cleanup", Time since last: 3000739229 ns, Reaching safepoint: 218454 ns, At safepoint: 16665 ns, Total: 235119 ns
[2020-11-10T02:59:31.768+0000][6][safepoint   ] Safepoint "Cleanup", Time since last: 5000824533 ns, Reaching safepoint: 295573 ns, At safepoint: 38208 ns, Total: 333781 ns
[2020-11-10T02:59:32.769+0000][6][safepoint   ] Safepoint "Cleanup", Time since last: 1000696289 ns, Reaching safepoint: 280159 ns, At safepoint: 32593 ns, Total: 312752 ns
[2020-11-10T02:59:33.770+0000][6][safepoint   ] Safepoint "Cleanup", Time since last: 1000879951 ns, Reaching safepoint: 201928 ns, At safepoint: 24459 ns, Total: 226387 ns
[2020-11-10T02:59:36.750+0000][6][safepoint   ] Safepoint "Cleanup", Time since last: 3000879280 ns, Reaching safepoint: 257947 ns, At safepoint: 69071 ns, Total: 327018 ns
[2020-11-10T02:59:38.751+0000][6][safepoint   ] Safepoint "Cleanup", Time since last: 2000705991 ns, Reaching safepoint: 219713 ns, At safepoint: 33804 ns, Total: 253517 ns
[2020-11-10T02:59:39.752+0000][6][safepoint   ] Safepoint "Cleanup", Time since last: 1001064778 ns, Reaching safepoint: 262580 ns, At safepoint: 36069 ns, Total: 298649 ns
[2020-11-10T02:59:40.356+0000][6][gc,heap,exit] Heap
[2020-11-10T02:59:40.357+0000][6][gc,heap,exit]  garbage-first heap   total 524288K, used 266258K [0x00000000e0000000, 0x0000000100000000)
[2020-11-10T02:59:40.358+0000][6][gc,heap,exit]   region size 1024K, 183 young (187392K), 11 survivors (11264K)
[2020-11-10T02:59:40.358+0000][6][gc,heap,exit]  Metaspace       used 100485K, capacity 103928K, committed 104520K, reserved 1140736K
[2020-11-10T02:59:40.358+0000][6][gc,heap,exit]   class space    used 13162K, capacity 14257K, committed 14360K, reserved 1048576K
