[2020-11-10T15:25:04.258+0000][8][gc] Using G1
[2020-11-10T15:25:04.595+0000][8][gc,init] Version: 15+36-1562 (release)
[2020-11-10T15:25:04.597+0000][8][gc,init] CPUs: 8 total, 8 available
[2020-11-10T15:25:04.597+0000][8][gc,init] Memory: 7961M
[2020-11-10T15:25:04.603+0000][8][gc,init] Large Page Support: Disabled
[2020-11-10T15:25:04.605+0000][8][gc,init] NUMA Support: Disabled
[2020-11-10T15:25:04.606+0000][8][gc,init] Compressed Oops: Enabled (32-bit)
[2020-11-10T15:25:04.606+0000][8][gc,init] Heap Region Size: 1M
[2020-11-10T15:25:04.607+0000][8][gc,init] Heap Min Capacity: 512M
[2020-11-10T15:25:04.608+0000][8][gc,init] Heap Initial Capacity: 512M
[2020-11-10T15:25:04.609+0000][8][gc,init] Heap Max Capacity: 512M
[2020-11-10T15:25:04.609+0000][8][gc,init] Pre-touch: Enabled
[2020-11-10T15:25:04.610+0000][8][gc,init] Parallel Workers: 8
[2020-11-10T15:25:04.611+0000][8][gc,init] Concurrent Workers: 2
[2020-11-10T15:25:04.612+0000][8][gc,init] Concurrent Refinement Workers: 8
[2020-11-10T15:25:04.612+0000][8][gc,init] Periodic GC: Disabled
[2020-11-10T15:25:04.614+0000][8][gc,cds ] Mark closed archive regions in map: [0x00000000fff00000, 0x00000000fff7bff8]
[2020-11-10T15:25:04.615+0000][8][gc,cds ] Mark open archive regions in map: [0x00000000ffe00000, 0x00000000ffe51ff8]
[2020-11-10T15:25:04.616+0000][8][gc,metaspace] CDS archive(s) mapped at: [0x0000000800000000-0x0000000800b33000-0x0000000800b33000), size 11743232, SharedBaseAddress: 0x0000000800000000, ArchiveRelocationMode: 0.
[2020-11-10T15:25:04.616+0000][8][gc,metaspace] Compressed class space mapped at: 0x0000000800b34000-0x0000000840b34000, size: 1073741824
[2020-11-10T15:25:04.617+0000][8][gc,metaspace] Narrow klass base: 0x0000000800000000, Narrow klass shift: 3, Narrow klass range: 0x100000000
[2020-11-10T15:25:05.506+0000][8][safepoint   ] Safepoint "ICBufferFull", Time since last: 872426000 ns, Reaching safepoint: 583200 ns, At safepoint: 25800 ns, Total: 609000 ns
[2020-11-10T15:25:05.947+0000][8][gc,start    ] GC(0) Pause Young (Normal) (G1 Evacuation Pause)
[2020-11-10T15:25:05.982+0000][8][gc,task     ] GC(0) Using 8 workers of 8 for evacuation
[2020-11-10T15:25:05.983+0000][8][gc,age      ] GC(0) Desired survivor size 2097152 bytes, new threshold 15 (max threshold 15)
[2020-11-10T15:25:06.012+0000][8][gc,age      ] GC(0) Age table with threshold 15 (max threshold 15)
[2020-11-10T15:25:06.013+0000][8][gc,age      ] GC(0) - age   1:    3543864 bytes,    3543864 total
[2020-11-10T15:25:06.014+0000][8][gc,phases   ] GC(0)   Pre Evacuate Collection Set: 5.0ms
[2020-11-10T15:25:06.018+0000][8][gc,phases   ] GC(0)   Merge Heap Roots: 3.9ms
[2020-11-10T15:25:06.018+0000][8][gc,phases   ] GC(0)   Evacuate Collection Set: 9.8ms
[2020-11-10T15:25:06.019+0000][8][gc,phases   ] GC(0)   Post Evacuate Collection Set: 8.9ms
[2020-11-10T15:25:06.022+0000][8][gc,phases   ] GC(0)   Other: 39.7ms
[2020-11-10T15:25:06.023+0000][8][gc,heap     ] GC(0) Eden regions: 25->0(36)
[2020-11-10T15:25:06.027+0000][8][gc,heap     ] GC(0) Survivor regions: 0->4(4)
[2020-11-10T15:25:06.027+0000][8][gc,heap     ] GC(0) Old regions: 0->0
[2020-11-10T15:25:06.028+0000][8][gc,heap     ] GC(0) Archive regions: 2->2
[2020-11-10T15:25:06.032+0000][8][gc,heap     ] GC(0) Humongous regions: 1->1
[2020-11-10T15:25:06.037+0000][8][gc,metaspace] GC(0) Metaspace: 8509K(9472K)->8509K(9472K) NonClass: 7546K(8448K)->7546K(8448K) Class: 963K(1024K)->963K(1024K)
[2020-11-10T15:25:06.038+0000][8][gc          ] GC(0) Pause Young (Normal) (G1 Evacuation Pause) 26M->5M(512M) 91.806ms
[2020-11-10T15:25:06.039+0000][8][gc,cpu      ] GC(0) User=0.10s Sys=0.00s Real=0.10s
[2020-11-10T15:25:06.040+0000][8][safepoint   ] Safepoint "G1CollectForAllocation", Time since last: 433812600 ns, Reaching safepoint: 6977300 ns, At safepoint: 93359000 ns, Total: 100336300 ns
[2020-11-10T15:25:07.046+0000][8][safepoint   ] Safepoint "Cleanup", Time since last: 1002677500 ns, Reaching safepoint: 3197900 ns, At safepoint: 43200 ns, Total: 3241100 ns
[2020-11-10T15:25:07.867+0000][8][gc,start    ] GC(1) Pause Young (Normal) (G1 Evacuation Pause)
[2020-11-10T15:25:07.868+0000][8][gc,task     ] GC(1) Using 8 workers of 8 for evacuation
[2020-11-10T15:25:07.869+0000][8][gc,age      ] GC(1) Desired survivor size 2621440 bytes, new threshold 1 (max threshold 15)
[2020-11-10T15:25:07.887+0000][8][gc,age      ] GC(1) Age table with threshold 1 (max threshold 15)
[2020-11-10T15:25:07.888+0000][8][gc,age      ] GC(1) - age   1:    2432328 bytes,    2432328 total
[2020-11-10T15:25:07.889+0000][8][gc,phases   ] GC(1)   Pre Evacuate Collection Set: 0.3ms
[2020-11-10T15:25:07.889+0000][8][gc,phases   ] GC(1)   Merge Heap Roots: 0.4ms
[2020-11-10T15:25:07.890+0000][8][gc,phases   ] GC(1)   Evacuate Collection Set: 11.1ms
[2020-11-10T15:25:07.891+0000][8][gc,phases   ] GC(1)   Post Evacuate Collection Set: 4.8ms
[2020-11-10T15:25:07.892+0000][8][gc,phases   ] GC(1)   Other: 4.8ms
[2020-11-10T15:25:07.892+0000][8][gc,heap     ] GC(1) Eden regions: 36->0(304)
[2020-11-10T15:25:07.893+0000][8][gc,heap     ] GC(1) Survivor regions: 4->3(5)
[2020-11-10T15:25:07.894+0000][8][gc,heap     ] GC(1) Old regions: 0->4
[2020-11-10T15:25:07.895+0000][8][gc,heap     ] GC(1) Archive regions: 2->2
[2020-11-10T15:25:07.895+0000][8][gc,heap     ] GC(1) Humongous regions: 1->1
[2020-11-10T15:25:07.896+0000][8][gc,metaspace] GC(1) Metaspace: 13772K(14336K)->13772K(14336K) NonClass: 12137K(12544K)->12137K(12544K) Class: 1634K(1792K)->1634K(1792K)
[2020-11-10T15:25:07.897+0000][8][gc          ] GC(1) Pause Young (Normal) (G1 Evacuation Pause) 41M->7M(512M) 29.615ms
[2020-11-10T15:25:07.897+0000][8][gc,cpu      ] GC(1) User=0.02s Sys=0.01s Real=0.03s
[2020-11-10T15:25:07.898+0000][8][safepoint   ] Safepoint "G1CollectForAllocation", Time since last: 820231500 ns, Reaching safepoint: 1085700 ns, At safepoint: 30945200 ns, Total: 32030900 ns
[2020-11-10T15:25:08.268+0000][8][safepoint   ] Safepoint "ICBufferFull", Time since last: 369074600 ns, Reaching safepoint: 430100 ns, At safepoint: 32600 ns, Total: 462700 ns
[2020-11-10T15:25:08.278+0000][8][safepoint   ] Safepoint "ICBufferFull", Time since last: 10566800 ns, Reaching safepoint: 252400 ns, At safepoint: 70800 ns, Total: 323200 ns
[2020-11-10T15:25:08.286+0000][8][safepoint   ] Safepoint "ICBufferFull", Time since last: 7357100 ns, Reaching safepoint: 269900 ns, At safepoint: 30700 ns, Total: 300600 ns
[2020-11-10T15:25:08.294+0000][8][safepoint   ] Safepoint "ICBufferFull", Time since last: 7520100 ns, Reaching safepoint: 231600 ns, At safepoint: 17500 ns, Total: 249100 ns
[2020-11-10T15:25:08.304+0000][8][safepoint   ] Safepoint "ICBufferFull", Time since last: 9377600 ns, Reaching safepoint: 309800 ns, At safepoint: 32600 ns, Total: 342400 ns
[2020-11-10T15:25:08.310+0000][8][safepoint   ] Safepoint "ICBufferFull", Time since last: 6245000 ns, Reaching safepoint: 224200 ns, At safepoint: 15800 ns, Total: 240000 ns
[2020-11-10T15:25:08.318+0000][8][safepoint   ] Safepoint "ICBufferFull", Time since last: 6893400 ns, Reaching safepoint: 827100 ns, At safepoint: 38500 ns, Total: 865600 ns
[2020-11-10T15:25:08.326+0000][8][safepoint   ] Safepoint "ICBufferFull", Time since last: 7371800 ns, Reaching safepoint: 345900 ns, At safepoint: 23600 ns, Total: 369500 ns
[2020-11-10T15:25:08.333+0000][8][safepoint   ] Safepoint "ICBufferFull", Time since last: 6569800 ns, Reaching safepoint: 439400 ns, At safepoint: 36800 ns, Total: 476200 ns
[2020-11-10T15:25:08.342+0000][8][safepoint   ] Safepoint "ICBufferFull", Time since last: 8651500 ns, Reaching safepoint: 379400 ns, At safepoint: 16600 ns, Total: 396000 ns
[2020-11-10T15:25:08.349+0000][8][safepoint   ] Safepoint "ICBufferFull", Time since last: 7118000 ns, Reaching safepoint: 189000 ns, At safepoint: 77200 ns, Total: 266200 ns
[2020-11-10T15:25:08.357+0000][8][safepoint   ] Safepoint "ICBufferFull", Time since last: 7575400 ns, Reaching safepoint: 211200 ns, At safepoint: 17600 ns, Total: 228800 ns
[2020-11-10T15:25:08.364+0000][8][safepoint   ] Safepoint "ICBufferFull", Time since last: 6414400 ns, Reaching safepoint: 291200 ns, At safepoint: 22300 ns, Total: 313500 ns
[2020-11-10T15:25:08.372+0000][8][safepoint   ] Safepoint "ICBufferFull", Time since last: 7760000 ns, Reaching safepoint: 216900 ns, At safepoint: 18200 ns, Total: 235100 ns
[2020-11-10T15:25:08.378+0000][8][safepoint   ] Safepoint "ICBufferFull", Time since last: 6308900 ns, Reaching safepoint: 196400 ns, At safepoint: 69600 ns, Total: 266000 ns
[2020-11-10T15:25:09.188+0000][8][safepoint   ] Safepoint "ICBufferFull", Time since last: 809326700 ns, Reaching safepoint: 259500 ns, At safepoint: 38900 ns, Total: 298400 ns
[2020-11-10T15:25:10.017+0000][8][gc,start    ] GC(2) Pause Young (Normal) (G1 Evacuation Pause)
[2020-11-10T15:25:10.018+0000][8][gc,task     ] GC(2) Using 8 workers of 8 for evacuation
[2020-11-10T15:25:10.019+0000][8][gc,age      ] GC(2) Desired survivor size 20447232 bytes, new threshold 15 (max threshold 15)
[2020-11-10T15:25:10.051+0000][8][gc,age      ] GC(2) Age table with threshold 15 (max threshold 15)
[2020-11-10T15:25:10.052+0000][8][gc,age      ] GC(2) - age   1:    7183728 bytes,    7183728 total
[2020-11-10T15:25:10.053+0000][8][gc,age      ] GC(2) - age   2:    2366936 bytes,    9550664 total
[2020-11-10T15:25:10.054+0000][8][gc,phases   ] GC(2)   Pre Evacuate Collection Set: 0.2ms
[2020-11-10T15:25:10.054+0000][8][gc,phases   ] GC(2)   Merge Heap Roots: 0.3ms
[2020-11-10T15:25:10.055+0000][8][gc,phases   ] GC(2)   Evacuate Collection Set: 26.3ms
[2020-11-10T15:25:10.055+0000][8][gc,phases   ] GC(2)   Post Evacuate Collection Set: 4.3ms
[2020-11-10T15:25:10.056+0000][8][gc,phases   ] GC(2)   Other: 5.6ms
[2020-11-10T15:25:10.057+0000][8][gc,heap     ] GC(2) Eden regions: 304->0(297)
[2020-11-10T15:25:10.058+0000][8][gc,heap     ] GC(2) Survivor regions: 3->10(39)
[2020-11-10T15:25:10.059+0000][8][gc,heap     ] GC(2) Old regions: 4->4
[2020-11-10T15:25:10.059+0000][8][gc,heap     ] GC(2) Archive regions: 2->2
[2020-11-10T15:25:10.060+0000][8][gc,heap     ] GC(2) Humongous regions: 2->1
[2020-11-10T15:25:10.061+0000][8][gc,metaspace] GC(2) Metaspace: 18094K(18816K)->18094K(18816K) NonClass: 15892K(16384K)->15892K(16384K) Class: 2201K(2432K)->2201K(2432K)
[2020-11-10T15:25:10.061+0000][8][gc          ] GC(2) Pause Young (Normal) (G1 Evacuation Pause) 312M->14M(512M) 44.439ms
[2020-11-10T15:25:10.062+0000][8][gc,cpu      ] GC(2) User=0.06s Sys=0.01s Real=0.05s
[2020-11-10T15:25:10.063+0000][8][safepoint   ] Safepoint "G1CollectForAllocation", Time since last: 828905800 ns, Reaching safepoint: 193900 ns, At safepoint: 45805700 ns, Total: 45999600 ns
[2020-11-10T15:25:11.065+0000][8][safepoint   ] Safepoint "Cleanup", Time since last: 1001588200 ns, Reaching safepoint: 352100 ns, At safepoint: 23200 ns, Total: 375300 ns
[2020-11-10T15:25:11.136+0000][8][gc,start    ] GC(3) Pause Young (Normal) (G1 Evacuation Pause)
[2020-11-10T15:25:11.137+0000][8][gc,task     ] GC(3) Using 8 workers of 8 for evacuation
[2020-11-10T15:25:11.138+0000][8][gc,age      ] GC(3) Desired survivor size 20447232 bytes, new threshold 15 (max threshold 15)
[2020-11-10T15:25:11.181+0000][8][gc,age      ] GC(3) Age table with threshold 15 (max threshold 15)
[2020-11-10T15:25:11.181+0000][8][gc,age      ] GC(3) - age   1:    3190240 bytes,    3190240 total
[2020-11-10T15:25:11.182+0000][8][gc,age      ] GC(3) - age   2:    6190288 bytes,    9380528 total
[2020-11-10T15:25:11.183+0000][8][gc,age      ] GC(3) - age   3:    2366936 bytes,   11747464 total
[2020-11-10T15:25:11.184+0000][8][gc,phases   ] GC(3)   Pre Evacuate Collection Set: 0.3ms
[2020-11-10T15:25:11.185+0000][8][gc,phases   ] GC(3)   Merge Heap Roots: 0.4ms
[2020-11-10T15:25:11.186+0000][8][gc,phases   ] GC(3)   Evacuate Collection Set: 26.2ms
[2020-11-10T15:25:11.186+0000][8][gc,phases   ] GC(3)   Post Evacuate Collection Set: 14.9ms
[2020-11-10T15:25:11.187+0000][8][gc,phases   ] GC(3)   Other: 6.3ms
[2020-11-10T15:25:11.188+0000][8][gc,heap     ] GC(3) Eden regions: 297->0(295)
[2020-11-10T15:25:11.189+0000][8][gc,heap     ] GC(3) Survivor regions: 10->12(39)
[2020-11-10T15:25:11.189+0000][8][gc,heap     ] GC(3) Old regions: 4->4
[2020-11-10T15:25:11.190+0000][8][gc,heap     ] GC(3) Archive regions: 2->2
[2020-11-10T15:25:11.190+0000][8][gc,heap     ] GC(3) Humongous regions: 1->1
[2020-11-10T15:25:11.191+0000][8][gc,metaspace] GC(3) Metaspace: 19612K(20736K)->19612K(20736K) NonClass: 17264K(18176K)->17264K(18176K) Class: 2348K(2560K)->2348K(2560K)
[2020-11-10T15:25:11.192+0000][8][gc          ] GC(3) Pause Young (Normal) (G1 Evacuation Pause) 311M->16M(512M) 56.255ms
[2020-11-10T15:25:11.193+0000][8][gc,cpu      ] GC(3) User=0.05s Sys=0.01s Real=0.06s
[2020-11-10T15:25:11.194+0000][8][safepoint   ] Safepoint "G1CollectForAllocation", Time since last: 70848200 ns, Reaching safepoint: 111000 ns, At safepoint: 57895300 ns, Total: 58006300 ns
[2020-11-10T15:25:12.008+0000][8][gc,start    ] GC(4) Pause Young (Concurrent Start) (Metadata GC Threshold)
[2020-11-10T15:25:12.008+0000][8][gc,task     ] GC(4) Using 8 workers of 8 for evacuation
[2020-11-10T15:25:12.010+0000][8][gc,age      ] GC(4) Desired survivor size 20447232 bytes, new threshold 15 (max threshold 15)
[2020-11-10T15:25:12.047+0000][8][gc,age      ] GC(4) Age table with threshold 15 (max threshold 15)
[2020-11-10T15:25:12.048+0000][8][gc,age      ] GC(4) - age   1:    1895776 bytes,    1895776 total
[2020-11-10T15:25:12.049+0000][8][gc,age      ] GC(4) - age   2:    2337392 bytes,    4233168 total
[2020-11-10T15:25:12.049+0000][8][gc,age      ] GC(4) - age   3:    6188952 bytes,   10422120 total
[2020-11-10T15:25:12.050+0000][8][gc,age      ] GC(4) - age   4:    2366792 bytes,   12788912 total
[2020-11-10T15:25:12.051+0000][8][gc,phases   ] GC(4)   Pre Evacuate Collection Set: 0.4ms
[2020-11-10T15:25:12.052+0000][8][gc,phases   ] GC(4)   Merge Heap Roots: 0.3ms
[2020-11-10T15:25:12.053+0000][8][gc,phases   ] GC(4)   Evacuate Collection Set: 31.5ms
[2020-11-10T15:25:12.053+0000][8][gc,phases   ] GC(4)   Post Evacuate Collection Set: 4.3ms
[2020-11-10T15:25:12.054+0000][8][gc,phases   ] GC(4)   Other: 7.2ms
[2020-11-10T15:25:12.055+0000][8][gc,heap     ] GC(4) Eden regions: 258->0(293)
[2020-11-10T15:25:12.056+0000][8][gc,heap     ] GC(4) Survivor regions: 12->14(39)
[2020-11-10T15:25:12.056+0000][8][gc,heap     ] GC(4) Old regions: 4->4
[2020-11-10T15:25:12.057+0000][8][gc,heap     ] GC(4) Archive regions: 2->2
[2020-11-10T15:25:12.058+0000][8][gc,heap     ] GC(4) Humongous regions: 1->1
[2020-11-10T15:25:12.058+0000][8][gc,metaspace] GC(4) Metaspace: 20153K(21296K)->20153K(21296K) NonClass: 17716K(18608K)->17716K(18608K) Class: 2436K(2688K)->2436K(2688K)
[2020-11-10T15:25:12.059+0000][8][gc          ] GC(4) Pause Young (Concurrent Start) (Metadata GC Threshold) 274M->18M(512M) 51.597ms
[2020-11-10T15:25:12.060+0000][8][gc,cpu      ] GC(4) User=0.03s Sys=0.01s Real=0.05s
[2020-11-10T15:25:12.061+0000][8][safepoint   ] Safepoint "CollectForMetadataAllocation", Time since last: 809990700 ns, Reaching safepoint: 4010100 ns, At safepoint: 53288400 ns, Total: 57298500 ns
[2020-11-10T15:25:12.061+0000][8][gc          ] GC(5) Concurrent Cycle
[2020-11-10T15:25:12.070+0000][8][gc,marking  ] GC(5) Concurrent Clear Claimed Marks
[2020-11-10T15:25:12.071+0000][8][gc,marking  ] GC(5) Concurrent Clear Claimed Marks 0.981ms
[2020-11-10T15:25:12.071+0000][8][gc,marking  ] GC(5) Concurrent Scan Root Regions
[2020-11-10T15:25:12.087+0000][8][gc,marking  ] GC(5) Concurrent Scan Root Regions 15.619ms
[2020-11-10T15:25:12.088+0000][8][gc,marking  ] GC(5) Concurrent Mark (7.848s)
[2020-11-10T15:25:12.091+0000][8][gc,marking  ] GC(5) Concurrent Mark From Roots
[2020-11-10T15:25:12.094+0000][8][gc,task     ] GC(5) Using 2 workers of 2 for marking
[2020-11-10T15:25:12.102+0000][8][gc,marking  ] GC(5) Concurrent Mark From Roots 10.605ms
[2020-11-10T15:25:12.103+0000][8][gc,marking  ] GC(5) Concurrent Preclean
[2020-11-10T15:25:12.104+0000][8][gc,marking  ] GC(5) Concurrent Preclean 0.937ms
[2020-11-10T15:25:12.105+0000][8][gc,marking  ] GC(5) Concurrent Mark (7.848s, 7.864s) 16.884ms
[2020-11-10T15:25:12.112+0000][8][gc,start    ] GC(5) Pause Remark
[2020-11-10T15:25:12.122+0000][8][gc          ] GC(5) Pause Remark 36M->36M(512M) 10.636ms
[2020-11-10T15:25:12.123+0000][8][gc,cpu      ] GC(5) User=0.01s Sys=0.00s Real=0.01s
[2020-11-10T15:25:12.127+0000][8][safepoint   ] Safepoint "G1Concurrent", Time since last: 47524400 ns, Reaching safepoint: 3209400 ns, At safepoint: 14998800 ns, Total: 18208200 ns
[2020-11-10T15:25:12.131+0000][8][gc,marking  ] GC(5) Concurrent Rebuild Remembered Sets
[2020-11-10T15:25:12.137+0000][8][gc,marking  ] GC(5) Concurrent Rebuild Remembered Sets 5.313ms
[2020-11-10T15:25:12.143+0000][8][gc,start    ] GC(5) Pause Cleanup
[2020-11-10T15:25:12.148+0000][8][gc          ] GC(5) Pause Cleanup 39M->39M(512M) 4.512ms
[2020-11-10T15:25:12.150+0000][8][gc,cpu      ] GC(5) User=0.00s Sys=0.00s Real=0.01s
[2020-11-10T15:25:12.151+0000][8][safepoint   ] Safepoint "G1Concurrent", Time since last: 14964400 ns, Reaching safepoint: 1473200 ns, At safepoint: 8521000 ns, Total: 9994200 ns
[2020-11-10T15:25:12.152+0000][8][gc,marking  ] GC(5) Concurrent Cleanup for Next Mark
[2020-11-10T15:25:12.155+0000][8][gc,marking  ] GC(5) Concurrent Cleanup for Next Mark 2.451ms
[2020-11-10T15:25:12.156+0000][8][gc          ] GC(5) Concurrent Cycle 94.451ms
[2020-11-10T15:25:12.727+0000][8][gc,start    ] GC(6) Pause Young (Normal) (G1 Evacuation Pause)
[2020-11-10T15:25:12.728+0000][8][gc,task     ] GC(6) Using 8 workers of 8 for evacuation
[2020-11-10T15:25:12.729+0000][8][gc,age      ] GC(6) Desired survivor size 20447232 bytes, new threshold 15 (max threshold 15)
[2020-11-10T15:25:12.766+0000][8][gc,age      ] GC(6) Age table with threshold 15 (max threshold 15)
[2020-11-10T15:25:12.770+0000][8][gc,age      ] GC(6) - age   1:    3049656 bytes,    3049656 total
[2020-11-10T15:25:12.773+0000][8][gc,age      ] GC(6) - age   2:    1773784 bytes,    4823440 total
[2020-11-10T15:25:12.777+0000][8][gc,age      ] GC(6) - age   3:    2336288 bytes,    7159728 total
[2020-11-10T15:25:12.781+0000][8][gc,age      ] GC(6) - age   4:    6188504 bytes,   13348232 total
[2020-11-10T15:25:12.785+0000][8][gc,age      ] GC(6) - age   5:    2365608 bytes,   15713840 total
[2020-11-10T15:25:12.789+0000][8][gc,phases   ] GC(6)   Pre Evacuate Collection Set: 0.4ms
[2020-11-10T15:25:12.793+0000][8][gc,phases   ] GC(6)   Merge Heap Roots: 0.7ms
[2020-11-10T15:25:12.797+0000][8][gc,phases   ] GC(6)   Evacuate Collection Set: 28.1ms
[2020-11-10T15:25:12.800+0000][8][gc,phases   ] GC(6)   Post Evacuate Collection Set: 7.0ms
[2020-11-10T15:25:12.805+0000][8][gc,phases   ] GC(6)   Other: 25.7ms
[2020-11-10T15:25:12.809+0000][8][gc,heap     ] GC(6) Eden regions: 293->0(291)
[2020-11-10T15:25:12.811+0000][8][gc,heap     ] GC(6) Survivor regions: 14->16(39)
[2020-11-10T15:25:12.814+0000][8][gc,heap     ] GC(6) Old regions: 4->4
[2020-11-10T15:25:12.815+0000][8][gc,heap     ] GC(6) Archive regions: 2->2
[2020-11-10T15:25:12.816+0000][8][gc,heap     ] GC(6) Humongous regions: 1->1
[2020-11-10T15:25:12.818+0000][8][gc,metaspace] GC(6) Metaspace: 20401K(21936K)->20401K(21936K) NonClass: 17921K(19120K)->17921K(19120K) Class: 2479K(2816K)->2479K(2816K)
[2020-11-10T15:25:12.820+0000][8][gc          ] GC(6) Pause Young (Normal) (G1 Evacuation Pause) 311M->21M(512M) 92.907ms
[2020-11-10T15:25:12.820+0000][8][gc,cpu      ] GC(6) User=0.06s Sys=0.01s Real=0.10s
[2020-11-10T15:25:12.821+0000][8][safepoint   ] Safepoint "G1CollectForAllocation", Time since last: 574832800 ns, Reaching safepoint: 277200 ns, At safepoint: 94525400 ns, Total: 94802600 ns
[2020-11-10T15:25:13.824+0000][8][safepoint   ] Safepoint "Cleanup", Time since last: 1001399200 ns, Reaching safepoint: 1534500 ns, At safepoint: 24600 ns, Total: 1559100 ns
[2020-11-10T15:25:14.820+0000][8][safepoint   ] Safepoint "ICBufferFull", Time since last: 995480100 ns, Reaching safepoint: 705800 ns, At safepoint: 227100 ns, Total: 932900 ns
[2020-11-10T15:25:15.765+0000][8][safepoint   ] Safepoint "ICBufferFull", Time since last: 942352900 ns, Reaching safepoint: 1632300 ns, At safepoint: 48900 ns, Total: 1681200 ns
[2020-11-10T15:25:16.775+0000][8][safepoint   ] Safepoint "Cleanup", Time since last: 1005968600 ns, Reaching safepoint: 4110900 ns, At safepoint: 20200 ns, Total: 4131100 ns
[2020-11-10T15:25:17.309+0000][8][gc,start    ] GC(7) Pause Young (Concurrent Start) (Metadata GC Threshold)
[2020-11-10T15:25:17.310+0000][8][gc,task     ] GC(7) Using 8 workers of 8 for evacuation
[2020-11-10T15:25:17.311+0000][8][gc,age      ] GC(7) Desired survivor size 20447232 bytes, new threshold 15 (max threshold 15)
[2020-11-10T15:25:17.366+0000][8][gc,age      ] GC(7) Age table with threshold 15 (max threshold 15)
[2020-11-10T15:25:17.367+0000][8][gc,age      ] GC(7) - age   1:   26834152 bytes,   26834152 total
[2020-11-10T15:25:17.368+0000][8][gc,age      ] GC(7) - age   2:    1099640 bytes,   27933792 total
[2020-11-10T15:25:17.368+0000][8][gc,age      ] GC(7) - age   3:    1757368 bytes,   29691160 total
[2020-11-10T15:25:17.369+0000][8][gc,age      ] GC(7) - age   4:    2307880 bytes,   31999040 total
[2020-11-10T15:25:17.370+0000][8][gc,age      ] GC(7) - age   5:    5992736 bytes,   37991776 total
[2020-11-10T15:25:17.370+0000][8][gc,age      ] GC(7) - age   6:    2159496 bytes,   40151272 total
[2020-11-10T15:25:17.371+0000][8][gc,phases   ] GC(7)   Pre Evacuate Collection Set: 0.4ms
[2020-11-10T15:25:17.372+0000][8][gc,phases   ] GC(7)   Merge Heap Roots: 0.3ms
[2020-11-10T15:25:17.373+0000][8][gc,phases   ] GC(7)   Evacuate Collection Set: 48.0ms
[2020-11-10T15:25:17.374+0000][8][gc,phases   ] GC(7)   Post Evacuate Collection Set: 5.1ms
[2020-11-10T15:25:17.375+0000][8][gc,phases   ] GC(7)   Other: 8.2ms
[2020-11-10T15:25:17.375+0000][8][gc,heap     ] GC(7) Eden regions: 284->0(268)
[2020-11-10T15:25:17.376+0000][8][gc,heap     ] GC(7) Survivor regions: 16->39(39)
[2020-11-10T15:25:17.377+0000][8][gc,heap     ] GC(7) Old regions: 4->9
[2020-11-10T15:25:17.377+0000][8][gc,heap     ] GC(7) Archive regions: 2->2
[2020-11-10T15:25:17.378+0000][8][gc,heap     ] GC(7) Humongous regions: 1->1
[2020-11-10T15:25:17.379+0000][8][gc,metaspace] GC(7) Metaspace: 33578K(35888K)->33578K(35888K) NonClass: 29272K(30896K)->29272K(30896K) Class: 4305K(4992K)->4305K(4992K)
[2020-11-10T15:25:17.380+0000][8][gc          ] GC(7) Pause Young (Concurrent Start) (Metadata GC Threshold) 304M->49M(512M) 70.322ms
[2020-11-10T15:25:17.380+0000][8][gc,cpu      ] GC(7) User=0.13s Sys=0.02s Real=0.07s
[2020-11-10T15:25:17.381+0000][8][gc          ] GC(8) Concurrent Cycle
[2020-11-10T15:25:17.382+0000][8][gc,marking  ] GC(8) Concurrent Clear Claimed Marks
[2020-11-10T15:25:17.381+0000][8][safepoint   ] Safepoint "CollectForMetadataAllocation", Time since last: 534354200 ns, Reaching safepoint: 233000 ns, At safepoint: 72134200 ns, Total: 72367200 ns
[2020-11-10T15:25:17.383+0000][8][gc,marking  ] GC(8) Concurrent Clear Claimed Marks 0.877ms
[2020-11-10T15:25:17.384+0000][8][gc,marking  ] GC(8) Concurrent Scan Root Regions
[2020-11-10T15:25:17.428+0000][8][gc,marking  ] GC(8) Concurrent Scan Root Regions 44.360ms
[2020-11-10T15:25:17.429+0000][8][gc,marking  ] GC(8) Concurrent Mark (13.189s)
[2020-11-10T15:25:17.430+0000][8][gc,marking  ] GC(8) Concurrent Mark From Roots
[2020-11-10T15:25:17.431+0000][8][gc,task     ] GC(8) Using 2 workers of 2 for marking
[2020-11-10T15:25:17.443+0000][8][safepoint   ] Safepoint "CollectForMetadataAllocation", Time since last: 59308000 ns, Reaching safepoint: 1680800 ns, At safepoint: 261200 ns, Total: 1942000 ns
[2020-11-10T15:25:17.443+0000][8][gc,marking  ] GC(8) Concurrent Mark From Roots 12.904ms
[2020-11-10T15:25:17.444+0000][8][gc,marking  ] GC(8) Concurrent Preclean
[2020-11-10T15:25:17.445+0000][8][gc,marking  ] GC(8) Concurrent Preclean 0.957ms
[2020-11-10T15:25:17.446+0000][8][gc,marking  ] GC(8) Concurrent Mark (13.189s, 13.206s) 16.723ms
[2020-11-10T15:25:17.451+0000][8][gc,start    ] GC(8) Pause Remark
[2020-11-10T15:25:17.478+0000][8][gc          ] GC(8) Pause Remark 50M->50M(512M) 27.150ms
[2020-11-10T15:25:17.479+0000][8][gc,cpu      ] GC(8) User=0.01s Sys=0.01s Real=0.03s
[2020-11-10T15:25:17.480+0000][8][safepoint   ] Safepoint "G1Concurrent", Time since last: 4462300 ns, Reaching safepoint: 3662700 ns, At safepoint: 28915300 ns, Total: 32578000 ns
[2020-11-10T15:25:17.481+0000][8][gc,marking  ] GC(8) Concurrent Rebuild Remembered Sets
[2020-11-10T15:25:17.491+0000][8][gc,marking  ] GC(8) Concurrent Rebuild Remembered Sets 9.491ms
[2020-11-10T15:25:17.494+0000][8][gc,start    ] GC(8) Pause Cleanup
[2020-11-10T15:25:17.495+0000][8][gc          ] GC(8) Pause Cleanup 51M->51M(512M) 1.142ms
[2020-11-10T15:25:17.495+0000][8][gc,cpu      ] GC(8) User=0.00s Sys=0.00s Real=0.00s
[2020-11-10T15:25:17.496+0000][8][safepoint   ] Safepoint "G1Concurrent", Time since last: 13211500 ns, Reaching safepoint: 641500 ns, At safepoint: 2554600 ns, Total: 3196100 ns
[2020-11-10T15:25:17.497+0000][8][gc,marking  ] GC(8) Concurrent Cleanup for Next Mark
[2020-11-10T15:25:17.499+0000][8][gc,marking  ] GC(8) Concurrent Cleanup for Next Mark 1.645ms
[2020-11-10T15:25:17.499+0000][8][gc          ] GC(8) Concurrent Cycle 118.105ms
[2020-11-10T15:25:18.894+0000][8][safepoint   ] Safepoint "ICBufferFull", Time since last: 1397702200 ns, Reaching safepoint: 279400 ns, At safepoint: 35700 ns, Total: 315100 ns
[2020-11-10T15:25:20.000+0000][8][safepoint   ] Safepoint "Cleanup", Time since last: 1105431900 ns, Reaching safepoint: 281700 ns, At safepoint: 23300 ns, Total: 305000 ns
[2020-11-10T15:25:21.002+0000][8][safepoint   ] Safepoint "Cleanup", Time since last: 1001282600 ns, Reaching safepoint: 503400 ns, At safepoint: 22800 ns, Total: 526200 ns
[2020-11-10T15:25:21.987+0000][8][gc,start    ] GC(9) Pause Young (Concurrent Start) (Metadata GC Threshold)
[2020-11-10T15:25:21.989+0000][8][gc,task     ] GC(9) Using 8 workers of 8 for evacuation
[2020-11-10T15:25:21.992+0000][8][gc,age      ] GC(9) Desired survivor size 20447232 bytes, new threshold 1 (max threshold 15)
[2020-11-10T15:25:22.093+0000][8][gc,age      ] GC(9) Age table with threshold 1 (max threshold 15)
[2020-11-10T15:25:22.094+0000][8][gc,age      ] GC(9) - age   1:   11280840 bytes,   11280840 total
[2020-11-10T15:25:22.095+0000][8][gc,phases   ] GC(9)   Pre Evacuate Collection Set: 0.4ms
[2020-11-10T15:25:22.096+0000][8][gc,phases   ] GC(9)   Merge Heap Roots: 0.9ms
[2020-11-10T15:25:22.096+0000][8][gc,phases   ] GC(9)   Evacuate Collection Set: 80.9ms
[2020-11-10T15:25:22.097+0000][8][gc,phases   ] GC(9)   Post Evacuate Collection Set: 18.2ms
[2020-11-10T15:25:22.098+0000][8][gc,phases   ] GC(9)   Other: 7.1ms
[2020-11-10T15:25:22.099+0000][8][gc,heap     ] GC(9) Eden regions: 253->0(275)
[2020-11-10T15:25:22.100+0000][8][gc,heap     ] GC(9) Survivor regions: 39->14(39)
[2020-11-10T15:25:22.100+0000][8][gc,heap     ] GC(9) Old regions: 9->48
[2020-11-10T15:25:22.101+0000][8][gc,heap     ] GC(9) Archive regions: 2->2
[2020-11-10T15:25:22.102+0000][8][gc,heap     ] GC(9) Humongous regions: 1->1
[2020-11-10T15:25:22.103+0000][8][gc,metaspace] GC(9) Metaspace: 57634K(60668K)->57634K(60668K) NonClass: 49909K(52092K)->49909K(52092K) Class: 7724K(8576K)->7724K(8576K)
[2020-11-10T15:25:22.103+0000][8][gc          ] GC(9) Pause Young (Concurrent Start) (Metadata GC Threshold) 301M->62M(512M) 115.828ms
[2020-11-10T15:25:22.104+0000][8][gc,cpu      ] GC(9) User=0.27s Sys=0.01s Real=0.11s
[2020-11-10T15:25:22.105+0000][8][safepoint   ] Safepoint "CollectForMetadataAllocation", Time since last: 984980300 ns, Reaching safepoint: 684100 ns, At safepoint: 117556000 ns, Total: 118240100 ns
[2020-11-10T15:25:22.106+0000][8][gc          ] GC(10) Concurrent Cycle
[2020-11-10T15:25:22.112+0000][8][gc,marking  ] GC(10) Concurrent Clear Claimed Marks
[2020-11-10T15:25:22.113+0000][8][gc,marking  ] GC(10) Concurrent Clear Claimed Marks 0.875ms
[2020-11-10T15:25:22.114+0000][8][gc,marking  ] GC(10) Concurrent Scan Root Regions
[2020-11-10T15:25:22.138+0000][8][gc,marking  ] GC(10) Concurrent Scan Root Regions 24.100ms
[2020-11-10T15:25:22.139+0000][8][gc,marking  ] GC(10) Concurrent Mark (17.899s)
[2020-11-10T15:25:22.140+0000][8][gc,marking  ] GC(10) Concurrent Mark From Roots
[2020-11-10T15:25:22.140+0000][8][gc,task     ] GC(10) Using 2 workers of 2 for marking
[2020-11-10T15:25:22.158+0000][8][gc,marking  ] GC(10) Concurrent Mark From Roots 18.907ms
[2020-11-10T15:25:22.160+0000][8][gc,marking  ] GC(10) Concurrent Preclean
[2020-11-10T15:25:22.161+0000][8][gc,marking  ] GC(10) Concurrent Preclean 1.151ms
[2020-11-10T15:25:22.161+0000][8][gc,marking  ] GC(10) Concurrent Mark (17.899s, 17.921s) 22.592ms
[2020-11-10T15:25:22.162+0000][8][gc,start    ] GC(10) Pause Remark
[2020-11-10T15:25:22.170+0000][8][gc          ] GC(10) Pause Remark 64M->64M(512M) 7.873ms
[2020-11-10T15:25:22.171+0000][8][gc,cpu      ] GC(10) User=0.02s Sys=0.01s Real=0.01s
[2020-11-10T15:25:22.172+0000][8][safepoint   ] Safepoint "G1Concurrent", Time since last: 57270000 ns, Reaching safepoint: 273000 ns, At safepoint: 9455200 ns, Total: 9728200 ns
[2020-11-10T15:25:22.173+0000][8][gc,marking  ] GC(10) Concurrent Rebuild Remembered Sets
[2020-11-10T15:25:22.214+0000][8][gc,marking  ] GC(10) Concurrent Rebuild Remembered Sets 40.688ms
[2020-11-10T15:25:22.221+0000][8][gc,start    ] GC(10) Pause Cleanup
[2020-11-10T15:25:22.222+0000][8][gc          ] GC(10) Pause Cleanup 65M->65M(512M) 1.165ms
[2020-11-10T15:25:22.223+0000][8][gc,cpu      ] GC(10) User=0.00s Sys=0.00s Real=0.00s
[2020-11-10T15:25:22.224+0000][8][safepoint   ] Safepoint "G1Concurrent", Time since last: 45236600 ns, Reaching safepoint: 3838900 ns, At safepoint: 2911500 ns, Total: 6750400 ns
[2020-11-10T15:25:22.225+0000][8][gc,marking  ] GC(10) Concurrent Cleanup for Next Mark
[2020-11-10T15:25:22.229+0000][8][gc,marking  ] GC(10) Concurrent Cleanup for Next Mark 3.768ms
[2020-11-10T15:25:22.233+0000][8][gc          ] GC(10) Concurrent Cycle 126.278ms
[2020-11-10T15:25:23.226+0000][8][safepoint   ] Safepoint "Cleanup", Time since last: 1000837000 ns, Reaching safepoint: 1540100 ns, At safepoint: 50700 ns, Total: 1590800 ns
[2020-11-10T15:25:24.193+0000][8][safepoint   ] Safepoint "Cleanup", Time since last: 1000311300 ns, Reaching safepoint: 365900 ns, At safepoint: 18800 ns, Total: 384700 ns
[2020-11-10T15:25:25.289+0000][8][safepoint   ] Safepoint "Cleanup", Time since last: 1095951800 ns, Reaching safepoint: 208900 ns, At safepoint: 29400 ns, Total: 238300 ns
[2020-11-10T15:25:25.996+0000][8][safepoint   ] Safepoint "ICBufferFull", Time since last: 706387400 ns, Reaching safepoint: 1080100 ns, At safepoint: 42500 ns, Total: 1122600 ns
[2020-11-10T15:25:26.644+0000][8][safepoint   ] Safepoint "ICBufferFull", Time since last: 645980800 ns, Reaching safepoint: 1392600 ns, At safepoint: 55200 ns, Total: 1447800 ns
[2020-11-10T15:25:27.491+0000][8][safepoint   ] Safepoint "ICBufferFull", Time since last: 847197600 ns, Reaching safepoint: 466300 ns, At safepoint: 36100 ns, Total: 502400 ns
[2020-11-10T15:25:28.536+0000][8][safepoint   ] Safepoint "Cleanup", Time since last: 1044331900 ns, Reaching safepoint: 493900 ns, At safepoint: 21900 ns, Total: 515800 ns
[2020-11-10T15:25:29.353+0000][8][safepoint   ] Safepoint "ICBufferFull", Time since last: 816203700 ns, Reaching safepoint: 410500 ns, At safepoint: 87800 ns, Total: 498300 ns
[2020-11-10T15:25:29.735+0000][8][gc,start    ] GC(11) Pause Young (Normal) (G1 Evacuation Pause)
[2020-11-10T15:25:29.736+0000][8][gc,task     ] GC(11) Using 8 workers of 8 for evacuation
[2020-11-10T15:25:29.736+0000][8][gc,age      ] GC(11) Desired survivor size 19398656 bytes, new threshold 15 (max threshold 15)
[2020-11-10T15:25:29.782+0000][8][gc,age      ] GC(11) Age table with threshold 15 (max threshold 15)
[2020-11-10T15:25:29.782+0000][8][gc,age      ] GC(11) - age   1:   13528216 bytes,   13528216 total
[2020-11-10T15:25:29.783+0000][8][gc,age      ] GC(11) - age   2:   10885520 bytes,   24413736 total
[2020-11-10T15:25:29.784+0000][8][gc,phases   ] GC(11)   Pre Evacuate Collection Set: 0.3ms
[2020-11-10T15:25:29.785+0000][8][gc,phases   ] GC(11)   Merge Heap Roots: 0.3ms
[2020-11-10T15:25:29.785+0000][8][gc,phases   ] GC(11)   Evacuate Collection Set: 39.7ms
[2020-11-10T15:25:29.786+0000][8][gc,phases   ] GC(11)   Post Evacuate Collection Set: 4.0ms
[2020-11-10T15:25:29.787+0000][8][gc,phases   ] GC(11)   Other: 5.4ms
[2020-11-10T15:25:29.787+0000][8][gc,heap     ] GC(11) Eden regions: 275->0(260)
[2020-11-10T15:25:29.788+0000][8][gc,heap     ] GC(11) Survivor regions: 14->25(37)
[2020-11-10T15:25:29.788+0000][8][gc,heap     ] GC(11) Old regions: 48->48
[2020-11-10T15:25:29.789+0000][8][gc,heap     ] GC(11) Archive regions: 2->2
[2020-11-10T15:25:29.790+0000][8][gc,heap     ] GC(11) Humongous regions: 7->7
[2020-11-10T15:25:29.791+0000][8][gc,metaspace] GC(11) Metaspace: 87544K(91720K)->87544K(91720K) NonClass: 75777K(78920K)->75777K(78920K) Class: 11766K(12800K)->11766K(12800K)
[2020-11-10T15:25:29.792+0000][8][gc          ] GC(11) Pause Young (Normal) (G1 Evacuation Pause) 343M->79M(512M) 57.182ms
[2020-11-10T15:25:29.793+0000][8][gc,cpu      ] GC(11) User=0.10s Sys=0.02s Real=0.05s
[2020-11-10T15:25:29.793+0000][8][safepoint   ] Safepoint "G1CollectForAllocation", Time since last: 380404000 ns, Reaching safepoint: 1074200 ns, At safepoint: 59032800 ns, Total: 60107000 ns
[2020-11-10T15:25:30.816+0000][8][safepoint   ] Safepoint "Cleanup", Time since last: 1022557900 ns, Reaching safepoint: 313800 ns, At safepoint: 70600 ns, Total: 384400 ns
[2020-11-10T15:25:31.825+0000][8][safepoint   ] Safepoint "Cleanup", Time since last: 1007450800 ns, Reaching safepoint: 999500 ns, At safepoint: 156700 ns, Total: 1156200 ns
[2020-11-10T15:25:32.827+0000][8][safepoint   ] Safepoint "Cleanup", Time since last: 1001255000 ns, Reaching safepoint: 693300 ns, At safepoint: 55700 ns, Total: 749000 ns
[2020-11-10T15:25:33.832+0000][8][safepoint   ] Safepoint "Cleanup", Time since last: 1004274600 ns, Reaching safepoint: 446300 ns, At safepoint: 15800 ns, Total: 462100 ns
[2020-11-10T15:25:34.839+0000][8][safepoint   ] Safepoint "Cleanup", Time since last: 1007254200 ns, Reaching safepoint: 254600 ns, At safepoint: 9100 ns, Total: 263700 ns
[2020-11-10T15:25:41.283+0000][8][safepoint   ] Safepoint "Cleanup", Time since last: 6443083400 ns, Reaching safepoint: 522700 ns, At safepoint: 39400 ns, Total: 562100 ns
[2020-11-10T15:25:42.410+0000][8][safepoint   ] Safepoint "Cleanup", Time since last: 1126432800 ns, Reaching safepoint: 227800 ns, At safepoint: 11100 ns, Total: 238900 ns
[2020-11-10T15:25:44.411+0000][8][safepoint   ] Safepoint "Cleanup", Time since last: 2000980400 ns, Reaching safepoint: 227900 ns, At safepoint: 22300 ns, Total: 250200 ns
[2020-11-10T15:25:45.412+0000][8][safepoint   ] Safepoint "Cleanup", Time since last: 1000770900 ns, Reaching safepoint: 168200 ns, At safepoint: 21200 ns, Total: 189400 ns
[2020-11-10T15:25:46.413+0000][8][safepoint   ] Safepoint "Cleanup", Time since last: 1000856600 ns, Reaching safepoint: 228500 ns, At safepoint: 50600 ns, Total: 279100 ns
[2020-11-10T15:25:48.414+0000][8][safepoint   ] Safepoint "Cleanup", Time since last: 2001347000 ns, Reaching safepoint: 165400 ns, At safepoint: 4000 ns, Total: 169400 ns
[2020-11-10T15:25:49.415+0000][8][safepoint   ] Safepoint "Cleanup", Time since last: 1000777800 ns, Reaching safepoint: 202200 ns, At safepoint: 21900 ns, Total: 224100 ns
[2020-11-10T15:25:52.417+0000][8][safepoint   ] Safepoint "Cleanup", Time since last: 3000961600 ns, Reaching safepoint: 219700 ns, At safepoint: 21700 ns, Total: 241400 ns
[2020-11-10T15:25:55.383+0000][8][safepoint   ] Safepoint "Cleanup", Time since last: 3000949600 ns, Reaching safepoint: 170400 ns, At safepoint: 44600 ns, Total: 215000 ns
[2020-11-10T15:25:57.384+0000][8][safepoint   ] Safepoint "Cleanup", Time since last: 2000828000 ns, Reaching safepoint: 257900 ns, At safepoint: 23000 ns, Total: 280900 ns
[2020-11-10T15:25:58.385+0000][8][safepoint   ] Safepoint "Cleanup", Time since last: 1000818900 ns, Reaching safepoint: 181700 ns, At safepoint: 5300 ns, Total: 187000 ns
[2020-11-10T15:26:00.386+0000][8][safepoint   ] Safepoint "Cleanup", Time since last: 2000826600 ns, Reaching safepoint: 228200 ns, At safepoint: 41400 ns, Total: 269600 ns
[2020-11-10T15:26:01.388+0000][8][safepoint   ] Safepoint "Cleanup", Time since last: 1000764300 ns, Reaching safepoint: 248800 ns, At safepoint: 78000 ns, Total: 326800 ns
[2020-11-10T15:26:02.389+0000][8][safepoint   ] Safepoint "Cleanup", Time since last: 1000762200 ns, Reaching safepoint: 427600 ns, At safepoint: 21700 ns, Total: 449300 ns
[2020-11-10T15:26:03.390+0000][8][safepoint   ] Safepoint "Cleanup", Time since last: 1001336400 ns, Reaching safepoint: 199500 ns, At safepoint: 21800 ns, Total: 221300 ns
[2020-11-10T15:26:05.213+0000][8][safepoint   ] Safepoint "Cleanup", Time since last: 1822368900 ns, Reaching safepoint: 188500 ns, At safepoint: 7300 ns, Total: 195800 ns
[2020-11-10T15:26:06.214+0000][8][safepoint   ] Safepoint "Cleanup", Time since last: 1000920200 ns, Reaching safepoint: 204900 ns, At safepoint: 19800 ns, Total: 224700 ns
[2020-11-10T15:26:07.215+0000][8][safepoint   ] Safepoint "Cleanup", Time since last: 1000868600 ns, Reaching safepoint: 144200 ns, At safepoint: 19400 ns, Total: 163600 ns
[2020-11-10T15:26:07.417+0000][8][gc,start    ] GC(12) Pause Young (Normal) (G1 Evacuation Pause)
[2020-11-10T15:26:07.418+0000][8][gc,task     ] GC(12) Using 8 workers of 8 for evacuation
[2020-11-10T15:26:07.418+0000][8][gc,age      ] GC(12) Desired survivor size 18874368 bytes, new threshold 2 (max threshold 15)
[2020-11-10T15:26:07.449+0000][8][gc,age      ] GC(12) Age table with threshold 2 (max threshold 15)
[2020-11-10T15:26:07.450+0000][8][gc,age      ] GC(12) - age   1:    9282024 bytes,    9282024 total
[2020-11-10T15:26:07.451+0000][8][gc,age      ] GC(12) - age   2:   11856248 bytes,   21138272 total
[2020-11-10T15:26:07.451+0000][8][gc,phases   ] GC(12)   Pre Evacuate Collection Set: 0.5ms
[2020-11-10T15:26:07.452+0000][8][gc,phases   ] GC(12)   Merge Heap Roots: 0.3ms
[2020-11-10T15:26:07.453+0000][8][gc,phases   ] GC(12)   Evacuate Collection Set: 24.7ms
[2020-11-10T15:26:07.453+0000][8][gc,phases   ] GC(12)   Post Evacuate Collection Set: 4.0ms
[2020-11-10T15:26:07.454+0000][8][gc,phases   ] GC(12)   Other: 5.0ms
[2020-11-10T15:26:07.455+0000][8][gc,heap     ] GC(12) Eden regions: 260->0(254)
[2020-11-10T15:26:07.456+0000][8][gc,heap     ] GC(12) Survivor regions: 25->22(36)
[2020-11-10T15:26:07.456+0000][8][gc,heap     ] GC(12) Old regions: 48->59
[2020-11-10T15:26:07.457+0000][8][gc,heap     ] GC(12) Archive regions: 2->2
[2020-11-10T15:26:07.458+0000][8][gc,heap     ] GC(12) Humongous regions: 17->7
[2020-11-10T15:26:07.458+0000][8][gc,metaspace] GC(12) Metaspace: 94097K(98248K)->94097K(98248K) NonClass: 81519K(84552K)->81519K(84552K) Class: 12577K(13696K)->12577K(13696K)
[2020-11-10T15:26:07.459+0000][8][gc          ] GC(12) Pause Young (Normal) (G1 Evacuation Pause) 349M->88M(512M) 42.470ms
[2020-11-10T15:26:07.460+0000][8][gc,cpu      ] GC(12) User=0.10s Sys=0.01s Real=0.05s
[2020-11-10T15:26:07.461+0000][8][safepoint   ] Safepoint "G1CollectForAllocation", Time since last: 201234900 ns, Reaching safepoint: 420800 ns, At safepoint: 44590100 ns, Total: 45010900 ns
[2020-11-10T15:26:07.700+0000][8][safepoint   ] Safepoint "ICBufferFull", Time since last: 237863400 ns, Reaching safepoint: 461300 ns, At safepoint: 50500 ns, Total: 511800 ns
[2020-11-10T15:26:08.700+0000][8][safepoint   ] Safepoint "Cleanup", Time since last: 1000215300 ns, Reaching safepoint: 298600 ns, At safepoint: 14400 ns, Total: 313000 ns
[2020-11-10T15:26:09.702+0000][8][safepoint   ] Safepoint "Cleanup", Time since last: 1001064200 ns, Reaching safepoint: 353700 ns, At safepoint: 17100 ns, Total: 370800 ns
[2020-11-10T15:26:10.703+0000][8][safepoint   ] Safepoint "Cleanup", Time since last: 1000985800 ns, Reaching safepoint: 265500 ns, At safepoint: 25300 ns, Total: 290800 ns
[2020-11-10T15:26:11.704+0000][8][safepoint   ] Safepoint "Cleanup", Time since last: 1000960900 ns, Reaching safepoint: 284900 ns, At safepoint: 28900 ns, Total: 313800 ns
[2020-11-10T15:26:13.706+0000][8][safepoint   ] Safepoint "Cleanup", Time since last: 2001017600 ns, Reaching safepoint: 343900 ns, At safepoint: 32900 ns, Total: 376800 ns
[2020-11-10T15:26:14.707+0000][8][safepoint   ] Safepoint "Cleanup", Time since last: 1001011800 ns, Reaching safepoint: 265500 ns, At safepoint: 29500 ns, Total: 295000 ns
[2020-11-10T15:26:16.708+0000][8][safepoint   ] Safepoint "Cleanup", Time since last: 2000357000 ns, Reaching safepoint: 439200 ns, At safepoint: 12500 ns, Total: 451700 ns
[2020-11-10T15:26:19.709+0000][8][safepoint   ] Safepoint "Cleanup", Time since last: 3001085800 ns, Reaching safepoint: 297900 ns, At safepoint: 30400 ns, Total: 328300 ns
[2020-11-10T15:26:20.710+0000][8][safepoint   ] Safepoint "Cleanup", Time since last: 1000903600 ns, Reaching safepoint: 370500 ns, At safepoint: 51200 ns, Total: 421700 ns
[2020-11-10T15:26:21.712+0000][8][safepoint   ] Safepoint "Cleanup", Time since last: 1000946500 ns, Reaching safepoint: 364700 ns, At safepoint: 25500 ns, Total: 390200 ns
[2020-11-10T15:26:22.713+0000][8][safepoint   ] Safepoint "Cleanup", Time since last: 1000821000 ns, Reaching safepoint: 257800 ns, At safepoint: 31200 ns, Total: 289000 ns
[2020-11-10T15:26:23.714+0000][8][safepoint   ] Safepoint "Cleanup", Time since last: 1000911300 ns, Reaching safepoint: 220700 ns, At safepoint: 11800 ns, Total: 232500 ns
[2020-11-10T15:26:24.678+0000][8][safepoint   ] Safepoint "Cleanup", Time since last: 1000789900 ns, Reaching safepoint: 231900 ns, At safepoint: 28600 ns, Total: 260500 ns
[2020-11-10T15:26:25.679+0000][8][safepoint   ] Safepoint "Cleanup", Time since last: 1000832600 ns, Reaching safepoint: 249400 ns, At safepoint: 28000 ns, Total: 277400 ns
[2020-11-10T15:26:26.680+0000][8][safepoint   ] Safepoint "Cleanup", Time since last: 1000849700 ns, Reaching safepoint: 204800 ns, At safepoint: 6900 ns, Total: 211700 ns
[2020-11-10T15:26:27.681+0000][8][safepoint   ] Safepoint "Cleanup", Time since last: 1000863000 ns, Reaching safepoint: 222800 ns, At safepoint: 27400 ns, Total: 250200 ns
[2020-11-10T15:26:28.683+0000][8][safepoint   ] Safepoint "Cleanup", Time since last: 1000816500 ns, Reaching safepoint: 278800 ns, At safepoint: 32700 ns, Total: 311500 ns
[2020-11-10T15:26:29.684+0000][8][safepoint   ] Safepoint "Cleanup", Time since last: 1001203500 ns, Reaching safepoint: 323600 ns, At safepoint: 17200 ns, Total: 340800 ns
[2020-11-10T15:26:31.686+0000][8][safepoint   ] Safepoint "Cleanup", Time since last: 2001212200 ns, Reaching safepoint: 441500 ns, At safepoint: 26500 ns, Total: 468000 ns
[2020-11-10T15:26:32.687+0000][8][safepoint   ] Safepoint "Cleanup", Time since last: 1001011500 ns, Reaching safepoint: 335700 ns, At safepoint: 33300 ns, Total: 369000 ns
[2020-11-10T15:26:34.689+0000][8][safepoint   ] Safepoint "Cleanup", Time since last: 2001005100 ns, Reaching safepoint: 381300 ns, At safepoint: 83500 ns, Total: 464800 ns
[2020-11-10T15:26:35.690+0000][8][safepoint   ] Safepoint "Cleanup", Time since last: 1000831600 ns, Reaching safepoint: 371800 ns, At safepoint: 24600 ns, Total: 396400 ns
[2020-11-10T15:26:36.691+0000][8][safepoint   ] Safepoint "Cleanup", Time since last: 1000864200 ns, Reaching safepoint: 238300 ns, At safepoint: 19700 ns, Total: 258000 ns
[2020-11-10T15:26:37.692+0000][8][safepoint   ] Safepoint "Cleanup", Time since last: 1000790200 ns, Reaching safepoint: 202800 ns, At safepoint: 22000 ns, Total: 224800 ns
[2020-11-10T15:26:38.724+0000][8][safepoint   ] Safepoint "Cleanup", Time since last: 1031422600 ns, Reaching safepoint: 337000 ns, At safepoint: 28700 ns, Total: 365700 ns
[2020-11-10T15:26:39.725+0000][8][safepoint   ] Safepoint "Cleanup", Time since last: 1001087400 ns, Reaching safepoint: 371800 ns, At safepoint: 29500 ns, Total: 401300 ns
[2020-11-10T15:26:40.726+0000][8][safepoint   ] Safepoint "Cleanup", Time since last: 1000925200 ns, Reaching safepoint: 238900 ns, At safepoint: 13900 ns, Total: 252800 ns
[2020-11-10T15:26:43.728+0000][8][safepoint   ] Safepoint "Cleanup", Time since last: 3001019800 ns, Reaching safepoint: 273600 ns, At safepoint: 11700 ns, Total: 285300 ns
[2020-11-10T15:26:44.729+0000][8][safepoint   ] Safepoint "Cleanup", Time since last: 1000614100 ns, Reaching safepoint: 281900 ns, At safepoint: 4800 ns, Total: 286700 ns
[2020-11-10T15:26:45.730+0000][8][safepoint   ] Safepoint "Cleanup", Time since last: 1000897600 ns, Reaching safepoint: 275600 ns, At safepoint: 28300 ns, Total: 303900 ns
[2020-11-10T15:26:46.731+0000][8][safepoint   ] Safepoint "Cleanup", Time since last: 1000816700 ns, Reaching safepoint: 214200 ns, At safepoint: 27600 ns, Total: 241800 ns
[2020-11-10T15:26:49.732+0000][8][safepoint   ] Safepoint "Cleanup", Time since last: 3000957100 ns, Reaching safepoint: 325900 ns, At safepoint: 34700 ns, Total: 360600 ns
[2020-11-10T15:26:51.734+0000][8][safepoint   ] Safepoint "Cleanup", Time since last: 2001171300 ns, Reaching safepoint: 376200 ns, At safepoint: 34500 ns, Total: 410700 ns
[2020-11-10T15:26:52.735+0000][8][safepoint   ] Safepoint "Cleanup", Time since last: 1000809600 ns, Reaching safepoint: 429400 ns, At safepoint: 12900 ns, Total: 442300 ns
[2020-11-10T15:26:54.701+0000][8][safepoint   ] Safepoint "Cleanup", Time since last: 2000988300 ns, Reaching safepoint: 311100 ns, At safepoint: 15900 ns, Total: 327000 ns
[2020-11-10T15:26:55.702+0000][8][safepoint   ] Safepoint "Cleanup", Time since last: 1000972200 ns, Reaching safepoint: 504700 ns, At safepoint: 24500 ns, Total: 529200 ns
[2020-11-10T15:26:56.704+0000][8][safepoint   ] Safepoint "Cleanup", Time since last: 1001127100 ns, Reaching safepoint: 335100 ns, At safepoint: 21000 ns, Total: 356100 ns
[2020-11-10T15:26:57.705+0000][8][safepoint   ] Safepoint "Cleanup", Time since last: 1001076000 ns, Reaching safepoint: 467300 ns, At safepoint: 20700 ns, Total: 488000 ns
[2020-11-10T15:26:58.707+0000][8][safepoint   ] Safepoint "Cleanup", Time since last: 1001054000 ns, Reaching safepoint: 246400 ns, At safepoint: 7900 ns, Total: 254300 ns
[2020-11-10T15:26:59.708+0000][8][safepoint   ] Safepoint "Cleanup", Time since last: 1001015400 ns, Reaching safepoint: 353900 ns, At safepoint: 13200 ns, Total: 367100 ns
[2020-11-10T15:27:01.709+0000][8][safepoint   ] Safepoint "Cleanup", Time since last: 2001029500 ns, Reaching safepoint: 251500 ns, At safepoint: 28900 ns, Total: 280400 ns
[2020-11-10T15:27:04.711+0000][8][safepoint   ] Safepoint "Cleanup", Time since last: 3001220700 ns, Reaching safepoint: 241800 ns, At safepoint: 22700 ns, Total: 264500 ns
[2020-11-10T15:27:05.713+0000][8][safepoint   ] Safepoint "Cleanup", Time since last: 1001411600 ns, Reaching safepoint: 217700 ns, At safepoint: 7100 ns, Total: 224800 ns
[2020-11-10T15:27:06.714+0000][8][safepoint   ] Safepoint "Cleanup", Time since last: 1000944700 ns, Reaching safepoint: 232800 ns, At safepoint: 27000 ns, Total: 259800 ns
[2020-11-10T15:27:07.715+0000][8][safepoint   ] Safepoint "Cleanup", Time since last: 1000941500 ns, Reaching safepoint: 424400 ns, At safepoint: 53000 ns, Total: 477400 ns
[2020-11-10T15:27:09.717+0000][8][safepoint   ] Safepoint "Cleanup", Time since last: 2001105200 ns, Reaching safepoint: 220800 ns, At safepoint: 8500 ns, Total: 229300 ns
[2020-11-10T15:27:10.718+0000][8][safepoint   ] Safepoint "Cleanup", Time since last: 1000942000 ns, Reaching safepoint: 298000 ns, At safepoint: 22500 ns, Total: 320500 ns
[2020-11-10T15:27:11.719+0000][8][safepoint   ] Safepoint "Cleanup", Time since last: 1000991400 ns, Reaching safepoint: 353800 ns, At safepoint: 12900 ns, Total: 366700 ns
[2020-11-10T15:27:13.720+0000][8][safepoint   ] Safepoint "Cleanup", Time since last: 2000996600 ns, Reaching safepoint: 185400 ns, At safepoint: 14500 ns, Total: 199900 ns
[2020-11-10T15:27:15.722+0000][8][safepoint   ] Safepoint "Cleanup", Time since last: 2001058400 ns, Reaching safepoint: 249800 ns, At safepoint: 32400 ns, Total: 282200 ns
[2020-11-10T15:27:16.723+0000][8][safepoint   ] Safepoint "Cleanup", Time since last: 1000896400 ns, Reaching safepoint: 303400 ns, At safepoint: 12000 ns, Total: 315400 ns
[2020-11-10T15:27:19.725+0000][8][safepoint   ] Safepoint "Cleanup", Time since last: 3001521700 ns, Reaching safepoint: 219400 ns, At safepoint: 6100 ns, Total: 225500 ns
[2020-11-10T15:27:22.726+0000][8][safepoint   ] Safepoint "Cleanup", Time since last: 3001083200 ns, Reaching safepoint: 316200 ns, At safepoint: 123400 ns, Total: 439600 ns
[2020-11-10T15:27:23.727+0000][8][safepoint   ] Safepoint "Cleanup", Time since last: 1000819100 ns, Reaching safepoint: 326400 ns, At safepoint: 30900 ns, Total: 357300 ns
[2020-11-10T15:27:24.694+0000][8][safepoint   ] Safepoint "Cleanup", Time since last: 1000929000 ns, Reaching safepoint: 242100 ns, At safepoint: 32900 ns, Total: 275000 ns
[2020-11-10T15:27:25.695+0000][8][safepoint   ] Safepoint "Cleanup", Time since last: 1000863600 ns, Reaching safepoint: 288700 ns, At safepoint: 27500 ns, Total: 316200 ns
[2020-11-10T15:27:26.696+0000][8][safepoint   ] Safepoint "Cleanup", Time since last: 1000765400 ns, Reaching safepoint: 229800 ns, At safepoint: 26200 ns, Total: 256000 ns
[2020-11-10T15:27:27.698+0000][8][safepoint   ] Safepoint "Cleanup", Time since last: 1001005700 ns, Reaching safepoint: 269900 ns, At safepoint: 38700 ns, Total: 308600 ns
[2020-11-10T15:27:28.699+0000][8][safepoint   ] Safepoint "Cleanup", Time since last: 1000906500 ns, Reaching safepoint: 306100 ns, At safepoint: 27400 ns, Total: 333500 ns
[2020-11-10T15:27:29.700+0000][8][safepoint   ] Safepoint "Cleanup", Time since last: 1000832900 ns, Reaching safepoint: 313600 ns, At safepoint: 28400 ns, Total: 342000 ns
[2020-11-10T15:27:30.701+0000][8][safepoint   ] Safepoint "Cleanup", Time since last: 1000953000 ns, Reaching safepoint: 247300 ns, At safepoint: 27400 ns, Total: 274700 ns
[2020-11-10T15:27:31.702+0000][8][safepoint   ] Safepoint "Cleanup", Time since last: 1000806500 ns, Reaching safepoint: 329900 ns, At safepoint: 30900 ns, Total: 360800 ns
[2020-11-10T15:27:32.705+0000][8][safepoint   ] Safepoint "Cleanup", Time since last: 1001419500 ns, Reaching safepoint: 713300 ns, At safepoint: 46100 ns, Total: 759400 ns
[2020-11-10T15:27:34.706+0000][8][safepoint   ] Safepoint "Cleanup", Time since last: 2000993500 ns, Reaching safepoint: 298900 ns, At safepoint: 13200 ns, Total: 312100 ns
[2020-11-10T15:27:35.707+0000][8][safepoint   ] Safepoint "Cleanup", Time since last: 1000940200 ns, Reaching safepoint: 240200 ns, At safepoint: 9600 ns, Total: 249800 ns
[2020-11-10T15:27:37.387+0000][8][safepoint   ] Safepoint "Cleanup", Time since last: 1678938600 ns, Reaching safepoint: 455100 ns, At safepoint: 87800 ns, Total: 542900 ns
[2020-11-10T15:27:38.388+0000][8][safepoint   ] Safepoint "Cleanup", Time since last: 1001426500 ns, Reaching safepoint: 326100 ns, At safepoint: 38100 ns, Total: 364200 ns
[2020-11-10T15:27:40.390+0000][8][safepoint   ] Safepoint "Cleanup", Time since last: 2001158300 ns, Reaching safepoint: 533600 ns, At safepoint: 44800 ns, Total: 578400 ns
[2020-11-10T15:27:43.391+0000][8][safepoint   ] Safepoint "Cleanup", Time since last: 3001059100 ns, Reaching safepoint: 179800 ns, At safepoint: 24000 ns, Total: 203800 ns
[2020-11-10T15:27:46.393+0000][8][safepoint   ] Safepoint "Cleanup", Time since last: 3001054700 ns, Reaching safepoint: 317800 ns, At safepoint: 26200 ns, Total: 344000 ns
[2020-11-10T15:27:47.394+0000][8][safepoint   ] Safepoint "Cleanup", Time since last: 1000805900 ns, Reaching safepoint: 338800 ns, At safepoint: 13500 ns, Total: 352300 ns
[2020-11-10T15:27:49.395+0000][8][safepoint   ] Safepoint "Cleanup", Time since last: 2000905000 ns, Reaching safepoint: 233000 ns, At safepoint: 26200 ns, Total: 259200 ns
[2020-11-10T15:27:52.396+0000][8][safepoint   ] Safepoint "Cleanup", Time since last: 3001127900 ns, Reaching safepoint: 313300 ns, At safepoint: 47800 ns, Total: 361100 ns
[2020-11-10T15:27:55.363+0000][8][safepoint   ] Safepoint "Cleanup", Time since last: 3000981000 ns, Reaching safepoint: 256000 ns, At safepoint: 9500 ns, Total: 265500 ns
[2020-11-10T15:27:57.365+0000][8][safepoint   ] Safepoint "Cleanup", Time since last: 2001028600 ns, Reaching safepoint: 255400 ns, At safepoint: 24100 ns, Total: 279500 ns
[2020-11-10T15:27:58.366+0000][8][safepoint   ] Safepoint "Cleanup", Time since last: 1001170300 ns, Reaching safepoint: 207300 ns, At safepoint: 7000 ns, Total: 214300 ns
[2020-11-10T15:27:59.367+0000][8][safepoint   ] Safepoint "Cleanup", Time since last: 1000753000 ns, Reaching safepoint: 410700 ns, At safepoint: 31600 ns, Total: 442300 ns
[2020-11-10T15:28:01.368+0000][8][safepoint   ] Safepoint "Cleanup", Time since last: 2000967000 ns, Reaching safepoint: 245100 ns, At safepoint: 26300 ns, Total: 271400 ns
[2020-11-10T15:28:02.370+0000][8][safepoint   ] Safepoint "Cleanup", Time since last: 1000904300 ns, Reaching safepoint: 248300 ns, At safepoint: 27300 ns, Total: 275600 ns
[2020-11-10T15:28:04.371+0000][8][safepoint   ] Safepoint "Cleanup", Time since last: 2000943600 ns, Reaching safepoint: 300800 ns, At safepoint: 39500 ns, Total: 340300 ns
[2020-11-10T15:28:05.372+0000][8][safepoint   ] Safepoint "Cleanup", Time since last: 1000803800 ns, Reaching safepoint: 246700 ns, At safepoint: 5600 ns, Total: 252300 ns
[2020-11-10T15:28:07.373+0000][8][safepoint   ] Safepoint "Cleanup", Time since last: 2001035600 ns, Reaching safepoint: 300600 ns, At safepoint: 28500 ns, Total: 329100 ns
[2020-11-10T15:28:09.375+0000][8][safepoint   ] Safepoint "Cleanup", Time since last: 2001041900 ns, Reaching safepoint: 416300 ns, At safepoint: 38800 ns, Total: 455100 ns
[2020-11-10T15:28:10.380+0000][8][safepoint   ] Safepoint "Cleanup", Time since last: 1005179100 ns, Reaching safepoint: 291500 ns, At safepoint: 28000 ns, Total: 319500 ns
[2020-11-10T15:28:12.381+0000][8][safepoint   ] Safepoint "Cleanup", Time since last: 2000866800 ns, Reaching safepoint: 259300 ns, At safepoint: 26600 ns, Total: 285900 ns
[2020-11-10T15:28:13.383+0000][8][safepoint   ] Safepoint "Cleanup", Time since last: 1000827700 ns, Reaching safepoint: 220600 ns, At safepoint: 21900 ns, Total: 242500 ns
[2020-11-10T15:28:14.384+0000][8][safepoint   ] Safepoint "Cleanup", Time since last: 1000696800 ns, Reaching safepoint: 623500 ns, At safepoint: 37700 ns, Total: 661200 ns
[2020-11-10T15:28:16.385+0000][8][safepoint   ] Safepoint "Cleanup", Time since last: 2000815200 ns, Reaching safepoint: 263000 ns, At safepoint: 27100 ns, Total: 290100 ns
[2020-11-10T15:28:19.386+0000][8][safepoint   ] Safepoint "Cleanup", Time since last: 3000902800 ns, Reaching safepoint: 433300 ns, At safepoint: 38600 ns, Total: 471900 ns
[2020-11-10T15:28:22.388+0000][8][safepoint   ] Safepoint "Cleanup", Time since last: 3001068100 ns, Reaching safepoint: 248300 ns, At safepoint: 17300 ns, Total: 265600 ns
[2020-11-10T15:28:24.355+0000][8][safepoint   ] Safepoint "Cleanup", Time since last: 2000998100 ns, Reaching safepoint: 289300 ns, At safepoint: 49100 ns, Total: 338400 ns
[2020-11-10T15:28:25.356+0000][8][safepoint   ] Safepoint "Cleanup", Time since last: 1000807200 ns, Reaching safepoint: 305600 ns, At safepoint: 11700 ns, Total: 317300 ns
[2020-11-10T15:28:27.357+0000][8][safepoint   ] Safepoint "Cleanup", Time since last: 2000830700 ns, Reaching safepoint: 336700 ns, At safepoint: 28200 ns, Total: 364900 ns
[2020-11-10T15:28:28.358+0000][8][safepoint   ] Safepoint "Cleanup", Time since last: 1000927600 ns, Reaching safepoint: 255700 ns, At safepoint: 26300 ns, Total: 282000 ns
[2020-11-10T15:28:31.359+0000][8][safepoint   ] Safepoint "Cleanup", Time since last: 3000890900 ns, Reaching safepoint: 302400 ns, At safepoint: 33100 ns, Total: 335500 ns
[2020-11-10T15:28:31.772+0000][8][gc,start    ] GC(13) Pause Young (Concurrent Start) (Metadata GC Threshold)
[2020-11-10T15:28:31.773+0000][8][gc,task     ] GC(13) Using 8 workers of 8 for evacuation
[2020-11-10T15:28:31.773+0000][8][gc,age      ] GC(13) Desired survivor size 18350080 bytes, new threshold 2 (max threshold 15)
[2020-11-10T15:28:31.794+0000][8][gc,age      ] GC(13) Age table with threshold 2 (max threshold 15)
[2020-11-10T15:28:31.795+0000][8][gc,age      ] GC(13) - age   1:    2907288 bytes,    2907288 total
[2020-11-10T15:28:31.795+0000][8][gc,age      ] GC(13) - age   2:    8773232 bytes,   11680520 total
[2020-11-10T15:28:31.796+0000][8][gc,phases   ] GC(13)   Pre Evacuate Collection Set: 0.3ms
[2020-11-10T15:28:31.796+0000][8][gc,phases   ] GC(13)   Merge Heap Roots: 0.2ms
[2020-11-10T15:28:31.797+0000][8][gc,phases   ] GC(13)   Evacuate Collection Set: 17.4ms
[2020-11-10T15:28:31.797+0000][8][gc,phases   ] GC(13)   Post Evacuate Collection Set: 2.5ms
[2020-11-10T15:28:31.798+0000][8][gc,phases   ] GC(13)   Other: 3.6ms
[2020-11-10T15:28:31.798+0000][8][gc,heap     ] GC(13) Eden regions: 254->0(258)
[2020-11-10T15:28:31.799+0000][8][gc,heap     ] GC(13) Survivor regions: 22->13(35)
[2020-11-10T15:28:31.799+0000][8][gc,heap     ] GC(13) Old regions: 59->71
[2020-11-10T15:28:31.800+0000][8][gc,heap     ] GC(13) Archive regions: 2->2
[2020-11-10T15:28:31.800+0000][8][gc,heap     ] GC(13) Humongous regions: 7->7
[2020-11-10T15:28:31.800+0000][8][gc,metaspace] GC(13) Metaspace: 97628K(101668K)->97628K(101668K) NonClass: 84696K(87588K)->84696K(87588K) Class: 12932K(14080K)->12932K(14080K)
[2020-11-10T15:28:31.801+0000][8][gc          ] GC(13) Pause Young (Concurrent Start) (Metadata GC Threshold) 342M->91M(512M) 29.102ms
[2020-11-10T15:28:31.802+0000][8][gc,cpu      ] GC(13) User=0.07s Sys=0.01s Real=0.03s
[2020-11-10T15:28:31.802+0000][8][safepoint   ] Safepoint "CollectForMetadataAllocation", Time since last: 412029900 ns, Reaching safepoint: 503500 ns, At safepoint: 30348600 ns, Total: 30852100 ns
[2020-11-10T15:28:31.802+0000][8][gc          ] GC(14) Concurrent Cycle
[2020-11-10T15:28:31.803+0000][8][gc,marking  ] GC(14) Concurrent Clear Claimed Marks
[2020-11-10T15:28:31.804+0000][8][gc,marking  ] GC(14) Concurrent Clear Claimed Marks 0.763ms
[2020-11-10T15:28:31.804+0000][8][gc,marking  ] GC(14) Concurrent Scan Root Regions
[2020-11-10T15:28:31.815+0000][8][gc,marking  ] GC(14) Concurrent Scan Root Regions 10.131ms
[2020-11-10T15:28:31.815+0000][8][gc,marking  ] GC(14) Concurrent Mark (207.820s)
[2020-11-10T15:28:31.816+0000][8][gc,marking  ] GC(14) Concurrent Mark From Roots
[2020-11-10T15:28:31.816+0000][8][gc,task     ] GC(14) Using 2 workers of 2 for marking
[2020-11-10T15:28:31.866+0000][8][gc,marking  ] GC(14) Concurrent Mark From Roots 50.193ms
[2020-11-10T15:28:31.867+0000][8][gc,marking  ] GC(14) Concurrent Preclean
[2020-11-10T15:28:31.868+0000][8][gc,marking  ] GC(14) Concurrent Preclean 1.038ms
[2020-11-10T15:28:31.869+0000][8][gc,marking  ] GC(14) Concurrent Mark (207.820s, 207.873s) 53.497ms
[2020-11-10T15:28:31.869+0000][8][gc,start    ] GC(14) Pause Remark
[2020-11-10T15:28:31.874+0000][8][gc          ] GC(14) Pause Remark 92M->92M(512M) 4.831ms
[2020-11-10T15:28:31.875+0000][8][gc,cpu      ] GC(14) User=0.01s Sys=0.00s Real=0.01s
[2020-11-10T15:28:31.875+0000][8][safepoint   ] Safepoint "G1Concurrent", Time since last: 66972400 ns, Reaching safepoint: 228000 ns, At safepoint: 5848500 ns, Total: 6076500 ns
[2020-11-10T15:28:31.876+0000][8][gc,marking  ] GC(14) Concurrent Rebuild Remembered Sets
[2020-11-10T15:28:31.920+0000][8][gc,marking  ] GC(14) Concurrent Rebuild Remembered Sets 43.898ms
[2020-11-10T15:28:31.922+0000][8][gc,start    ] GC(14) Pause Cleanup
[2020-11-10T15:28:31.922+0000][8][gc          ] GC(14) Pause Cleanup 92M->92M(512M) 0.600ms
[2020-11-10T15:28:31.923+0000][8][gc,cpu      ] GC(14) User=0.00s Sys=0.00s Real=0.01s
[2020-11-10T15:28:31.923+0000][8][safepoint   ] Safepoint "G1Concurrent", Time since last: 45751200 ns, Reaching safepoint: 558100 ns, At safepoint: 1687400 ns, Total: 2245500 ns
[2020-11-10T15:28:31.924+0000][8][gc,marking  ] GC(14) Concurrent Cleanup for Next Mark
[2020-11-10T15:28:31.925+0000][8][gc,marking  ] GC(14) Concurrent Cleanup for Next Mark 1.072ms
[2020-11-10T15:28:31.925+0000][8][gc          ] GC(14) Concurrent Cycle 122.918ms
[2020-11-10T15:28:33.924+0000][8][safepoint   ] Safepoint "Cleanup", Time since last: 2000580700 ns, Reaching safepoint: 267600 ns, At safepoint: 8900 ns, Total: 276500 ns
[2020-11-10T15:28:34.926+0000][8][safepoint   ] Safepoint "Cleanup", Time since last: 1001255900 ns, Reaching safepoint: 574500 ns, At safepoint: 38000 ns, Total: 612500 ns
[2020-11-10T15:28:35.928+0000][8][safepoint   ] Safepoint "Cleanup", Time since last: 1001171800 ns, Reaching safepoint: 313000 ns, At safepoint: 31300 ns, Total: 344300 ns
[2020-11-10T15:28:36.929+0000][8][safepoint   ] Safepoint "Cleanup", Time since last: 1000990000 ns, Reaching safepoint: 386000 ns, At safepoint: 24400 ns, Total: 410400 ns
[2020-11-10T15:28:37.930+0000][8][safepoint   ] Safepoint "Cleanup", Time since last: 1000791000 ns, Reaching safepoint: 330500 ns, At safepoint: 12300 ns, Total: 342800 ns
[2020-11-10T15:28:40.931+0000][8][safepoint   ] Safepoint "Cleanup", Time since last: 3001093800 ns, Reaching safepoint: 312400 ns, At safepoint: 10400 ns, Total: 322800 ns
[2020-11-10T15:28:41.933+0000][8][safepoint   ] Safepoint "Cleanup", Time since last: 1001301700 ns, Reaching safepoint: 271300 ns, At safepoint: 9200 ns, Total: 280500 ns
[2020-11-10T15:28:43.934+0000][8][safepoint   ] Safepoint "Cleanup", Time since last: 2000998300 ns, Reaching safepoint: 246500 ns, At safepoint: 8200 ns, Total: 254700 ns
[2020-11-10T15:28:44.936+0000][8][safepoint   ] Safepoint "Cleanup", Time since last: 1001169200 ns, Reaching safepoint: 421100 ns, At safepoint: 10100 ns, Total: 431200 ns
[2020-11-10T15:28:45.937+0000][8][safepoint   ] Safepoint "Cleanup", Time since last: 1001241200 ns, Reaching safepoint: 236100 ns, At safepoint: 9200 ns, Total: 245300 ns
[2020-11-10T15:28:46.939+0000][8][safepoint   ] Safepoint "Cleanup", Time since last: 1000916600 ns, Reaching safepoint: 306400 ns, At safepoint: 48200 ns, Total: 354600 ns
[2020-11-10T15:28:49.940+0000][8][safepoint   ] Safepoint "Cleanup", Time since last: 3000944100 ns, Reaching safepoint: 250700 ns, At safepoint: 10600 ns, Total: 261300 ns
[2020-11-10T15:28:51.941+0000][8][safepoint   ] Safepoint "Cleanup", Time since last: 2000957100 ns, Reaching safepoint: 257100 ns, At safepoint: 11300 ns, Total: 268400 ns
[2020-11-10T15:28:55.908+0000][8][safepoint   ] Safepoint "Cleanup", Time since last: 4001170800 ns, Reaching safepoint: 394100 ns, At safepoint: 78600 ns, Total: 472700 ns
[2020-11-10T15:28:56.909+0000][8][safepoint   ] Safepoint "Cleanup", Time since last: 1000707600 ns, Reaching safepoint: 358800 ns, At safepoint: 25100 ns, Total: 383900 ns
[2020-11-10T15:28:58.911+0000][8][safepoint   ] Safepoint "Cleanup", Time since last: 2000901900 ns, Reaching safepoint: 265100 ns, At safepoint: 24200 ns, Total: 289300 ns
[2020-11-10T15:29:01.912+0000][8][safepoint   ] Safepoint "Cleanup", Time since last: 3001102100 ns, Reaching safepoint: 350100 ns, At safepoint: 31100 ns, Total: 381200 ns
[2020-11-10T15:29:03.913+0000][8][safepoint   ] Safepoint "Cleanup", Time since last: 2000916000 ns, Reaching safepoint: 316100 ns, At safepoint: 22200 ns, Total: 338300 ns
[2020-11-10T15:29:04.914+0000][8][safepoint   ] Safepoint "Cleanup", Time since last: 1000676800 ns, Reaching safepoint: 320000 ns, At safepoint: 7100 ns, Total: 327100 ns
[2020-11-10T15:29:05.915+0000][8][safepoint   ] Safepoint "Cleanup", Time since last: 1000812900 ns, Reaching safepoint: 324600 ns, At safepoint: 36100 ns, Total: 360700 ns
[2020-11-10T15:29:07.917+0000][8][safepoint   ] Safepoint "Cleanup", Time since last: 2001150700 ns, Reaching safepoint: 233200 ns, At safepoint: 12300 ns, Total: 245500 ns
[2020-11-10T15:29:08.918+0000][8][safepoint   ] Safepoint "Cleanup", Time since last: 1000910300 ns, Reaching safepoint: 262700 ns, At safepoint: 29900 ns, Total: 292600 ns
[2020-11-10T15:29:10.919+0000][8][safepoint   ] Safepoint "Cleanup", Time since last: 2000824100 ns, Reaching safepoint: 344000 ns, At safepoint: 9600 ns, Total: 353600 ns
[2020-11-10T15:29:11.920+0000][8][safepoint   ] Safepoint "Cleanup", Time since last: 1000703800 ns, Reaching safepoint: 363700 ns, At safepoint: 15300 ns, Total: 379000 ns
[2020-11-10T15:29:13.922+0000][8][safepoint   ] Safepoint "Cleanup", Time since last: 2001122700 ns, Reaching safepoint: 235100 ns, At safepoint: 20700 ns, Total: 255800 ns
[2020-11-10T15:29:14.923+0000][8][safepoint   ] Safepoint "Cleanup", Time since last: 1000975000 ns, Reaching safepoint: 281400 ns, At safepoint: 27700 ns, Total: 309100 ns
[2020-11-10T15:29:15.924+0000][8][safepoint   ] Safepoint "Cleanup", Time since last: 1000926200 ns, Reaching safepoint: 372900 ns, At safepoint: 5700 ns, Total: 378600 ns
[2020-11-10T15:29:19.926+0000][8][safepoint   ] Safepoint "Cleanup", Time since last: 4001216400 ns, Reaching safepoint: 305000 ns, At safepoint: 31600 ns, Total: 336600 ns
[2020-11-10T15:29:22.927+0000][8][safepoint   ] Safepoint "Cleanup", Time since last: 3001212900 ns, Reaching safepoint: 339900 ns, At safepoint: 23700 ns, Total: 363600 ns
[2020-11-10T15:29:28.894+0000][8][safepoint   ] Safepoint "Cleanup", Time since last: 6001231200 ns, Reaching safepoint: 194100 ns, At safepoint: 8100 ns, Total: 202200 ns
[2020-11-10T15:29:30.896+0000][8][safepoint   ] Safepoint "Cleanup", Time since last: 2000956500 ns, Reaching safepoint: 227800 ns, At safepoint: 13300 ns, Total: 241100 ns
[2020-11-10T15:29:31.897+0000][8][safepoint   ] Safepoint "Cleanup", Time since last: 1000861300 ns, Reaching safepoint: 417100 ns, At safepoint: 32100 ns, Total: 449200 ns
[2020-11-10T15:29:34.898+0000][8][safepoint   ] Safepoint "Cleanup", Time since last: 3001167900 ns, Reaching safepoint: 320200 ns, At safepoint: 30900 ns, Total: 351100 ns
[2020-11-10T15:29:35.900+0000][8][safepoint   ] Safepoint "Cleanup", Time since last: 1001012500 ns, Reaching safepoint: 391000 ns, At safepoint: 15600 ns, Total: 406600 ns
[2020-11-10T15:29:37.901+0000][8][safepoint   ] Safepoint "Cleanup", Time since last: 2001169100 ns, Reaching safepoint: 379400 ns, At safepoint: 16500 ns, Total: 395900 ns
[2020-11-10T15:29:39.904+0000][8][safepoint   ] Safepoint "Cleanup", Time since last: 2001977700 ns, Reaching safepoint: 262700 ns, At safepoint: 45000 ns, Total: 307700 ns
[2020-11-10T15:29:40.905+0000][8][safepoint   ] Safepoint "Cleanup", Time since last: 1000894800 ns, Reaching safepoint: 381100 ns, At safepoint: 26400 ns, Total: 407500 ns
[2020-11-10T15:29:43.906+0000][8][safepoint   ] Safepoint "Cleanup", Time since last: 3000949300 ns, Reaching safepoint: 303500 ns, At safepoint: 13300 ns, Total: 316800 ns
[2020-11-10T15:29:46.908+0000][8][safepoint   ] Safepoint "Cleanup", Time since last: 3000955100 ns, Reaching safepoint: 352300 ns, At safepoint: 11600 ns, Total: 363900 ns
[2020-11-10T15:29:49.909+0000][8][safepoint   ] Safepoint "Cleanup", Time since last: 3001231800 ns, Reaching safepoint: 219300 ns, At safepoint: 7600 ns, Total: 226900 ns
[2020-11-10T15:29:55.877+0000][8][safepoint   ] Safepoint "Cleanup", Time since last: 6001468300 ns, Reaching safepoint: 436000 ns, At safepoint: 30600 ns, Total: 466600 ns
[2020-11-10T15:29:56.878+0000][8][safepoint   ] Safepoint "Cleanup", Time since last: 1001309600 ns, Reaching safepoint: 332500 ns, At safepoint: 28500 ns, Total: 361000 ns
[2020-11-10T15:29:58.880+0000][8][safepoint   ] Safepoint "Cleanup", Time since last: 2001042500 ns, Reaching safepoint: 340200 ns, At safepoint: 21200 ns, Total: 361400 ns
[2020-11-10T15:29:59.881+0000][8][safepoint   ] Safepoint "Cleanup", Time since last: 1000936300 ns, Reaching safepoint: 245000 ns, At safepoint: 11600 ns, Total: 256600 ns
[2020-11-10T15:30:01.882+0000][8][safepoint   ] Safepoint "Cleanup", Time since last: 2000951700 ns, Reaching safepoint: 326100 ns, At safepoint: 39400 ns, Total: 365500 ns
[2020-11-10T15:30:04.884+0000][8][safepoint   ] Safepoint "Cleanup", Time since last: 3001467000 ns, Reaching safepoint: 394000 ns, At safepoint: 38100 ns, Total: 432100 ns
[2020-11-10T15:30:05.886+0000][8][safepoint   ] Safepoint "Cleanup", Time since last: 1001391400 ns, Reaching safepoint: 258500 ns, At safepoint: 10400 ns, Total: 268900 ns
[2020-11-10T15:30:07.887+0000][8][safepoint   ] Safepoint "Cleanup", Time since last: 2001200900 ns, Reaching safepoint: 420300 ns, At safepoint: 79900 ns, Total: 500200 ns
[2020-11-10T15:30:09.889+0000][8][safepoint   ] Safepoint "Cleanup", Time since last: 2001365600 ns, Reaching safepoint: 319100 ns, At safepoint: 56200 ns, Total: 375300 ns
[2020-11-10T15:30:10.891+0000][8][safepoint   ] Safepoint "Cleanup", Time since last: 1001372700 ns, Reaching safepoint: 400600 ns, At safepoint: 41200 ns, Total: 441800 ns
[2020-11-10T15:30:13.893+0000][8][safepoint   ] Safepoint "Cleanup", Time since last: 3001600800 ns, Reaching safepoint: 307900 ns, At safepoint: 31300 ns, Total: 339200 ns
[2020-11-10T15:30:16.894+0000][8][safepoint   ] Safepoint "Cleanup", Time since last: 3001013800 ns, Reaching safepoint: 507700 ns, At safepoint: 49800 ns, Total: 557500 ns
[2020-11-10T15:30:17.896+0000][8][safepoint   ] Safepoint "Cleanup", Time since last: 1001446000 ns, Reaching safepoint: 298900 ns, At safepoint: 44900 ns, Total: 343800 ns
[2020-11-10T15:30:18.898+0000][8][safepoint   ] Safepoint "Cleanup", Time since last: 1000841200 ns, Reaching safepoint: 459800 ns, At safepoint: 39700 ns, Total: 499500 ns
[2020-11-10T15:30:19.899+0000][8][safepoint   ] Safepoint "Cleanup", Time since last: 1001237400 ns, Reaching safepoint: 378800 ns, At safepoint: 66200 ns, Total: 445000 ns
[2020-11-10T15:30:22.902+0000][8][safepoint   ] Safepoint "Cleanup", Time since last: 3001809200 ns, Reaching safepoint: 626600 ns, At safepoint: 38500 ns, Total: 665100 ns
[2020-11-10T15:30:25.869+0000][8][safepoint   ] Safepoint "Cleanup", Time since last: 3001358100 ns, Reaching safepoint: 430800 ns, At safepoint: 39000 ns, Total: 469800 ns
[2020-11-10T15:30:26.871+0000][8][safepoint   ] Safepoint "Cleanup", Time since last: 1001172400 ns, Reaching safepoint: 297800 ns, At safepoint: 39400 ns, Total: 337200 ns
[2020-11-10T15:30:28.872+0000][8][safepoint   ] Safepoint "Cleanup", Time since last: 2001277500 ns, Reaching safepoint: 317200 ns, At safepoint: 16700 ns, Total: 333900 ns
[2020-11-10T15:30:29.874+0000][8][safepoint   ] Safepoint "Cleanup", Time since last: 1001158400 ns, Reaching safepoint: 290200 ns, At safepoint: 11500 ns, Total: 301700 ns
[2020-11-10T15:30:31.876+0000][8][safepoint   ] Safepoint "Cleanup", Time since last: 2001465700 ns, Reaching safepoint: 393100 ns, At safepoint: 37900 ns, Total: 431000 ns
[2020-11-10T15:30:33.877+0000][8][safepoint   ] Safepoint "Cleanup", Time since last: 2001175600 ns, Reaching safepoint: 328600 ns, At safepoint: 23500 ns, Total: 352100 ns
[2020-11-10T15:30:34.878+0000][8][safepoint   ] Safepoint "Cleanup", Time since last: 1000784400 ns, Reaching safepoint: 305900 ns, At safepoint: 12800 ns, Total: 318700 ns
[2020-11-10T15:30:35.880+0000][8][safepoint   ] Safepoint "Cleanup", Time since last: 1001164500 ns, Reaching safepoint: 378900 ns, At safepoint: 137000 ns, Total: 515900 ns
[2020-11-10T15:30:37.882+0000][8][safepoint   ] Safepoint "Cleanup", Time since last: 2001207600 ns, Reaching safepoint: 373700 ns, At safepoint: 39000 ns, Total: 412700 ns
[2020-11-10T15:30:40.884+0000][8][safepoint   ] Safepoint "Cleanup", Time since last: 3001381700 ns, Reaching safepoint: 681600 ns, At safepoint: 28800 ns, Total: 710400 ns
[2020-11-10T15:30:46.886+0000][8][safepoint   ] Safepoint "Cleanup", Time since last: 6001499900 ns, Reaching safepoint: 276300 ns, At safepoint: 13800 ns, Total: 290100 ns
[2020-11-10T15:30:49.887+0000][8][safepoint   ] Safepoint "Cleanup", Time since last: 3001330100 ns, Reaching safepoint: 295700 ns, At safepoint: 31100 ns, Total: 326800 ns
[2020-11-10T15:30:51.889+0000][8][safepoint   ] Safepoint "Cleanup", Time since last: 2001027700 ns, Reaching safepoint: 376900 ns, At safepoint: 21600 ns, Total: 398500 ns
[2020-11-10T15:30:54.856+0000][8][safepoint   ] Safepoint "Cleanup", Time since last: 3001439200 ns, Reaching safepoint: 546400 ns, At safepoint: 23900 ns, Total: 570300 ns
[2020-11-10T15:30:55.858+0000][8][safepoint   ] Safepoint "Cleanup", Time since last: 1001144800 ns, Reaching safepoint: 406900 ns, At safepoint: 31400 ns, Total: 438300 ns
[2020-11-10T15:30:56.859+0000][8][safepoint   ] Safepoint "Cleanup", Time since last: 1001096600 ns, Reaching safepoint: 405700 ns, At safepoint: 42200 ns, Total: 447900 ns
[2020-11-10T15:30:57.861+0000][8][safepoint   ] Safepoint "Cleanup", Time since last: 1001271600 ns, Reaching safepoint: 203000 ns, At safepoint: 19800 ns, Total: 222800 ns
[2020-11-10T15:30:58.862+0000][8][safepoint   ] Safepoint "Cleanup", Time since last: 1001065300 ns, Reaching safepoint: 253200 ns, At safepoint: 24600 ns, Total: 277800 ns
[2020-11-10T15:30:59.864+0000][8][safepoint   ] Safepoint "Cleanup", Time since last: 1001014100 ns, Reaching safepoint: 587300 ns, At safepoint: 32500 ns, Total: 619800 ns
[2020-11-10T15:31:01.866+0000][8][safepoint   ] Safepoint "Cleanup", Time since last: 2001241600 ns, Reaching safepoint: 607200 ns, At safepoint: 51900 ns, Total: 659100 ns
[2020-11-10T15:31:03.867+0000][8][safepoint   ] Safepoint "Cleanup", Time since last: 2001324200 ns, Reaching safepoint: 262700 ns, At safepoint: 27200 ns, Total: 289900 ns
[2020-11-10T15:31:04.869+0000][8][safepoint   ] Safepoint "Cleanup", Time since last: 1000857500 ns, Reaching safepoint: 457600 ns, At safepoint: 16000 ns, Total: 473600 ns
[2020-11-10T15:31:05.617+0000][8][gc,start    ] GC(15) Pause Young (Normal) (G1 Evacuation Pause)
[2020-11-10T15:31:05.618+0000][8][gc,task     ] GC(15) Using 8 workers of 8 for evacuation
[2020-11-10T15:31:05.619+0000][8][gc,age      ] GC(15) Desired survivor size 17825792 bytes, new threshold 15 (max threshold 15)
[2020-11-10T15:31:05.638+0000][8][gc,age      ] GC(15) Age table with threshold 15 (max threshold 15)
[2020-11-10T15:31:05.639+0000][8][gc,age      ] GC(15) - age   1:    1437344 bytes,    1437344 total
[2020-11-10T15:31:05.639+0000][8][gc,age      ] GC(15) - age   2:    1449616 bytes,    2886960 total
[2020-11-10T15:31:05.640+0000][8][gc,age      ] GC(15) - age   3:    8579184 bytes,   11466144 total
[2020-11-10T15:31:05.640+0000][8][gc,phases   ] GC(15)   Pre Evacuate Collection Set: 0.2ms
[2020-11-10T15:31:05.641+0000][8][gc,phases   ] GC(15)   Merge Heap Roots: 0.4ms
[2020-11-10T15:31:05.641+0000][8][gc,phases   ] GC(15)   Evacuate Collection Set: 15.2ms
[2020-11-10T15:31:05.642+0000][8][gc,phases   ] GC(15)   Post Evacuate Collection Set: 2.3ms
[2020-11-10T15:31:05.642+0000][8][gc,phases   ] GC(15)   Other: 5.3ms
[2020-11-10T15:31:05.643+0000][8][gc,heap     ] GC(15) Eden regions: 258->0(265)
[2020-11-10T15:31:05.643+0000][8][gc,heap     ] GC(15) Survivor regions: 13->12(34)
[2020-11-10T15:31:05.644+0000][8][gc,heap     ] GC(15) Old regions: 71->71
[2020-11-10T15:31:05.644+0000][8][gc,heap     ] GC(15) Archive regions: 2->2
[2020-11-10T15:31:05.645+0000][8][gc,heap     ] GC(15) Humongous regions: 7->7
[2020-11-10T15:31:05.645+0000][8][gc,metaspace] GC(15) Metaspace: 98672K(102692K)->98672K(102692K) NonClass: 85689K(88612K)->85689K(88612K) Class: 12982K(14080K)->12982K(14080K)
[2020-11-10T15:31:05.646+0000][8][gc          ] GC(15) Pause Young (Normal) (G1 Evacuation Pause) 349M->89M(512M) 28.761ms
[2020-11-10T15:31:05.646+0000][8][gc,cpu      ] GC(15) User=0.05s Sys=0.01s Real=0.03s
[2020-11-10T15:31:05.647+0000][8][safepoint   ] Safepoint "G1CollectForAllocation", Time since last: 747221700 ns, Reaching safepoint: 969700 ns, At safepoint: 30016500 ns, Total: 30986200 ns
[2020-11-10T15:31:06.652+0000][8][safepoint   ] Safepoint "Cleanup", Time since last: 1004398600 ns, Reaching safepoint: 423400 ns, At safepoint: 29900 ns, Total: 453300 ns
[2020-11-10T15:31:09.653+0000][8][safepoint   ] Safepoint "Cleanup", Time since last: 3001217000 ns, Reaching safepoint: 264600 ns, At safepoint: 30500 ns, Total: 295100 ns
[2020-11-10T15:31:10.655+0000][8][safepoint   ] Safepoint "Cleanup", Time since last: 1001080700 ns, Reaching safepoint: 400800 ns, At safepoint: 32000 ns, Total: 432800 ns
[2020-11-10T15:31:11.656+0000][8][safepoint   ] Safepoint "Cleanup", Time since last: 1001110900 ns, Reaching safepoint: 267500 ns, At safepoint: 31900 ns, Total: 299400 ns
[2020-11-10T15:31:13.658+0000][8][safepoint   ] Safepoint "Cleanup", Time since last: 2001097700 ns, Reaching safepoint: 304300 ns, At safepoint: 83700 ns, Total: 388000 ns
[2020-11-10T15:31:19.659+0000][8][safepoint   ] Safepoint "Cleanup", Time since last: 6001114000 ns, Reaching safepoint: 355500 ns, At safepoint: 51500 ns, Total: 407000 ns
[2020-11-10T15:31:22.661+0000][8][safepoint   ] Safepoint "Cleanup", Time since last: 3001239500 ns, Reaching safepoint: 436000 ns, At safepoint: 66800 ns, Total: 502800 ns
[2020-11-10T15:31:24.628+0000][8][safepoint   ] Safepoint "Cleanup", Time since last: 2000824400 ns, Reaching safepoint: 287800 ns, At safepoint: 30000 ns, Total: 317800 ns
[2020-11-10T15:31:25.629+0000][8][safepoint   ] Safepoint "Cleanup", Time since last: 1000951800 ns, Reaching safepoint: 266200 ns, At safepoint: 36800 ns, Total: 303000 ns
[2020-11-10T15:31:27.630+0000][8][safepoint   ] Safepoint "Cleanup", Time since last: 2001051500 ns, Reaching safepoint: 374100 ns, At safepoint: 33300 ns, Total: 407400 ns
[2020-11-10T15:31:28.632+0000][8][safepoint   ] Safepoint "Cleanup", Time since last: 1001068600 ns, Reaching safepoint: 366300 ns, At safepoint: 41000 ns, Total: 407300 ns
[2020-11-10T15:31:31.633+0000][8][safepoint   ] Safepoint "Cleanup", Time since last: 3001209000 ns, Reaching safepoint: 272000 ns, At safepoint: 25000 ns, Total: 297000 ns
[2020-11-10T15:31:34.635+0000][8][safepoint   ] Safepoint "Cleanup", Time since last: 3001113000 ns, Reaching safepoint: 250100 ns, At safepoint: 27500 ns, Total: 277600 ns
[2020-11-10T15:31:40.636+0000][8][safepoint   ] Safepoint "Cleanup", Time since last: 6001130100 ns, Reaching safepoint: 359200 ns, At safepoint: 21700 ns, Total: 380900 ns
[2020-11-10T15:31:43.638+0000][8][safepoint   ] Safepoint "Cleanup", Time since last: 3001044200 ns, Reaching safepoint: 347700 ns, At safepoint: 38200 ns, Total: 385900 ns
[2020-11-10T15:31:44.639+0000][8][safepoint   ] Safepoint "Cleanup", Time since last: 1001225300 ns, Reaching safepoint: 457100 ns, At safepoint: 25100 ns, Total: 482200 ns
[2020-11-10T15:31:45.640+0000][8][safepoint   ] Safepoint "Cleanup", Time since last: 1000757600 ns, Reaching safepoint: 353500 ns, At safepoint: 23600 ns, Total: 377100 ns
[2020-11-10T15:31:46.642+0000][8][safepoint   ] Safepoint "Cleanup", Time since last: 1000819500 ns, Reaching safepoint: 395600 ns, At safepoint: 40500 ns, Total: 436100 ns
[2020-11-10T15:31:49.643+0000][8][safepoint   ] Safepoint "Cleanup", Time since last: 3001311400 ns, Reaching safepoint: 423800 ns, At safepoint: 31100 ns, Total: 454900 ns
[2020-11-10T15:31:52.645+0000][8][safepoint   ] Safepoint "Cleanup", Time since last: 3001094000 ns, Reaching safepoint: 328400 ns, At safepoint: 39500 ns, Total: 367900 ns
[2020-11-10T15:31:54.612+0000][8][safepoint   ] Safepoint "Cleanup", Time since last: 2001233800 ns, Reaching safepoint: 421200 ns, At safepoint: 35100 ns, Total: 456300 ns
[2020-11-10T15:31:55.614+0000][8][safepoint   ] Safepoint "Cleanup", Time since last: 1001214500 ns, Reaching safepoint: 458000 ns, At safepoint: 36900 ns, Total: 494900 ns
[2020-11-10T15:31:56.616+0000][8][safepoint   ] Safepoint "Cleanup", Time since last: 1001250300 ns, Reaching safepoint: 483700 ns, At safepoint: 145700 ns, Total: 629400 ns
[2020-11-10T15:31:58.617+0000][8][safepoint   ] Safepoint "Cleanup", Time since last: 2001243400 ns, Reaching safepoint: 189800 ns, At safepoint: 8600 ns, Total: 198400 ns
[2020-11-10T15:31:59.618+0000][8][safepoint   ] Safepoint "Cleanup", Time since last: 1000793400 ns, Reaching safepoint: 352000 ns, At safepoint: 37000 ns, Total: 389000 ns
[2020-11-10T15:32:02.620+0000][8][safepoint   ] Safepoint "Cleanup", Time since last: 3001339200 ns, Reaching safepoint: 199100 ns, At safepoint: 7000 ns, Total: 206100 ns
[2020-11-10T15:32:04.764+0000][8][safepoint   ] Safepoint "Cleanup", Time since last: 2143842200 ns, Reaching safepoint: 623800 ns, At safepoint: 84100 ns, Total: 707900 ns
[2020-11-10T15:32:05.766+0000][8][safepoint   ] Safepoint "Cleanup", Time since last: 1001594300 ns, Reaching safepoint: 408500 ns, At safepoint: 73000 ns, Total: 481500 ns
[2020-11-10T15:32:07.768+0000][8][safepoint   ] Safepoint "Cleanup", Time since last: 2001053600 ns, Reaching safepoint: 579000 ns, At safepoint: 77400 ns, Total: 656400 ns
[2020-11-10T15:32:10.770+0000][8][safepoint   ] Safepoint "Cleanup", Time since last: 3001294500 ns, Reaching safepoint: 399500 ns, At safepoint: 39900 ns, Total: 439400 ns
[2020-11-10T15:32:16.772+0000][8][safepoint   ] Safepoint "Cleanup", Time since last: 6001742100 ns, Reaching safepoint: 362000 ns, At safepoint: 63000 ns, Total: 425000 ns
[2020-11-10T15:32:19.774+0000][8][safepoint   ] Safepoint "Cleanup", Time since last: 3001379300 ns, Reaching safepoint: 454600 ns, At safepoint: 36900 ns, Total: 491500 ns
[2020-11-10T15:32:21.776+0000][8][safepoint   ] Safepoint "Cleanup", Time since last: 2001122600 ns, Reaching safepoint: 682900 ns, At safepoint: 43200 ns, Total: 726100 ns
[2020-11-10T15:32:22.777+0000][8][safepoint   ] Safepoint "Cleanup", Time since last: 1001331100 ns, Reaching safepoint: 293000 ns, At safepoint: 29000 ns, Total: 322000 ns
[2020-11-10T15:32:23.744+0000][8][safepoint   ] Safepoint "Cleanup", Time since last: 1000990900 ns, Reaching safepoint: 324300 ns, At safepoint: 6500 ns, Total: 330800 ns
[2020-11-10T15:32:25.746+0000][8][safepoint   ] Safepoint "Cleanup", Time since last: 2001113000 ns, Reaching safepoint: 313900 ns, At safepoint: 31000 ns, Total: 344900 ns
[2020-11-10T15:32:27.748+0000][8][safepoint   ] Safepoint "Cleanup", Time since last: 2001430900 ns, Reaching safepoint: 238300 ns, At safepoint: 28300 ns, Total: 266600 ns
[2020-11-10T15:32:28.749+0000][8][safepoint   ] Safepoint "Cleanup", Time since last: 1000920000 ns, Reaching safepoint: 245700 ns, At safepoint: 24400 ns, Total: 270100 ns
[2020-11-10T15:32:31.750+0000][8][safepoint   ] Safepoint "Cleanup", Time since last: 3001036900 ns, Reaching safepoint: 445500 ns, At safepoint: 23600 ns, Total: 469100 ns
[2020-11-10T15:32:37.752+0000][8][safepoint   ] Safepoint "Cleanup", Time since last: 6001376800 ns, Reaching safepoint: 239600 ns, At safepoint: 24200 ns, Total: 263800 ns
[2020-11-10T15:32:39.753+0000][8][safepoint   ] Safepoint "Cleanup", Time since last: 2001242700 ns, Reaching safepoint: 310000 ns, At safepoint: 14700 ns, Total: 324700 ns
[2020-11-10T15:32:43.755+0000][8][safepoint   ] Safepoint "Cleanup", Time since last: 4001347000 ns, Reaching safepoint: 266600 ns, At safepoint: 10000 ns, Total: 276600 ns
[2020-11-10T15:32:46.757+0000][8][safepoint   ] Safepoint "Cleanup", Time since last: 3001187200 ns, Reaching safepoint: 440600 ns, At safepoint: 51200 ns, Total: 491800 ns
[2020-11-10T15:32:49.759+0000][8][safepoint   ] Safepoint "Cleanup", Time since last: 3001582100 ns, Reaching safepoint: 343600 ns, At safepoint: 32300 ns, Total: 375900 ns
[2020-11-10T15:32:52.761+0000][8][safepoint   ] Safepoint "Cleanup", Time since last: 3001455900 ns, Reaching safepoint: 384400 ns, At safepoint: 38000 ns, Total: 422400 ns
[2020-11-10T15:32:56.728+0000][8][safepoint   ] Safepoint "Cleanup", Time since last: 4001346500 ns, Reaching safepoint: 501800 ns, At safepoint: 65500 ns, Total: 567300 ns
[2020-11-10T15:32:59.730+0000][8][safepoint   ] Safepoint "Cleanup", Time since last: 3001034400 ns, Reaching safepoint: 413900 ns, At safepoint: 66300 ns, Total: 480200 ns
[2020-11-10T15:33:01.731+0000][8][safepoint   ] Safepoint "Cleanup", Time since last: 2001363600 ns, Reaching safepoint: 380400 ns, At safepoint: 38200 ns, Total: 418600 ns
[2020-11-10T15:33:15.734+0000][8][safepoint   ] Safepoint "Cleanup", Time since last: 14002152100 ns, Reaching safepoint: 394000 ns, At safepoint: 13100 ns, Total: 407100 ns
[2020-11-10T15:33:16.736+0000][8][safepoint   ] Safepoint "Cleanup", Time since last: 1001193700 ns, Reaching safepoint: 374500 ns, At safepoint: 38400 ns, Total: 412900 ns
[2020-11-10T15:33:22.738+0000][8][safepoint   ] Safepoint "Cleanup", Time since last: 6001650900 ns, Reaching safepoint: 443700 ns, At safepoint: 27400 ns, Total: 471100 ns
[2020-11-10T15:33:25.705+0000][8][safepoint   ] Safepoint "Cleanup", Time since last: 3001499800 ns, Reaching safepoint: 248000 ns, At safepoint: 10100 ns, Total: 258100 ns
[2020-11-10T15:33:26.707+0000][8][safepoint   ] Safepoint "Cleanup", Time since last: 1001152600 ns, Reaching safepoint: 397900 ns, At safepoint: 30600 ns, Total: 428500 ns
[2020-11-10T15:33:28.708+0000][8][safepoint   ] Safepoint "Cleanup", Time since last: 2001050000 ns, Reaching safepoint: 374100 ns, At safepoint: 38400 ns, Total: 412500 ns
[2020-11-10T15:33:30.710+0000][8][safepoint   ] Safepoint "Cleanup", Time since last: 2000934300 ns, Reaching safepoint: 549100 ns, At safepoint: 37600 ns, Total: 586700 ns
[2020-11-10T15:33:31.711+0000][8][safepoint   ] Safepoint "Cleanup", Time since last: 1001469500 ns, Reaching safepoint: 427400 ns, At safepoint: 31200 ns, Total: 458600 ns
[2020-11-10T15:33:34.713+0000][8][safepoint   ] Safepoint "Cleanup", Time since last: 3001326100 ns, Reaching safepoint: 296000 ns, At safepoint: 11900 ns, Total: 307900 ns
[2020-11-10T15:33:35.715+0000][8][safepoint   ] Safepoint "Cleanup", Time since last: 1000974600 ns, Reaching safepoint: 408500 ns, At safepoint: 8400 ns, Total: 416900 ns
[2020-11-10T15:33:37.716+0000][8][safepoint   ] Safepoint "Cleanup", Time since last: 2001286000 ns, Reaching safepoint: 399600 ns, At safepoint: 60800 ns, Total: 460400 ns
[2020-11-10T15:33:38.718+0000][8][safepoint   ] Safepoint "Cleanup", Time since last: 1001182400 ns, Reaching safepoint: 284500 ns, At safepoint: 10300 ns, Total: 294800 ns
[2020-11-10T15:33:43.720+0000][8][safepoint   ] Safepoint "Cleanup", Time since last: 5001463300 ns, Reaching safepoint: 492000 ns, At safepoint: 41500 ns, Total: 533500 ns
[2020-11-10T15:33:44.721+0000][8][safepoint   ] Safepoint "Cleanup", Time since last: 1001047900 ns, Reaching safepoint: 254200 ns, At safepoint: 32300 ns, Total: 286500 ns
[2020-11-10T15:33:46.723+0000][8][safepoint   ] Safepoint "Cleanup", Time since last: 2001086100 ns, Reaching safepoint: 474600 ns, At safepoint: 39900 ns, Total: 514500 ns
[2020-11-10T15:33:48.724+0000][8][safepoint   ] Safepoint "Cleanup", Time since last: 2001292200 ns, Reaching safepoint: 334500 ns, At safepoint: 104700 ns, Total: 439200 ns
[2020-11-10T15:33:51.726+0000][8][safepoint   ] Safepoint "Cleanup", Time since last: 3000862600 ns, Reaching safepoint: 467100 ns, At safepoint: 37000 ns, Total: 504100 ns
[2020-11-10T15:33:58.693+0000][8][safepoint   ] Safepoint "Cleanup", Time since last: 7001689100 ns, Reaching safepoint: 280800 ns, At safepoint: 29300 ns, Total: 310100 ns
[2020-11-10T15:34:00.695+0000][8][safepoint   ] Safepoint "Cleanup", Time since last: 2000978200 ns, Reaching safepoint: 314900 ns, At safepoint: 9600 ns, Total: 324500 ns
[2020-11-10T15:34:01.239+0000][8][gc,start    ] GC(16) Pause Young (Normal) (G1 Evacuation Pause)
[2020-11-10T15:34:01.240+0000][8][gc,task     ] GC(16) Using 8 workers of 8 for evacuation
[2020-11-10T15:34:01.241+0000][8][gc,age      ] GC(16) Desired survivor size 18350080 bytes, new threshold 15 (max threshold 15)
[2020-11-10T15:34:01.253+0000][8][gc,age      ] GC(16) Age table with threshold 15 (max threshold 15)
[2020-11-10T15:34:01.253+0000][8][gc,age      ] GC(16) - age   1:    1835000 bytes,    1835000 total
[2020-11-10T15:34:01.254+0000][8][gc,age      ] GC(16) - age   2:    1128304 bytes,    2963304 total
[2020-11-10T15:34:01.254+0000][8][gc,age      ] GC(16) - age   3:    1447472 bytes,    4410776 total
[2020-11-10T15:34:01.255+0000][8][gc,age      ] GC(16) - age   4:    8038616 bytes,   12449392 total
[2020-11-10T15:34:01.255+0000][8][gc,phases   ] GC(16)   Pre Evacuate Collection Set: 0.2ms
[2020-11-10T15:34:01.256+0000][8][gc,phases   ] GC(16)   Merge Heap Roots: 0.3ms
[2020-11-10T15:34:01.256+0000][8][gc,phases   ] GC(16)   Evacuate Collection Set: 8.7ms
[2020-11-10T15:34:01.257+0000][8][gc,phases   ] GC(16)   Post Evacuate Collection Set: 2.0ms
[2020-11-10T15:34:01.257+0000][8][gc,phases   ] GC(16)   Other: 5.1ms
[2020-11-10T15:34:01.258+0000][8][gc,heap     ] GC(16) Eden regions: 265->0(268)
[2020-11-10T15:34:01.258+0000][8][gc,heap     ] GC(16) Survivor regions: 12->13(35)
[2020-11-10T15:34:01.259+0000][8][gc,heap     ] GC(16) Old regions: 71->71
[2020-11-10T15:34:01.259+0000][8][gc,heap     ] GC(16) Archive regions: 2->2
[2020-11-10T15:34:01.260+0000][8][gc,heap     ] GC(16) Humongous regions: 7->7
[2020-11-10T15:34:01.260+0000][8][gc,metaspace] GC(16) Metaspace: 99619K(103844K)->99619K(103844K) NonClass: 86544K(89636K)->86544K(89636K) Class: 13075K(14208K)->13075K(14208K)
[2020-11-10T15:34:01.261+0000][8][gc          ] GC(16) Pause Young (Normal) (G1 Evacuation Pause) 354M->90M(512M) 21.392ms
[2020-11-10T15:34:01.261+0000][8][gc,cpu      ] GC(16) User=0.04s Sys=0.00s Real=0.02s
[2020-11-10T15:34:01.262+0000][8][safepoint   ] Safepoint "G1CollectForAllocation", Time since last: 544164900 ns, Reaching safepoint: 326600 ns, At safepoint: 22498100 ns, Total: 22824700 ns
[2020-11-10T15:34:02.262+0000][8][safepoint   ] Safepoint "Cleanup", Time since last: 1000581700 ns, Reaching safepoint: 241800 ns, At safepoint: 9100 ns, Total: 250900 ns
[2020-11-10T15:34:04.264+0000][8][safepoint   ] Safepoint "Cleanup", Time since last: 2001175800 ns, Reaching safepoint: 293700 ns, At safepoint: 23400 ns, Total: 317100 ns
[2020-11-10T15:34:05.265+0000][8][safepoint   ] Safepoint "Cleanup", Time since last: 1000835600 ns, Reaching safepoint: 317700 ns, At safepoint: 8400 ns, Total: 326100 ns
[2020-11-10T15:34:06.266+0000][8][safepoint   ] Safepoint "Cleanup", Time since last: 1001009000 ns, Reaching safepoint: 263500 ns, At safepoint: 14700 ns, Total: 278200 ns
[2020-11-10T15:34:07.268+0000][8][safepoint   ] Safepoint "Cleanup", Time since last: 1000959800 ns, Reaching safepoint: 326100 ns, At safepoint: 32900 ns, Total: 359000 ns
[2020-11-10T15:34:08.269+0000][8][safepoint   ] Safepoint "Cleanup", Time since last: 1000918200 ns, Reaching safepoint: 433700 ns, At safepoint: 12500 ns, Total: 446200 ns
[2020-11-10T15:34:09.271+0000][8][safepoint   ] Safepoint "Cleanup", Time since last: 1001160100 ns, Reaching safepoint: 329800 ns, At safepoint: 30200 ns, Total: 360000 ns
[2020-11-10T15:34:12.272+0000][8][safepoint   ] Safepoint "Cleanup", Time since last: 3001222500 ns, Reaching safepoint: 428600 ns, At safepoint: 69400 ns, Total: 498000 ns
[2020-11-10T15:34:13.274+0000][8][safepoint   ] Safepoint "Cleanup", Time since last: 1001387500 ns, Reaching safepoint: 259900 ns, At safepoint: 17500 ns, Total: 277400 ns
[2020-11-10T15:34:16.275+0000][8][safepoint   ] Safepoint "Cleanup", Time since last: 3001056800 ns, Reaching safepoint: 302500 ns, At safepoint: 27700 ns, Total: 330200 ns
[2020-11-10T15:34:19.277+0000][8][safepoint   ] Safepoint "Cleanup", Time since last: 3001056900 ns, Reaching safepoint: 367900 ns, At safepoint: 37300 ns, Total: 405200 ns
[2020-11-10T15:34:26.214+0000][8][safepoint   ] Safepoint "Cleanup", Time since last: 6971602700 ns, Reaching safepoint: 219500 ns, At safepoint: 7000 ns, Total: 226500 ns
[2020-11-10T15:34:28.219+0000][8][safepoint   ] Safepoint "Cleanup", Time since last: 2004693100 ns, Reaching safepoint: 355000 ns, At safepoint: 28600 ns, Total: 383600 ns
[2020-11-10T15:34:29.220+0000][8][safepoint   ] Safepoint "Cleanup", Time since last: 1000850300 ns, Reaching safepoint: 253000 ns, At safepoint: 37500 ns, Total: 290500 ns
[2020-11-10T15:34:31.222+0000][8][safepoint   ] Safepoint "Cleanup", Time since last: 2001012100 ns, Reaching safepoint: 248500 ns, At safepoint: 39400 ns, Total: 287900 ns
[2020-11-10T15:34:32.223+0000][8][safepoint   ] Safepoint "Cleanup", Time since last: 1000884500 ns, Reaching safepoint: 254100 ns, At safepoint: 27500 ns, Total: 281600 ns
[2020-11-10T15:34:35.224+0000][8][safepoint   ] Safepoint "Cleanup", Time since last: 3000888900 ns, Reaching safepoint: 235000 ns, At safepoint: 10100 ns, Total: 245100 ns
[2020-11-10T15:34:36.225+0000][8][safepoint   ] Safepoint "Cleanup", Time since last: 1001012800 ns, Reaching safepoint: 338200 ns, At safepoint: 110400 ns, Total: 448600 ns
[2020-11-10T15:34:37.227+0000][8][safepoint   ] Safepoint "Cleanup", Time since last: 1000825100 ns, Reaching safepoint: 320200 ns, At safepoint: 25700 ns, Total: 345900 ns
[2020-11-10T15:34:41.228+0000][8][safepoint   ] Safepoint "Cleanup", Time since last: 4001249200 ns, Reaching safepoint: 501800 ns, At safepoint: 87000 ns, Total: 588800 ns
[2020-11-10T15:34:43.230+0000][8][safepoint   ] Safepoint "Cleanup", Time since last: 2001260700 ns, Reaching safepoint: 278000 ns, At safepoint: 33500 ns, Total: 311500 ns
[2020-11-10T15:34:44.232+0000][8][safepoint   ] Safepoint "Cleanup", Time since last: 1001137400 ns, Reaching safepoint: 422400 ns, At safepoint: 37500 ns, Total: 459900 ns
[2020-11-10T15:34:47.233+0000][8][safepoint   ] Safepoint "Cleanup", Time since last: 3001353600 ns, Reaching safepoint: 350600 ns, At safepoint: 7400 ns, Total: 358000 ns
[2020-11-10T15:34:49.235+0000][8][safepoint   ] Safepoint "Cleanup", Time since last: 2001376100 ns, Reaching safepoint: 214700 ns, At safepoint: 7600 ns, Total: 222300 ns
[2020-11-10T15:34:53.237+0000][8][safepoint   ] Safepoint "Cleanup", Time since last: 4001280600 ns, Reaching safepoint: 574500 ns, At safepoint: 40600 ns, Total: 615100 ns
[2020-11-10T15:34:54.204+0000][8][safepoint   ] Safepoint "Cleanup", Time since last: 1001185300 ns, Reaching safepoint: 488300 ns, At safepoint: 17500 ns, Total: 505800 ns
[2020-11-10T15:34:55.206+0000][8][safepoint   ] Safepoint "Cleanup", Time since last: 1001136400 ns, Reaching safepoint: 249500 ns, At safepoint: 8600 ns, Total: 258100 ns
[2020-11-10T15:34:56.207+0000][8][safepoint   ] Safepoint "Cleanup", Time since last: 1000901500 ns, Reaching safepoint: 417300 ns, At safepoint: 82900 ns, Total: 500200 ns
[2020-11-10T15:34:58.209+0000][8][safepoint   ] Safepoint "Cleanup", Time since last: 2001407400 ns, Reaching safepoint: 467000 ns, At safepoint: 38800 ns, Total: 505800 ns
[2020-11-10T15:35:01.211+0000][8][safepoint   ] Safepoint "Cleanup", Time since last: 3001444700 ns, Reaching safepoint: 244700 ns, At safepoint: 26700 ns, Total: 271400 ns
[2020-11-10T15:35:05.212+0000][8][safepoint   ] Safepoint "Cleanup", Time since last: 4001132200 ns, Reaching safepoint: 486800 ns, At safepoint: 37700 ns, Total: 524500 ns
[2020-11-10T15:35:17.215+0000][8][safepoint   ] Safepoint "Cleanup", Time since last: 12002102900 ns, Reaching safepoint: 299800 ns, At safepoint: 25400 ns, Total: 325200 ns
[2020-11-10T15:35:19.216+0000][8][safepoint   ] Safepoint "Cleanup", Time since last: 2001202200 ns, Reaching safepoint: 357400 ns, At safepoint: 55600 ns, Total: 413000 ns
[2020-11-10T15:35:22.218+0000][8][safepoint   ] Safepoint "Cleanup", Time since last: 3001300000 ns, Reaching safepoint: 292800 ns, At safepoint: 52000 ns, Total: 344800 ns
[2020-11-10T15:35:27.185+0000][8][safepoint   ] Safepoint "Cleanup", Time since last: 5000985400 ns, Reaching safepoint: 290700 ns, At safepoint: 19600 ns, Total: 310300 ns
[2020-11-10T15:35:28.186+0000][8][safepoint   ] Safepoint "Cleanup", Time since last: 1000892600 ns, Reaching safepoint: 184800 ns, At safepoint: 7000 ns, Total: 191800 ns
[2020-11-10T15:35:29.187+0000][8][safepoint   ] Safepoint "Cleanup", Time since last: 1000799200 ns, Reaching safepoint: 272900 ns, At safepoint: 11300 ns, Total: 284200 ns
[2020-11-10T15:35:30.189+0000][8][safepoint   ] Safepoint "Cleanup", Time since last: 1001265300 ns, Reaching safepoint: 571500 ns, At safepoint: 32800 ns, Total: 604300 ns
[2020-11-10T15:35:31.190+0000][8][safepoint   ] Safepoint "Cleanup", Time since last: 1001006700 ns, Reaching safepoint: 230700 ns, At safepoint: 80500 ns, Total: 311200 ns
[2020-11-10T15:35:32.191+0000][8][safepoint   ] Safepoint "Cleanup", Time since last: 1000760200 ns, Reaching safepoint: 393800 ns, At safepoint: 37500 ns, Total: 431300 ns
[2020-11-10T15:35:34.193+0000][8][safepoint   ] Safepoint "Cleanup", Time since last: 2001412000 ns, Reaching safepoint: 300700 ns, At safepoint: 26900 ns, Total: 327600 ns
[2020-11-10T15:35:35.194+0000][8][safepoint   ] Safepoint "Cleanup", Time since last: 1000874300 ns, Reaching safepoint: 270500 ns, At safepoint: 31700 ns, Total: 302200 ns
[2020-11-10T15:35:36.196+0000][8][safepoint   ] Safepoint "Cleanup", Time since last: 1000992500 ns, Reaching safepoint: 319700 ns, At safepoint: 104900 ns, Total: 424600 ns
[2020-11-10T15:35:41.198+0000][8][safepoint   ] Safepoint "Cleanup", Time since last: 5001700300 ns, Reaching safepoint: 907200 ns, At safepoint: 37900 ns, Total: 945100 ns
[2020-11-10T15:35:43.201+0000][8][safepoint   ] Safepoint "Cleanup", Time since last: 2002122800 ns, Reaching safepoint: 740300 ns, At safepoint: 92700 ns, Total: 833000 ns
[2020-11-10T15:35:44.203+0000][8][safepoint   ] Safepoint "Cleanup", Time since last: 1001047400 ns, Reaching safepoint: 388100 ns, At safepoint: 25000 ns, Total: 413100 ns
[2020-11-10T15:35:45.204+0000][8][safepoint   ] Safepoint "Cleanup", Time since last: 1000910100 ns, Reaching safepoint: 240800 ns, At safepoint: 26900 ns, Total: 267700 ns
[2020-11-10T15:35:46.205+0000][8][safepoint   ] Safepoint "Cleanup", Time since last: 1000873400 ns, Reaching safepoint: 310000 ns, At safepoint: 29600 ns, Total: 339600 ns
[2020-11-10T15:35:48.207+0000][8][safepoint   ] Safepoint "Cleanup", Time since last: 2001318400 ns, Reaching safepoint: 402600 ns, At safepoint: 25800 ns, Total: 428400 ns
[2020-11-10T15:35:49.208+0000][8][safepoint   ] Safepoint "Cleanup", Time since last: 1001092000 ns, Reaching safepoint: 249300 ns, At safepoint: 24100 ns, Total: 273400 ns
[2020-11-10T15:35:52.210+0000][8][safepoint   ] Safepoint "Cleanup", Time since last: 3001023800 ns, Reaching safepoint: 512700 ns, At safepoint: 32200 ns, Total: 544900 ns
[2020-11-10T15:35:53.211+0000][8][safepoint   ] Safepoint "Cleanup", Time since last: 1001136500 ns, Reaching safepoint: 445100 ns, At safepoint: 32800 ns, Total: 477900 ns
[2020-11-10T15:35:54.178+0000][8][safepoint   ] Safepoint "Cleanup", Time since last: 1001004000 ns, Reaching safepoint: 454700 ns, At safepoint: 23000 ns, Total: 477700 ns
[2020-11-10T15:35:55.180+0000][8][safepoint   ] Safepoint "Cleanup", Time since last: 1000902400 ns, Reaching safepoint: 233600 ns, At safepoint: 22600 ns, Total: 256200 ns
[2020-11-10T15:35:56.181+0000][8][safepoint   ] Safepoint "Cleanup", Time since last: 1000956200 ns, Reaching safepoint: 282600 ns, At safepoint: 29100 ns, Total: 311700 ns
[2020-11-10T15:35:58.182+0000][8][safepoint   ] Safepoint "Cleanup", Time since last: 2000986000 ns, Reaching safepoint: 490600 ns, At safepoint: 14900 ns, Total: 505500 ns
[2020-11-10T15:36:02.184+0000][8][safepoint   ] Safepoint "Cleanup", Time since last: 4001335600 ns, Reaching safepoint: 320500 ns, At safepoint: 13400 ns, Total: 333900 ns
[2020-11-10T15:36:04.185+0000][8][safepoint   ] Safepoint "Cleanup", Time since last: 2000992500 ns, Reaching safepoint: 327000 ns, At safepoint: 9600 ns, Total: 336600 ns
[2020-11-10T15:36:06.187+0000][8][safepoint   ] Safepoint "Cleanup", Time since last: 2001086300 ns, Reaching safepoint: 305100 ns, At safepoint: 15300 ns, Total: 320400 ns
[2020-11-10T15:36:07.188+0000][8][safepoint   ] Safepoint "Cleanup", Time since last: 1001038000 ns, Reaching safepoint: 303700 ns, At safepoint: 87500 ns, Total: 391200 ns
[2020-11-10T15:36:10.189+0000][8][safepoint   ] Safepoint "Cleanup", Time since last: 3001038800 ns, Reaching safepoint: 242000 ns, At safepoint: 10900 ns, Total: 252900 ns
[2020-11-10T15:36:13.191+0000][8][safepoint   ] Safepoint "Cleanup", Time since last: 3001025500 ns, Reaching safepoint: 272000 ns, At safepoint: 16600 ns, Total: 288600 ns
[2020-11-10T15:36:14.192+0000][8][safepoint   ] Safepoint "Cleanup", Time since last: 1001061700 ns, Reaching safepoint: 385700 ns, At safepoint: 14600 ns, Total: 400300 ns
[2020-11-10T15:36:16.193+0000][8][safepoint   ] Safepoint "Cleanup", Time since last: 2000933300 ns, Reaching safepoint: 183300 ns, At safepoint: 4700 ns, Total: 188000 ns
[2020-11-10T15:36:17.194+0000][8][safepoint   ] Safepoint "Cleanup", Time since last: 1000822900 ns, Reaching safepoint: 244600 ns, At safepoint: 20400 ns, Total: 265000 ns
[2020-11-10T15:36:19.196+0000][8][safepoint   ] Safepoint "Cleanup", Time since last: 2001012500 ns, Reaching safepoint: 304800 ns, At safepoint: 27100 ns, Total: 331900 ns
[2020-11-10T15:36:20.414+0000][8][safepoint   ] Safepoint "ICBufferFull", Time since last: 1218090700 ns, Reaching safepoint: 522600 ns, At safepoint: 61100 ns, Total: 583700 ns
[2020-11-10T15:36:21.416+0000][8][safepoint   ] Safepoint "Cleanup", Time since last: 1001466000 ns, Reaching safepoint: 525100 ns, At safepoint: 40500 ns, Total: 565600 ns
[2020-11-10T15:36:22.418+0000][8][safepoint   ] Safepoint "Cleanup", Time since last: 1001119700 ns, Reaching safepoint: 380100 ns, At safepoint: 50300 ns, Total: 430400 ns
[2020-11-10T15:36:23.419+0000][8][safepoint   ] Safepoint "Cleanup", Time since last: 1000966500 ns, Reaching safepoint: 296100 ns, At safepoint: 27100 ns, Total: 323200 ns
[2020-11-10T15:36:25.386+0000][8][safepoint   ] Safepoint "Cleanup", Time since last: 2001029200 ns, Reaching safepoint: 340300 ns, At safepoint: 41500 ns, Total: 381800 ns
[2020-11-10T15:36:26.388+0000][8][safepoint   ] Safepoint "Cleanup", Time since last: 1001664900 ns, Reaching safepoint: 247000 ns, At safepoint: 29000 ns, Total: 276000 ns
[2020-11-10T15:36:29.390+0000][8][safepoint   ] Safepoint "Cleanup", Time since last: 3000861200 ns, Reaching safepoint: 382300 ns, At safepoint: 40200 ns, Total: 422500 ns
[2020-11-10T15:36:34.391+0000][8][safepoint   ] Safepoint "Cleanup", Time since last: 5001577600 ns, Reaching safepoint: 203800 ns, At safepoint: 8400 ns, Total: 212200 ns
[2020-11-10T15:36:34.848+0000][8][gc,start    ] GC(17) Pause Young (Normal) (G1 Evacuation Pause)
[2020-11-10T15:36:34.849+0000][8][gc,task     ] GC(17) Using 8 workers of 8 for evacuation
[2020-11-10T15:36:34.849+0000][8][gc,age      ] GC(17) Desired survivor size 18874368 bytes, new threshold 15 (max threshold 15)
[2020-11-10T15:36:34.863+0000][8][gc,age      ] GC(17) Age table with threshold 15 (max threshold 15)
[2020-11-10T15:36:34.864+0000][8][gc,age      ] GC(17) - age   1:    2498480 bytes,    2498480 total
[2020-11-10T15:36:34.865+0000][8][gc,age      ] GC(17) - age   2:     490000 bytes,    2988480 total
[2020-11-10T15:36:34.865+0000][8][gc,age      ] GC(17) - age   3:     557008 bytes,    3545488 total
[2020-11-10T15:36:34.866+0000][8][gc,age      ] GC(17) - age   4:    1284320 bytes,    4829808 total
[2020-11-10T15:36:34.866+0000][8][gc,age      ] GC(17) - age   5:    7720920 bytes,   12550728 total
[2020-11-10T15:36:34.867+0000][8][gc,phases   ] GC(17)   Pre Evacuate Collection Set: 0.2ms
[2020-11-10T15:36:34.867+0000][8][gc,phases   ] GC(17)   Merge Heap Roots: 0.2ms
[2020-11-10T15:36:34.868+0000][8][gc,phases   ] GC(17)   Evacuate Collection Set: 9.0ms
[2020-11-10T15:36:34.868+0000][8][gc,phases   ] GC(17)   Post Evacuate Collection Set: 3.9ms
[2020-11-10T15:36:34.869+0000][8][gc,phases   ] GC(17)   Other: 5.4ms
[2020-11-10T15:36:34.869+0000][8][gc,heap     ] GC(17) Eden regions: 268->0(270)
[2020-11-10T15:36:34.870+0000][8][gc,heap     ] GC(17) Survivor regions: 13->14(36)
[2020-11-10T15:36:34.870+0000][8][gc,heap     ] GC(17) Old regions: 71->71
[2020-11-10T15:36:34.871+0000][8][gc,heap     ] GC(17) Archive regions: 2->2
[2020-11-10T15:36:34.871+0000][8][gc,heap     ] GC(17) Humongous regions: 7->7
[2020-11-10T15:36:34.872+0000][8][gc,metaspace] GC(17) Metaspace: 100812K(104996K)->100812K(104996K) NonClass: 87629K(90660K)->87629K(90660K) Class: 13182K(14336K)->13182K(14336K)
[2020-11-10T15:36:34.872+0000][8][gc          ] GC(17) Pause Young (Normal) (G1 Evacuation Pause) 358M->91M(512M) 24.140ms
[2020-11-10T15:36:34.873+0000][8][gc,cpu      ] GC(17) User=0.04s Sys=0.02s Real=0.03s
[2020-11-10T15:36:34.873+0000][8][safepoint   ] Safepoint "G1CollectForAllocation", Time since last: 456565600 ns, Reaching safepoint: 258000 ns, At safepoint: 25319000 ns, Total: 25577000 ns
[2020-11-10T15:36:35.875+0000][8][safepoint   ] Safepoint "Cleanup", Time since last: 1000669100 ns, Reaching safepoint: 423800 ns, At safepoint: 74300 ns, Total: 498100 ns
[2020-11-10T15:36:36.877+0000][8][safepoint   ] Safepoint "Cleanup", Time since last: 1001335200 ns, Reaching safepoint: 898800 ns, At safepoint: 32500 ns, Total: 931300 ns
[2020-11-10T15:36:37.878+0000][8][safepoint   ] Safepoint "Cleanup", Time since last: 1001075500 ns, Reaching safepoint: 346500 ns, At safepoint: 38900 ns, Total: 385400 ns
[2020-11-10T15:36:39.880+0000][8][safepoint   ] Safepoint "Cleanup", Time since last: 2001371400 ns, Reaching safepoint: 348200 ns, At safepoint: 40600 ns, Total: 388800 ns
[2020-11-10T15:36:40.881+0000][8][safepoint   ] Safepoint "Cleanup", Time since last: 1001052700 ns, Reaching safepoint: 277300 ns, At safepoint: 36800 ns, Total: 314100 ns
[2020-11-10T15:36:45.883+0000][8][safepoint   ] Safepoint "Cleanup", Time since last: 5001271700 ns, Reaching safepoint: 396800 ns, At safepoint: 41800 ns, Total: 438600 ns
[2020-11-10T15:36:47.885+0000][8][safepoint   ] Safepoint "Cleanup", Time since last: 2001161200 ns, Reaching safepoint: 310200 ns, At safepoint: 78700 ns, Total: 388900 ns
[2020-11-10T15:36:48.998+0000][8][safepoint   ] Safepoint "Cleanup", Time since last: 1113297400 ns, Reaching safepoint: 254400 ns, At safepoint: 25000 ns, Total: 279400 ns
[2020-11-10T15:36:49.999+0000][8][safepoint   ] Safepoint "Cleanup", Time since last: 1000253000 ns, Reaching safepoint: 396500 ns, At safepoint: 30500 ns, Total: 427000 ns
[2020-11-10T15:36:55.967+0000][8][safepoint   ] Safepoint "Cleanup", Time since last: 6001432900 ns, Reaching safepoint: 540200 ns, At safepoint: 54100 ns, Total: 594300 ns
[2020-11-10T15:36:57.968+0000][8][safepoint   ] Safepoint "Cleanup", Time since last: 2001219900 ns, Reaching safepoint: 213100 ns, At safepoint: 43800 ns, Total: 256900 ns
[2020-11-10T15:37:01.970+0000][8][safepoint   ] Safepoint "Cleanup", Time since last: 4001616500 ns, Reaching safepoint: 168500 ns, At safepoint: 7100 ns, Total: 175600 ns
[2020-11-10T15:37:03.285+0000][8][safepoint   ] Safepoint "Cleanup", Time since last: 1315254900 ns, Reaching safepoint: 361300 ns, At safepoint: 30500 ns, Total: 391800 ns
[2020-11-10T15:37:04.287+0000][8][safepoint   ] Safepoint "Cleanup", Time since last: 1001017600 ns, Reaching safepoint: 314300 ns, At safepoint: 66700 ns, Total: 381000 ns
[2020-11-10T15:37:05.288+0000][8][safepoint   ] Safepoint "Cleanup", Time since last: 1001185200 ns, Reaching safepoint: 367600 ns, At safepoint: 27600 ns, Total: 395200 ns
[2020-11-10T15:37:07.290+0000][8][safepoint   ] Safepoint "Cleanup", Time since last: 2000974200 ns, Reaching safepoint: 250600 ns, At safepoint: 24000 ns, Total: 274600 ns
[2020-11-10T15:37:08.291+0000][8][safepoint   ] Safepoint "Cleanup", Time since last: 1000872900 ns, Reaching safepoint: 241400 ns, At safepoint: 27300 ns, Total: 268700 ns
[2020-11-10T15:37:09.292+0000][8][safepoint   ] Safepoint "Cleanup", Time since last: 1000871300 ns, Reaching safepoint: 288700 ns, At safepoint: 27300 ns, Total: 316000 ns
[2020-11-10T15:37:10.293+0000][8][safepoint   ] Safepoint "Cleanup", Time since last: 1000891200 ns, Reaching safepoint: 442100 ns, At safepoint: 27000 ns, Total: 469100 ns
[2020-11-10T15:37:13.295+0000][8][safepoint   ] Safepoint "Cleanup", Time since last: 3000941800 ns, Reaching safepoint: 261900 ns, At safepoint: 26500 ns, Total: 288400 ns
[2020-11-10T15:37:15.296+0000][8][safepoint   ] Safepoint "Cleanup", Time since last: 2000932500 ns, Reaching safepoint: 261200 ns, At safepoint: 27000 ns, Total: 288200 ns
[2020-11-10T15:37:16.297+0000][8][safepoint   ] Safepoint "Cleanup", Time since last: 1000931600 ns, Reaching safepoint: 310100 ns, At safepoint: 50100 ns, Total: 360200 ns
[2020-11-10T15:37:22.299+0000][8][safepoint   ] Safepoint "Cleanup", Time since last: 6001421400 ns, Reaching safepoint: 275400 ns, At safepoint: 30600 ns, Total: 306000 ns
[2020-11-10T15:37:25.265+0000][8][safepoint   ] Safepoint "Cleanup", Time since last: 3000615500 ns, Reaching safepoint: 246600 ns, At safepoint: 9500 ns, Total: 256100 ns
[2020-11-10T15:37:26.267+0000][8][safepoint   ] Safepoint "Cleanup", Time since last: 1001787900 ns, Reaching safepoint: 234100 ns, At safepoint: 39500 ns, Total: 273600 ns
[2020-11-10T15:37:27.269+0000][8][safepoint   ] Safepoint "Cleanup", Time since last: 1001217200 ns, Reaching safepoint: 331900 ns, At safepoint: 25000 ns, Total: 356900 ns
[2020-11-10T15:37:30.271+0000][8][safepoint   ] Safepoint "Cleanup", Time since last: 3001187700 ns, Reaching safepoint: 367600 ns, At safepoint: 38300 ns, Total: 405900 ns
[2020-11-10T15:37:31.272+0000][8][safepoint   ] Safepoint "Cleanup", Time since last: 1001291900 ns, Reaching safepoint: 200000 ns, At safepoint: 21200 ns, Total: 221200 ns
[2020-11-10T15:37:37.274+0000][8][safepoint   ] Safepoint "Cleanup", Time since last: 6001335600 ns, Reaching safepoint: 218500 ns, At safepoint: 13500 ns, Total: 232000 ns
[2020-11-10T15:37:38.275+0000][8][safepoint   ] Safepoint "Cleanup", Time since last: 1001063400 ns, Reaching safepoint: 362900 ns, At safepoint: 26500 ns, Total: 389400 ns
[2020-11-10T15:37:43.276+0000][8][safepoint   ] Safepoint "Cleanup", Time since last: 5001110300 ns, Reaching safepoint: 237400 ns, At safepoint: 31900 ns, Total: 269300 ns
[2020-11-10T15:37:52.278+0000][8][safepoint   ] Safepoint "Cleanup", Time since last: 9001491100 ns, Reaching safepoint: 219800 ns, At safepoint: 29300 ns, Total: 249100 ns
[2020-11-10T15:37:55.245+0000][8][safepoint   ] Safepoint "Cleanup", Time since last: 3000990400 ns, Reaching safepoint: 269100 ns, At safepoint: 31300 ns, Total: 300400 ns
[2020-11-10T15:37:56.246+0000][8][safepoint   ] Safepoint "Cleanup", Time since last: 1000892500 ns, Reaching safepoint: 294500 ns, At safepoint: 48400 ns, Total: 342900 ns
[2020-11-10T15:37:57.248+0000][8][safepoint   ] Safepoint "Cleanup", Time since last: 1000956800 ns, Reaching safepoint: 367300 ns, At safepoint: 52700 ns, Total: 420000 ns
[2020-11-10T15:37:58.253+0000][8][safepoint   ] Safepoint "Cleanup", Time since last: 1005456800 ns, Reaching safepoint: 352300 ns, At safepoint: 9200 ns, Total: 361500 ns
[2020-11-10T15:37:59.255+0000][8][safepoint   ] Safepoint "Cleanup", Time since last: 1000736200 ns, Reaching safepoint: 308500 ns, At safepoint: 12400 ns, Total: 320900 ns
[2020-11-10T15:38:00.255+0000][8][safepoint   ] Safepoint "Cleanup", Time since last: 1000338800 ns, Reaching safepoint: 415000 ns, At safepoint: 7300 ns, Total: 422300 ns
[2020-11-10T15:38:02.257+0000][8][safepoint   ] Safepoint "Cleanup", Time since last: 2001477800 ns, Reaching safepoint: 222700 ns, At safepoint: 15700 ns, Total: 238400 ns
[2020-11-10T15:38:04.259+0000][8][safepoint   ] Safepoint "Cleanup", Time since last: 2001243200 ns, Reaching safepoint: 299200 ns, At safepoint: 10600 ns, Total: 309800 ns
[2020-11-10T15:38:05.260+0000][8][safepoint   ] Safepoint "Cleanup", Time since last: 1001091200 ns, Reaching safepoint: 222100 ns, At safepoint: 27400 ns, Total: 249500 ns
[2020-11-10T15:38:10.261+0000][8][safepoint   ] Safepoint "Cleanup", Time since last: 5001116400 ns, Reaching safepoint: 372700 ns, At safepoint: 25900 ns, Total: 398600 ns
[2020-11-10T15:38:15.984+0000][8][gc,start    ] GC(18) Pause Young (Normal) (G1 Evacuation Pause)
[2020-11-10T15:38:15.985+0000][8][gc,task     ] GC(18) Using 8 workers of 8 for evacuation
[2020-11-10T15:38:15.985+0000][8][gc,age      ] GC(18) Desired survivor size 18874368 bytes, new threshold 15 (max threshold 15)
[2020-11-10T15:38:15.999+0000][8][gc,age      ] GC(18) Age table with threshold 15 (max threshold 15)
[2020-11-10T15:38:16.000+0000][8][gc,age      ] GC(18) - age   1:    4618264 bytes,    4618264 total
[2020-11-10T15:38:16.000+0000][8][gc,age      ] GC(18) - age   2:    1586552 bytes,    6204816 total
[2020-11-10T15:38:16.001+0000][8][gc,age      ] GC(18) - age   3:     485224 bytes,    6690040 total
[2020-11-10T15:38:16.001+0000][8][gc,age      ] GC(18) - age   4:     531296 bytes,    7221336 total
[2020-11-10T15:38:16.002+0000][8][gc,age      ] GC(18) - age   5:    1263208 bytes,    8484544 total
[2020-11-10T15:38:16.002+0000][8][gc,age      ] GC(18) - age   6:    7366896 bytes,   15851440 total
[2020-11-10T15:38:16.003+0000][8][gc,phases   ] GC(18)   Pre Evacuate Collection Set: 0.3ms
[2020-11-10T15:38:16.003+0000][8][gc,phases   ] GC(18)   Merge Heap Roots: 0.6ms
[2020-11-10T15:38:16.003+0000][8][gc,phases   ] GC(18)   Evacuate Collection Set: 9.5ms
[2020-11-10T15:38:16.004+0000][8][gc,phases   ] GC(18)   Post Evacuate Collection Set: 2.7ms
[2020-11-10T15:38:16.005+0000][8][gc,phases   ] GC(18)   Other: 5.7ms
[2020-11-10T15:38:16.005+0000][8][gc,heap     ] GC(18) Eden regions: 270->0(267)
[2020-11-10T15:38:16.005+0000][8][gc,heap     ] GC(18) Survivor regions: 14->17(36)
[2020-11-10T15:38:16.006+0000][8][gc,heap     ] GC(18) Old regions: 71->71
[2020-11-10T15:38:16.006+0000][8][gc,heap     ] GC(18) Archive regions: 2->2
[2020-11-10T15:38:16.007+0000][8][gc,heap     ] GC(18) Humongous regions: 39->7
[2020-11-10T15:38:16.007+0000][8][gc,metaspace] GC(18) Metaspace: 101277K(105508K)->101277K(105508K) NonClass: 88078K(91172K)->88078K(91172K) Class: 13199K(14336K)->13199K(14336K)
[2020-11-10T15:38:16.008+0000][8][gc          ] GC(18) Pause Young (Normal) (G1 Evacuation Pause) 393M->94M(512M) 23.906ms
[2020-11-10T15:38:16.008+0000][8][gc,cpu      ] GC(18) User=0.04s Sys=0.01s Real=0.02s
[2020-11-10T15:38:16.009+0000][8][safepoint   ] Safepoint "G1CollectForAllocation", Time since last: 5722130300 ns, Reaching safepoint: 241000 ns, At safepoint: 24925400 ns, Total: 25166400 ns
[2020-11-10T15:38:17.010+0000][8][safepoint   ] Safepoint "Cleanup", Time since last: 1000497200 ns, Reaching safepoint: 422300 ns, At safepoint: 23900 ns, Total: 446200 ns
[2020-11-10T15:38:18.010+0000][8][safepoint   ] Safepoint "Cleanup", Time since last: 1000450000 ns, Reaching safepoint: 308600 ns, At safepoint: 6500 ns, Total: 315100 ns
[2020-11-10T15:38:19.012+0000][8][safepoint   ] Safepoint "Cleanup", Time since last: 1000956400 ns, Reaching safepoint: 156200 ns, At safepoint: 47400 ns, Total: 203600 ns
[2020-11-10T15:38:22.013+0000][8][safepoint   ] Safepoint "Cleanup", Time since last: 3001250000 ns, Reaching safepoint: 237800 ns, At safepoint: 10200 ns, Total: 248000 ns
[2020-11-10T15:38:24.980+0000][8][safepoint   ] Safepoint "Cleanup", Time since last: 3001064500 ns, Reaching safepoint: 309300 ns, At safepoint: 31100 ns, Total: 340400 ns
[2020-11-10T15:38:25.981+0000][8][safepoint   ] Safepoint "Cleanup", Time since last: 1000905700 ns, Reaching safepoint: 264400 ns, At safepoint: 26500 ns, Total: 290900 ns
[2020-11-10T15:38:28.983+0000][8][safepoint   ] Safepoint "Cleanup", Time since last: 3001103400 ns, Reaching safepoint: 258000 ns, At safepoint: 27300 ns, Total: 285300 ns
[2020-11-10T15:38:29.984+0000][8][safepoint   ] Safepoint "Cleanup", Time since last: 1000933900 ns, Reaching safepoint: 527500 ns, At safepoint: 44100 ns, Total: 571600 ns
[2020-11-10T15:38:30.986+0000][8][safepoint   ] Safepoint "Cleanup", Time since last: 1001098000 ns, Reaching safepoint: 262000 ns, At safepoint: 28400 ns, Total: 290400 ns
[2020-11-10T15:38:31.987+0000][8][safepoint   ] Safepoint "Cleanup", Time since last: 1000861300 ns, Reaching safepoint: 485600 ns, At safepoint: 119000 ns, Total: 604600 ns
[2020-11-10T15:38:32.989+0000][8][safepoint   ] Safepoint "Cleanup", Time since last: 1001265000 ns, Reaching safepoint: 372500 ns, At safepoint: 26600 ns, Total: 399100 ns
[2020-11-10T15:38:33.990+0000][8][safepoint   ] Safepoint "Cleanup", Time since last: 1001250100 ns, Reaching safepoint: 401400 ns, At safepoint: 31000 ns, Total: 432400 ns
[2020-11-10T15:38:34.992+0000][8][safepoint   ] Safepoint "Cleanup", Time since last: 1001060100 ns, Reaching safepoint: 225000 ns, At safepoint: 22900 ns, Total: 247900 ns
[2020-11-10T15:38:35.993+0000][8][safepoint   ] Safepoint "Cleanup", Time since last: 1000954400 ns, Reaching safepoint: 338500 ns, At safepoint: 25600 ns, Total: 364100 ns
[2020-11-10T15:38:36.994+0000][8][safepoint   ] Safepoint "Cleanup", Time since last: 1001097400 ns, Reaching safepoint: 185400 ns, At safepoint: 7600 ns, Total: 193000 ns
[2020-11-10T15:38:38.995+0000][8][safepoint   ] Safepoint "Cleanup", Time since last: 2000312400 ns, Reaching safepoint: 214800 ns, At safepoint: 16800 ns, Total: 231600 ns
[2020-11-10T15:38:39.996+0000][8][safepoint   ] Safepoint "Cleanup", Time since last: 1001016600 ns, Reaching safepoint: 286200 ns, At safepoint: 12900 ns, Total: 299100 ns
[2020-11-10T15:38:40.997+0000][8][safepoint   ] Safepoint "Cleanup", Time since last: 1000959300 ns, Reaching safepoint: 256400 ns, At safepoint: 61000 ns, Total: 317400 ns
[2020-11-10T15:38:42.999+0000][8][safepoint   ] Safepoint "Cleanup", Time since last: 2000936400 ns, Reaching safepoint: 285500 ns, At safepoint: 27900 ns, Total: 313400 ns
[2020-11-10T15:38:46.000+0000][8][safepoint   ] Safepoint "Cleanup", Time since last: 3000936300 ns, Reaching safepoint: 174300 ns, At safepoint: 42100 ns, Total: 216400 ns
[2020-11-10T15:38:54.967+0000][8][safepoint   ] Safepoint "Cleanup", Time since last: 9001319700 ns, Reaching safepoint: 226600 ns, At safepoint: 9700 ns, Total: 236300 ns
[2020-11-10T15:38:56.968+0000][8][safepoint   ] Safepoint "Cleanup", Time since last: 2000835100 ns, Reaching safepoint: 341700 ns, At safepoint: 42300 ns, Total: 384000 ns
[2020-11-10T15:39:01.970+0000][8][safepoint   ] Safepoint "Cleanup", Time since last: 5001643900 ns, Reaching safepoint: 325600 ns, At safepoint: 13300 ns, Total: 338900 ns
[2020-11-10T15:39:06.972+0000][8][safepoint   ] Safepoint "Cleanup", Time since last: 5001798000 ns, Reaching safepoint: 302100 ns, At safepoint: 15600 ns, Total: 317700 ns
[2020-11-10T15:39:26.943+0000][8][safepoint   ] Safepoint "Cleanup", Time since last: 20005206100 ns, Reaching safepoint: 308500 ns, At safepoint: 13000 ns, Total: 321500 ns
[2020-11-10T15:39:27.945+0000][8][safepoint   ] Safepoint "Cleanup", Time since last: 1001079800 ns, Reaching safepoint: 516100 ns, At safepoint: 210400 ns, Total: 726500 ns
[2020-11-10T15:39:33.946+0000][8][safepoint   ] Safepoint "Cleanup", Time since last: 6001056900 ns, Reaching safepoint: 230000 ns, At safepoint: 9600 ns, Total: 239600 ns
[2020-11-10T15:39:42.948+0000][8][safepoint   ] Safepoint "Cleanup", Time since last: 9001322900 ns, Reaching safepoint: 398800 ns, At safepoint: 12100 ns, Total: 410900 ns
[2020-11-10T15:39:43.949+0000][8][safepoint   ] Safepoint "Cleanup", Time since last: 1000158700 ns, Reaching safepoint: 255400 ns, At safepoint: 7800 ns, Total: 263200 ns
[2020-11-10T15:39:48.950+0000][8][safepoint   ] Safepoint "Cleanup", Time since last: 5001518600 ns, Reaching safepoint: 199900 ns, At safepoint: 10000 ns, Total: 209900 ns
[2020-11-10T15:39:49.952+0000][8][safepoint   ] Safepoint "Cleanup", Time since last: 1000968500 ns, Reaching safepoint: 239200 ns, At safepoint: 22000 ns, Total: 261200 ns
[2020-11-10T15:39:51.953+0000][8][safepoint   ] Safepoint "Cleanup", Time since last: 2000928500 ns, Reaching safepoint: 294600 ns, At safepoint: 14700 ns, Total: 309300 ns
[2020-11-10T15:39:52.954+0000][8][safepoint   ] Safepoint "Cleanup", Time since last: 1000932100 ns, Reaching safepoint: 374800 ns, At safepoint: 25000 ns, Total: 399800 ns
[2020-11-10T15:39:54.921+0000][8][safepoint   ] Safepoint "Cleanup", Time since last: 2001115800 ns, Reaching safepoint: 432500 ns, At safepoint: 112900 ns, Total: 545400 ns
[2020-11-10T15:39:56.923+0000][8][safepoint   ] Safepoint "Cleanup", Time since last: 2000926300 ns, Reaching safepoint: 247200 ns, At safepoint: 45900 ns, Total: 293100 ns
[2020-11-10T15:39:57.924+0000][8][safepoint   ] Safepoint "Cleanup", Time since last: 1001081300 ns, Reaching safepoint: 238500 ns, At safepoint: 26700 ns, Total: 265200 ns
[2020-11-10T15:40:00.925+0000][8][safepoint   ] Safepoint "Cleanup", Time since last: 3000929100 ns, Reaching safepoint: 231400 ns, At safepoint: 9800 ns, Total: 241200 ns
[2020-11-10T15:40:02.926+0000][8][safepoint   ] Safepoint "Cleanup", Time since last: 2000902900 ns, Reaching safepoint: 301300 ns, At safepoint: 32800 ns, Total: 334100 ns
[2020-11-10T15:40:08.928+0000][8][safepoint   ] Safepoint "Cleanup", Time since last: 6001264900 ns, Reaching safepoint: 255300 ns, At safepoint: 12000 ns, Total: 267300 ns
[2020-11-10T15:40:24.895+0000][8][safepoint   ] Safepoint "Cleanup", Time since last: 16001562100 ns, Reaching safepoint: 318300 ns, At safepoint: 11600 ns, Total: 329900 ns
[2020-11-10T15:40:27.829+0000][8][safepoint   ] Safepoint "Cleanup", Time since last: 2933865200 ns, Reaching safepoint: 311400 ns, At safepoint: 32800 ns, Total: 344200 ns
[2020-11-10T15:40:28.831+0000][8][safepoint   ] Safepoint "Cleanup", Time since last: 1001288900 ns, Reaching safepoint: 230400 ns, At safepoint: 13300 ns, Total: 243700 ns
[2020-11-10T15:40:37.833+0000][8][safepoint   ] Safepoint "Cleanup", Time since last: 9002056700 ns, Reaching safepoint: 294900 ns, At safepoint: 21800 ns, Total: 316700 ns
[2020-11-10T15:40:38.834+0000][8][safepoint   ] Safepoint "Cleanup", Time since last: 1000196900 ns, Reaching safepoint: 229200 ns, At safepoint: 7800 ns, Total: 237000 ns
[2020-11-10T15:40:38.882+0000][8][gc,start    ] GC(19) Pause Young (Normal) (G1 Evacuation Pause)
[2020-11-10T15:40:38.883+0000][8][gc,task     ] GC(19) Using 8 workers of 8 for evacuation
[2020-11-10T15:40:38.883+0000][8][gc,age      ] GC(19) Desired survivor size 18874368 bytes, new threshold 15 (max threshold 15)
[2020-11-10T15:40:38.898+0000][8][gc,age      ] GC(19) Age table with threshold 15 (max threshold 15)
[2020-11-10T15:40:38.899+0000][8][gc,age      ] GC(19) - age   1:    2013064 bytes,    2013064 total
[2020-11-10T15:40:38.900+0000][8][gc,age      ] GC(19) - age   2:    2527888 bytes,    4540952 total
[2020-11-10T15:40:38.900+0000][8][gc,age      ] GC(19) - age   3:     586224 bytes,    5127176 total
[2020-11-10T15:40:38.901+0000][8][gc,age      ] GC(19) - age   4:     476760 bytes,    5603936 total
[2020-11-10T15:40:38.901+0000][8][gc,age      ] GC(19) - age   5:     530432 bytes,    6134368 total
[2020-11-10T15:40:38.902+0000][8][gc,age      ] GC(19) - age   6:    1246704 bytes,    7381072 total
[2020-11-10T15:40:38.902+0000][8][gc,age      ] GC(19) - age   7:    7339176 bytes,   14720248 total
[2020-11-10T15:40:38.903+0000][8][gc,phases   ] GC(19)   Pre Evacuate Collection Set: 0.3ms
[2020-11-10T15:40:38.904+0000][8][gc,phases   ] GC(19)   Merge Heap Roots: 0.2ms
[2020-11-10T15:40:38.904+0000][8][gc,phases   ] GC(19)   Evacuate Collection Set: 8.8ms
[2020-11-10T15:40:38.905+0000][8][gc,phases   ] GC(19)   Post Evacuate Collection Set: 4.5ms
[2020-11-10T15:40:38.905+0000][8][gc,phases   ] GC(19)   Other: 7.2ms
[2020-11-10T15:40:38.906+0000][8][gc,heap     ] GC(19) Eden regions: 267->0(271)
[2020-11-10T15:40:38.906+0000][8][gc,heap     ] GC(19) Survivor regions: 17->16(36)
[2020-11-10T15:40:38.907+0000][8][gc,heap     ] GC(19) Old regions: 71->71
[2020-11-10T15:40:38.908+0000][8][gc,heap     ] GC(19) Archive regions: 2->2
[2020-11-10T15:40:38.908+0000][8][gc,heap     ] GC(19) Humongous regions: 7->7
[2020-11-10T15:40:38.909+0000][8][gc,metaspace] GC(19) Metaspace: 101662K(105764K)->101662K(105764K) NonClass: 88451K(91428K)->88451K(91428K) Class: 13210K(14336K)->13210K(14336K)
[2020-11-10T15:40:38.910+0000][8][gc          ] GC(19) Pause Young (Normal) (G1 Evacuation Pause) 361M->93M(512M) 27.414ms
[2020-11-10T15:40:38.910+0000][8][gc,cpu      ] GC(19) User=0.05s Sys=0.01s Real=0.03s
[2020-11-10T15:40:38.911+0000][8][safepoint   ] Safepoint "G1CollectForAllocation", Time since last: 47919300 ns, Reaching safepoint: 263200 ns, At safepoint: 28738700 ns, Total: 29001900 ns
[2020-11-10T15:40:39.911+0000][8][safepoint   ] Safepoint "Cleanup", Time since last: 1000245600 ns, Reaching safepoint: 299300 ns, At safepoint: 14600 ns, Total: 313900 ns
[2020-11-10T15:40:45.913+0000][8][safepoint   ] Safepoint "Cleanup", Time since last: 6001370500 ns, Reaching safepoint: 320300 ns, At safepoint: 47300 ns, Total: 367600 ns
[2020-11-10T15:40:48.914+0000][8][safepoint   ] Safepoint "Cleanup", Time since last: 3000732800 ns, Reaching safepoint: 215000 ns, At safepoint: 41700 ns, Total: 256700 ns
[2020-11-10T15:40:56.881+0000][8][safepoint   ] Safepoint "Cleanup", Time since last: 8001289400 ns, Reaching safepoint: 266000 ns, At safepoint: 28800 ns, Total: 294800 ns
[2020-11-10T15:40:57.882+0000][8][safepoint   ] Safepoint "Cleanup", Time since last: 1000832300 ns, Reaching safepoint: 229300 ns, At safepoint: 28100 ns, Total: 257400 ns
[2020-11-10T15:40:58.883+0000][8][safepoint   ] Safepoint "Cleanup", Time since last: 1000822300 ns, Reaching safepoint: 250400 ns, At safepoint: 9900 ns, Total: 260300 ns
[2020-11-10T15:41:06.885+0000][8][safepoint   ] Safepoint "Cleanup", Time since last: 8001689500 ns, Reaching safepoint: 289100 ns, At safepoint: 27800 ns, Total: 316900 ns
[2020-11-10T15:41:09.887+0000][8][safepoint   ] Safepoint "Cleanup", Time since last: 3001006500 ns, Reaching safepoint: 330700 ns, At safepoint: 84500 ns, Total: 415200 ns
[2020-11-10T15:41:15.888+0000][8][safepoint   ] Safepoint "Cleanup", Time since last: 6001036900 ns, Reaching safepoint: 253700 ns, At safepoint: 60500 ns, Total: 314200 ns
[2020-11-10T15:41:20.626+0000][8][gc,heap,exit] Heap
[2020-11-10T15:41:20.627+0000][8][gc,heap,exit]  garbage-first heap   total 524288K, used 180623K [0x00000000e0000000, 0x0000000100000000)
[2020-11-10T15:41:20.630+0000][8][gc,heap,exit]   region size 1024K, 101 young (103424K), 16 survivors (16384K)
[2020-11-10T15:41:20.631+0000][8][gc,heap,exit]  Metaspace       used 101865K, capacity 105175K, committed 106020K, reserved 1140736K
[2020-11-10T15:41:20.632+0000][8][gc,heap,exit]   class space    used 13239K, capacity 14308K, committed 14336K, reserved 1048576K
