[2020-11-10T09:30:55.974+0000][7][gc] Using G1
[2020-11-10T09:30:56.349+0000][7][gc,init] Version: 15+36-1562 (release)
[2020-11-10T09:30:56.350+0000][7][gc,init] CPUs: 8 total, 8 available
[2020-11-10T09:30:56.351+0000][7][gc,init] Memory: 7961M
[2020-11-10T09:30:56.353+0000][7][gc,init] Large Page Support: Disabled
[2020-11-10T09:30:56.354+0000][7][gc,init] NUMA Support: Disabled
[2020-11-10T09:30:56.355+0000][7][gc,init] Compressed Oops: Enabled (32-bit)
[2020-11-10T09:30:56.357+0000][7][gc,init] Heap Region Size: 1M
[2020-11-10T09:30:56.358+0000][7][gc,init] Heap Min Capacity: 512M
[2020-11-10T09:30:56.360+0000][7][gc,init] Heap Initial Capacity: 512M
[2020-11-10T09:30:56.361+0000][7][gc,init] Heap Max Capacity: 512M
[2020-11-10T09:30:56.363+0000][7][gc,init] Pre-touch: Enabled
[2020-11-10T09:30:56.365+0000][7][gc,init] Parallel Workers: 8
[2020-11-10T09:30:56.366+0000][7][gc,init] Concurrent Workers: 2
[2020-11-10T09:30:56.367+0000][7][gc,init] Concurrent Refinement Workers: 8
[2020-11-10T09:30:56.369+0000][7][gc,init] Periodic GC: Disabled
[2020-11-10T09:30:56.371+0000][7][gc,cds ] Mark closed archive regions in map: [0x00000000fff00000, 0x00000000fff7bff8]
[2020-11-10T09:30:56.373+0000][7][gc,cds ] Mark open archive regions in map: [0x00000000ffe00000, 0x00000000ffe51ff8]
[2020-11-10T09:30:56.374+0000][7][gc,metaspace] CDS archive(s) mapped at: [0x0000000800000000-0x0000000800b33000-0x0000000800b33000), size 11743232, SharedBaseAddress: 0x0000000800000000, ArchiveRelocationMode: 0.
[2020-11-10T09:30:56.375+0000][7][gc,metaspace] Compressed class space mapped at: 0x0000000800b34000-0x0000000840b34000, size: 1073741824
[2020-11-10T09:30:56.376+0000][7][gc,metaspace] Narrow klass base: 0x0000000800000000, Narrow klass shift: 3, Narrow klass range: 0x100000000
[2020-11-10T09:30:57.476+0000][7][safepoint   ] Safepoint "ICBufferFull", Time since last: 1071369600 ns, Reaching safepoint: 407900 ns, At safepoint: 29200 ns, Total: 437100 ns
[2020-11-10T09:30:58.197+0000][7][gc,start    ] GC(0) Pause Young (Normal) (G1 Evacuation Pause)
[2020-11-10T09:30:58.205+0000][7][gc,task     ] GC(0) Using 8 workers of 8 for evacuation
[2020-11-10T09:30:58.206+0000][7][gc,age      ] GC(0) Desired survivor size 2097152 bytes, new threshold 15 (max threshold 15)
[2020-11-10T09:30:58.222+0000][7][gc,age      ] GC(0) Age table with threshold 15 (max threshold 15)
[2020-11-10T09:30:58.225+0000][7][gc,age      ] GC(0) - age   1:    3527688 bytes,    3527688 total
[2020-11-10T09:30:58.226+0000][7][gc,phases   ] GC(0)   Pre Evacuate Collection Set: 0.4ms
[2020-11-10T09:30:58.227+0000][7][gc,phases   ] GC(0)   Merge Heap Roots: 0.3ms
[2020-11-10T09:30:58.228+0000][7][gc,phases   ] GC(0)   Evacuate Collection Set: 10.9ms
[2020-11-10T09:30:58.229+0000][7][gc,phases   ] GC(0)   Post Evacuate Collection Set: 2.9ms
[2020-11-10T09:30:58.230+0000][7][gc,phases   ] GC(0)   Other: 14.6ms
[2020-11-10T09:30:58.230+0000][7][gc,heap     ] GC(0) Eden regions: 25->0(36)
[2020-11-10T09:30:58.231+0000][7][gc,heap     ] GC(0) Survivor regions: 0->4(4)
[2020-11-10T09:30:58.232+0000][7][gc,heap     ] GC(0) Old regions: 0->0
[2020-11-10T09:30:58.233+0000][7][gc,heap     ] GC(0) Archive regions: 2->2
[2020-11-10T09:30:58.234+0000][7][gc,heap     ] GC(0) Humongous regions: 1->1
[2020-11-10T09:30:58.235+0000][7][gc,metaspace] GC(0) Metaspace: 8576K(9600K)->8576K(9600K) NonClass: 7598K(8448K)->7598K(8448K) Class: 977K(1152K)->977K(1152K)
[2020-11-10T09:30:58.236+0000][7][gc          ] GC(0) Pause Young (Normal) (G1 Evacuation Pause) 26M->5M(512M) 38.290ms
[2020-11-10T09:30:58.236+0000][7][gc,cpu      ] GC(0) User=0.06s Sys=0.02s Real=0.04s
[2020-11-10T09:30:58.237+0000][7][safepoint   ] Safepoint "G1CollectForAllocation", Time since last: 721263400 ns, Reaching safepoint: 219500 ns, At safepoint: 40168100 ns, Total: 40387600 ns
[2020-11-10T09:30:59.711+0000][7][safepoint   ] Safepoint "Cleanup", Time since last: 1473195300 ns, Reaching safepoint: 488000 ns, At safepoint: 7600 ns, Total: 495600 ns
[2020-11-10T09:31:00.046+0000][7][gc,start    ] GC(1) Pause Young (Normal) (G1 Evacuation Pause)
[2020-11-10T09:31:00.047+0000][7][gc,task     ] GC(1) Using 8 workers of 8 for evacuation
[2020-11-10T09:31:00.049+0000][7][gc,age      ] GC(1) Desired survivor size 2621440 bytes, new threshold 1 (max threshold 15)
[2020-11-10T09:31:00.088+0000][7][gc,age      ] GC(1) Age table with threshold 1 (max threshold 15)
[2020-11-10T09:31:00.095+0000][7][gc,age      ] GC(1) - age   1:    2459328 bytes,    2459328 total
[2020-11-10T09:31:00.096+0000][7][gc,phases   ] GC(1)   Pre Evacuate Collection Set: 0.2ms
[2020-11-10T09:31:00.097+0000][7][gc,phases   ] GC(1)   Merge Heap Roots: 0.4ms
[2020-11-10T09:31:00.098+0000][7][gc,phases   ] GC(1)   Evacuate Collection Set: 25.3ms
[2020-11-10T09:31:00.098+0000][7][gc,phases   ] GC(1)   Post Evacuate Collection Set: 11.9ms
[2020-11-10T09:31:00.100+0000][7][gc,phases   ] GC(1)   Other: 12.8ms
[2020-11-10T09:31:00.100+0000][7][gc,heap     ] GC(1) Eden regions: 36->0(304)
[2020-11-10T09:31:00.101+0000][7][gc,heap     ] GC(1) Survivor regions: 4->3(5)
[2020-11-10T09:31:00.102+0000][7][gc,heap     ] GC(1) Old regions: 0->4
[2020-11-10T09:31:00.102+0000][7][gc,heap     ] GC(1) Archive regions: 2->2
[2020-11-10T09:31:00.103+0000][7][gc,heap     ] GC(1) Humongous regions: 1->1
[2020-11-10T09:31:00.104+0000][7][gc,metaspace] GC(1) Metaspace: 13894K(14336K)->13894K(14336K) NonClass: 12245K(12544K)->12245K(12544K) Class: 1649K(1792K)->1649K(1792K)
[2020-11-10T09:31:00.105+0000][7][gc          ] GC(1) Pause Young (Normal) (G1 Evacuation Pause) 41M->7M(512M) 59.155ms
[2020-11-10T09:31:00.106+0000][7][gc,cpu      ] GC(1) User=0.08s Sys=0.01s Real=0.06s
[2020-11-10T09:31:00.107+0000][7][safepoint   ] Safepoint "G1CollectForAllocation", Time since last: 330807900 ns, Reaching safepoint: 3522700 ns, At safepoint: 61518800 ns, Total: 65041500 ns
[2020-11-10T09:31:00.892+0000][7][safepoint   ] Safepoint "ICBufferFull", Time since last: 784603300 ns, Reaching safepoint: 648500 ns, At safepoint: 49100 ns, Total: 697600 ns
[2020-11-10T09:31:00.904+0000][7][safepoint   ] Safepoint "ICBufferFull", Time since last: 11268700 ns, Reaching safepoint: 344800 ns, At safepoint: 15100 ns, Total: 359900 ns
[2020-11-10T09:31:00.917+0000][7][safepoint   ] Safepoint "ICBufferFull", Time since last: 11355700 ns, Reaching safepoint: 2116000 ns, At safepoint: 30800 ns, Total: 2146800 ns
[2020-11-10T09:31:00.929+0000][7][safepoint   ] Safepoint "ICBufferFull", Time since last: 7363900 ns, Reaching safepoint: 4179100 ns, At safepoint: 37400 ns, Total: 4216500 ns
[2020-11-10T09:31:00.942+0000][7][safepoint   ] Safepoint "ICBufferFull", Time since last: 12442900 ns, Reaching safepoint: 157900 ns, At safepoint: 33200 ns, Total: 191100 ns
[2020-11-10T09:31:00.954+0000][7][safepoint   ] Safepoint "ICBufferFull", Time since last: 11131700 ns, Reaching safepoint: 741800 ns, At safepoint: 36100 ns, Total: 777900 ns
[2020-11-10T09:31:00.967+0000][7][safepoint   ] Safepoint "ICBufferFull", Time since last: 13300800 ns, Reaching safepoint: 260600 ns, At safepoint: 34100 ns, Total: 294700 ns
[2020-11-10T09:31:00.977+0000][7][safepoint   ] Safepoint "ICBufferFull", Time since last: 9502900 ns, Reaching safepoint: 212400 ns, At safepoint: 106700 ns, Total: 319100 ns
[2020-11-10T09:31:00.993+0000][7][safepoint   ] Safepoint "ICBufferFull", Time since last: 16074300 ns, Reaching safepoint: 184800 ns, At safepoint: 27500 ns, Total: 212300 ns
[2020-11-10T09:31:01.002+0000][7][safepoint   ] Safepoint "ICBufferFull", Time since last: 8434500 ns, Reaching safepoint: 298900 ns, At safepoint: 30700 ns, Total: 329600 ns
[2020-11-10T09:31:01.009+0000][7][safepoint   ] Safepoint "ICBufferFull", Time since last: 7107600 ns, Reaching safepoint: 218200 ns, At safepoint: 30200 ns, Total: 248400 ns
[2020-11-10T09:31:01.021+0000][7][safepoint   ] Safepoint "ICBufferFull", Time since last: 11656800 ns, Reaching safepoint: 145600 ns, At safepoint: 36600 ns, Total: 182200 ns
[2020-11-10T09:31:01.035+0000][7][safepoint   ] Safepoint "ICBufferFull", Time since last: 13397500 ns, Reaching safepoint: 384700 ns, At safepoint: 36400 ns, Total: 421100 ns
[2020-11-10T09:31:01.046+0000][7][safepoint   ] Safepoint "ICBufferFull", Time since last: 11177700 ns, Reaching safepoint: 247700 ns, At safepoint: 73100 ns, Total: 320800 ns
[2020-11-10T09:31:01.053+0000][7][safepoint   ] Safepoint "ICBufferFull", Time since last: 6481600 ns, Reaching safepoint: 167600 ns, At safepoint: 27200 ns, Total: 194800 ns
[2020-11-10T09:31:02.055+0000][7][safepoint   ] Safepoint "Cleanup", Time since last: 1001230000 ns, Reaching safepoint: 459200 ns, At safepoint: 99300 ns, Total: 558500 ns
[2020-11-10T09:31:03.113+0000][7][gc,start    ] GC(2) Pause Young (Normal) (G1 Evacuation Pause)
[2020-11-10T09:31:03.114+0000][7][gc,task     ] GC(2) Using 8 workers of 8 for evacuation
[2020-11-10T09:31:03.116+0000][7][gc,age      ] GC(2) Desired survivor size 20447232 bytes, new threshold 15 (max threshold 15)
[2020-11-10T09:31:03.167+0000][7][gc,age      ] GC(2) Age table with threshold 15 (max threshold 15)
[2020-11-10T09:31:03.168+0000][7][gc,age      ] GC(2) - age   1:    8245056 bytes,    8245056 total
[2020-11-10T09:31:03.169+0000][7][gc,age      ] GC(2) - age   2:    2346584 bytes,   10591640 total
[2020-11-10T09:31:03.170+0000][7][gc,phases   ] GC(2)   Pre Evacuate Collection Set: 0.4ms
[2020-11-10T09:31:03.171+0000][7][gc,phases   ] GC(2)   Merge Heap Roots: 0.3ms
[2020-11-10T09:31:03.172+0000][7][gc,phases   ] GC(2)   Evacuate Collection Set: 40.2ms
[2020-11-10T09:31:03.173+0000][7][gc,phases   ] GC(2)   Post Evacuate Collection Set: 8.6ms
[2020-11-10T09:31:03.175+0000][7][gc,phases   ] GC(2)   Other: 7.3ms
[2020-11-10T09:31:03.177+0000][7][gc,heap     ] GC(2) Eden regions: 304->0(296)
[2020-11-10T09:31:03.179+0000][7][gc,heap     ] GC(2) Survivor regions: 3->11(39)
[2020-11-10T09:31:03.180+0000][7][gc,heap     ] GC(2) Old regions: 4->4
[2020-11-10T09:31:03.181+0000][7][gc,heap     ] GC(2) Archive regions: 2->2
[2020-11-10T09:31:03.182+0000][7][gc,heap     ] GC(2) Humongous regions: 2->1
[2020-11-10T09:31:03.183+0000][7][gc,metaspace] GC(2) Metaspace: 18178K(18816K)->18178K(18816K) NonClass: 15967K(16384K)->15967K(16384K) Class: 2210K(2432K)->2210K(2432K)
[2020-11-10T09:31:03.184+0000][7][gc          ] GC(2) Pause Young (Normal) (G1 Evacuation Pause) 312M->15M(512M) 70.310ms
[2020-11-10T09:31:03.185+0000][7][gc,cpu      ] GC(2) User=0.04s Sys=0.02s Real=0.07s
[2020-11-10T09:31:03.187+0000][7][safepoint   ] Safepoint "G1CollectForAllocation", Time since last: 1058112400 ns, Reaching safepoint: 218800 ns, At safepoint: 73404400 ns, Total: 73623200 ns
[2020-11-10T09:31:04.189+0000][7][safepoint   ] Safepoint "Cleanup", Time since last: 1001562200 ns, Reaching safepoint: 251200 ns, At safepoint: 231200 ns, Total: 482400 ns
[2020-11-10T09:31:04.648+0000][7][gc,start    ] GC(3) Pause Young (Normal) (G1 Evacuation Pause)
[2020-11-10T09:31:04.650+0000][7][gc,task     ] GC(3) Using 8 workers of 8 for evacuation
[2020-11-10T09:31:04.650+0000][7][gc,age      ] GC(3) Desired survivor size 20447232 bytes, new threshold 15 (max threshold 15)
[2020-11-10T09:31:04.686+0000][7][gc,age      ] GC(3) Age table with threshold 15 (max threshold 15)
[2020-11-10T09:31:04.687+0000][7][gc,age      ] GC(3) - age   1:    4331408 bytes,    4331408 total
[2020-11-10T09:31:04.688+0000][7][gc,age      ] GC(3) - age   2:    6087064 bytes,   10418472 total
[2020-11-10T09:31:04.689+0000][7][gc,age      ] GC(3) - age   3:    2346584 bytes,   12765056 total
[2020-11-10T09:31:04.690+0000][7][gc,phases   ] GC(3)   Pre Evacuate Collection Set: 3.8ms
[2020-11-10T09:31:04.691+0000][7][gc,phases   ] GC(3)   Merge Heap Roots: 1.0ms
[2020-11-10T09:31:04.692+0000][7][gc,phases   ] GC(3)   Evacuate Collection Set: 23.1ms
[2020-11-10T09:31:04.693+0000][7][gc,phases   ] GC(3)   Post Evacuate Collection Set: 6.3ms
[2020-11-10T09:31:04.694+0000][7][gc,phases   ] GC(3)   Other: 7.5ms
[2020-11-10T09:31:04.695+0000][7][gc,heap     ] GC(3) Eden regions: 296->0(294)
[2020-11-10T09:31:04.696+0000][7][gc,heap     ] GC(3) Survivor regions: 11->13(39)
[2020-11-10T09:31:04.697+0000][7][gc,heap     ] GC(3) Old regions: 4->4
[2020-11-10T09:31:04.698+0000][7][gc,heap     ] GC(3) Archive regions: 2->2
[2020-11-10T09:31:04.699+0000][7][gc,heap     ] GC(3) Humongous regions: 1->1
[2020-11-10T09:31:04.700+0000][7][gc,metaspace] GC(3) Metaspace: 19565K(20608K)->19565K(20608K) NonClass: 17226K(17920K)->17226K(17920K) Class: 2339K(2688K)->2339K(2688K)
[2020-11-10T09:31:04.701+0000][7][gc          ] GC(3) Pause Young (Normal) (G1 Evacuation Pause) 311M->18M(512M) 52.653ms
[2020-11-10T09:31:04.702+0000][7][gc,cpu      ] GC(3) User=0.09s Sys=0.02s Real=0.06s
[2020-11-10T09:31:04.703+0000][7][safepoint   ] Safepoint "G1CollectForAllocation", Time since last: 459238500 ns, Reaching safepoint: 378000 ns, At safepoint: 54496400 ns, Total: 54874400 ns
[2020-11-10T09:31:05.691+0000][7][safepoint   ] Safepoint "Cleanup", Time since last: 1002088900 ns, Reaching safepoint: 19873000 ns, At safepoint: 165700 ns, Total: 20038700 ns
[2020-11-10T09:31:05.796+0000][7][gc,start    ] GC(4) Pause Young (Normal) (G1 Evacuation Pause)
[2020-11-10T09:31:05.799+0000][7][gc,task     ] GC(4) Using 8 workers of 8 for evacuation
[2020-11-10T09:31:05.800+0000][7][gc,age      ] GC(4) Desired survivor size 20447232 bytes, new threshold 15 (max threshold 15)
[2020-11-10T09:31:05.840+0000][7][gc,age      ] GC(4) Age table with threshold 15 (max threshold 15)
[2020-11-10T09:31:05.844+0000][7][gc,age      ] GC(4) - age   1:    2262352 bytes,    2262352 total
[2020-11-10T09:31:05.845+0000][7][gc,age      ] GC(4) - age   2:    2285784 bytes,    4548136 total
[2020-11-10T09:31:05.846+0000][7][gc,age      ] GC(4) - age   3:    6082376 bytes,   10630512 total
[2020-11-10T09:31:05.847+0000][7][gc,age      ] GC(4) - age   4:    2346440 bytes,   12976952 total
[2020-11-10T09:31:05.848+0000][7][gc,phases   ] GC(4)   Pre Evacuate Collection Set: 3.2ms
[2020-11-10T09:31:05.849+0000][7][gc,phases   ] GC(4)   Merge Heap Roots: 0.9ms
[2020-11-10T09:31:05.850+0000][7][gc,phases   ] GC(4)   Evacuate Collection Set: 27.6ms
[2020-11-10T09:31:05.851+0000][7][gc,phases   ] GC(4)   Post Evacuate Collection Set: 7.5ms
[2020-11-10T09:31:05.852+0000][7][gc,phases   ] GC(4)   Other: 12.8ms
[2020-11-10T09:31:05.852+0000][7][gc,heap     ] GC(4) Eden regions: 294->0(293)
[2020-11-10T09:31:05.853+0000][7][gc,heap     ] GC(4) Survivor regions: 13->14(39)
[2020-11-10T09:31:05.854+0000][7][gc,heap     ] GC(4) Old regions: 4->4
[2020-11-10T09:31:05.855+0000][7][gc,heap     ] GC(4) Archive regions: 2->2
[2020-11-10T09:31:05.856+0000][7][gc,heap     ] GC(4) Humongous regions: 1->1
[2020-11-10T09:31:05.857+0000][7][gc,metaspace] GC(4) Metaspace: 19942K(21120K)->19942K(21120K) NonClass: 17537K(18432K)->17537K(18432K) Class: 2405K(2688K)->2405K(2688K)
[2020-11-10T09:31:05.858+0000][7][gc          ] GC(4) Pause Young (Normal) (G1 Evacuation Pause) 312M->18M(512M) 61.770ms
[2020-11-10T09:31:05.859+0000][7][gc,cpu      ] GC(4) User=0.04s Sys=0.01s Real=0.06s
[2020-11-10T09:31:05.860+0000][7][safepoint   ] Safepoint "G1CollectForAllocation", Time since last: 102958300 ns, Reaching safepoint: 2293200 ns, At safepoint: 63724300 ns, Total: 66017500 ns
[2020-11-10T09:31:06.267+0000][7][gc,start    ] GC(5) Pause Young (Concurrent Start) (Metadata GC Threshold)
[2020-11-10T09:31:06.274+0000][7][gc,task     ] GC(5) Using 8 workers of 8 for evacuation
[2020-11-10T09:31:06.275+0000][7][gc,age      ] GC(5) Desired survivor size 20447232 bytes, new threshold 15 (max threshold 15)
[2020-11-10T09:31:06.295+0000][7][gc,age      ] GC(5) Age table with threshold 15 (max threshold 15)
[2020-11-10T09:31:06.296+0000][7][gc,age      ] GC(5) - age   1:    1395432 bytes,    1395432 total
[2020-11-10T09:31:06.298+0000][7][gc,age      ] GC(5) - age   2:     542008 bytes,    1937440 total
[2020-11-10T09:31:06.299+0000][7][gc,age      ] GC(5) - age   3:    2285784 bytes,    4223224 total
[2020-11-10T09:31:06.300+0000][7][gc,age      ] GC(5) - age   4:    6081600 bytes,   10304824 total
[2020-11-10T09:31:06.304+0000][7][gc,age      ] GC(5) - age   5:    2346440 bytes,   12651264 total
[2020-11-10T09:31:06.308+0000][7][gc,phases   ] GC(5)   Pre Evacuate Collection Set: 0.4ms
[2020-11-10T09:31:06.310+0000][7][gc,phases   ] GC(5)   Merge Heap Roots: 0.5ms
[2020-11-10T09:31:06.316+0000][7][gc,phases   ] GC(5)   Evacuate Collection Set: 14.6ms
[2020-11-10T09:31:06.317+0000][7][gc,phases   ] GC(5)   Post Evacuate Collection Set: 2.8ms
[2020-11-10T09:31:06.320+0000][7][gc,phases   ] GC(5)   Other: 22.3ms
[2020-11-10T09:31:06.322+0000][7][gc,heap     ] GC(5) Eden regions: 97->0(293)
[2020-11-10T09:31:06.329+0000][7][gc,heap     ] GC(5) Survivor regions: 14->14(39)
[2020-11-10T09:31:06.336+0000][7][gc,heap     ] GC(5) Old regions: 4->4
[2020-11-10T09:31:06.342+0000][7][gc,heap     ] GC(5) Archive regions: 2->2
[2020-11-10T09:31:06.344+0000][7][gc,heap     ] GC(5) Humongous regions: 1->1
[2020-11-10T09:31:06.345+0000][7][gc,metaspace] GC(5) Metaspace: 20095K(21296K)->20095K(21296K) NonClass: 17660K(18608K)->17660K(18608K) Class: 2435K(2688K)->2435K(2688K)
[2020-11-10T09:31:06.347+0000][7][gc          ] GC(5) Pause Young (Concurrent Start) (Metadata GC Threshold) 115M->18M(512M) 79.855ms
[2020-11-10T09:31:06.349+0000][7][gc,cpu      ] GC(5) User=0.04s Sys=0.01s Real=0.08s
[2020-11-10T09:31:06.350+0000][7][gc          ] GC(6) Concurrent Cycle
[2020-11-10T09:31:06.352+0000][7][gc,marking  ] GC(6) Concurrent Clear Claimed Marks
[2020-11-10T09:31:06.353+0000][7][gc,marking  ] GC(6) Concurrent Clear Claimed Marks 1.760ms
[2020-11-10T09:31:06.354+0000][7][gc,marking  ] GC(6) Concurrent Scan Root Regions
[2020-11-10T09:31:06.354+0000][7][safepoint   ] Safepoint "CollectForMetadataAllocation", Time since last: 406994700 ns, Reaching safepoint: 428600 ns, At safepoint: 86214600 ns, Total: 86643200 ns
[2020-11-10T09:31:06.383+0000][7][gc,marking  ] GC(6) Concurrent Scan Root Regions 28.844ms
[2020-11-10T09:31:06.385+0000][7][gc,marking  ] GC(6) Concurrent Mark (10.469s)
[2020-11-10T09:31:06.388+0000][7][gc,marking  ] GC(6) Concurrent Mark From Roots
[2020-11-10T09:31:06.392+0000][7][gc,task     ] GC(6) Using 2 workers of 2 for marking
[2020-11-10T09:31:06.400+0000][7][gc,marking  ] GC(6) Concurrent Mark From Roots 11.490ms
[2020-11-10T09:31:06.403+0000][7][gc,marking  ] GC(6) Concurrent Preclean
[2020-11-10T09:31:06.406+0000][7][gc,marking  ] GC(6) Concurrent Preclean 3.069ms
[2020-11-10T09:31:06.408+0000][7][gc,marking  ] GC(6) Concurrent Mark (10.469s, 10.492s) 22.988ms
[2020-11-10T09:31:06.414+0000][7][gc,start    ] GC(6) Pause Remark
[2020-11-10T09:31:06.435+0000][7][gc          ] GC(6) Pause Remark 19M->19M(512M) 21.155ms
[2020-11-10T09:31:06.437+0000][7][gc,cpu      ] GC(6) User=0.01s Sys=0.00s Real=0.03s
[2020-11-10T09:31:06.443+0000][7][safepoint   ] Safepoint "G1Concurrent", Time since last: 56438200 ns, Reaching safepoint: 3890200 ns, At safepoint: 29116800 ns, Total: 33007000 ns
[2020-11-10T09:31:06.444+0000][7][gc,marking  ] GC(6) Concurrent Rebuild Remembered Sets
[2020-11-10T09:31:06.452+0000][7][gc,marking  ] GC(6) Concurrent Rebuild Remembered Sets 7.367ms
[2020-11-10T09:31:06.458+0000][7][gc,start    ] GC(6) Pause Cleanup
[2020-11-10T09:31:06.461+0000][7][gc          ] GC(6) Pause Cleanup 19M->19M(512M) 2.784ms
[2020-11-10T09:31:06.462+0000][7][gc,cpu      ] GC(6) User=0.00s Sys=0.00s Real=0.00s
[2020-11-10T09:31:06.463+0000][7][safepoint   ] Safepoint "G1Concurrent", Time since last: 10431800 ns, Reaching safepoint: 4475700 ns, At safepoint: 4991600 ns, Total: 9467300 ns
[2020-11-10T09:31:06.464+0000][7][gc,marking  ] GC(6) Concurrent Cleanup for Next Mark
[2020-11-10T09:31:06.468+0000][7][gc,marking  ] GC(6) Concurrent Cleanup for Next Mark 4.203ms
[2020-11-10T09:31:06.469+0000][7][gc          ] GC(6) Concurrent Cycle 119.110ms
[2020-11-10T09:31:07.094+0000][7][gc,start    ] GC(7) Pause Young (Normal) (G1 Evacuation Pause)
[2020-11-10T09:31:07.096+0000][7][gc,task     ] GC(7) Using 8 workers of 8 for evacuation
[2020-11-10T09:31:07.098+0000][7][gc,age      ] GC(7) Desired survivor size 20447232 bytes, new threshold 15 (max threshold 15)
[2020-11-10T09:31:07.131+0000][7][gc,age      ] GC(7) Age table with threshold 15 (max threshold 15)
[2020-11-10T09:31:07.139+0000][7][gc,age      ] GC(7) - age   1:    3114632 bytes,    3114632 total
[2020-11-10T09:31:07.141+0000][7][gc,age      ] GC(7) - age   2:    1376304 bytes,    4490936 total
[2020-11-10T09:31:07.147+0000][7][gc,age      ] GC(7) - age   3:     540952 bytes,    5031888 total
[2020-11-10T09:31:07.148+0000][7][gc,age      ] GC(7) - age   4:    2284744 bytes,    7316632 total
[2020-11-10T09:31:07.151+0000][7][gc,age      ] GC(7) - age   5:    6081072 bytes,   13397704 total
[2020-11-10T09:31:07.155+0000][7][gc,age      ] GC(7) - age   6:    2345160 bytes,   15742864 total
[2020-11-10T09:31:07.157+0000][7][gc,phases   ] GC(7)   Pre Evacuate Collection Set: 0.3ms
[2020-11-10T09:31:07.160+0000][7][gc,phases   ] GC(7)   Merge Heap Roots: 0.7ms
[2020-11-10T09:31:07.161+0000][7][gc,phases   ] GC(7)   Evacuate Collection Set: 21.1ms
[2020-11-10T09:31:07.162+0000][7][gc,phases   ] GC(7)   Post Evacuate Collection Set: 7.9ms
[2020-11-10T09:31:07.163+0000][7][gc,phases   ] GC(7)   Other: 33.4ms
[2020-11-10T09:31:07.164+0000][7][gc,heap     ] GC(7) Eden regions: 293->0(291)
[2020-11-10T09:31:07.165+0000][7][gc,heap     ] GC(7) Survivor regions: 14->16(39)
[2020-11-10T09:31:07.166+0000][7][gc,heap     ] GC(7) Old regions: 4->4
[2020-11-10T09:31:07.167+0000][7][gc,heap     ] GC(7) Archive regions: 2->2
[2020-11-10T09:31:07.168+0000][7][gc,heap     ] GC(7) Humongous regions: 1->1
[2020-11-10T09:31:07.168+0000][7][gc,metaspace] GC(7) Metaspace: 20464K(21680K)->20464K(21680K) NonClass: 17977K(18864K)->17977K(18864K) Class: 2487K(2816K)->2487K(2816K)
[2020-11-10T09:31:07.169+0000][7][gc          ] GC(7) Pause Young (Normal) (G1 Evacuation Pause) 311M->21M(512M) 75.233ms
[2020-11-10T09:31:07.170+0000][7][gc,cpu      ] GC(7) User=0.04s Sys=0.01s Real=0.08s
[2020-11-10T09:31:07.171+0000][7][safepoint   ] Safepoint "G1CollectForAllocation", Time since last: 630181100 ns, Reaching safepoint: 830100 ns, At safepoint: 77234200 ns, Total: 78064300 ns
[2020-11-10T09:31:09.127+0000][7][safepoint   ] Safepoint "Cleanup", Time since last: 1955226200 ns, Reaching safepoint: 931800 ns, At safepoint: 28300 ns, Total: 960100 ns
[2020-11-10T09:31:10.407+0000][7][safepoint   ] Safepoint "ICBufferFull", Time since last: 1278917700 ns, Reaching safepoint: 749200 ns, At safepoint: 81800 ns, Total: 831000 ns
[2020-11-10T09:31:10.982+0000][7][safepoint   ] Safepoint "ICBufferFull", Time since last: 568381400 ns, Reaching safepoint: 6683800 ns, At safepoint: 75100 ns, Total: 6758900 ns
[2020-11-10T09:31:12.329+0000][7][gc,start    ] GC(8) Pause Young (Normal) (G1 Evacuation Pause)
[2020-11-10T09:31:12.330+0000][7][gc,task     ] GC(8) Using 8 workers of 8 for evacuation
[2020-11-10T09:31:12.330+0000][7][gc,age      ] GC(8) Desired survivor size 20447232 bytes, new threshold 15 (max threshold 15)
[2020-11-10T09:31:12.404+0000][7][gc,age      ] GC(8) Age table with threshold 15 (max threshold 15)
[2020-11-10T09:31:12.405+0000][7][gc,age      ] GC(8) - age   1:   25888176 bytes,   25888176 total
[2020-11-10T09:31:12.405+0000][7][gc,age      ] GC(8) - age   2:     953968 bytes,   26842144 total
[2020-11-10T09:31:12.406+0000][7][gc,age      ] GC(8) - age   3:    1370984 bytes,   28213128 total
[2020-11-10T09:31:12.407+0000][7][gc,age      ] GC(8) - age   4:     525496 bytes,   28738624 total
[2020-11-10T09:31:12.408+0000][7][gc,age      ] GC(8) - age   5:    2269640 bytes,   31008264 total
[2020-11-10T09:31:12.408+0000][7][gc,age      ] GC(8) - age   6:    6010104 bytes,   37018368 total
[2020-11-10T09:31:12.409+0000][7][gc,age      ] GC(8) - age   7:    2316448 bytes,   39334816 total
[2020-11-10T09:31:12.410+0000][7][gc,phases   ] GC(8)   Pre Evacuate Collection Set: 0.2ms
[2020-11-10T09:31:12.410+0000][7][gc,phases   ] GC(8)   Merge Heap Roots: 0.5ms
[2020-11-10T09:31:12.411+0000][7][gc,phases   ] GC(8)   Evacuate Collection Set: 42.0ms
[2020-11-10T09:31:12.412+0000][7][gc,phases   ] GC(8)   Post Evacuate Collection Set: 30.0ms
[2020-11-10T09:31:12.412+0000][7][gc,phases   ] GC(8)   Other: 8.7ms
[2020-11-10T09:31:12.413+0000][7][gc,heap     ] GC(8) Eden regions: 291->0(268)
[2020-11-10T09:31:12.414+0000][7][gc,heap     ] GC(8) Survivor regions: 16->39(39)
[2020-11-10T09:31:12.414+0000][7][gc,heap     ] GC(8) Old regions: 4->4
[2020-11-10T09:31:12.415+0000][7][gc,heap     ] GC(8) Archive regions: 2->2
[2020-11-10T09:31:12.416+0000][7][gc,heap     ] GC(8) Humongous regions: 1->1
[2020-11-10T09:31:12.416+0000][7][gc,metaspace] GC(8) Metaspace: 29963K(32176K)->29963K(32176K) NonClass: 26246K(27824K)->26246K(27824K) Class: 3716K(4352K)->3716K(4352K)
[2020-11-10T09:31:12.417+0000][7][gc          ] GC(8) Pause Young (Normal) (G1 Evacuation Pause) 312M->43M(512M) 88.392ms
[2020-11-10T09:31:12.418+0000][7][gc,cpu      ] GC(8) User=0.18s Sys=0.02s Real=0.09s
[2020-11-10T09:31:12.418+0000][7][safepoint   ] Safepoint "G1CollectForAllocation", Time since last: 1346124400 ns, Reaching safepoint: 253900 ns, At safepoint: 89794000 ns, Total: 90047900 ns
[2020-11-10T09:31:13.428+0000][7][safepoint   ] Safepoint "Cleanup", Time since last: 1003507900 ns, Reaching safepoint: 6081000 ns, At safepoint: 70700 ns, Total: 6151700 ns
[2020-11-10T09:31:13.460+0000][7][gc,start    ] GC(9) Pause Young (Concurrent Start) (Metadata GC Threshold)
[2020-11-10T09:31:13.463+0000][7][gc,task     ] GC(9) Using 8 workers of 8 for evacuation
[2020-11-10T09:31:13.467+0000][7][gc,age      ] GC(9) Desired survivor size 20447232 bytes, new threshold 1 (max threshold 15)
[2020-11-10T09:31:13.522+0000][7][gc,age      ] GC(9) Age table with threshold 1 (max threshold 15)
[2020-11-10T09:31:13.523+0000][7][gc,age      ] GC(9) - age   1:    6146408 bytes,    6146408 total
[2020-11-10T09:31:13.524+0000][7][gc,phases   ] GC(9)   Pre Evacuate Collection Set: 0.3ms
[2020-11-10T09:31:13.525+0000][7][gc,phases   ] GC(9)   Merge Heap Roots: 0.9ms
[2020-11-10T09:31:13.531+0000][7][gc,phases   ] GC(9)   Evacuate Collection Set: 44.6ms
[2020-11-10T09:31:13.532+0000][7][gc,phases   ] GC(9)   Post Evacuate Collection Set: 6.3ms
[2020-11-10T09:31:13.533+0000][7][gc,phases   ] GC(9)   Other: 12.2ms
[2020-11-10T09:31:13.533+0000][7][gc,heap     ] GC(9) Eden regions: 48->0(296)
[2020-11-10T09:31:13.534+0000][7][gc,heap     ] GC(9) Survivor regions: 39->8(39)
[2020-11-10T09:31:13.535+0000][7][gc,heap     ] GC(9) Old regions: 4->42
[2020-11-10T09:31:13.537+0000][7][gc,heap     ] GC(9) Archive regions: 2->2
[2020-11-10T09:31:13.537+0000][7][gc,heap     ] GC(9) Humongous regions: 1->1
[2020-11-10T09:31:13.538+0000][7][gc,metaspace] GC(9) Metaspace: 33386K(35632K)->33386K(35632K) NonClass: 29102K(30640K)->29102K(30640K) Class: 4284K(4992K)->4284K(4992K)
[2020-11-10T09:31:13.539+0000][7][gc          ] GC(9) Pause Young (Concurrent Start) (Metadata GC Threshold) 91M->51M(512M) 79.243ms
[2020-11-10T09:31:13.540+0000][7][gc,cpu      ] GC(9) User=0.12s Sys=0.02s Real=0.08s
[2020-11-10T09:31:13.541+0000][7][safepoint   ] Safepoint "CollectForMetadataAllocation", Time since last: 26839600 ns, Reaching safepoint: 5011700 ns, At safepoint: 81267100 ns, Total: 86278800 ns
[2020-11-10T09:31:13.541+0000][7][gc          ] GC(10) Concurrent Cycle
[2020-11-10T09:31:13.550+0000][7][gc,marking  ] GC(10) Concurrent Clear Claimed Marks
[2020-11-10T09:31:13.551+0000][7][gc,marking  ] GC(10) Concurrent Clear Claimed Marks 0.807ms
[2020-11-10T09:31:13.554+0000][7][gc,marking  ] GC(10) Concurrent Scan Root Regions
[2020-11-10T09:31:13.588+0000][7][gc,marking  ] GC(10) Concurrent Scan Root Regions 34.001ms
[2020-11-10T09:31:13.594+0000][7][gc,marking  ] GC(10) Concurrent Mark (17.678s)
[2020-11-10T09:31:13.595+0000][7][gc,marking  ] GC(10) Concurrent Mark From Roots
[2020-11-10T09:31:13.595+0000][7][gc,task     ] GC(10) Using 2 workers of 2 for marking
[2020-11-10T09:31:13.613+0000][7][safepoint   ] Safepoint "CollectForMetadataAllocation", Time since last: 65721500 ns, Reaching safepoint: 6052700 ns, At safepoint: 251800 ns, Total: 6304500 ns
[2020-11-10T09:31:13.622+0000][7][gc,marking  ] GC(10) Concurrent Mark From Roots 26.962ms
[2020-11-10T09:31:13.623+0000][7][gc,marking  ] GC(10) Concurrent Preclean
[2020-11-10T09:31:13.623+0000][7][gc,marking  ] GC(10) Concurrent Preclean 0.908ms
[2020-11-10T09:31:13.627+0000][7][gc,marking  ] GC(10) Concurrent Mark (17.678s, 17.711s) 33.005ms
[2020-11-10T09:31:13.635+0000][7][gc,start    ] GC(10) Pause Remark
[2020-11-10T09:31:13.648+0000][7][gc          ] GC(10) Pause Remark 53M->53M(512M) 13.428ms
[2020-11-10T09:31:13.650+0000][7][gc,cpu      ] GC(10) User=0.02s Sys=0.00s Real=0.02s
[2020-11-10T09:31:13.651+0000][7][safepoint   ] Safepoint "G1Concurrent", Time since last: 14936300 ns, Reaching safepoint: 6767000 ns, At safepoint: 15895700 ns, Total: 22662700 ns
[2020-11-10T09:31:13.654+0000][7][gc,marking  ] GC(10) Concurrent Rebuild Remembered Sets
[2020-11-10T09:31:13.696+0000][7][gc,marking  ] GC(10) Concurrent Rebuild Remembered Sets 41.699ms
[2020-11-10T09:31:13.697+0000][7][gc,start    ] GC(10) Pause Cleanup
[2020-11-10T09:31:13.700+0000][7][gc          ] GC(10) Pause Cleanup 54M->54M(512M) 2.685ms
[2020-11-10T09:31:13.701+0000][7][gc,cpu      ] GC(10) User=0.00s Sys=0.00s Real=0.00s
[2020-11-10T09:31:13.702+0000][7][safepoint   ] Safepoint "G1Concurrent", Time since last: 46132500 ns, Reaching safepoint: 406400 ns, At safepoint: 4338400 ns, Total: 4744800 ns
[2020-11-10T09:31:13.703+0000][7][gc,marking  ] GC(10) Concurrent Cleanup for Next Mark
[2020-11-10T09:31:13.704+0000][7][gc,marking  ] GC(10) Concurrent Cleanup for Next Mark 1.703ms
[2020-11-10T09:31:13.705+0000][7][gc          ] GC(10) Concurrent Cycle 163.821ms
[2020-11-10T09:31:14.710+0000][7][safepoint   ] Safepoint "Cleanup", Time since last: 1005260600 ns, Reaching safepoint: 3259400 ns, At safepoint: 27500 ns, Total: 3286900 ns
[2020-11-10T09:31:15.983+0000][7][safepoint   ] Safepoint "Cleanup", Time since last: 1272704500 ns, Reaching safepoint: 426500 ns, At safepoint: 33300 ns, Total: 459800 ns
[2020-11-10T09:31:17.768+0000][7][safepoint   ] Safepoint "Cleanup", Time since last: 1784664000 ns, Reaching safepoint: 391900 ns, At safepoint: 25100 ns, Total: 417000 ns
[2020-11-10T09:31:18.964+0000][7][gc,start    ] GC(11) Pause Young (Concurrent Start) (Metadata GC Threshold)
[2020-11-10T09:31:18.968+0000][7][gc,task     ] GC(11) Using 8 workers of 8 for evacuation
[2020-11-10T09:31:18.974+0000][7][gc,age      ] GC(11) Desired survivor size 19922944 bytes, new threshold 15 (max threshold 15)
[2020-11-10T09:31:19.034+0000][7][gc,age      ] GC(11) Age table with threshold 15 (max threshold 15)
[2020-11-10T09:31:19.035+0000][7][gc,age      ] GC(11) - age   1:   11153408 bytes,   11153408 total
[2020-11-10T09:31:19.036+0000][7][gc,age      ] GC(11) - age   2:    6084792 bytes,   17238200 total
[2020-11-10T09:31:19.037+0000][7][gc,phases   ] GC(11)   Pre Evacuate Collection Set: 1.5ms
[2020-11-10T09:31:19.038+0000][7][gc,phases   ] GC(11)   Merge Heap Roots: 1.0ms
[2020-11-10T09:31:19.038+0000][7][gc,phases   ] GC(11)   Evacuate Collection Set: 28.0ms
[2020-11-10T09:31:19.039+0000][7][gc,phases   ] GC(11)   Post Evacuate Collection Set: 25.9ms
[2020-11-10T09:31:19.040+0000][7][gc,phases   ] GC(11)   Other: 16.3ms
[2020-11-10T09:31:19.041+0000][7][gc,heap     ] GC(11) Eden regions: 253->0(284)
[2020-11-10T09:31:19.041+0000][7][gc,heap     ] GC(11) Survivor regions: 8->18(38)
[2020-11-10T09:31:19.042+0000][7][gc,heap     ] GC(11) Old regions: 42->42
[2020-11-10T09:31:19.043+0000][7][gc,heap     ] GC(11) Archive regions: 2->2
[2020-11-10T09:31:19.044+0000][7][gc,heap     ] GC(11) Humongous regions: 1->1
[2020-11-10T09:31:19.044+0000][7][gc,metaspace] GC(11) Metaspace: 57179K(60488K)->57179K(60488K) NonClass: 49601K(52040K)->49601K(52040K) Class: 7577K(8448K)->7577K(8448K)
[2020-11-10T09:31:19.045+0000][7][gc          ] GC(11) Pause Young (Concurrent Start) (Metadata GC Threshold) 304M->60M(512M) 80.720ms
[2020-11-10T09:31:19.046+0000][7][gc,cpu      ] GC(11) User=0.08s Sys=0.01s Real=0.09s
[2020-11-10T09:31:19.047+0000][7][gc          ] GC(12) Concurrent Cycle
[2020-11-10T09:31:19.048+0000][7][safepoint   ] Safepoint "CollectForMetadataAllocation", Time since last: 1191594900 ns, Reaching safepoint: 4244900 ns, At safepoint: 83257100 ns, Total: 87502000 ns
[2020-11-10T09:31:19.048+0000][7][gc,marking  ] GC(12) Concurrent Clear Claimed Marks
[2020-11-10T09:31:19.057+0000][7][gc,marking  ] GC(12) Concurrent Clear Claimed Marks 9.139ms
[2020-11-10T09:31:19.058+0000][7][gc,marking  ] GC(12) Concurrent Scan Root Regions
[2020-11-10T09:31:19.081+0000][7][gc,marking  ] GC(12) Concurrent Scan Root Regions 23.318ms
[2020-11-10T09:31:19.086+0000][7][gc,marking  ] GC(12) Concurrent Mark (23.171s)
[2020-11-10T09:31:19.091+0000][7][gc,marking  ] GC(12) Concurrent Mark From Roots
[2020-11-10T09:31:19.092+0000][7][gc,task     ] GC(12) Using 2 workers of 2 for marking
[2020-11-10T09:31:19.209+0000][7][gc,marking  ] GC(12) Concurrent Mark From Roots 117.991ms
[2020-11-10T09:31:19.213+0000][7][gc,marking  ] GC(12) Concurrent Preclean
[2020-11-10T09:31:19.217+0000][7][gc,marking  ] GC(12) Concurrent Preclean 4.443ms
[2020-11-10T09:31:19.218+0000][7][gc,marking  ] GC(12) Concurrent Mark (23.171s, 23.302s) 131.701ms
[2020-11-10T09:31:19.226+0000][7][gc,start    ] GC(12) Pause Remark
[2020-11-10T09:31:19.250+0000][7][gc          ] GC(12) Pause Remark 63M->63M(512M) 23.903ms
[2020-11-10T09:31:19.251+0000][7][gc,cpu      ] GC(12) User=0.03s Sys=0.00s Real=0.02s
[2020-11-10T09:31:19.252+0000][7][safepoint   ] Safepoint "G1Concurrent", Time since last: 174369800 ns, Reaching safepoint: 4096200 ns, At safepoint: 25949900 ns, Total: 30046100 ns
[2020-11-10T09:31:19.256+0000][7][gc,marking  ] GC(12) Concurrent Rebuild Remembered Sets
[2020-11-10T09:31:19.321+0000][7][gc,marking  ] GC(12) Concurrent Rebuild Remembered Sets 64.951ms
[2020-11-10T09:31:19.326+0000][7][gc,start    ] GC(12) Pause Cleanup
[2020-11-10T09:31:19.330+0000][7][gc          ] GC(12) Pause Cleanup 66M->66M(512M) 4.183ms
[2020-11-10T09:31:19.335+0000][7][gc,cpu      ] GC(12) User=0.00s Sys=0.00s Real=0.00s
[2020-11-10T09:31:19.336+0000][7][safepoint   ] Safepoint "G1Concurrent", Time since last: 72968100 ns, Reaching safepoint: 964800 ns, At safepoint: 9826900 ns, Total: 10791700 ns
[2020-11-10T09:31:19.340+0000][7][gc,marking  ] GC(12) Concurrent Cleanup for Next Mark
[2020-11-10T09:31:19.345+0000][7][gc,marking  ] GC(12) Concurrent Cleanup for Next Mark 5.031ms
[2020-11-10T09:31:19.346+0000][7][gc          ] GC(12) Concurrent Cycle 298.750ms
[2020-11-10T09:31:20.350+0000][7][safepoint   ] Safepoint "Cleanup", Time since last: 1004241500 ns, Reaching safepoint: 9660600 ns, At safepoint: 68300 ns, Total: 9728900 ns
[2020-11-10T09:31:21.926+0000][7][safepoint   ] Safepoint "Cleanup", Time since last: 1575726800 ns, Reaching safepoint: 471700 ns, At safepoint: 11900 ns, Total: 483600 ns
[2020-11-10T09:31:22.930+0000][7][safepoint   ] Safepoint "Cleanup", Time since last: 1003722600 ns, Reaching safepoint: 481100 ns, At safepoint: 27900 ns, Total: 509000 ns
[2020-11-10T09:31:23.932+0000][7][safepoint   ] Safepoint "Cleanup", Time since last: 1000943100 ns, Reaching safepoint: 403100 ns, At safepoint: 83300 ns, Total: 486400 ns
[2020-11-10T09:31:24.595+0000][7][safepoint   ] Safepoint "ICBufferFull", Time since last: 659511600 ns, Reaching safepoint: 3482200 ns, At safepoint: 77600 ns, Total: 3559800 ns
[2020-11-10T09:31:25.304+0000][7][safepoint   ] Safepoint "ICBufferFull", Time since last: 706523700 ns, Reaching safepoint: 2793300 ns, At safepoint: 62700 ns, Total: 2856000 ns
[2020-11-10T09:31:26.115+0000][7][safepoint   ] Safepoint "ICBufferFull", Time since last: 807879900 ns, Reaching safepoint: 3007300 ns, At safepoint: 59900 ns, Total: 3067200 ns
[2020-11-10T09:31:27.120+0000][7][safepoint   ] Safepoint "Cleanup", Time since last: 1004985200 ns, Reaching safepoint: 359200 ns, At safepoint: 110200 ns, Total: 469400 ns
[2020-11-10T09:31:27.574+0000][7][gc,start    ] GC(13) Pause Young (Normal) (G1 Evacuation Pause)
[2020-11-10T09:31:27.577+0000][7][gc,task     ] GC(13) Using 8 workers of 8 for evacuation
[2020-11-10T09:31:27.578+0000][7][gc,age      ] GC(13) Desired survivor size 19922944 bytes, new threshold 15 (max threshold 15)
[2020-11-10T09:31:27.660+0000][7][gc,age      ] GC(13) Age table with threshold 15 (max threshold 15)
[2020-11-10T09:31:27.661+0000][7][gc,age      ] GC(13) - age   1:   12369816 bytes,   12369816 total
[2020-11-10T09:31:27.662+0000][7][gc,age      ] GC(13) - age   2:   10655488 bytes,   23025304 total
[2020-11-10T09:31:27.662+0000][7][gc,age      ] GC(13) - age   3:    6078024 bytes,   29103328 total
[2020-11-10T09:31:27.663+0000][7][gc,phases   ] GC(13)   Pre Evacuate Collection Set: 0.5ms
[2020-11-10T09:31:27.664+0000][7][gc,phases   ] GC(13)   Merge Heap Roots: 0.6ms
[2020-11-10T09:31:27.665+0000][7][gc,phases   ] GC(13)   Evacuate Collection Set: 71.6ms
[2020-11-10T09:31:27.666+0000][7][gc,phases   ] GC(13)   Post Evacuate Collection Set: 8.4ms
[2020-11-10T09:31:27.667+0000][7][gc,phases   ] GC(13)   Other: 8.1ms
[2020-11-10T09:31:27.669+0000][7][gc,heap     ] GC(13) Eden regions: 284->0(266)
[2020-11-10T09:31:27.673+0000][7][gc,heap     ] GC(13) Survivor regions: 18->30(38)
[2020-11-10T09:31:27.675+0000][7][gc,heap     ] GC(13) Old regions: 42->42
[2020-11-10T09:31:27.677+0000][7][gc,heap     ] GC(13) Archive regions: 2->2
[2020-11-10T09:31:27.678+0000][7][gc,heap     ] GC(13) Humongous regions: 7->7
[2020-11-10T09:31:27.679+0000][7][gc,metaspace] GC(13) Metaspace: 87068K(91420K)->87068K(91420K) NonClass: 75343K(78620K)->75343K(78620K) Class: 11725K(12800K)->11725K(12800K)
[2020-11-10T09:31:27.680+0000][7][gc          ] GC(13) Pause Young (Normal) (G1 Evacuation Pause) 350M->78M(512M) 105.955ms
[2020-11-10T09:31:27.684+0000][7][gc,cpu      ] GC(13) User=0.13s Sys=0.02s Real=0.11s
[2020-11-10T09:31:27.688+0000][7][safepoint   ] Safepoint "G1CollectForAllocation", Time since last: 449498200 ns, Reaching safepoint: 4241200 ns, At safepoint: 113882200 ns, Total: 118123400 ns
[2020-11-10T09:31:28.702+0000][7][safepoint   ] Safepoint "Cleanup", Time since last: 1009852500 ns, Reaching safepoint: 4007000 ns, At safepoint: 65800 ns, Total: 4072800 ns
[2020-11-10T09:31:29.712+0000][7][safepoint   ] Safepoint "Cleanup", Time since last: 1009223200 ns, Reaching safepoint: 525600 ns, At safepoint: 176800 ns, Total: 702400 ns
[2020-11-10T09:31:30.715+0000][7][safepoint   ] Safepoint "Cleanup", Time since last: 1003357000 ns, Reaching safepoint: 189200 ns, At safepoint: 26000 ns, Total: 215200 ns
[2020-11-10T09:31:34.718+0000][7][safepoint   ] Safepoint "Cleanup", Time since last: 4001904700 ns, Reaching safepoint: 285400 ns, At safepoint: 12700 ns, Total: 298100 ns
[2020-11-10T09:31:35.685+0000][7][safepoint   ] Safepoint "Cleanup", Time since last: 1000901000 ns, Reaching safepoint: 353700 ns, At safepoint: 22200 ns, Total: 375900 ns
[2020-11-10T09:31:36.686+0000][7][safepoint   ] Safepoint "Cleanup", Time since last: 1001067600 ns, Reaching safepoint: 307100 ns, At safepoint: 22400 ns, Total: 329500 ns
[2020-11-10T09:31:40.688+0000][7][safepoint   ] Safepoint "Cleanup", Time since last: 4002101300 ns, Reaching safepoint: 196600 ns, At safepoint: 12900 ns, Total: 209500 ns
[2020-11-10T09:31:41.796+0000][7][safepoint   ] Safepoint "Cleanup", Time since last: 1106953800 ns, Reaching safepoint: 194400 ns, At safepoint: 52200 ns, Total: 246600 ns
[2020-11-10T09:31:42.920+0000][7][safepoint   ] Safepoint "Cleanup", Time since last: 1123901300 ns, Reaching safepoint: 367300 ns, At safepoint: 9700 ns, Total: 377000 ns
[2020-11-10T09:31:46.922+0000][7][safepoint   ] Safepoint "Cleanup", Time since last: 4001517100 ns, Reaching safepoint: 343200 ns, At safepoint: 21500 ns, Total: 364700 ns
[2020-11-10T09:31:47.923+0000][7][safepoint   ] Safepoint "Cleanup", Time since last: 1001084600 ns, Reaching safepoint: 290300 ns, At safepoint: 29000 ns, Total: 319300 ns
[2020-11-10T09:31:49.925+0000][7][safepoint   ] Safepoint "Cleanup", Time since last: 2001211300 ns, Reaching safepoint: 379000 ns, At safepoint: 24900 ns, Total: 403900 ns
[2020-11-10T09:31:50.927+0000][7][safepoint   ] Safepoint "Cleanup", Time since last: 1001081300 ns, Reaching safepoint: 1182000 ns, At safepoint: 30800 ns, Total: 1212800 ns
[2020-11-10T09:31:51.928+0000][7][safepoint   ] Safepoint "Cleanup", Time since last: 1001055200 ns, Reaching safepoint: 273800 ns, At safepoint: 18600 ns, Total: 292400 ns
[2020-11-10T09:31:56.032+0000][7][safepoint   ] Safepoint "Cleanup", Time since last: 4103204600 ns, Reaching safepoint: 166700 ns, At safepoint: 20000 ns, Total: 186700 ns
[2020-11-10T09:31:57.033+0000][7][safepoint   ] Safepoint "Cleanup", Time since last: 1001194100 ns, Reaching safepoint: 224500 ns, At safepoint: 22600 ns, Total: 247100 ns
[2020-11-10T09:31:58.035+0000][7][safepoint   ] Safepoint "Cleanup", Time since last: 1000950000 ns, Reaching safepoint: 314100 ns, At safepoint: 90000 ns, Total: 404100 ns
[2020-11-10T09:31:59.035+0000][7][safepoint   ] Safepoint "Cleanup", Time since last: 1000186600 ns, Reaching safepoint: 191300 ns, At safepoint: 19100 ns, Total: 210400 ns
[2020-11-10T09:32:00.036+0000][7][safepoint   ] Safepoint "Cleanup", Time since last: 1001000200 ns, Reaching safepoint: 356200 ns, At safepoint: 25500 ns, Total: 381700 ns
[2020-11-10T09:32:02.038+0000][7][safepoint   ] Safepoint "Cleanup", Time since last: 2001277700 ns, Reaching safepoint: 203900 ns, At safepoint: 22100 ns, Total: 226000 ns
[2020-11-10T09:32:03.038+0000][7][safepoint   ] Safepoint "Cleanup", Time since last: 1000217900 ns, Reaching safepoint: 234000 ns, At safepoint: 7700 ns, Total: 241700 ns
[2020-11-10T09:32:04.041+0000][7][safepoint   ] Safepoint "Cleanup", Time since last: 1002560600 ns, Reaching safepoint: 474900 ns, At safepoint: 88600 ns, Total: 563500 ns
[2020-11-10T09:32:05.011+0000][7][safepoint   ] Safepoint "Cleanup", Time since last: 1003493800 ns, Reaching safepoint: 216900 ns, At safepoint: 24900 ns, Total: 241800 ns
[2020-11-10T09:32:06.013+0000][7][safepoint   ] Safepoint "Cleanup", Time since last: 1000933300 ns, Reaching safepoint: 303800 ns, At safepoint: 56400 ns, Total: 360200 ns
[2020-11-10T09:32:06.245+0000][7][gc,start    ] GC(14) Pause Young (Normal) (G1 Evacuation Pause)
[2020-11-10T09:32:06.246+0000][7][gc,task     ] GC(14) Using 8 workers of 8 for evacuation
[2020-11-10T09:32:06.247+0000][7][gc,age      ] GC(14) Desired survivor size 19398656 bytes, new threshold 2 (max threshold 15)
[2020-11-10T09:32:06.275+0000][7][gc,age      ] GC(14) Age table with threshold 2 (max threshold 15)
[2020-11-10T09:32:06.276+0000][7][gc,age      ] GC(14) - age   1:    8963472 bytes,    8963472 total
[2020-11-10T09:32:06.277+0000][7][gc,age      ] GC(14) - age   2:   11735112 bytes,   20698584 total
[2020-11-10T09:32:06.278+0000][7][gc,phases   ] GC(14)   Pre Evacuate Collection Set: 0.3ms
[2020-11-10T09:32:06.279+0000][7][gc,phases   ] GC(14)   Merge Heap Roots: 0.3ms
[2020-11-10T09:32:06.280+0000][7][gc,phases   ] GC(14)   Evacuate Collection Set: 23.7ms
[2020-11-10T09:32:06.280+0000][7][gc,phases   ] GC(14)   Post Evacuate Collection Set: 3.1ms
[2020-11-10T09:32:06.281+0000][7][gc,phases   ] GC(14)   Other: 5.3ms
[2020-11-10T09:32:06.282+0000][7][gc,heap     ] GC(14) Eden regions: 266->0(260)
[2020-11-10T09:32:06.283+0000][7][gc,heap     ] GC(14) Survivor regions: 30->22(37)
[2020-11-10T09:32:06.283+0000][7][gc,heap     ] GC(14) Old regions: 42->58
[2020-11-10T09:32:06.284+0000][7][gc,heap     ] GC(14) Archive regions: 2->2
[2020-11-10T09:32:06.284+0000][7][gc,heap     ] GC(14) Humongous regions: 17->7
[2020-11-10T09:32:06.285+0000][7][gc,metaspace] GC(14) Metaspace: 94590K(98844K)->94590K(98844K) NonClass: 81873K(85020K)->81873K(85020K) Class: 12716K(13824K)->12716K(13824K)
[2020-11-10T09:32:06.286+0000][7][gc          ] GC(14) Pause Young (Normal) (G1 Evacuation Pause) 354M->86M(512M) 40.323ms
[2020-11-10T09:32:06.286+0000][7][gc,cpu      ] GC(14) User=0.15s Sys=0.02s Real=0.04s
[2020-11-10T09:32:06.287+0000][7][safepoint   ] Safepoint "G1CollectForAllocation", Time since last: 232239200 ns, Reaching safepoint: 233400 ns, At safepoint: 41706300 ns, Total: 41939700 ns
[2020-11-10T09:32:07.287+0000][7][safepoint   ] Safepoint "Cleanup", Time since last: 1000242500 ns, Reaching safepoint: 205400 ns, At safepoint: 7600 ns, Total: 213000 ns
[2020-11-10T09:32:08.288+0000][7][safepoint   ] Safepoint "Cleanup", Time since last: 1000941400 ns, Reaching safepoint: 237600 ns, At safepoint: 20400 ns, Total: 258000 ns
[2020-11-10T09:32:09.290+0000][7][safepoint   ] Safepoint "Cleanup", Time since last: 1000837100 ns, Reaching safepoint: 299700 ns, At safepoint: 47400 ns, Total: 347100 ns
[2020-11-10T09:32:10.291+0000][7][safepoint   ] Safepoint "Cleanup", Time since last: 1000804600 ns, Reaching safepoint: 328800 ns, At safepoint: 24600 ns, Total: 353400 ns
[2020-11-10T09:32:12.292+0000][7][safepoint   ] Safepoint "Cleanup", Time since last: 2000788800 ns, Reaching safepoint: 321800 ns, At safepoint: 37300 ns, Total: 359100 ns
[2020-11-10T09:32:13.293+0000][7][safepoint   ] Safepoint "Cleanup", Time since last: 1001097300 ns, Reaching safepoint: 288700 ns, At safepoint: 30700 ns, Total: 319400 ns
[2020-11-10T09:32:14.294+0000][7][safepoint   ] Safepoint "Cleanup", Time since last: 1000224300 ns, Reaching safepoint: 391400 ns, At safepoint: 46300 ns, Total: 437700 ns
[2020-11-10T09:32:15.296+0000][7][safepoint   ] Safepoint "Cleanup", Time since last: 1001278600 ns, Reaching safepoint: 443800 ns, At safepoint: 28900 ns, Total: 472700 ns
[2020-11-10T09:32:16.297+0000][7][safepoint   ] Safepoint "Cleanup", Time since last: 1001166600 ns, Reaching safepoint: 201800 ns, At safepoint: 24300 ns, Total: 226100 ns
[2020-11-10T09:32:18.299+0000][7][safepoint   ] Safepoint "Cleanup", Time since last: 2001229200 ns, Reaching safepoint: 341400 ns, At safepoint: 11100 ns, Total: 352500 ns
[2020-11-10T09:32:19.299+0000][7][safepoint   ] Safepoint "Cleanup", Time since last: 1000178000 ns, Reaching safepoint: 245000 ns, At safepoint: 13700 ns, Total: 258700 ns
[2020-11-10T09:32:20.300+0000][7][safepoint   ] Safepoint "Cleanup", Time since last: 1000994200 ns, Reaching safepoint: 183400 ns, At safepoint: 19500 ns, Total: 202900 ns
[2020-11-10T09:32:21.302+0000][7][safepoint   ] Safepoint "Cleanup", Time since last: 1000930600 ns, Reaching safepoint: 220400 ns, At safepoint: 47400 ns, Total: 267800 ns
[2020-11-10T09:32:23.303+0000][7][safepoint   ] Safepoint "Cleanup", Time since last: 2000959800 ns, Reaching safepoint: 272000 ns, At safepoint: 24800 ns, Total: 296800 ns
[2020-11-10T09:32:24.304+0000][7][safepoint   ] Safepoint "Cleanup", Time since last: 1000705700 ns, Reaching safepoint: 323400 ns, At safepoint: 26500 ns, Total: 349900 ns
[2020-11-10T09:32:25.306+0000][7][safepoint   ] Safepoint "Cleanup", Time since last: 1000953900 ns, Reaching safepoint: 577400 ns, At safepoint: 92600 ns, Total: 670000 ns
[2020-11-10T09:32:27.308+0000][7][safepoint   ] Safepoint "Cleanup", Time since last: 2001705400 ns, Reaching safepoint: 282900 ns, At safepoint: 48500 ns, Total: 331400 ns
[2020-11-10T09:32:28.309+0000][7][safepoint   ] Safepoint "Cleanup", Time since last: 1000941400 ns, Reaching safepoint: 297200 ns, At safepoint: 22100 ns, Total: 319300 ns
[2020-11-10T09:32:29.309+0000][7][safepoint   ] Safepoint "Cleanup", Time since last: 1000226400 ns, Reaching safepoint: 223600 ns, At safepoint: 6600 ns, Total: 230200 ns
[2020-11-10T09:32:30.311+0000][7][safepoint   ] Safepoint "Cleanup", Time since last: 1000938000 ns, Reaching safepoint: 353400 ns, At safepoint: 116600 ns, Total: 470000 ns
[2020-11-10T09:32:32.312+0000][7][safepoint   ] Safepoint "Cleanup", Time since last: 2001014900 ns, Reaching safepoint: 413600 ns, At safepoint: 42600 ns, Total: 456200 ns
[2020-11-10T09:32:33.313+0000][7][safepoint   ] Safepoint "Cleanup", Time since last: 1000827000 ns, Reaching safepoint: 259400 ns, At safepoint: 20300 ns, Total: 279700 ns
[2020-11-10T09:32:34.314+0000][7][safepoint   ] Safepoint "Cleanup", Time since last: 1000719000 ns, Reaching safepoint: 252000 ns, At safepoint: 26100 ns, Total: 278100 ns
[2020-11-10T09:32:35.281+0000][7][safepoint   ] Safepoint "Cleanup", Time since last: 1000750800 ns, Reaching safepoint: 238900 ns, At safepoint: 7800 ns, Total: 246700 ns
[2020-11-10T09:32:36.282+0000][7][safepoint   ] Safepoint "Cleanup", Time since last: 1000893300 ns, Reaching safepoint: 154100 ns, At safepoint: 4500 ns, Total: 158600 ns
[2020-11-10T09:32:38.283+0000][7][safepoint   ] Safepoint "Cleanup", Time since last: 2000886000 ns, Reaching safepoint: 314400 ns, At safepoint: 55200 ns, Total: 369600 ns
[2020-11-10T09:32:39.284+0000][7][safepoint   ] Safepoint "Cleanup", Time since last: 1000961300 ns, Reaching safepoint: 420000 ns, At safepoint: 21600 ns, Total: 441600 ns
[2020-11-10T09:32:40.286+0000][7][safepoint   ] Safepoint "Cleanup", Time since last: 1001000000 ns, Reaching safepoint: 237000 ns, At safepoint: 29000 ns, Total: 266000 ns
[2020-11-10T09:32:42.287+0000][7][safepoint   ] Safepoint "Cleanup", Time since last: 2000817000 ns, Reaching safepoint: 170000 ns, At safepoint: 6500 ns, Total: 176500 ns
[2020-11-10T09:32:43.288+0000][7][safepoint   ] Safepoint "Cleanup", Time since last: 1000825200 ns, Reaching safepoint: 221100 ns, At safepoint: 29300 ns, Total: 250400 ns
[2020-11-10T09:32:44.289+0000][7][safepoint   ] Safepoint "Cleanup", Time since last: 1000701300 ns, Reaching safepoint: 216300 ns, At safepoint: 21100 ns, Total: 237400 ns
[2020-11-10T09:32:45.290+0000][7][safepoint   ] Safepoint "Cleanup", Time since last: 1000750200 ns, Reaching safepoint: 201000 ns, At safepoint: 27000 ns, Total: 228000 ns
[2020-11-10T09:32:48.291+0000][7][safepoint   ] Safepoint "Cleanup", Time since last: 3000929700 ns, Reaching safepoint: 264400 ns, At safepoint: 26100 ns, Total: 290500 ns
[2020-11-10T09:32:51.292+0000][7][safepoint   ] Safepoint "Cleanup", Time since last: 3000961800 ns, Reaching safepoint: 211700 ns, At safepoint: 9100 ns, Total: 220800 ns
[2020-11-10T09:32:53.293+0000][7][safepoint   ] Safepoint "Cleanup", Time since last: 2000970800 ns, Reaching safepoint: 289900 ns, At safepoint: 29400 ns, Total: 319300 ns
[2020-11-10T09:32:54.295+0000][7][safepoint   ] Safepoint "Cleanup", Time since last: 1001140600 ns, Reaching safepoint: 235000 ns, At safepoint: 21500 ns, Total: 256500 ns
[2020-11-10T09:32:55.296+0000][7][safepoint   ] Safepoint "Cleanup", Time since last: 1000878900 ns, Reaching safepoint: 276600 ns, At safepoint: 26600 ns, Total: 303200 ns
[2020-11-10T09:32:57.298+0000][7][safepoint   ] Safepoint "Cleanup", Time since last: 2001466100 ns, Reaching safepoint: 473200 ns, At safepoint: 10900 ns, Total: 484100 ns
[2020-11-10T09:32:58.300+0000][7][safepoint   ] Safepoint "Cleanup", Time since last: 1001437200 ns, Reaching safepoint: 266800 ns, At safepoint: 27000 ns, Total: 293800 ns
[2020-11-10T09:33:00.301+0000][7][safepoint   ] Safepoint "Cleanup", Time since last: 2000915000 ns, Reaching safepoint: 238700 ns, At safepoint: 13900 ns, Total: 252600 ns
[2020-11-10T09:33:03.302+0000][7][safepoint   ] Safepoint "Cleanup", Time since last: 3001076200 ns, Reaching safepoint: 284500 ns, At safepoint: 57600 ns, Total: 342100 ns
[2020-11-10T09:33:04.303+0000][7][safepoint   ] Safepoint "Cleanup", Time since last: 1000731800 ns, Reaching safepoint: 370700 ns, At safepoint: 7300 ns, Total: 378000 ns
[2020-11-10T09:33:05.271+0000][7][safepoint   ] Safepoint "Cleanup", Time since last: 1001014800 ns, Reaching safepoint: 291200 ns, At safepoint: 26000 ns, Total: 317200 ns
[2020-11-10T09:33:06.272+0000][7][safepoint   ] Safepoint "Cleanup", Time since last: 1000782300 ns, Reaching safepoint: 262100 ns, At safepoint: 48700 ns, Total: 310800 ns
[2020-11-10T09:33:07.273+0000][7][safepoint   ] Safepoint "Cleanup", Time since last: 1000963300 ns, Reaching safepoint: 191500 ns, At safepoint: 27700 ns, Total: 219200 ns
[2020-11-10T09:33:09.273+0000][7][safepoint   ] Safepoint "Cleanup", Time since last: 2000388600 ns, Reaching safepoint: 266700 ns, At safepoint: 11800 ns, Total: 278500 ns
[2020-11-10T09:33:10.275+0000][7][safepoint   ] Safepoint "Cleanup", Time since last: 1000920400 ns, Reaching safepoint: 171500 ns, At safepoint: 28000 ns, Total: 199500 ns
[2020-11-10T09:33:12.276+0000][7][safepoint   ] Safepoint "Cleanup", Time since last: 2000940000 ns, Reaching safepoint: 264600 ns, At safepoint: 30600 ns, Total: 295200 ns
[2020-11-10T09:33:13.277+0000][7][safepoint   ] Safepoint "Cleanup", Time since last: 1000918100 ns, Reaching safepoint: 228200 ns, At safepoint: 90700 ns, Total: 318900 ns
[2020-11-10T09:33:14.278+0000][7][safepoint   ] Safepoint "Cleanup", Time since last: 1000773000 ns, Reaching safepoint: 324800 ns, At safepoint: 26500 ns, Total: 351300 ns
[2020-11-10T09:33:15.279+0000][7][safepoint   ] Safepoint "Cleanup", Time since last: 1000759000 ns, Reaching safepoint: 358900 ns, At safepoint: 28600 ns, Total: 387500 ns
[2020-11-10T09:33:16.281+0000][7][safepoint   ] Safepoint "Cleanup", Time since last: 1000854200 ns, Reaching safepoint: 271300 ns, At safepoint: 86100 ns, Total: 357400 ns
[2020-11-10T09:33:18.282+0000][7][safepoint   ] Safepoint "Cleanup", Time since last: 2001111200 ns, Reaching safepoint: 240700 ns, At safepoint: 60800 ns, Total: 301500 ns
[2020-11-10T09:33:20.283+0000][7][safepoint   ] Safepoint "Cleanup", Time since last: 2001038400 ns, Reaching safepoint: 292900 ns, At safepoint: 29200 ns, Total: 322100 ns
[2020-11-10T09:33:21.284+0000][7][safepoint   ] Safepoint "Cleanup", Time since last: 1000846900 ns, Reaching safepoint: 187200 ns, At safepoint: 5900 ns, Total: 193100 ns
[2020-11-10T09:33:24.286+0000][7][safepoint   ] Safepoint "Cleanup", Time since last: 3000967600 ns, Reaching safepoint: 242600 ns, At safepoint: 18700 ns, Total: 261300 ns
[2020-11-10T09:33:25.287+0000][7][safepoint   ] Safepoint "Cleanup", Time since last: 1000822600 ns, Reaching safepoint: 253700 ns, At safepoint: 14500 ns, Total: 268200 ns
[2020-11-10T09:33:26.288+0000][7][safepoint   ] Safepoint "Cleanup", Time since last: 1000956700 ns, Reaching safepoint: 257700 ns, At safepoint: 13400 ns, Total: 271100 ns
[2020-11-10T09:33:27.289+0000][7][safepoint   ] Safepoint "Cleanup", Time since last: 1000757400 ns, Reaching safepoint: 258400 ns, At safepoint: 32500 ns, Total: 290900 ns
[2020-11-10T09:33:28.290+0000][7][safepoint   ] Safepoint "Cleanup", Time since last: 1000831900 ns, Reaching safepoint: 420000 ns, At safepoint: 68000 ns, Total: 488000 ns
[2020-11-10T09:33:29.291+0000][7][safepoint   ] Safepoint "Cleanup", Time since last: 1000193500 ns, Reaching safepoint: 236100 ns, At safepoint: 13400 ns, Total: 249500 ns
[2020-11-10T09:33:30.579+0000][7][safepoint   ] Safepoint "Cleanup", Time since last: 1287727900 ns, Reaching safepoint: 306800 ns, At safepoint: 13800 ns, Total: 320600 ns
[2020-11-10T09:33:33.580+0000][7][safepoint   ] Safepoint "Cleanup", Time since last: 3001107100 ns, Reaching safepoint: 357200 ns, At safepoint: 15400 ns, Total: 372600 ns
[2020-11-10T09:33:34.581+0000][7][safepoint   ] Safepoint "Cleanup", Time since last: 1000836800 ns, Reaching safepoint: 368800 ns, At safepoint: 39000 ns, Total: 407800 ns
[2020-11-10T09:33:36.549+0000][7][safepoint   ] Safepoint "Cleanup", Time since last: 2001286400 ns, Reaching safepoint: 374600 ns, At safepoint: 27000 ns, Total: 401600 ns
[2020-11-10T09:33:39.550+0000][7][safepoint   ] Safepoint "Cleanup", Time since last: 3001139600 ns, Reaching safepoint: 374200 ns, At safepoint: 57600 ns, Total: 431800 ns
[2020-11-10T09:33:42.079+0000][7][safepoint   ] Safepoint "Cleanup", Time since last: 2528924900 ns, Reaching safepoint: 267000 ns, At safepoint: 38500 ns, Total: 305500 ns
[2020-11-10T09:33:43.081+0000][7][safepoint   ] Safepoint "Cleanup", Time since last: 1001293700 ns, Reaching safepoint: 339000 ns, At safepoint: 38000 ns, Total: 377000 ns
[2020-11-10T09:33:44.083+0000][7][safepoint   ] Safepoint "Cleanup", Time since last: 1001274400 ns, Reaching safepoint: 357600 ns, At safepoint: 31500 ns, Total: 389100 ns
[2020-11-10T09:33:45.084+0000][7][safepoint   ] Safepoint "Cleanup", Time since last: 1001013300 ns, Reaching safepoint: 227400 ns, At safepoint: 25900 ns, Total: 253300 ns
[2020-11-10T09:33:48.085+0000][7][safepoint   ] Safepoint "Cleanup", Time since last: 3001103800 ns, Reaching safepoint: 326200 ns, At safepoint: 97900 ns, Total: 424100 ns
[2020-11-10T09:33:50.087+0000][7][safepoint   ] Safepoint "Cleanup", Time since last: 2000958500 ns, Reaching safepoint: 186900 ns, At safepoint: 7200 ns, Total: 194100 ns
[2020-11-10T09:33:51.088+0000][7][safepoint   ] Safepoint "Cleanup", Time since last: 1000829900 ns, Reaching safepoint: 263800 ns, At safepoint: 26000 ns, Total: 289800 ns
[2020-11-10T09:33:52.089+0000][7][safepoint   ] Safepoint "Cleanup", Time since last: 1000890500 ns, Reaching safepoint: 302000 ns, At safepoint: 30400 ns, Total: 332400 ns
[2020-11-10T09:33:54.090+0000][7][safepoint   ] Safepoint "Cleanup", Time since last: 2000969500 ns, Reaching safepoint: 287900 ns, At safepoint: 27700 ns, Total: 315600 ns
[2020-11-10T09:33:55.091+0000][7][safepoint   ] Safepoint "Cleanup", Time since last: 1000828500 ns, Reaching safepoint: 374200 ns, At safepoint: 28500 ns, Total: 402700 ns
[2020-11-10T09:33:56.093+0000][7][safepoint   ] Safepoint "Cleanup", Time since last: 1000831700 ns, Reaching safepoint: 291800 ns, At safepoint: 26500 ns, Total: 318300 ns
[2020-11-10T09:33:57.229+0000][7][safepoint   ] Safepoint "Cleanup", Time since last: 1136374500 ns, Reaching safepoint: 318600 ns, At safepoint: 100100 ns, Total: 418700 ns
[2020-11-10T09:33:58.230+0000][7][safepoint   ] Safepoint "Cleanup", Time since last: 1000759300 ns, Reaching safepoint: 310100 ns, At safepoint: 23800 ns, Total: 333900 ns
[2020-11-10T09:34:00.231+0000][7][safepoint   ] Safepoint "Cleanup", Time since last: 2000424100 ns, Reaching safepoint: 274800 ns, At safepoint: 30100 ns, Total: 304900 ns
[2020-11-10T09:34:01.233+0000][7][safepoint   ] Safepoint "Cleanup", Time since last: 1001036700 ns, Reaching safepoint: 312500 ns, At safepoint: 12200 ns, Total: 324700 ns
[2020-11-10T09:34:03.234+0000][7][safepoint   ] Safepoint "Cleanup", Time since last: 2000880800 ns, Reaching safepoint: 235900 ns, At safepoint: 42600 ns, Total: 278500 ns
[2020-11-10T09:34:04.235+0000][7][safepoint   ] Safepoint "Cleanup", Time since last: 1000908700 ns, Reaching safepoint: 280500 ns, At safepoint: 25800 ns, Total: 306300 ns
[2020-11-10T09:34:05.202+0000][7][safepoint   ] Safepoint "Cleanup", Time since last: 1000870800 ns, Reaching safepoint: 213300 ns, At safepoint: 26400 ns, Total: 239700 ns
[2020-11-10T09:34:06.203+0000][7][safepoint   ] Safepoint "Cleanup", Time since last: 1000937900 ns, Reaching safepoint: 231800 ns, At safepoint: 44200 ns, Total: 276000 ns
[2020-11-10T09:34:07.205+0000][7][safepoint   ] Safepoint "Cleanup", Time since last: 1000836300 ns, Reaching safepoint: 294400 ns, At safepoint: 28400 ns, Total: 322800 ns
[2020-11-10T09:34:08.205+0000][7][safepoint   ] Safepoint "Cleanup", Time since last: 1000622500 ns, Reaching safepoint: 202200 ns, At safepoint: 12400 ns, Total: 214600 ns
[2020-11-10T09:34:10.208+0000][7][safepoint   ] Safepoint "Cleanup", Time since last: 2001818800 ns, Reaching safepoint: 253400 ns, At safepoint: 56100 ns, Total: 309500 ns
[2020-11-10T09:34:11.776+0000][7][gc,start    ] GC(15) Pause Young (Normal) (G1 Evacuation Pause)
[2020-11-10T09:34:11.776+0000][7][gc,task     ] GC(15) Using 8 workers of 8 for evacuation
[2020-11-10T09:34:11.777+0000][7][gc,age      ] GC(15) Desired survivor size 18874368 bytes, new threshold 2 (max threshold 15)
[2020-11-10T09:34:11.798+0000][7][gc,age      ] GC(15) Age table with threshold 2 (max threshold 15)
[2020-11-10T09:34:11.799+0000][7][gc,age      ] GC(15) - age   1:    2792960 bytes,    2792960 total
[2020-11-10T09:34:11.799+0000][7][gc,age      ] GC(15) - age   2:    7837576 bytes,   10630536 total
[2020-11-10T09:34:11.800+0000][7][gc,phases   ] GC(15)   Pre Evacuate Collection Set: 0.4ms
[2020-11-10T09:34:11.800+0000][7][gc,phases   ] GC(15)   Merge Heap Roots: 0.3ms
[2020-11-10T09:34:11.801+0000][7][gc,phases   ] GC(15)   Evacuate Collection Set: 17.5ms
[2020-11-10T09:34:11.801+0000][7][gc,phases   ] GC(15)   Post Evacuate Collection Set: 2.1ms
[2020-11-10T09:34:11.802+0000][7][gc,phases   ] GC(15)   Other: 3.6ms
[2020-11-10T09:34:11.802+0000][7][gc,heap     ] GC(15) Eden regions: 260->0(262)
[2020-11-10T09:34:11.803+0000][7][gc,heap     ] GC(15) Survivor regions: 22->13(36)
[2020-11-10T09:34:11.803+0000][7][gc,heap     ] GC(15) Old regions: 58->70
[2020-11-10T09:34:11.804+0000][7][gc,heap     ] GC(15) Archive regions: 2->2
[2020-11-10T09:34:11.804+0000][7][gc,heap     ] GC(15) Humongous regions: 7->7
[2020-11-10T09:34:11.805+0000][7][gc,metaspace] GC(15) Metaspace: 97139K(101380K)->97139K(101380K) NonClass: 84204K(87300K)->84204K(87300K) Class: 12935K(14080K)->12935K(14080K)
[2020-11-10T09:34:11.805+0000][7][gc          ] GC(15) Pause Young (Normal) (G1 Evacuation Pause) 346M->90M(512M) 29.532ms
[2020-11-10T09:34:11.806+0000][7][gc,cpu      ] GC(15) User=0.08s Sys=0.01s Real=0.03s
[2020-11-10T09:34:11.806+0000][7][safepoint   ] Safepoint "G1CollectForAllocation", Time since last: 1567717800 ns, Reaching safepoint: 322600 ns, At safepoint: 30689100 ns, Total: 31011700 ns
[2020-11-10T09:34:12.807+0000][7][safepoint   ] Safepoint "Cleanup", Time since last: 1000347600 ns, Reaching safepoint: 222400 ns, At safepoint: 9800 ns, Total: 232200 ns
[2020-11-10T09:34:13.808+0000][7][safepoint   ] Safepoint "Cleanup", Time since last: 1000974900 ns, Reaching safepoint: 230200 ns, At safepoint: 15100 ns, Total: 245300 ns
[2020-11-10T09:34:14.809+0000][7][safepoint   ] Safepoint "Cleanup", Time since last: 1000778300 ns, Reaching safepoint: 213200 ns, At safepoint: 15000 ns, Total: 228200 ns
[2020-11-10T09:34:17.810+0000][7][safepoint   ] Safepoint "Cleanup", Time since last: 3000494900 ns, Reaching safepoint: 148300 ns, At safepoint: 4600 ns, Total: 152900 ns
[2020-11-10T09:34:20.811+0000][7][safepoint   ] Safepoint "Cleanup", Time since last: 3001265700 ns, Reaching safepoint: 301500 ns, At safepoint: 15000 ns, Total: 316500 ns
[2020-11-10T09:34:22.813+0000][7][safepoint   ] Safepoint "Cleanup", Time since last: 2001145000 ns, Reaching safepoint: 384200 ns, At safepoint: 15800 ns, Total: 400000 ns
[2020-11-10T09:34:23.814+0000][7][safepoint   ] Safepoint "Cleanup", Time since last: 1000962200 ns, Reaching safepoint: 234200 ns, At safepoint: 9400 ns, Total: 243600 ns
[2020-11-10T09:34:25.815+0000][7][safepoint   ] Safepoint "Cleanup", Time since last: 2000933800 ns, Reaching safepoint: 263900 ns, At safepoint: 9300 ns, Total: 273200 ns
[2020-11-10T09:34:26.817+0000][7][safepoint   ] Safepoint "Cleanup", Time since last: 1000965100 ns, Reaching safepoint: 303500 ns, At safepoint: 15800 ns, Total: 319300 ns
[2020-11-10T09:34:27.818+0000][7][safepoint   ] Safepoint "Cleanup", Time since last: 1000758500 ns, Reaching safepoint: 282000 ns, At safepoint: 13500 ns, Total: 295500 ns
[2020-11-10T09:34:29.819+0000][7][safepoint   ] Safepoint "Cleanup", Time since last: 2000768700 ns, Reaching safepoint: 277100 ns, At safepoint: 10100 ns, Total: 287200 ns
[2020-11-10T09:34:32.820+0000][7][safepoint   ] Safepoint "Cleanup", Time since last: 3000962400 ns, Reaching safepoint: 283300 ns, At safepoint: 15000 ns, Total: 298300 ns
[2020-11-10T09:34:33.821+0000][7][safepoint   ] Safepoint "Cleanup", Time since last: 1000821200 ns, Reaching safepoint: 191100 ns, At safepoint: 6400 ns, Total: 197500 ns
[2020-11-10T09:34:34.788+0000][7][safepoint   ] Safepoint "Cleanup", Time since last: 1000876800 ns, Reaching safepoint: 266800 ns, At safepoint: 16000 ns, Total: 282800 ns
[2020-11-10T09:34:35.789+0000][7][safepoint   ] Safepoint "Cleanup", Time since last: 1000686600 ns, Reaching safepoint: 192100 ns, At safepoint: 9000 ns, Total: 201100 ns
[2020-11-10T09:34:38.790+0000][7][safepoint   ] Safepoint "Cleanup", Time since last: 3000902200 ns, Reaching safepoint: 227900 ns, At safepoint: 8800 ns, Total: 236700 ns
[2020-11-10T09:34:40.791+0000][7][safepoint   ] Safepoint "Cleanup", Time since last: 2000961300 ns, Reaching safepoint: 255000 ns, At safepoint: 11700 ns, Total: 266700 ns
[2020-11-10T09:34:41.793+0000][7][safepoint   ] Safepoint "Cleanup", Time since last: 1000971200 ns, Reaching safepoint: 429500 ns, At safepoint: 28400 ns, Total: 457900 ns
[2020-11-10T09:34:47.794+0000][7][safepoint   ] Safepoint "Cleanup", Time since last: 6001209900 ns, Reaching safepoint: 254400 ns, At safepoint: 29300 ns, Total: 283700 ns
[2020-11-10T09:34:50.796+0000][7][safepoint   ] Safepoint "Cleanup", Time since last: 3001014900 ns, Reaching safepoint: 385700 ns, At safepoint: 28200 ns, Total: 413900 ns
[2020-11-10T09:34:53.797+0000][7][safepoint   ] Safepoint "Cleanup", Time since last: 3001194400 ns, Reaching safepoint: 221300 ns, At safepoint: 24500 ns, Total: 245800 ns
[2020-11-10T09:34:55.798+0000][7][safepoint   ] Safepoint "Cleanup", Time since last: 2000858400 ns, Reaching safepoint: 230000 ns, At safepoint: 28000 ns, Total: 258000 ns
[2020-11-10T09:34:56.671+0000][7][gc,start    ] GC(16) Pause Young (Concurrent Start) (Metadata GC Threshold)
[2020-11-10T09:34:56.672+0000][7][gc,task     ] GC(16) Using 8 workers of 8 for evacuation
[2020-11-10T09:34:56.672+0000][7][gc,age      ] GC(16) Desired survivor size 18350080 bytes, new threshold 15 (max threshold 15)
[2020-11-10T09:34:56.687+0000][7][gc,age      ] GC(16) Age table with threshold 15 (max threshold 15)
[2020-11-10T09:34:56.688+0000][7][gc,age      ] GC(16) - age   1:     664024 bytes,     664024 total
[2020-11-10T09:34:56.688+0000][7][gc,age      ] GC(16) - age   2:    1975512 bytes,    2639536 total
[2020-11-10T09:34:56.688+0000][7][gc,age      ] GC(16) - age   3:    7837104 bytes,   10476640 total
[2020-11-10T09:34:56.689+0000][7][gc,phases   ] GC(16)   Pre Evacuate Collection Set: 0.5ms
[2020-11-10T09:34:56.689+0000][7][gc,phases   ] GC(16)   Merge Heap Roots: 0.3ms
[2020-11-10T09:34:56.690+0000][7][gc,phases   ] GC(16)   Evacuate Collection Set: 11.1ms
[2020-11-10T09:34:56.690+0000][7][gc,phases   ] GC(16)   Post Evacuate Collection Set: 1.6ms
[2020-11-10T09:34:56.691+0000][7][gc,phases   ] GC(16)   Other: 4.6ms
[2020-11-10T09:34:56.692+0000][7][gc,heap     ] GC(16) Eden regions: 90->0(269)
[2020-11-10T09:34:56.692+0000][7][gc,heap     ] GC(16) Survivor regions: 13->12(35)
[2020-11-10T09:34:56.693+0000][7][gc,heap     ] GC(16) Old regions: 70->70
[2020-11-10T09:34:56.693+0000][7][gc,heap     ] GC(16) Archive regions: 2->2
[2020-11-10T09:34:56.694+0000][7][gc,heap     ] GC(16) Humongous regions: 7->7
[2020-11-10T09:34:56.694+0000][7][gc,metaspace] GC(16) Metaspace: 97300K(101380K)->97300K(101380K) NonClass: 84365K(87300K)->84365K(87300K) Class: 12935K(14080K)->12935K(14080K)
[2020-11-10T09:34:56.694+0000][7][gc          ] GC(16) Pause Young (Concurrent Start) (Metadata GC Threshold) 179M->89M(512M) 23.550ms
[2020-11-10T09:34:56.695+0000][7][gc,cpu      ] GC(16) User=0.05s Sys=0.01s Real=0.02s
[2020-11-10T09:34:56.695+0000][7][gc          ] GC(17) Concurrent Cycle
[2020-11-10T09:34:56.696+0000][7][gc,marking  ] GC(17) Concurrent Clear Claimed Marks
[2020-11-10T09:34:56.696+0000][7][safepoint   ] Safepoint "CollectForMetadataAllocation", Time since last: 872460500 ns, Reaching safepoint: 241800 ns, At safepoint: 24712500 ns, Total: 24954300 ns
[2020-11-10T09:34:56.697+0000][7][gc,marking  ] GC(17) Concurrent Clear Claimed Marks 0.633ms
[2020-11-10T09:34:56.698+0000][7][gc,marking  ] GC(17) Concurrent Scan Root Regions
[2020-11-10T09:34:56.703+0000][7][gc,marking  ] GC(17) Concurrent Scan Root Regions 5.182ms
[2020-11-10T09:34:56.704+0000][7][gc,marking  ] GC(17) Concurrent Mark (241.028s)
[2020-11-10T09:34:56.705+0000][7][gc,marking  ] GC(17) Concurrent Mark From Roots
[2020-11-10T09:34:56.706+0000][7][gc,task     ] GC(17) Using 2 workers of 2 for marking
[2020-11-10T09:34:56.768+0000][7][gc,marking  ] GC(17) Concurrent Mark From Roots 63.671ms
[2020-11-10T09:34:56.769+0000][7][gc,marking  ] GC(17) Concurrent Preclean
[2020-11-10T09:34:56.770+0000][7][gc,marking  ] GC(17) Concurrent Preclean 0.846ms
[2020-11-10T09:34:56.770+0000][7][gc,marking  ] GC(17) Concurrent Mark (241.028s, 241.094s) 66.467ms
[2020-11-10T09:34:56.771+0000][7][gc,start    ] GC(17) Pause Remark
[2020-11-10T09:34:56.776+0000][7][gc          ] GC(17) Pause Remark 91M->91M(512M) 4.418ms
[2020-11-10T09:34:56.776+0000][7][gc,cpu      ] GC(17) User=0.01s Sys=0.00s Real=0.00s
[2020-11-10T09:34:56.777+0000][7][safepoint   ] Safepoint "G1Concurrent", Time since last: 75261100 ns, Reaching safepoint: 261300 ns, At safepoint: 5493000 ns, Total: 5754300 ns
[2020-11-10T09:34:56.777+0000][7][gc,marking  ] GC(17) Concurrent Rebuild Remembered Sets
[2020-11-10T09:34:56.823+0000][7][gc,marking  ] GC(17) Concurrent Rebuild Remembered Sets 46.352ms
[2020-11-10T09:34:56.825+0000][7][gc,start    ] GC(17) Pause Cleanup
[2020-11-10T09:34:56.826+0000][7][gc          ] GC(17) Pause Cleanup 91M->91M(512M) 0.600ms
[2020-11-10T09:34:56.827+0000][7][gc,cpu      ] GC(17) User=0.00s Sys=0.00s Real=0.01s
[2020-11-10T09:34:56.827+0000][7][safepoint   ] Safepoint "G1Concurrent", Time since last: 48022500 ns, Reaching safepoint: 824900 ns, At safepoint: 1599100 ns, Total: 2424000 ns
[2020-11-10T09:34:56.828+0000][7][gc,marking  ] GC(17) Concurrent Cleanup for Next Mark
[2020-11-10T09:34:56.829+0000][7][gc,marking  ] GC(17) Concurrent Cleanup for Next Mark 1.088ms
[2020-11-10T09:34:56.829+0000][7][gc          ] GC(17) Concurrent Cycle 133.815ms
[2020-11-10T09:34:58.828+0000][7][safepoint   ] Safepoint "Cleanup", Time since last: 2000658500 ns, Reaching safepoint: 234800 ns, At safepoint: 27500 ns, Total: 262300 ns
[2020-11-10T09:34:59.830+0000][7][safepoint   ] Safepoint "Cleanup", Time since last: 1000774500 ns, Reaching safepoint: 443300 ns, At safepoint: 330500 ns, Total: 773800 ns
[2020-11-10T09:35:00.831+0000][7][safepoint   ] Safepoint "Cleanup", Time since last: 1001057600 ns, Reaching safepoint: 242400 ns, At safepoint: 27600 ns, Total: 270000 ns
[2020-11-10T09:35:02.832+0000][7][safepoint   ] Safepoint "Cleanup", Time since last: 2000896900 ns, Reaching safepoint: 272600 ns, At safepoint: 31800 ns, Total: 304400 ns
[2020-11-10T09:35:13.800+0000][7][safepoint   ] Safepoint "Cleanup", Time since last: 11001741900 ns, Reaching safepoint: 309200 ns, At safepoint: 14100 ns, Total: 323300 ns
[2020-11-10T09:35:14.801+0000][7][safepoint   ] Safepoint "Cleanup", Time since last: 1000887600 ns, Reaching safepoint: 335300 ns, At safepoint: 70700 ns, Total: 406000 ns
[2020-11-10T09:35:15.802+0000][7][safepoint   ] Safepoint "Cleanup", Time since last: 1000542700 ns, Reaching safepoint: 301600 ns, At safepoint: 29400 ns, Total: 331000 ns
[2020-11-10T09:35:16.803+0000][7][safepoint   ] Safepoint "Cleanup", Time since last: 1001004400 ns, Reaching safepoint: 271400 ns, At safepoint: 7900 ns, Total: 279300 ns
[2020-11-10T09:35:17.804+0000][7][safepoint   ] Safepoint "Cleanup", Time since last: 1000764100 ns, Reaching safepoint: 319200 ns, At safepoint: 10800 ns, Total: 330000 ns
[2020-11-10T09:35:20.806+0000][7][safepoint   ] Safepoint "Cleanup", Time since last: 3001011500 ns, Reaching safepoint: 237400 ns, At safepoint: 28400 ns, Total: 265800 ns
[2020-11-10T09:35:23.807+0000][7][safepoint   ] Safepoint "Cleanup", Time since last: 3001378500 ns, Reaching safepoint: 315500 ns, At safepoint: 30300 ns, Total: 345800 ns
[2020-11-10T09:35:25.809+0000][7][safepoint   ] Safepoint "Cleanup", Time since last: 2001000400 ns, Reaching safepoint: 343000 ns, At safepoint: 22100 ns, Total: 365100 ns
[2020-11-10T09:35:26.811+0000][7][safepoint   ] Safepoint "Cleanup", Time since last: 1001365600 ns, Reaching safepoint: 303100 ns, At safepoint: 22000 ns, Total: 325100 ns
[2020-11-10T09:35:27.812+0000][7][safepoint   ] Safepoint "Cleanup", Time since last: 1000911600 ns, Reaching safepoint: 250900 ns, At safepoint: 27400 ns, Total: 278300 ns
[2020-11-10T09:35:28.813+0000][7][safepoint   ] Safepoint "Cleanup", Time since last: 1000804700 ns, Reaching safepoint: 264000 ns, At safepoint: 32100 ns, Total: 296100 ns
[2020-11-10T09:35:29.814+0000][7][safepoint   ] Safepoint "Cleanup", Time since last: 1000967900 ns, Reaching safepoint: 390700 ns, At safepoint: 103100 ns, Total: 493800 ns
[2020-11-10T09:35:30.816+0000][7][safepoint   ] Safepoint "Cleanup", Time since last: 1001252400 ns, Reaching safepoint: 274000 ns, At safepoint: 31800 ns, Total: 305800 ns
[2020-11-10T09:35:32.817+0000][7][safepoint   ] Safepoint "Cleanup", Time since last: 2001140400 ns, Reaching safepoint: 300100 ns, At safepoint: 27200 ns, Total: 327300 ns
[2020-11-10T09:35:33.818+0000][7][safepoint   ] Safepoint "Cleanup", Time since last: 1000855800 ns, Reaching safepoint: 311100 ns, At safepoint: 20500 ns, Total: 331600 ns
[2020-11-10T09:35:35.785+0000][7][safepoint   ] Safepoint "Cleanup", Time since last: 2000894400 ns, Reaching safepoint: 218300 ns, At safepoint: 25900 ns, Total: 244200 ns
[2020-11-10T09:35:38.787+0000][7][safepoint   ] Safepoint "Cleanup", Time since last: 3000967600 ns, Reaching safepoint: 210000 ns, At safepoint: 18100 ns, Total: 228100 ns
[2020-11-10T09:35:41.788+0000][7][safepoint   ] Safepoint "Cleanup", Time since last: 3001041400 ns, Reaching safepoint: 322700 ns, At safepoint: 84300 ns, Total: 407000 ns
[2020-11-10T09:35:43.789+0000][7][safepoint   ] Safepoint "Cleanup", Time since last: 2000831300 ns, Reaching safepoint: 288800 ns, At safepoint: 21200 ns, Total: 310000 ns
[2020-11-10T09:35:44.790+0000][7][safepoint   ] Safepoint "Cleanup", Time since last: 1000852200 ns, Reaching safepoint: 245100 ns, At safepoint: 11100 ns, Total: 256200 ns
[2020-11-10T09:35:47.792+0000][7][safepoint   ] Safepoint "Cleanup", Time since last: 3001162800 ns, Reaching safepoint: 303900 ns, At safepoint: 16200 ns, Total: 320100 ns
[2020-11-10T09:35:54.794+0000][7][safepoint   ] Safepoint "Cleanup", Time since last: 7001486500 ns, Reaching safepoint: 490200 ns, At safepoint: 39500 ns, Total: 529700 ns
[2020-11-10T09:35:56.796+0000][7][safepoint   ] Safepoint "Cleanup", Time since last: 2001701100 ns, Reaching safepoint: 420500 ns, At safepoint: 137200 ns, Total: 557700 ns
[2020-11-10T09:35:57.798+0000][7][safepoint   ] Safepoint "Cleanup", Time since last: 1001339100 ns, Reaching safepoint: 202400 ns, At safepoint: 21500 ns, Total: 223900 ns
[2020-11-10T09:35:58.799+0000][7][safepoint   ] Safepoint "Cleanup", Time since last: 1000981300 ns, Reaching safepoint: 290100 ns, At safepoint: 46100 ns, Total: 336200 ns
[2020-11-10T09:36:00.800+0000][7][safepoint   ] Safepoint "Cleanup", Time since last: 2000389200 ns, Reaching safepoint: 207400 ns, At safepoint: 9500 ns, Total: 216900 ns
[2020-11-10T09:36:02.801+0000][7][safepoint   ] Safepoint "Cleanup", Time since last: 2001279900 ns, Reaching safepoint: 329700 ns, At safepoint: 27300 ns, Total: 357000 ns
[2020-11-10T09:36:03.802+0000][7][safepoint   ] Safepoint "Cleanup", Time since last: 1000737300 ns, Reaching safepoint: 480500 ns, At safepoint: 39600 ns, Total: 520100 ns
[2020-11-10T09:36:05.770+0000][7][safepoint   ] Safepoint "Cleanup", Time since last: 2000953000 ns, Reaching safepoint: 275600 ns, At safepoint: 35800 ns, Total: 311400 ns
[2020-11-10T09:36:08.771+0000][7][safepoint   ] Safepoint "Cleanup", Time since last: 3001061000 ns, Reaching safepoint: 404300 ns, At safepoint: 25100 ns, Total: 429400 ns
[2020-11-10T09:36:11.773+0000][7][safepoint   ] Safepoint "Cleanup", Time since last: 3001153500 ns, Reaching safepoint: 317400 ns, At safepoint: 27100 ns, Total: 344500 ns
[2020-11-10T09:36:12.774+0000][7][safepoint   ] Safepoint "Cleanup", Time since last: 1001020100 ns, Reaching safepoint: 466900 ns, At safepoint: 41900 ns, Total: 508800 ns
[2020-11-10T09:36:13.775+0000][7][safepoint   ] Safepoint "Cleanup", Time since last: 1000985600 ns, Reaching safepoint: 189200 ns, At safepoint: 45600 ns, Total: 234800 ns
[2020-11-10T09:36:14.777+0000][7][safepoint   ] Safepoint "Cleanup", Time since last: 1000888900 ns, Reaching safepoint: 331700 ns, At safepoint: 27500 ns, Total: 359200 ns
[2020-11-10T09:36:15.778+0000][7][safepoint   ] Safepoint "Cleanup", Time since last: 1000988600 ns, Reaching safepoint: 265300 ns, At safepoint: 95500 ns, Total: 360800 ns
[2020-11-10T09:36:17.779+0000][7][safepoint   ] Safepoint "Cleanup", Time since last: 2000875300 ns, Reaching safepoint: 593700 ns, At safepoint: 46900 ns, Total: 640600 ns
[2020-11-10T09:36:18.780+0000][7][safepoint   ] Safepoint "Cleanup", Time since last: 1000158000 ns, Reaching safepoint: 324400 ns, At safepoint: 11100 ns, Total: 335500 ns
[2020-11-10T09:36:19.781+0000][7][safepoint   ] Safepoint "Cleanup", Time since last: 1000781700 ns, Reaching safepoint: 363700 ns, At safepoint: 30300 ns, Total: 394000 ns
[2020-11-10T09:36:20.782+0000][7][safepoint   ] Safepoint "Cleanup", Time since last: 1000953600 ns, Reaching safepoint: 252200 ns, At safepoint: 25600 ns, Total: 277800 ns
[2020-11-10T09:36:23.784+0000][7][safepoint   ] Safepoint "Cleanup", Time since last: 3001096700 ns, Reaching safepoint: 199400 ns, At safepoint: 7600 ns, Total: 207000 ns
[2020-11-10T09:36:25.785+0000][7][safepoint   ] Safepoint "Cleanup", Time since last: 2000970600 ns, Reaching safepoint: 427400 ns, At safepoint: 30900 ns, Total: 458300 ns
[2020-11-10T09:36:26.786+0000][7][safepoint   ] Safepoint "Cleanup", Time since last: 1000243900 ns, Reaching safepoint: 272000 ns, At safepoint: 13200 ns, Total: 285200 ns
[2020-11-10T09:36:27.787+0000][7][safepoint   ] Safepoint "Cleanup", Time since last: 1000904100 ns, Reaching safepoint: 243800 ns, At safepoint: 46300 ns, Total: 290100 ns
[2020-11-10T09:36:28.788+0000][7][safepoint   ] Safepoint "Cleanup", Time since last: 1000870500 ns, Reaching safepoint: 280300 ns, At safepoint: 12700 ns, Total: 293000 ns
[2020-11-10T09:36:29.789+0000][7][safepoint   ] Safepoint "Cleanup", Time since last: 1001158000 ns, Reaching safepoint: 275000 ns, At safepoint: 25800 ns, Total: 300800 ns
[2020-11-10T09:36:30.791+0000][7][safepoint   ] Safepoint "Cleanup", Time since last: 1000875500 ns, Reaching safepoint: 265300 ns, At safepoint: 15700 ns, Total: 281000 ns
[2020-11-10T09:36:31.792+0000][7][safepoint   ] Safepoint "Cleanup", Time since last: 1000858600 ns, Reaching safepoint: 306500 ns, At safepoint: 28800 ns, Total: 335300 ns
[2020-11-10T09:36:32.793+0000][7][safepoint   ] Safepoint "Cleanup", Time since last: 1000889900 ns, Reaching safepoint: 393600 ns, At safepoint: 26700 ns, Total: 420300 ns
[2020-11-10T09:36:41.761+0000][7][safepoint   ] Safepoint "Cleanup", Time since last: 9001462600 ns, Reaching safepoint: 330700 ns, At safepoint: 67800 ns, Total: 398500 ns
[2020-11-10T09:36:43.762+0000][7][safepoint   ] Safepoint "Cleanup", Time since last: 2000892900 ns, Reaching safepoint: 313600 ns, At safepoint: 26400 ns, Total: 340000 ns
[2020-11-10T09:36:44.763+0000][7][safepoint   ] Safepoint "Cleanup", Time since last: 1000892600 ns, Reaching safepoint: 320200 ns, At safepoint: 29300 ns, Total: 349500 ns
[2020-11-10T09:36:45.764+0000][7][safepoint   ] Safepoint "Cleanup", Time since last: 1000838000 ns, Reaching safepoint: 237900 ns, At safepoint: 26600 ns, Total: 264500 ns
[2020-11-10T09:36:52.766+0000][7][safepoint   ] Safepoint "Cleanup", Time since last: 7001200600 ns, Reaching safepoint: 404100 ns, At safepoint: 28000 ns, Total: 432100 ns
[2020-11-10T09:36:53.768+0000][7][safepoint   ] Safepoint "Cleanup", Time since last: 1002040800 ns, Reaching safepoint: 374500 ns, At safepoint: 29100 ns, Total: 403600 ns
[2020-11-10T09:36:54.770+0000][7][safepoint   ] Safepoint "Cleanup", Time since last: 1001545500 ns, Reaching safepoint: 197500 ns, At safepoint: 33800 ns, Total: 231300 ns
[2020-11-10T09:36:55.772+0000][7][safepoint   ] Safepoint "Cleanup", Time since last: 1001249900 ns, Reaching safepoint: 436000 ns, At safepoint: 14300 ns, Total: 450300 ns
[2020-11-10T09:36:56.774+0000][7][safepoint   ] Safepoint "Cleanup", Time since last: 1001332100 ns, Reaching safepoint: 265000 ns, At safepoint: 40500 ns, Total: 305500 ns
[2020-11-10T09:36:57.775+0000][7][safepoint   ] Safepoint "Cleanup", Time since last: 1001222300 ns, Reaching safepoint: 244400 ns, At safepoint: 28400 ns, Total: 272800 ns
[2020-11-10T09:37:01.776+0000][7][safepoint   ] Safepoint "Cleanup", Time since last: 4000825000 ns, Reaching safepoint: 179600 ns, At safepoint: 8800 ns, Total: 188400 ns
[2020-11-10T09:37:02.777+0000][7][safepoint   ] Safepoint "Cleanup", Time since last: 1001030000 ns, Reaching safepoint: 166200 ns, At safepoint: 21200 ns, Total: 187400 ns
[2020-11-10T09:37:03.609+0000][7][gc,start    ] GC(18) Pause Young (Normal) (G1 Evacuation Pause)
[2020-11-10T09:37:03.610+0000][7][gc,task     ] GC(18) Using 8 workers of 8 for evacuation
[2020-11-10T09:37:03.611+0000][7][gc,age      ] GC(18) Desired survivor size 18874368 bytes, new threshold 15 (max threshold 15)
[2020-11-10T09:37:03.625+0000][7][gc,age      ] GC(18) Age table with threshold 15 (max threshold 15)
[2020-11-10T09:37:03.626+0000][7][gc,age      ] GC(18) - age   1:    4413480 bytes,    4413480 total
[2020-11-10T09:37:03.627+0000][7][gc,age      ] GC(18) - age   2:      37624 bytes,    4451104 total
[2020-11-10T09:37:03.627+0000][7][gc,age      ] GC(18) - age   3:    1286784 bytes,    5737888 total
[2020-11-10T09:37:03.628+0000][7][gc,age      ] GC(18) - age   4:    7833240 bytes,   13571128 total
[2020-11-10T09:37:03.629+0000][7][gc,phases   ] GC(18)   Pre Evacuate Collection Set: 0.2ms
[2020-11-10T09:37:03.629+0000][7][gc,phases   ] GC(18)   Merge Heap Roots: 0.4ms
[2020-11-10T09:37:03.630+0000][7][gc,phases   ] GC(18)   Evacuate Collection Set: 9.5ms
[2020-11-10T09:37:03.631+0000][7][gc,phases   ] GC(18)   Post Evacuate Collection Set: 3.3ms
[2020-11-10T09:37:03.632+0000][7][gc,phases   ] GC(18)   Other: 6.2ms
[2020-11-10T09:37:03.632+0000][7][gc,heap     ] GC(18) Eden regions: 269->0(267)
[2020-11-10T09:37:03.633+0000][7][gc,heap     ] GC(18) Survivor regions: 12->15(36)
[2020-11-10T09:37:03.633+0000][7][gc,heap     ] GC(18) Old regions: 70->70
[2020-11-10T09:37:03.634+0000][7][gc,heap     ] GC(18) Archive regions: 2->2
[2020-11-10T09:37:03.634+0000][7][gc,heap     ] GC(18) Humongous regions: 7->7
[2020-11-10T09:37:03.635+0000][7][gc,metaspace] GC(18) Metaspace: 98111K(102404K)->98111K(102404K) NonClass: 85161K(88324K)->85161K(88324K) Class: 12950K(14080K)->12950K(14080K)
[2020-11-10T09:37:03.636+0000][7][gc          ] GC(18) Pause Young (Normal) (G1 Evacuation Pause) 358M->92M(512M) 26.156ms
[2020-11-10T09:37:03.636+0000][7][gc,cpu      ] GC(18) User=0.06s Sys=0.02s Real=0.03s
[2020-11-10T09:37:03.637+0000][7][safepoint   ] Safepoint "G1CollectForAllocation", Time since last: 831791600 ns, Reaching safepoint: 218300 ns, At safepoint: 27870400 ns, Total: 28088700 ns
[2020-11-10T09:37:04.604+0000][7][safepoint   ] Safepoint "Cleanup", Time since last: 1000242300 ns, Reaching safepoint: 495800 ns, At safepoint: 28600 ns, Total: 524400 ns
[2020-11-10T09:37:05.606+0000][7][safepoint   ] Safepoint "Cleanup", Time since last: 1001377300 ns, Reaching safepoint: 481000 ns, At safepoint: 47200 ns, Total: 528200 ns
[2020-11-10T09:37:06.607+0000][7][safepoint   ] Safepoint "Cleanup", Time since last: 1001307500 ns, Reaching safepoint: 430900 ns, At safepoint: 58400 ns, Total: 489300 ns
[2020-11-10T09:37:07.609+0000][7][safepoint   ] Safepoint "Cleanup", Time since last: 1000972000 ns, Reaching safepoint: 311700 ns, At safepoint: 25600 ns, Total: 337300 ns
[2020-11-10T09:37:08.610+0000][7][safepoint   ] Safepoint "Cleanup", Time since last: 1000942200 ns, Reaching safepoint: 246100 ns, At safepoint: 21300 ns, Total: 267400 ns
[2020-11-10T09:37:10.611+0000][7][safepoint   ] Safepoint "Cleanup", Time since last: 2001010900 ns, Reaching safepoint: 238800 ns, At safepoint: 20300 ns, Total: 259100 ns
[2020-11-10T09:37:15.613+0000][7][safepoint   ] Safepoint "Cleanup", Time since last: 5001223100 ns, Reaching safepoint: 274500 ns, At safepoint: 21500 ns, Total: 296000 ns
[2020-11-10T09:37:17.613+0000][7][safepoint   ] Safepoint "Cleanup", Time since last: 2000342400 ns, Reaching safepoint: 212900 ns, At safepoint: 7700 ns, Total: 220600 ns
[2020-11-10T09:37:20.615+0000][7][safepoint   ] Safepoint "Cleanup", Time since last: 3001116500 ns, Reaching safepoint: 262200 ns, At safepoint: 21100 ns, Total: 283300 ns
[2020-11-10T09:37:21.616+0000][7][safepoint   ] Safepoint "Cleanup", Time since last: 1001045700 ns, Reaching safepoint: 218700 ns, At safepoint: 25600 ns, Total: 244300 ns
[2020-11-10T09:37:23.617+0000][7][safepoint   ] Safepoint "Cleanup", Time since last: 2000893600 ns, Reaching safepoint: 164600 ns, At safepoint: 41200 ns, Total: 205800 ns
[2020-11-10T09:37:24.618+0000][7][safepoint   ] Safepoint "Cleanup", Time since last: 1000836100 ns, Reaching safepoint: 369200 ns, At safepoint: 39400 ns, Total: 408600 ns
[2020-11-10T09:37:26.619+0000][7][safepoint   ] Safepoint "Cleanup", Time since last: 2000423000 ns, Reaching safepoint: 157300 ns, At safepoint: 80400 ns, Total: 237700 ns
[2020-11-10T09:37:27.621+0000][7][safepoint   ] Safepoint "Cleanup", Time since last: 1001361300 ns, Reaching safepoint: 245000 ns, At safepoint: 22600 ns, Total: 267600 ns
[2020-11-10T09:37:29.622+0000][7][safepoint   ] Safepoint "Cleanup", Time since last: 2000866500 ns, Reaching safepoint: 276300 ns, At safepoint: 8700 ns, Total: 285000 ns
[2020-11-10T09:37:32.623+0000][7][safepoint   ] Safepoint "Cleanup", Time since last: 3000453400 ns, Reaching safepoint: 436300 ns, At safepoint: 28600 ns, Total: 464900 ns
[2020-11-10T09:37:33.624+0000][7][safepoint   ] Safepoint "Cleanup", Time since last: 1001132100 ns, Reaching safepoint: 271700 ns, At safepoint: 18500 ns, Total: 290200 ns
[2020-11-10T09:37:35.591+0000][7][safepoint   ] Safepoint "Cleanup", Time since last: 2000968800 ns, Reaching safepoint: 317300 ns, At safepoint: 48500 ns, Total: 365800 ns
[2020-11-10T09:37:38.592+0000][7][safepoint   ] Safepoint "Cleanup", Time since last: 3000965100 ns, Reaching safepoint: 250600 ns, At safepoint: 4700 ns, Total: 255300 ns
[2020-11-10T09:37:40.593+0000][7][safepoint   ] Safepoint "Cleanup", Time since last: 2000746200 ns, Reaching safepoint: 286400 ns, At safepoint: 10300 ns, Total: 296700 ns
[2020-11-10T09:37:41.595+0000][7][safepoint   ] Safepoint "Cleanup", Time since last: 1000999700 ns, Reaching safepoint: 338500 ns, At safepoint: 35700 ns, Total: 374200 ns
[2020-11-10T09:37:43.596+0000][7][safepoint   ] Safepoint "Cleanup", Time since last: 2001140700 ns, Reaching safepoint: 263300 ns, At safepoint: 85400 ns, Total: 348700 ns
[2020-11-10T09:37:44.597+0000][7][safepoint   ] Safepoint "Cleanup", Time since last: 1000749200 ns, Reaching safepoint: 351500 ns, At safepoint: 20900 ns, Total: 372400 ns
[2020-11-10T09:37:45.599+0000][7][safepoint   ] Safepoint "Cleanup", Time since last: 1000952000 ns, Reaching safepoint: 254200 ns, At safepoint: 27700 ns, Total: 281900 ns
[2020-11-10T09:37:46.600+0000][7][safepoint   ] Safepoint "Cleanup", Time since last: 1000858900 ns, Reaching safepoint: 196100 ns, At safepoint: 22000 ns, Total: 218100 ns
[2020-11-10T09:37:47.601+0000][7][safepoint   ] Safepoint "Cleanup", Time since last: 1000787500 ns, Reaching safepoint: 230700 ns, At safepoint: 32700 ns, Total: 263400 ns
[2020-11-10T09:37:48.602+0000][7][safepoint   ] Safepoint "Cleanup", Time since last: 1000852800 ns, Reaching safepoint: 241600 ns, At safepoint: 14000 ns, Total: 255600 ns
[2020-11-10T09:37:49.603+0000][7][safepoint   ] Safepoint "Cleanup", Time since last: 1000886800 ns, Reaching safepoint: 301600 ns, At safepoint: 29500 ns, Total: 331100 ns
[2020-11-10T09:37:50.604+0000][7][safepoint   ] Safepoint "Cleanup", Time since last: 1000745600 ns, Reaching safepoint: 293900 ns, At safepoint: 48000 ns, Total: 341900 ns
[2020-11-10T09:37:51.605+0000][7][safepoint   ] Safepoint "Cleanup", Time since last: 1000787000 ns, Reaching safepoint: 211900 ns, At safepoint: 93000 ns, Total: 304900 ns
[2020-11-10T09:37:53.606+0000][7][safepoint   ] Safepoint "Cleanup", Time since last: 2000798900 ns, Reaching safepoint: 321600 ns, At safepoint: 26200 ns, Total: 347800 ns
[2020-11-10T09:37:55.608+0000][7][safepoint   ] Safepoint "Cleanup", Time since last: 2000983700 ns, Reaching safepoint: 295200 ns, At safepoint: 29500 ns, Total: 324700 ns
[2020-11-10T09:37:57.609+0000][7][safepoint   ] Safepoint "Cleanup", Time since last: 2000938700 ns, Reaching safepoint: 538100 ns, At safepoint: 91300 ns, Total: 629400 ns
[2020-11-10T09:37:59.611+0000][7][safepoint   ] Safepoint "Cleanup", Time since last: 2001000600 ns, Reaching safepoint: 237400 ns, At safepoint: 19700 ns, Total: 257100 ns
[2020-11-10T09:38:02.612+0000][7][safepoint   ] Safepoint "Cleanup", Time since last: 3001002700 ns, Reaching safepoint: 196700 ns, At safepoint: 7600 ns, Total: 204300 ns
[2020-11-10T09:38:10.579+0000][7][safepoint   ] Safepoint "Cleanup", Time since last: 8001544400 ns, Reaching safepoint: 251900 ns, At safepoint: 19200 ns, Total: 271100 ns
[2020-11-10T09:38:11.582+0000][7][safepoint   ] Safepoint "Cleanup", Time since last: 1001733000 ns, Reaching safepoint: 373900 ns, At safepoint: 22800 ns, Total: 396700 ns
[2020-11-10T09:38:12.583+0000][7][safepoint   ] Safepoint "Cleanup", Time since last: 1000903300 ns, Reaching safepoint: 256900 ns, At safepoint: 13200 ns, Total: 270100 ns
[2020-11-10T09:38:14.584+0000][7][safepoint   ] Safepoint "Cleanup", Time since last: 2001026800 ns, Reaching safepoint: 362800 ns, At safepoint: 30100 ns, Total: 392900 ns
[2020-11-10T09:38:15.586+0000][7][safepoint   ] Safepoint "Cleanup", Time since last: 1001044500 ns, Reaching safepoint: 311800 ns, At safepoint: 11300 ns, Total: 323100 ns
[2020-11-10T09:38:17.587+0000][7][safepoint   ] Safepoint "Cleanup", Time since last: 2001094200 ns, Reaching safepoint: 380300 ns, At safepoint: 72000 ns, Total: 452300 ns
[2020-11-10T09:38:18.589+0000][7][safepoint   ] Safepoint "Cleanup", Time since last: 1001739700 ns, Reaching safepoint: 317000 ns, At safepoint: 8400 ns, Total: 325400 ns
[2020-11-10T09:38:20.590+0000][7][safepoint   ] Safepoint "Cleanup", Time since last: 2000880600 ns, Reaching safepoint: 343800 ns, At safepoint: 7300 ns, Total: 351100 ns
[2020-11-10T09:38:23.592+0000][7][safepoint   ] Safepoint "Cleanup", Time since last: 3001164900 ns, Reaching safepoint: 452100 ns, At safepoint: 152500 ns, Total: 604600 ns
[2020-11-10T09:38:24.593+0000][7][safepoint   ] Safepoint "Cleanup", Time since last: 1000578500 ns, Reaching safepoint: 291800 ns, At safepoint: 38300 ns, Total: 330100 ns
[2020-11-10T09:38:26.594+0000][7][safepoint   ] Safepoint "Cleanup", Time since last: 2001091800 ns, Reaching safepoint: 297600 ns, At safepoint: 28200 ns, Total: 325800 ns
[2020-11-10T09:38:27.596+0000][7][safepoint   ] Safepoint "Cleanup", Time since last: 1000903200 ns, Reaching safepoint: 212700 ns, At safepoint: 26500 ns, Total: 239200 ns
[2020-11-10T09:38:28.597+0000][7][safepoint   ] Safepoint "Cleanup", Time since last: 1000833200 ns, Reaching safepoint: 297500 ns, At safepoint: 10500 ns, Total: 308000 ns
[2020-11-10T09:38:29.598+0000][7][safepoint   ] Safepoint "Cleanup", Time since last: 1001405000 ns, Reaching safepoint: 228700 ns, At safepoint: 27800 ns, Total: 256500 ns
[2020-11-10T09:38:30.599+0000][7][safepoint   ] Safepoint "Cleanup", Time since last: 1000863400 ns, Reaching safepoint: 201600 ns, At safepoint: 7600 ns, Total: 209200 ns
[2020-11-10T09:38:33.601+0000][7][safepoint   ] Safepoint "Cleanup", Time since last: 3001084900 ns, Reaching safepoint: 297600 ns, At safepoint: 19900 ns, Total: 317500 ns
[2020-11-10T09:38:35.568+0000][7][safepoint   ] Safepoint "Cleanup", Time since last: 2001041000 ns, Reaching safepoint: 287200 ns, At safepoint: 8000 ns, Total: 295200 ns
[2020-11-10T09:38:39.506+0000][7][gc,start    ] GC(19) Pause Young (Normal) (G1 Evacuation Pause)
[2020-11-10T09:38:39.507+0000][7][gc,task     ] GC(19) Using 8 workers of 8 for evacuation
[2020-11-10T09:38:39.507+0000][7][gc,age      ] GC(19) Desired survivor size 18874368 bytes, new threshold 15 (max threshold 15)
[2020-11-10T09:38:39.520+0000][7][gc,age      ] GC(19) Age table with threshold 15 (max threshold 15)
[2020-11-10T09:38:39.521+0000][7][gc,age      ] GC(19) - age   1:    2220808 bytes,    2220808 total
[2020-11-10T09:38:39.521+0000][7][gc,age      ] GC(19) - age   2:    4176528 bytes,    6397336 total
[2020-11-10T09:38:39.522+0000][7][gc,age      ] GC(19) - age   3:      37496 bytes,    6434832 total
[2020-11-10T09:38:39.522+0000][7][gc,age      ] GC(19) - age   4:    1188856 bytes,    7623688 total
[2020-11-10T09:38:39.523+0000][7][gc,age      ] GC(19) - age   5:    7097096 bytes,   14720784 total
[2020-11-10T09:38:39.523+0000][7][gc,phases   ] GC(19)   Pre Evacuate Collection Set: 0.3ms
[2020-11-10T09:38:39.524+0000][7][gc,phases   ] GC(19)   Merge Heap Roots: 0.6ms
[2020-11-10T09:38:39.524+0000][7][gc,phases   ] GC(19)   Evacuate Collection Set: 8.8ms
[2020-11-10T09:38:39.525+0000][7][gc,phases   ] GC(19)   Post Evacuate Collection Set: 2.3ms
[2020-11-10T09:38:39.525+0000][7][gc,phases   ] GC(19)   Other: 5.2ms
[2020-11-10T09:38:39.526+0000][7][gc,heap     ] GC(19) Eden regions: 267->0(270)
[2020-11-10T09:38:39.526+0000][7][gc,heap     ] GC(19) Survivor regions: 15->15(36)
[2020-11-10T09:38:39.527+0000][7][gc,heap     ] GC(19) Old regions: 70->70
[2020-11-10T09:38:39.527+0000][7][gc,heap     ] GC(19) Archive regions: 2->2
[2020-11-10T09:38:39.528+0000][7][gc,heap     ] GC(19) Humongous regions: 7->7
[2020-11-10T09:38:39.528+0000][7][gc,metaspace] GC(19) Metaspace: 99522K(103940K)->99522K(103940K) NonClass: 86392K(89604K)->86392K(89604K) Class: 13130K(14336K)->13130K(14336K)
[2020-11-10T09:38:39.529+0000][7][gc          ] GC(19) Pause Young (Normal) (G1 Evacuation Pause) 359M->92M(512M) 22.684ms
[2020-11-10T09:38:39.529+0000][7][gc,cpu      ] GC(19) User=0.03s Sys=0.01s Real=0.02s
[2020-11-10T09:38:39.530+0000][7][safepoint   ] Safepoint "G1CollectForAllocation", Time since last: 3937642200 ns, Reaching safepoint: 395100 ns, At safepoint: 23780200 ns, Total: 24175300 ns
[2020-11-10T09:38:40.531+0000][7][safepoint   ] Safepoint "Cleanup", Time since last: 1000490800 ns, Reaching safepoint: 253200 ns, At safepoint: 24300 ns, Total: 277500 ns
[2020-11-10T09:38:41.708+0000][7][safepoint   ] Safepoint "Cleanup", Time since last: 1176569900 ns, Reaching safepoint: 530600 ns, At safepoint: 139800 ns, Total: 670400 ns
[2020-11-10T09:38:42.014+0000][7][safepoint   ] Safepoint "ICBufferFull", Time since last: 306196600 ns, Reaching safepoint: 378600 ns, At safepoint: 34500 ns, Total: 413100 ns
[2020-11-10T09:38:43.016+0000][7][safepoint   ] Safepoint "Cleanup", Time since last: 1000876000 ns, Reaching safepoint: 194800 ns, At safepoint: 11800 ns, Total: 206600 ns
[2020-11-10T09:38:44.017+0000][7][safepoint   ] Safepoint "Cleanup", Time since last: 1001192100 ns, Reaching safepoint: 266300 ns, At safepoint: 21300 ns, Total: 287600 ns
[2020-11-10T09:38:45.018+0000][7][safepoint   ] Safepoint "Cleanup", Time since last: 1000929700 ns, Reaching safepoint: 287600 ns, At safepoint: 33400 ns, Total: 321000 ns
[2020-11-10T09:38:46.020+0000][7][safepoint   ] Safepoint "Cleanup", Time since last: 1000922900 ns, Reaching safepoint: 405300 ns, At safepoint: 80400 ns, Total: 485700 ns
[2020-11-10T09:38:47.020+0000][7][safepoint   ] Safepoint "Cleanup", Time since last: 1000275000 ns, Reaching safepoint: 166200 ns, At safepoint: 30700 ns, Total: 196900 ns
[2020-11-10T09:38:48.021+0000][7][safepoint   ] Safepoint "Cleanup", Time since last: 1000900000 ns, Reaching safepoint: 206400 ns, At safepoint: 19100 ns, Total: 225500 ns
[2020-11-10T09:38:49.030+0000][7][safepoint   ] Safepoint "Cleanup", Time since last: 1007999900 ns, Reaching safepoint: 296800 ns, At safepoint: 31800 ns, Total: 328600 ns
[2020-11-10T09:38:51.031+0000][7][safepoint   ] Safepoint "Cleanup", Time since last: 2000961900 ns, Reaching safepoint: 283900 ns, At safepoint: 29700 ns, Total: 313600 ns
[2020-11-10T09:38:54.032+0000][7][safepoint   ] Safepoint "Cleanup", Time since last: 3000856300 ns, Reaching safepoint: 294400 ns, At safepoint: 28900 ns, Total: 323300 ns
[2020-11-10T09:38:55.033+0000][7][safepoint   ] Safepoint "Cleanup", Time since last: 1000889500 ns, Reaching safepoint: 259700 ns, At safepoint: 24400 ns, Total: 284100 ns
[2020-11-10T09:38:56.034+0000][7][safepoint   ] Safepoint "Cleanup", Time since last: 1000804800 ns, Reaching safepoint: 271700 ns, At safepoint: 23800 ns, Total: 295500 ns
[2020-11-10T09:38:57.036+0000][7][safepoint   ] Safepoint "Cleanup", Time since last: 1001246600 ns, Reaching safepoint: 253600 ns, At safepoint: 7800 ns, Total: 261400 ns
[2020-11-10T09:38:58.037+0000][7][safepoint   ] Safepoint "Cleanup", Time since last: 1000876200 ns, Reaching safepoint: 378000 ns, At safepoint: 30200 ns, Total: 408200 ns
[2020-11-10T09:39:00.039+0000][7][safepoint   ] Safepoint "Cleanup", Time since last: 2001696300 ns, Reaching safepoint: 368000 ns, At safepoint: 34400 ns, Total: 402400 ns
[2020-11-10T09:39:03.040+0000][7][safepoint   ] Safepoint "Cleanup", Time since last: 3000998200 ns, Reaching safepoint: 240000 ns, At safepoint: 26100 ns, Total: 266100 ns
[2020-11-10T09:39:06.008+0000][7][safepoint   ] Safepoint "Cleanup", Time since last: 3000913600 ns, Reaching safepoint: 261300 ns, At safepoint: 13900 ns, Total: 275200 ns
[2020-11-10T09:39:07.009+0000][7][safepoint   ] Safepoint "Cleanup", Time since last: 1000874900 ns, Reaching safepoint: 279300 ns, At safepoint: 38300 ns, Total: 317600 ns
[2020-11-10T09:39:08.010+0000][7][safepoint   ] Safepoint "Cleanup", Time since last: 1000818300 ns, Reaching safepoint: 319100 ns, At safepoint: 9200 ns, Total: 328300 ns
[2020-11-10T09:39:09.011+0000][7][safepoint   ] Safepoint "Cleanup", Time since last: 1000924200 ns, Reaching safepoint: 213600 ns, At safepoint: 8000 ns, Total: 221600 ns
[2020-11-10T09:39:10.012+0000][7][safepoint   ] Safepoint "Cleanup", Time since last: 1000841100 ns, Reaching safepoint: 202600 ns, At safepoint: 7400 ns, Total: 210000 ns
[2020-11-10T09:39:12.013+0000][7][safepoint   ] Safepoint "Cleanup", Time since last: 2000937700 ns, Reaching safepoint: 228000 ns, At safepoint: 20700 ns, Total: 248700 ns
[2020-11-10T09:39:15.015+0000][7][safepoint   ] Safepoint "Cleanup", Time since last: 3001025900 ns, Reaching safepoint: 231000 ns, At safepoint: 29000 ns, Total: 260000 ns
[2020-11-10T09:39:16.016+0000][7][safepoint   ] Safepoint "Cleanup", Time since last: 1000842700 ns, Reaching safepoint: 453700 ns, At safepoint: 29000 ns, Total: 482700 ns
[2020-11-10T09:39:18.017+0000][7][safepoint   ] Safepoint "Cleanup", Time since last: 2000921600 ns, Reaching safepoint: 226700 ns, At safepoint: 24000 ns, Total: 250700 ns
[2020-11-10T09:39:24.019+0000][7][safepoint   ] Safepoint "Cleanup", Time since last: 6001130800 ns, Reaching safepoint: 367900 ns, At safepoint: 36700 ns, Total: 404600 ns
[2020-11-10T09:39:27.021+0000][7][safepoint   ] Safepoint "Cleanup", Time since last: 3002279100 ns, Reaching safepoint: 251300 ns, At safepoint: 26900 ns, Total: 278200 ns
[2020-11-10T09:39:28.022+0000][7][safepoint   ] Safepoint "Cleanup", Time since last: 1000979600 ns, Reaching safepoint: 213400 ns, At safepoint: 20900 ns, Total: 234300 ns
[2020-11-10T09:39:30.024+0000][7][safepoint   ] Safepoint "Cleanup", Time since last: 2000980900 ns, Reaching safepoint: 309700 ns, At safepoint: 52400 ns, Total: 362100 ns
[2020-11-10T09:39:33.025+0000][7][safepoint   ] Safepoint "Cleanup", Time since last: 3001424900 ns, Reaching safepoint: 283100 ns, At safepoint: 23400 ns, Total: 306500 ns
[2020-11-10T09:39:34.027+0000][7][safepoint   ] Safepoint "Cleanup", Time since last: 1001588300 ns, Reaching safepoint: 220500 ns, At safepoint: 26400 ns, Total: 246900 ns
[2020-11-10T09:39:35.994+0000][7][safepoint   ] Safepoint "Cleanup", Time since last: 2000973300 ns, Reaching safepoint: 318600 ns, At safepoint: 28300 ns, Total: 346900 ns
[2020-11-10T09:39:38.996+0000][7][safepoint   ] Safepoint "Cleanup", Time since last: 3001027500 ns, Reaching safepoint: 278900 ns, At safepoint: 11400 ns, Total: 290300 ns
[2020-11-10T09:39:39.997+0000][7][safepoint   ] Safepoint "Cleanup", Time since last: 1000750500 ns, Reaching safepoint: 353600 ns, At safepoint: 26500 ns, Total: 380100 ns
[2020-11-10T09:39:41.998+0000][7][safepoint   ] Safepoint "Cleanup", Time since last: 2000811700 ns, Reaching safepoint: 291500 ns, At safepoint: 26300 ns, Total: 317800 ns
[2020-11-10T09:39:44.999+0000][7][safepoint   ] Safepoint "Cleanup", Time since last: 3001003600 ns, Reaching safepoint: 284900 ns, At safepoint: 27000 ns, Total: 311900 ns
[2020-11-10T09:39:47.001+0000][7][safepoint   ] Safepoint "Cleanup", Time since last: 2001006100 ns, Reaching safepoint: 483200 ns, At safepoint: 38200 ns, Total: 521400 ns
[2020-11-10T09:39:49.002+0000][7][safepoint   ] Safepoint "Cleanup", Time since last: 2001197000 ns, Reaching safepoint: 380900 ns, At safepoint: 51800 ns, Total: 432700 ns
[2020-11-10T09:39:50.004+0000][7][safepoint   ] Safepoint "Cleanup", Time since last: 1001378300 ns, Reaching safepoint: 233500 ns, At safepoint: 26400 ns, Total: 259900 ns
[2020-11-10T09:39:51.005+0000][7][safepoint   ] Safepoint "Cleanup", Time since last: 1000816500 ns, Reaching safepoint: 216300 ns, At safepoint: 20900 ns, Total: 237200 ns
[2020-11-10T09:39:54.006+0000][7][safepoint   ] Safepoint "Cleanup", Time since last: 3000883600 ns, Reaching safepoint: 240000 ns, At safepoint: 11100 ns, Total: 251100 ns
[2020-11-10T09:39:54.881+0000][7][gc,start    ] GC(20) Pause Young (Normal) (G1 Evacuation Pause)
[2020-11-10T09:39:54.882+0000][7][gc,task     ] GC(20) Using 8 workers of 8 for evacuation
[2020-11-10T09:39:54.883+0000][7][gc,age      ] GC(20) Desired survivor size 18874368 bytes, new threshold 15 (max threshold 15)
[2020-11-10T09:39:54.896+0000][7][gc,age      ] GC(20) Age table with threshold 15 (max threshold 15)
[2020-11-10T09:39:54.896+0000][7][gc,age      ] GC(20) - age   1:    2132608 bytes,    2132608 total
[2020-11-10T09:39:54.897+0000][7][gc,age      ] GC(20) - age   2:    1659872 bytes,    3792480 total
[2020-11-10T09:39:54.897+0000][7][gc,age      ] GC(20) - age   3:     212656 bytes,    4005136 total
[2020-11-10T09:39:54.898+0000][7][gc,age      ] GC(20) - age   4:      36968 bytes,    4042104 total
[2020-11-10T09:39:54.898+0000][7][gc,age      ] GC(20) - age   5:    1175152 bytes,    5217256 total
[2020-11-10T09:39:54.899+0000][7][gc,age      ] GC(20) - age   6:    6489616 bytes,   11706872 total
[2020-11-10T09:39:54.899+0000][7][gc,phases   ] GC(20)   Pre Evacuate Collection Set: 0.2ms
[2020-11-10T09:39:54.899+0000][7][gc,phases   ] GC(20)   Merge Heap Roots: 0.3ms
[2020-11-10T09:39:54.900+0000][7][gc,phases   ] GC(20)   Evacuate Collection Set: 8.8ms
[2020-11-10T09:39:54.900+0000][7][gc,phases   ] GC(20)   Post Evacuate Collection Set: 3.2ms
[2020-11-10T09:39:54.901+0000][7][gc,phases   ] GC(20)   Other: 5.2ms
[2020-11-10T09:39:54.901+0000][7][gc,heap     ] GC(20) Eden regions: 270->0(275)
[2020-11-10T09:39:54.902+0000][7][gc,heap     ] GC(20) Survivor regions: 15->13(36)
[2020-11-10T09:39:54.902+0000][7][gc,heap     ] GC(20) Old regions: 70->70
[2020-11-10T09:39:54.903+0000][7][gc,heap     ] GC(20) Archive regions: 2->2
[2020-11-10T09:39:54.903+0000][7][gc,heap     ] GC(20) Humongous regions: 71->7
[2020-11-10T09:39:54.904+0000][7][gc,metaspace] GC(20) Metaspace: 100367K(104708K)->100367K(104708K) NonClass: 87184K(90372K)->87184K(90372K) Class: 13182K(14336K)->13182K(14336K)
[2020-11-10T09:39:54.904+0000][7][gc          ] GC(20) Pause Young (Normal) (G1 Evacuation Pause) 426M->90M(512M) 22.643ms
[2020-11-10T09:39:54.905+0000][7][gc,cpu      ] GC(20) User=0.04s Sys=0.02s Real=0.03s
[2020-11-10T09:39:54.905+0000][7][safepoint   ] Safepoint "G1CollectForAllocation", Time since last: 874785900 ns, Reaching safepoint: 283000 ns, At safepoint: 23699300 ns, Total: 23982300 ns
[2020-11-10T09:39:56.906+0000][7][safepoint   ] Safepoint "Cleanup", Time since last: 2000655600 ns, Reaching safepoint: 369700 ns, At safepoint: 56000 ns, Total: 425700 ns
[2020-11-10T09:39:58.908+0000][7][safepoint   ] Safepoint "Cleanup", Time since last: 2001494500 ns, Reaching safepoint: 222800 ns, At safepoint: 27300 ns, Total: 250100 ns
[2020-11-10T09:40:00.909+0000][7][safepoint   ] Safepoint "Cleanup", Time since last: 2001142100 ns, Reaching safepoint: 275900 ns, At safepoint: 80600 ns, Total: 356500 ns
[2020-11-10T09:40:03.911+0000][7][safepoint   ] Safepoint "Cleanup", Time since last: 3001431700 ns, Reaching safepoint: 403500 ns, At safepoint: 54600 ns, Total: 458100 ns
[2020-11-10T09:40:05.879+0000][7][safepoint   ] Safepoint "Cleanup", Time since last: 2001190800 ns, Reaching safepoint: 286000 ns, At safepoint: 24000 ns, Total: 310000 ns
[2020-11-10T09:40:06.880+0000][7][safepoint   ] Safepoint "Cleanup", Time since last: 1001155800 ns, Reaching safepoint: 292400 ns, At safepoint: 30900 ns, Total: 323300 ns
[2020-11-10T09:40:07.881+0000][7][safepoint   ] Safepoint "Cleanup", Time since last: 1000965300 ns, Reaching safepoint: 251700 ns, At safepoint: 45400 ns, Total: 297100 ns
[2020-11-10T09:40:08.882+0000][7][safepoint   ] Safepoint "Cleanup", Time since last: 1000772000 ns, Reaching safepoint: 352300 ns, At safepoint: 5600 ns, Total: 357900 ns
[2020-11-10T09:40:11.884+0000][7][safepoint   ] Safepoint "Cleanup", Time since last: 3000849600 ns, Reaching safepoint: 356200 ns, At safepoint: 21900 ns, Total: 378100 ns
[2020-11-10T09:40:14.885+0000][7][safepoint   ] Safepoint "Cleanup", Time since last: 3000888400 ns, Reaching safepoint: 271300 ns, At safepoint: 19600 ns, Total: 290900 ns
[2020-11-10T09:40:16.886+0000][7][safepoint   ] Safepoint "Cleanup", Time since last: 2000816700 ns, Reaching safepoint: 219500 ns, At safepoint: 20100 ns, Total: 239600 ns
[2020-11-10T09:40:18.887+0000][7][safepoint   ] Safepoint "Cleanup", Time since last: 2000849300 ns, Reaching safepoint: 271800 ns, At safepoint: 12200 ns, Total: 284000 ns
[2020-11-10T09:40:20.889+0000][7][safepoint   ] Safepoint "Cleanup", Time since last: 2001400700 ns, Reaching safepoint: 364000 ns, At safepoint: 40900 ns, Total: 404900 ns
[2020-11-10T09:40:24.891+0000][7][safepoint   ] Safepoint "Cleanup", Time since last: 4001357100 ns, Reaching safepoint: 332100 ns, At safepoint: 26800 ns, Total: 358900 ns
[2020-11-10T09:40:26.892+0000][7][safepoint   ] Safepoint "Cleanup", Time since last: 2000673200 ns, Reaching safepoint: 347700 ns, At safepoint: 27800 ns, Total: 375500 ns
[2020-11-10T09:40:27.893+0000][7][safepoint   ] Safepoint "Cleanup", Time since last: 1000898700 ns, Reaching safepoint: 271100 ns, At safepoint: 11600 ns, Total: 282700 ns
[2020-11-10T09:40:29.895+0000][7][safepoint   ] Safepoint "Cleanup", Time since last: 2000978100 ns, Reaching safepoint: 718600 ns, At safepoint: 38100 ns, Total: 756700 ns
[2020-11-10T09:40:30.896+0000][7][safepoint   ] Safepoint "Cleanup", Time since last: 1001165100 ns, Reaching safepoint: 313200 ns, At safepoint: 12100 ns, Total: 325300 ns
[2020-11-10T09:40:31.898+0000][7][safepoint   ] Safepoint "Cleanup", Time since last: 1001656900 ns, Reaching safepoint: 319200 ns, At safepoint: 45600 ns, Total: 364800 ns
[2020-11-10T09:40:32.900+0000][7][safepoint   ] Safepoint "Cleanup", Time since last: 1001092200 ns, Reaching safepoint: 414400 ns, At safepoint: 31700 ns, Total: 446100 ns
[2020-11-10T09:40:33.901+0000][7][safepoint   ] Safepoint "Cleanup", Time since last: 1000920800 ns, Reaching safepoint: 524000 ns, At safepoint: 41400 ns, Total: 565400 ns
[2020-11-10T09:40:34.868+0000][7][safepoint   ] Safepoint "Cleanup", Time since last: 1001083400 ns, Reaching safepoint: 299200 ns, At safepoint: 21400 ns, Total: 320600 ns
[2020-11-10T09:40:38.870+0000][7][safepoint   ] Safepoint "Cleanup", Time since last: 4000982000 ns, Reaching safepoint: 304000 ns, At safepoint: 37600 ns, Total: 341600 ns
[2020-11-10T09:40:41.871+0000][7][safepoint   ] Safepoint "Cleanup", Time since last: 3001231700 ns, Reaching safepoint: 214300 ns, At safepoint: 7500 ns, Total: 221800 ns
[2020-11-10T09:40:44.872+0000][7][safepoint   ] Safepoint "Cleanup", Time since last: 3000929200 ns, Reaching safepoint: 330600 ns, At safepoint: 32700 ns, Total: 363300 ns
[2020-11-10T09:40:47.874+0000][7][safepoint   ] Safepoint "Cleanup", Time since last: 3001050000 ns, Reaching safepoint: 209700 ns, At safepoint: 20900 ns, Total: 230600 ns
[2020-11-10T09:40:52.875+0000][7][safepoint   ] Safepoint "Cleanup", Time since last: 5001099500 ns, Reaching safepoint: 313300 ns, At safepoint: 31900 ns, Total: 345200 ns
[2020-11-10T09:40:53.876+0000][7][safepoint   ] Safepoint "Cleanup", Time since last: 1000929800 ns, Reaching safepoint: 310000 ns, At safepoint: 9600 ns, Total: 319600 ns
[2020-11-10T09:40:54.877+0000][7][safepoint   ] Safepoint "Cleanup", Time since last: 1000691500 ns, Reaching safepoint: 382900 ns, At safepoint: 31300 ns, Total: 414200 ns
[2020-11-10T09:40:56.879+0000][7][safepoint   ] Safepoint "Cleanup", Time since last: 2001120100 ns, Reaching safepoint: 256000 ns, At safepoint: 9100 ns, Total: 265100 ns
[2020-11-10T09:40:58.880+0000][7][safepoint   ] Safepoint "Cleanup", Time since last: 2000867200 ns, Reaching safepoint: 300400 ns, At safepoint: 19800 ns, Total: 320200 ns
[2020-11-10T09:40:59.881+0000][7][safepoint   ] Safepoint "Cleanup", Time since last: 1000867500 ns, Reaching safepoint: 304300 ns, At safepoint: 78600 ns, Total: 382900 ns
[2020-11-10T09:41:02.883+0000][7][safepoint   ] Safepoint "Cleanup", Time since last: 3001101900 ns, Reaching safepoint: 249700 ns, At safepoint: 28800 ns, Total: 278500 ns
[2020-11-10T09:41:03.884+0000][7][safepoint   ] Safepoint "Cleanup", Time since last: 1000829500 ns, Reaching safepoint: 210200 ns, At safepoint: 23800 ns, Total: 234000 ns
[2020-11-10T09:41:07.851+0000][7][safepoint   ] Safepoint "Cleanup", Time since last: 4001188000 ns, Reaching safepoint: 353100 ns, At safepoint: 27700 ns, Total: 380800 ns
[2020-11-10T09:41:11.852+0000][7][safepoint   ] Safepoint "Cleanup", Time since last: 4001036500 ns, Reaching safepoint: 225000 ns, At safepoint: 10500 ns, Total: 235500 ns
[2020-11-10T09:41:12.854+0000][7][safepoint   ] Safepoint "Cleanup", Time since last: 1000996400 ns, Reaching safepoint: 251800 ns, At safepoint: 8800 ns, Total: 260600 ns
[2020-11-10T09:41:14.855+0000][7][safepoint   ] Safepoint "Cleanup", Time since last: 2000859000 ns, Reaching safepoint: 229800 ns, At safepoint: 8600 ns, Total: 238400 ns
[2020-11-10T09:41:20.856+0000][7][safepoint   ] Safepoint "Cleanup", Time since last: 6001204000 ns, Reaching safepoint: 271600 ns, At safepoint: 8900 ns, Total: 280500 ns
[2020-11-10T09:41:22.857+0000][7][safepoint   ] Safepoint "Cleanup", Time since last: 2000891500 ns, Reaching safepoint: 198600 ns, At safepoint: 32500 ns, Total: 231100 ns
[2020-11-10T09:41:23.858+0000][7][safepoint   ] Safepoint "Cleanup", Time since last: 1000955100 ns, Reaching safepoint: 191400 ns, At safepoint: 9500 ns, Total: 200900 ns
[2020-11-10T09:41:24.859+0000][7][safepoint   ] Safepoint "Cleanup", Time since last: 1000202400 ns, Reaching safepoint: 293900 ns, At safepoint: 14900 ns, Total: 308800 ns
[2020-11-10T09:41:26.860+0000][7][safepoint   ] Safepoint "Cleanup", Time since last: 2000875000 ns, Reaching safepoint: 302000 ns, At safepoint: 9100 ns, Total: 311100 ns
[2020-11-10T09:41:28.861+0000][7][safepoint   ] Safepoint "Cleanup", Time since last: 2000951800 ns, Reaching safepoint: 313200 ns, At safepoint: 31200 ns, Total: 344400 ns
[2020-11-10T09:41:29.863+0000][7][safepoint   ] Safepoint "Cleanup", Time since last: 1000840600 ns, Reaching safepoint: 296400 ns, At safepoint: 25800 ns, Total: 322200 ns
[2020-11-10T09:41:32.863+0000][7][safepoint   ] Safepoint "Cleanup", Time since last: 3000512600 ns, Reaching safepoint: 245800 ns, At safepoint: 12600 ns, Total: 258400 ns
[2020-11-10T09:41:33.864+0000][7][safepoint   ] Safepoint "Cleanup", Time since last: 1000951200 ns, Reaching safepoint: 166000 ns, At safepoint: 22400 ns, Total: 188400 ns
[2020-11-10T09:41:35.832+0000][7][safepoint   ] Safepoint "Cleanup", Time since last: 2000873100 ns, Reaching safepoint: 288200 ns, At safepoint: 27000 ns, Total: 315200 ns
[2020-11-10T09:41:42.833+0000][7][safepoint   ] Safepoint "Cleanup", Time since last: 7001212100 ns, Reaching safepoint: 284100 ns, At safepoint: 13500 ns, Total: 297600 ns
[2020-11-10T09:41:43.834+0000][7][safepoint   ] Safepoint "Cleanup", Time since last: 1000852000 ns, Reaching safepoint: 239700 ns, At safepoint: 27000 ns, Total: 266700 ns
[2020-11-10T09:41:47.836+0000][7][safepoint   ] Safepoint "Cleanup", Time since last: 4001080700 ns, Reaching safepoint: 263500 ns, At safepoint: 32100 ns, Total: 295600 ns
[2020-11-10T09:41:53.837+0000][7][safepoint   ] Safepoint "Cleanup", Time since last: 6001474200 ns, Reaching safepoint: 288400 ns, At safepoint: 30700 ns, Total: 319100 ns
[2020-11-10T09:41:56.839+0000][7][safepoint   ] Safepoint "Cleanup", Time since last: 3001079400 ns, Reaching safepoint: 262800 ns, At safepoint: 27800 ns, Total: 290600 ns
[2020-11-10T09:41:57.840+0000][7][safepoint   ] Safepoint "Cleanup", Time since last: 1000822600 ns, Reaching safepoint: 431500 ns, At safepoint: 21600 ns, Total: 453100 ns
[2020-11-10T09:41:59.285+0000][7][gc,start    ] GC(21) Pause Young (Normal) (G1 Evacuation Pause)
[2020-11-10T09:41:59.286+0000][7][gc,task     ] GC(21) Using 8 workers of 8 for evacuation
[2020-11-10T09:41:59.287+0000][7][gc,age      ] GC(21) Desired survivor size 18874368 bytes, new threshold 15 (max threshold 15)
[2020-11-10T09:41:59.300+0000][7][gc,age      ] GC(21) Age table with threshold 15 (max threshold 15)
[2020-11-10T09:41:59.301+0000][7][gc,age      ] GC(21) - age   1:     635504 bytes,     635504 total
[2020-11-10T09:41:59.301+0000][7][gc,age      ] GC(21) - age   2:    1581056 bytes,    2216560 total
[2020-11-10T09:41:59.302+0000][7][gc,age      ] GC(21) - age   3:    1028560 bytes,    3245120 total
[2020-11-10T09:41:59.302+0000][7][gc,age      ] GC(21) - age   4:      75472 bytes,    3320592 total
[2020-11-10T09:41:59.303+0000][7][gc,age      ] GC(21) - age   5:      36968 bytes,    3357560 total
[2020-11-10T09:41:59.303+0000][7][gc,age      ] GC(21) - age   6:    1149528 bytes,    4507088 total
[2020-11-10T09:41:59.304+0000][7][gc,age      ] GC(21) - age   7:    6488168 bytes,   10995256 total
[2020-11-10T09:41:59.304+0000][7][gc,phases   ] GC(21)   Pre Evacuate Collection Set: 0.3ms
[2020-11-10T09:41:59.305+0000][7][gc,phases   ] GC(21)   Merge Heap Roots: 0.3ms
[2020-11-10T09:41:59.305+0000][7][gc,phases   ] GC(21)   Evacuate Collection Set: 8.9ms
[2020-11-10T09:41:59.306+0000][7][gc,phases   ] GC(21)   Post Evacuate Collection Set: 3.2ms
[2020-11-10T09:41:59.306+0000][7][gc,phases   ] GC(21)   Other: 6.2ms
[2020-11-10T09:41:59.307+0000][7][gc,heap     ] GC(21) Eden regions: 275->0(279)
[2020-11-10T09:41:59.307+0000][7][gc,heap     ] GC(21) Survivor regions: 13->12(36)
[2020-11-10T09:41:59.307+0000][7][gc,heap     ] GC(21) Old regions: 70->70
[2020-11-10T09:41:59.308+0000][7][gc,heap     ] GC(21) Archive regions: 2->2
[2020-11-10T09:41:59.308+0000][7][gc,heap     ] GC(21) Humongous regions: 7->7
[2020-11-10T09:41:59.309+0000][7][gc,metaspace] GC(21) Metaspace: 100732K(104964K)->100732K(104964K) NonClass: 87522K(90628K)->87522K(90628K) Class: 13209K(14336K)->13209K(14336K)
[2020-11-10T09:41:59.309+0000][7][gc          ] GC(21) Pause Young (Normal) (G1 Evacuation Pause) 365M->89M(512M) 23.693ms
[2020-11-10T09:41:59.310+0000][7][gc,cpu      ] GC(21) User=0.03s Sys=0.01s Real=0.03s
[2020-11-10T09:41:59.310+0000][7][safepoint   ] Safepoint "G1CollectForAllocation", Time since last: 1445230200 ns, Reaching safepoint: 226400 ns, At safepoint: 24689800 ns, Total: 24916200 ns
[2020-11-10T09:42:00.311+0000][7][safepoint   ] Safepoint "Cleanup", Time since last: 1000490800 ns, Reaching safepoint: 536500 ns, At safepoint: 27400 ns, Total: 563900 ns
[2020-11-10T09:42:02.313+0000][7][safepoint   ] Safepoint "Cleanup", Time since last: 2001308400 ns, Reaching safepoint: 470100 ns, At safepoint: 31800 ns, Total: 501900 ns
[2020-11-10T09:42:04.280+0000][7][safepoint   ] Safepoint "Cleanup", Time since last: 2001284400 ns, Reaching safepoint: 272100 ns, At safepoint: 8300 ns, Total: 280400 ns
[2020-11-10T09:42:04.963+0000][7][gc,heap,exit] Heap
[2020-11-10T09:42:04.965+0000][7][gc,heap,exit]  garbage-first heap   total 524288K, used 120208K [0x00000000e0000000, 0x0000000100000000)
[2020-11-10T09:42:04.966+0000][7][gc,heap,exit]   region size 1024K, 42 young (43008K), 12 survivors (12288K)
[2020-11-10T09:42:04.967+0000][7][gc,heap,exit]  Metaspace       used 100908K, capacity 104274K, committed 105348K, reserved 1140736K
[2020-11-10T09:42:04.967+0000][7][gc,heap,exit]   class space    used 13239K, capacity 14332K, committed 14464K, reserved 1048576K
