[2020-11-10T08:54:48.383+0000][6][gc] Using G1
[2020-11-10T08:54:48.761+0000][6][gc,init] Version: 15+36-1562 (release)
[2020-11-10T08:54:48.762+0000][6][gc,init] CPUs: 8 total, 8 available
[2020-11-10T08:54:48.765+0000][6][gc,init] Memory: 7961M
[2020-11-10T08:54:48.766+0000][6][gc,init] Large Page Support: Disabled
[2020-11-10T08:54:48.767+0000][6][gc,init] NUMA Support: Disabled
[2020-11-10T08:54:48.768+0000][6][gc,init] Compressed Oops: Enabled (32-bit)
[2020-11-10T08:54:48.769+0000][6][gc,init] Heap Region Size: 1M
[2020-11-10T08:54:48.770+0000][6][gc,init] Heap Min Capacity: 512M
[2020-11-10T08:54:48.770+0000][6][gc,init] Heap Initial Capacity: 512M
[2020-11-10T08:54:48.771+0000][6][gc,init] Heap Max Capacity: 512M
[2020-11-10T08:54:48.773+0000][6][gc,init] Pre-touch: Enabled
[2020-11-10T08:54:48.774+0000][6][gc,init] Parallel Workers: 8
[2020-11-10T08:54:48.775+0000][6][gc,init] Concurrent Workers: 2
[2020-11-10T08:54:48.775+0000][6][gc,init] Concurrent Refinement Workers: 8
[2020-11-10T08:54:48.776+0000][6][gc,init] Periodic GC: Disabled
[2020-11-10T08:54:48.778+0000][6][gc,cds ] Mark closed archive regions in map: [0x00000000fff00000, 0x00000000fff7bff8]
[2020-11-10T08:54:48.778+0000][6][gc,cds ] Mark open archive regions in map: [0x00000000ffe00000, 0x00000000ffe51ff8]
[2020-11-10T08:54:48.785+0000][6][gc,metaspace] CDS archive(s) mapped at: [0x0000000800000000-0x0000000800b33000-0x0000000800b33000), size 11743232, SharedBaseAddress: 0x0000000800000000, ArchiveRelocationMode: 0.
[2020-11-10T08:54:48.786+0000][6][gc,metaspace] Compressed class space mapped at: 0x0000000800b34000-0x0000000840b34000, size: 1073741824
[2020-11-10T08:54:48.788+0000][6][gc,metaspace] Narrow klass base: 0x0000000800000000, Narrow klass shift: 3, Narrow klass range: 0x100000000
[2020-11-10T08:54:49.895+0000][6][safepoint   ] Safepoint "Cleanup", Time since last: 1091276900 ns, Reaching safepoint: 2162000 ns, At safepoint: 91700 ns, Total: 2253700 ns
[2020-11-10T08:54:50.737+0000][6][gc,start    ] GC(0) Pause Young (Normal) (G1 Evacuation Pause)
[2020-11-10T08:54:50.771+0000][6][gc,task     ] GC(0) Using 8 workers of 8 for evacuation
[2020-11-10T08:54:50.773+0000][6][gc,age      ] GC(0) Desired survivor size 2097152 bytes, new threshold 15 (max threshold 15)
[2020-11-10T08:54:50.795+0000][6][gc,age      ] GC(0) Age table with threshold 15 (max threshold 15)
[2020-11-10T08:54:50.797+0000][6][gc,age      ] GC(0) - age   1:    3483624 bytes,    3483624 total
[2020-11-10T08:54:50.802+0000][6][gc,phases   ] GC(0)   Pre Evacuate Collection Set: 1.3ms
[2020-11-10T08:54:50.804+0000][6][gc,phases   ] GC(0)   Merge Heap Roots: 2.5ms
[2020-11-10T08:54:50.805+0000][6][gc,phases   ] GC(0)   Evacuate Collection Set: 8.5ms
[2020-11-10T08:54:50.807+0000][6][gc,phases   ] GC(0)   Post Evacuate Collection Set: 7.2ms
[2020-11-10T08:54:50.808+0000][6][gc,phases   ] GC(0)   Other: 44.1ms
[2020-11-10T08:54:50.809+0000][6][gc,heap     ] GC(0) Eden regions: 25->0(35)
[2020-11-10T08:54:50.811+0000][6][gc,heap     ] GC(0) Survivor regions: 0->4(4)
[2020-11-10T08:54:50.812+0000][6][gc,heap     ] GC(0) Old regions: 0->0
[2020-11-10T08:54:50.812+0000][6][gc,heap     ] GC(0) Archive regions: 2->2
[2020-11-10T08:54:50.813+0000][6][gc,heap     ] GC(0) Humongous regions: 1->1
[2020-11-10T08:54:50.814+0000][6][gc,metaspace] GC(0) Metaspace: 8505K(9600K)->8505K(9600K) NonClass: 7542K(8448K)->7542K(8448K) Class: 962K(1152K)->962K(1152K)
[2020-11-10T08:54:50.815+0000][6][gc          ] GC(0) Pause Young (Normal) (G1 Evacuation Pause) 26M->5M(512M) 77.900ms
[2020-11-10T08:54:50.817+0000][6][gc,cpu      ] GC(0) User=0.08s Sys=0.01s Real=0.08s
[2020-11-10T08:54:50.818+0000][6][safepoint   ] Safepoint "G1CollectForAllocation", Time since last: 839656200 ns, Reaching safepoint: 2666300 ns, At safepoint: 81238100 ns, Total: 83904400 ns
[2020-11-10T08:54:52.400+0000][6][safepoint   ] Safepoint "Cleanup", Time since last: 1580829000 ns, Reaching safepoint: 311800 ns, At safepoint: 4800 ns, Total: 316600 ns
[2020-11-10T08:54:52.692+0000][6][gc,start    ] GC(1) Pause Young (Normal) (G1 Evacuation Pause)
[2020-11-10T08:54:52.694+0000][6][gc,task     ] GC(1) Using 8 workers of 8 for evacuation
[2020-11-10T08:54:52.694+0000][6][gc,age      ] GC(1) Desired survivor size 2621440 bytes, new threshold 1 (max threshold 15)
[2020-11-10T08:54:52.717+0000][6][gc,age      ] GC(1) Age table with threshold 1 (max threshold 15)
[2020-11-10T08:54:52.718+0000][6][gc,age      ] GC(1) - age   1:    2301912 bytes,    2301912 total
[2020-11-10T08:54:52.719+0000][6][gc,phases   ] GC(1)   Pre Evacuate Collection Set: 0.3ms
[2020-11-10T08:54:52.719+0000][6][gc,phases   ] GC(1)   Merge Heap Roots: 0.4ms
[2020-11-10T08:54:52.720+0000][6][gc,phases   ] GC(1)   Evacuate Collection Set: 16.1ms
[2020-11-10T08:54:52.721+0000][6][gc,phases   ] GC(1)   Post Evacuate Collection Set: 4.4ms
[2020-11-10T08:54:52.722+0000][6][gc,phases   ] GC(1)   Other: 5.9ms
[2020-11-10T08:54:52.722+0000][6][gc,heap     ] GC(1) Eden regions: 35->0(304)
[2020-11-10T08:54:52.723+0000][6][gc,heap     ] GC(1) Survivor regions: 4->3(5)
[2020-11-10T08:54:52.724+0000][6][gc,heap     ] GC(1) Old regions: 0->4
[2020-11-10T08:54:52.725+0000][6][gc,heap     ] GC(1) Archive regions: 2->2
[2020-11-10T08:54:52.726+0000][6][gc,heap     ] GC(1) Humongous regions: 1->1
[2020-11-10T08:54:52.726+0000][6][gc,metaspace] GC(1) Metaspace: 13634K(14080K)->13634K(14080K) NonClass: 12015K(12288K)->12015K(12288K) Class: 1619K(1792K)->1619K(1792K)
[2020-11-10T08:54:52.728+0000][6][gc          ] GC(1) Pause Young (Normal) (G1 Evacuation Pause) 40M->7M(512M) 35.906ms
[2020-11-10T08:54:52.729+0000][6][gc,cpu      ] GC(1) User=0.03s Sys=0.01s Real=0.03s
[2020-11-10T08:54:52.730+0000][6][safepoint   ] Safepoint "G1CollectForAllocation", Time since last: 290694000 ns, Reaching safepoint: 1261300 ns, At safepoint: 37994500 ns, Total: 39255800 ns
[2020-11-10T08:54:53.590+0000][6][safepoint   ] Safepoint "ICBufferFull", Time since last: 860315600 ns, Reaching safepoint: 367000 ns, At safepoint: 15400 ns, Total: 382400 ns
[2020-11-10T08:54:53.613+0000][6][safepoint   ] Safepoint "ICBufferFull", Time since last: 19962700 ns, Reaching safepoint: 2265100 ns, At safepoint: 69600 ns, Total: 2334700 ns
[2020-11-10T08:54:53.635+0000][6][safepoint   ] Safepoint "ICBufferFull", Time since last: 20685100 ns, Reaching safepoint: 2093100 ns, At safepoint: 84400 ns, Total: 2177500 ns
[2020-11-10T08:54:53.657+0000][6][safepoint   ] Safepoint "ICBufferFull", Time since last: 17800400 ns, Reaching safepoint: 4037000 ns, At safepoint: 35900 ns, Total: 4072900 ns
[2020-11-10T08:54:53.681+0000][6][safepoint   ] Safepoint "ICBufferFull", Time since last: 20031500 ns, Reaching safepoint: 3954500 ns, At safepoint: 48900 ns, Total: 4003400 ns
[2020-11-10T08:54:53.703+0000][6][safepoint   ] Safepoint "ICBufferFull", Time since last: 17918700 ns, Reaching safepoint: 4004400 ns, At safepoint: 42500 ns, Total: 4046900 ns
[2020-11-10T08:54:53.720+0000][6][safepoint   ] Safepoint "ICBufferFull", Time since last: 12532000 ns, Reaching safepoint: 3765700 ns, At safepoint: 33700 ns, Total: 3799400 ns
[2020-11-10T08:54:53.731+0000][6][safepoint   ] Safepoint "ICBufferFull", Time since last: 10893900 ns, Reaching safepoint: 225200 ns, At safepoint: 55900 ns, Total: 281100 ns
[2020-11-10T08:54:53.744+0000][6][safepoint   ] Safepoint "ICBufferFull", Time since last: 13042200 ns, Reaching safepoint: 400300 ns, At safepoint: 30000 ns, Total: 430300 ns
[2020-11-10T08:54:53.759+0000][6][safepoint   ] Safepoint "ICBufferFull", Time since last: 14289700 ns, Reaching safepoint: 157000 ns, At safepoint: 45600 ns, Total: 202600 ns
[2020-11-10T08:54:53.779+0000][6][safepoint   ] Safepoint "ICBufferFull", Time since last: 10276700 ns, Reaching safepoint: 10154400 ns, At safepoint: 40900 ns, Total: 10195300 ns
[2020-11-10T08:54:53.796+0000][6][safepoint   ] Safepoint "ICBufferFull", Time since last: 15337400 ns, Reaching safepoint: 930500 ns, At safepoint: 85900 ns, Total: 1016400 ns
[2020-11-10T08:54:53.815+0000][6][safepoint   ] Safepoint "ICBufferFull", Time since last: 16024200 ns, Reaching safepoint: 3728000 ns, At safepoint: 76000 ns, Total: 3804000 ns
[2020-11-10T08:54:53.837+0000][6][safepoint   ] Safepoint "ICBufferFull", Time since last: 21282600 ns, Reaching safepoint: 353700 ns, At safepoint: 58800 ns, Total: 412500 ns
[2020-11-10T08:54:53.846+0000][6][safepoint   ] Safepoint "ICBufferFull", Time since last: 8181400 ns, Reaching safepoint: 1024200 ns, At safepoint: 36200 ns, Total: 1060400 ns
[2020-11-10T08:54:53.857+0000][6][safepoint   ] Safepoint "ICBufferFull", Time since last: 7239500 ns, Reaching safepoint: 3640600 ns, At safepoint: 32000 ns, Total: 3672600 ns
[2020-11-10T08:54:53.863+0000][6][safepoint   ] Safepoint "ICBufferFull", Time since last: 6022500 ns, Reaching safepoint: 200700 ns, At safepoint: 50200 ns, Total: 250900 ns
[2020-11-10T08:54:54.472+0000][6][safepoint   ] Safepoint "ICBufferFull", Time since last: 604290700 ns, Reaching safepoint: 4612400 ns, At safepoint: 58100 ns, Total: 4670500 ns
[2020-11-10T08:54:55.944+0000][6][gc,start    ] GC(2) Pause Young (Normal) (G1 Evacuation Pause)
[2020-11-10T08:54:55.945+0000][6][gc,task     ] GC(2) Using 8 workers of 8 for evacuation
[2020-11-10T08:54:55.946+0000][6][gc,age      ] GC(2) Desired survivor size 20447232 bytes, new threshold 15 (max threshold 15)
[2020-11-10T08:54:55.972+0000][6][gc,age      ] GC(2) Age table with threshold 15 (max threshold 15)
[2020-11-10T08:54:55.973+0000][6][gc,age      ] GC(2) - age   1:    8117784 bytes,    8117784 total
[2020-11-10T08:54:55.974+0000][6][gc,age      ] GC(2) - age   2:    2249120 bytes,   10366904 total
[2020-11-10T08:54:55.975+0000][6][gc,phases   ] GC(2)   Pre Evacuate Collection Set: 0.3ms
[2020-11-10T08:54:55.978+0000][6][gc,phases   ] GC(2)   Merge Heap Roots: 0.6ms
[2020-11-10T08:54:55.978+0000][6][gc,phases   ] GC(2)   Evacuate Collection Set: 17.2ms
[2020-11-10T08:54:55.980+0000][6][gc,phases   ] GC(2)   Post Evacuate Collection Set: 6.0ms
[2020-11-10T08:54:55.981+0000][6][gc,phases   ] GC(2)   Other: 6.9ms
[2020-11-10T08:54:55.985+0000][6][gc,heap     ] GC(2) Eden regions: 304->0(296)
[2020-11-10T08:54:55.986+0000][6][gc,heap     ] GC(2) Survivor regions: 3->11(39)
[2020-11-10T08:54:55.986+0000][6][gc,heap     ] GC(2) Old regions: 4->4
[2020-11-10T08:54:55.988+0000][6][gc,heap     ] GC(2) Archive regions: 2->2
[2020-11-10T08:54:55.990+0000][6][gc,heap     ] GC(2) Humongous regions: 2->1
[2020-11-10T08:54:55.991+0000][6][gc,metaspace] GC(2) Metaspace: 18121K(18816K)->18121K(18816K) NonClass: 15922K(16384K)->15922K(16384K) Class: 2198K(2432K)->2198K(2432K)
[2020-11-10T08:54:55.992+0000][6][gc          ] GC(2) Pause Young (Normal) (G1 Evacuation Pause) 312M->15M(512M) 48.114ms
[2020-11-10T08:54:55.994+0000][6][gc,cpu      ] GC(2) User=0.05s Sys=0.02s Real=0.05s
[2020-11-10T08:54:55.996+0000][6][safepoint   ] Safepoint "G1CollectForAllocation", Time since last: 1470742800 ns, Reaching safepoint: 915800 ns, At safepoint: 51618800 ns, Total: 52534600 ns
[2020-11-10T08:54:57.240+0000][6][safepoint   ] Safepoint "Cleanup", Time since last: 1244077400 ns, Reaching safepoint: 457100 ns, At safepoint: 24400 ns, Total: 481500 ns
[2020-11-10T08:54:57.545+0000][6][gc,start    ] GC(3) Pause Young (Normal) (G1 Evacuation Pause)
[2020-11-10T08:54:57.546+0000][6][gc,task     ] GC(3) Using 8 workers of 8 for evacuation
[2020-11-10T08:54:57.547+0000][6][gc,age      ] GC(3) Desired survivor size 20447232 bytes, new threshold 15 (max threshold 15)
[2020-11-10T08:54:57.574+0000][6][gc,age      ] GC(3) Age table with threshold 15 (max threshold 15)
[2020-11-10T08:54:57.577+0000][6][gc,age      ] GC(3) - age   1:    4285712 bytes,    4285712 total
[2020-11-10T08:54:57.580+0000][6][gc,age      ] GC(3) - age   2:    6193872 bytes,   10479584 total
[2020-11-10T08:54:57.583+0000][6][gc,age      ] GC(3) - age   3:    2249120 bytes,   12728704 total
[2020-11-10T08:54:57.584+0000][6][gc,phases   ] GC(3)   Pre Evacuate Collection Set: 0.4ms
[2020-11-10T08:54:57.585+0000][6][gc,phases   ] GC(3)   Merge Heap Roots: 0.3ms
[2020-11-10T08:54:57.586+0000][6][gc,phases   ] GC(3)   Evacuate Collection Set: 21.8ms
[2020-11-10T08:54:57.587+0000][6][gc,phases   ] GC(3)   Post Evacuate Collection Set: 3.4ms
[2020-11-10T08:54:57.589+0000][6][gc,phases   ] GC(3)   Other: 12.8ms
[2020-11-10T08:54:57.591+0000][6][gc,heap     ] GC(3) Eden regions: 296->0(294)
[2020-11-10T08:54:57.594+0000][6][gc,heap     ] GC(3) Survivor regions: 11->13(39)
[2020-11-10T08:54:57.599+0000][6][gc,heap     ] GC(3) Old regions: 4->4
[2020-11-10T08:54:57.600+0000][6][gc,heap     ] GC(3) Archive regions: 2->2
[2020-11-10T08:54:57.601+0000][6][gc,heap     ] GC(3) Humongous regions: 1->1
[2020-11-10T08:54:57.602+0000][6][gc,metaspace] GC(3) Metaspace: 19517K(20480K)->19517K(20480K) NonClass: 17189K(17920K)->17189K(17920K) Class: 2327K(2560K)->2327K(2560K)
[2020-11-10T08:54:57.603+0000][6][gc          ] GC(3) Pause Young (Normal) (G1 Evacuation Pause) 311M->17M(512M) 58.058ms
[2020-11-10T08:54:57.604+0000][6][gc,cpu      ] GC(3) User=0.05s Sys=0.02s Real=0.06s
[2020-11-10T08:54:57.604+0000][6][safepoint   ] Safepoint "G1CollectForAllocation", Time since last: 299483600 ns, Reaching safepoint: 5377300 ns, At safepoint: 59256800 ns, Total: 64634100 ns
[2020-11-10T08:54:58.313+0000][6][gc,start    ] GC(4) Pause Young (Normal) (G1 Evacuation Pause)
[2020-11-10T08:54:58.314+0000][6][gc,task     ] GC(4) Using 8 workers of 8 for evacuation
[2020-11-10T08:54:58.316+0000][6][gc,age      ] GC(4) Desired survivor size 20447232 bytes, new threshold 15 (max threshold 15)
[2020-11-10T08:54:58.339+0000][6][gc,age      ] GC(4) Age table with threshold 15 (max threshold 15)
[2020-11-10T08:54:58.348+0000][6][gc,age      ] GC(4) - age   1:    2256304 bytes,    2256304 total
[2020-11-10T08:54:58.352+0000][6][gc,age      ] GC(4) - age   2:    2285904 bytes,    4542208 total
[2020-11-10T08:54:58.354+0000][6][gc,age      ] GC(4) - age   3:    6189184 bytes,   10731392 total
[2020-11-10T08:54:58.360+0000][6][gc,age      ] GC(4) - age   4:    2248976 bytes,   12980368 total
[2020-11-10T08:54:58.362+0000][6][gc,phases   ] GC(4)   Pre Evacuate Collection Set: 0.4ms
[2020-11-10T08:54:58.363+0000][6][gc,phases   ] GC(4)   Merge Heap Roots: 1.4ms
[2020-11-10T08:54:58.364+0000][6][gc,phases   ] GC(4)   Evacuate Collection Set: 14.2ms
[2020-11-10T08:54:58.365+0000][6][gc,phases   ] GC(4)   Post Evacuate Collection Set: 5.5ms
[2020-11-10T08:54:58.365+0000][6][gc,phases   ] GC(4)   Other: 26.8ms
[2020-11-10T08:54:58.366+0000][6][gc,heap     ] GC(4) Eden regions: 294->0(293)
[2020-11-10T08:54:58.367+0000][6][gc,heap     ] GC(4) Survivor regions: 13->14(39)
[2020-11-10T08:54:58.368+0000][6][gc,heap     ] GC(4) Old regions: 4->4
[2020-11-10T08:54:58.369+0000][6][gc,heap     ] GC(4) Archive regions: 2->2
[2020-11-10T08:54:58.370+0000][6][gc,heap     ] GC(4) Humongous regions: 1->1
[2020-11-10T08:54:58.371+0000][6][gc,metaspace] GC(4) Metaspace: 19893K(21120K)->19893K(21120K) NonClass: 17500K(18432K)->17500K(18432K) Class: 2393K(2688K)->2393K(2688K)
[2020-11-10T08:54:58.372+0000][6][gc          ] GC(4) Pause Young (Normal) (G1 Evacuation Pause) 311M->18M(512M) 58.832ms
[2020-11-10T08:54:58.373+0000][6][gc,cpu      ] GC(4) User=0.05s Sys=0.01s Real=0.06s
[2020-11-10T08:54:58.374+0000][6][safepoint   ] Safepoint "G1CollectForAllocation", Time since last: 708254300 ns, Reaching safepoint: 683900 ns, At safepoint: 60504600 ns, Total: 61188500 ns
[2020-11-10T08:54:58.695+0000][6][gc,start    ] GC(5) Pause Young (Concurrent Start) (Metadata GC Threshold)
[2020-11-10T08:54:58.697+0000][6][gc,task     ] GC(5) Using 8 workers of 8 for evacuation
[2020-11-10T08:54:58.698+0000][6][gc,age      ] GC(5) Desired survivor size 20447232 bytes, new threshold 15 (max threshold 15)
[2020-11-10T08:54:58.723+0000][6][gc,age      ] GC(5) Age table with threshold 15 (max threshold 15)
[2020-11-10T08:54:58.726+0000][6][gc,age      ] GC(5) - age   1:    1401488 bytes,    1401488 total
[2020-11-10T08:54:58.730+0000][6][gc,age      ] GC(5) - age   2:     541112 bytes,    1942600 total
[2020-11-10T08:54:58.731+0000][6][gc,age      ] GC(5) - age   3:    2285904 bytes,    4228504 total
[2020-11-10T08:54:58.733+0000][6][gc,age      ] GC(5) - age   4:    6188408 bytes,   10416912 total
[2020-11-10T08:54:58.734+0000][6][gc,age      ] GC(5) - age   5:    2248976 bytes,   12665888 total
[2020-11-10T08:54:58.735+0000][6][gc,phases   ] GC(5)   Pre Evacuate Collection Set: 0.3ms
[2020-11-10T08:54:58.736+0000][6][gc,phases   ] GC(5)   Merge Heap Roots: 2.7ms
[2020-11-10T08:54:58.737+0000][6][gc,phases   ] GC(5)   Evacuate Collection Set: 17.6ms
[2020-11-10T08:54:58.738+0000][6][gc,phases   ] GC(5)   Post Evacuate Collection Set: 3.5ms
[2020-11-10T08:54:58.739+0000][6][gc,phases   ] GC(5)   Other: 15.4ms
[2020-11-10T08:54:58.740+0000][6][gc,heap     ] GC(5) Eden regions: 97->0(294)
[2020-11-10T08:54:58.741+0000][6][gc,heap     ] GC(5) Survivor regions: 14->13(39)
[2020-11-10T08:54:58.742+0000][6][gc,heap     ] GC(5) Old regions: 4->4
[2020-11-10T08:54:58.743+0000][6][gc,heap     ] GC(5) Archive regions: 2->2
[2020-11-10T08:54:58.744+0000][6][gc,heap     ] GC(5) Humongous regions: 1->1
[2020-11-10T08:54:58.744+0000][6][gc,metaspace] GC(5) Metaspace: 20076K(21296K)->20076K(21296K) NonClass: 17650K(18608K)->17650K(18608K) Class: 2425K(2688K)->2425K(2688K)
[2020-11-10T08:54:58.745+0000][6][gc          ] GC(5) Pause Young (Concurrent Start) (Metadata GC Threshold) 115M->17M(512M) 50.099ms
[2020-11-10T08:54:58.746+0000][6][gc,cpu      ] GC(5) User=0.05s Sys=0.01s Real=0.05s
[2020-11-10T08:54:58.748+0000][6][safepoint   ] Safepoint "CollectForMetadataAllocation", Time since last: 321049200 ns, Reaching safepoint: 340100 ns, At safepoint: 52558700 ns, Total: 52898800 ns
[2020-11-10T08:54:58.750+0000][6][gc          ] GC(6) Concurrent Cycle
[2020-11-10T08:54:58.754+0000][6][gc,marking  ] GC(6) Concurrent Clear Claimed Marks
[2020-11-10T08:54:58.756+0000][6][gc,marking  ] GC(6) Concurrent Clear Claimed Marks 2.089ms
[2020-11-10T08:54:58.759+0000][6][gc,marking  ] GC(6) Concurrent Scan Root Regions
[2020-11-10T08:54:58.767+0000][6][gc,marking  ] GC(6) Concurrent Scan Root Regions 7.633ms
[2020-11-10T08:54:58.768+0000][6][gc,marking  ] GC(6) Concurrent Mark (10.409s)
[2020-11-10T08:54:58.769+0000][6][gc,marking  ] GC(6) Concurrent Mark From Roots
[2020-11-10T08:54:58.770+0000][6][gc,task     ] GC(6) Using 2 workers of 2 for marking
[2020-11-10T08:54:58.792+0000][6][gc,marking  ] GC(6) Concurrent Mark From Roots 23.348ms
[2020-11-10T08:54:58.793+0000][6][gc,marking  ] GC(6) Concurrent Preclean
[2020-11-10T08:54:58.795+0000][6][gc,marking  ] GC(6) Concurrent Preclean 1.353ms
[2020-11-10T08:54:58.796+0000][6][gc,marking  ] GC(6) Concurrent Mark (10.409s, 10.436s) 27.744ms
[2020-11-10T08:54:58.798+0000][6][gc,start    ] GC(6) Pause Remark
[2020-11-10T08:54:58.814+0000][6][gc          ] GC(6) Pause Remark 27M->27M(512M) 16.252ms
[2020-11-10T08:54:58.816+0000][6][gc,cpu      ] GC(6) User=0.01s Sys=0.00s Real=0.02s
[2020-11-10T08:54:58.818+0000][6][safepoint   ] Safepoint "G1Concurrent", Time since last: 49579000 ns, Reaching safepoint: 193300 ns, At safepoint: 20420300 ns, Total: 20613600 ns
[2020-11-10T08:54:58.819+0000][6][gc,marking  ] GC(6) Concurrent Rebuild Remembered Sets
[2020-11-10T08:54:58.829+0000][6][gc,marking  ] GC(6) Concurrent Rebuild Remembered Sets 10.400ms
[2020-11-10T08:54:58.832+0000][6][gc,start    ] GC(6) Pause Cleanup
[2020-11-10T08:54:58.836+0000][6][gc          ] GC(6) Pause Cleanup 37M->37M(512M) 3.254ms
[2020-11-10T08:54:58.837+0000][6][gc,cpu      ] GC(6) User=0.00s Sys=0.00s Real=0.00s
[2020-11-10T08:54:58.838+0000][6][safepoint   ] Safepoint "G1Concurrent", Time since last: 13199500 ns, Reaching safepoint: 1254600 ns, At safepoint: 5637400 ns, Total: 6892000 ns
[2020-11-10T08:54:58.841+0000][6][gc,marking  ] GC(6) Concurrent Cleanup for Next Mark
[2020-11-10T08:54:58.845+0000][6][gc,marking  ] GC(6) Concurrent Cleanup for Next Mark 3.494ms
[2020-11-10T08:54:58.846+0000][6][gc          ] GC(6) Concurrent Cycle 95.614ms
[2020-11-10T08:54:59.499+0000][6][gc,start    ] GC(7) Pause Young (Normal) (G1 Evacuation Pause)
[2020-11-10T08:54:59.500+0000][6][gc,task     ] GC(7) Using 8 workers of 8 for evacuation
[2020-11-10T08:54:59.501+0000][6][gc,age      ] GC(7) Desired survivor size 20447232 bytes, new threshold 15 (max threshold 15)
[2020-11-10T08:54:59.546+0000][6][gc,age      ] GC(7) Age table with threshold 15 (max threshold 15)
[2020-11-10T08:54:59.548+0000][6][gc,age      ] GC(7) - age   1:     987552 bytes,     987552 total
[2020-11-10T08:54:59.550+0000][6][gc,age      ] GC(7) - age   2:    1382560 bytes,    2370112 total
[2020-11-10T08:54:59.552+0000][6][gc,age      ] GC(7) - age   3:     540312 bytes,    2910424 total
[2020-11-10T08:54:59.554+0000][6][gc,age      ] GC(7) - age   4:    2284864 bytes,    5195288 total
[2020-11-10T08:54:59.555+0000][6][gc,age      ] GC(7) - age   5:    6185752 bytes,   11381040 total
[2020-11-10T08:54:59.556+0000][6][gc,age      ] GC(7) - age   6:    2247760 bytes,   13628800 total
[2020-11-10T08:54:59.558+0000][6][gc,phases   ] GC(7)   Pre Evacuate Collection Set: 0.3ms
[2020-11-10T08:54:59.559+0000][6][gc,phases   ] GC(7)   Merge Heap Roots: 0.6ms
[2020-11-10T08:54:59.560+0000][6][gc,phases   ] GC(7)   Evacuate Collection Set: 39.1ms
[2020-11-10T08:54:59.561+0000][6][gc,phases   ] GC(7)   Post Evacuate Collection Set: 4.1ms
[2020-11-10T08:54:59.563+0000][6][gc,phases   ] GC(7)   Other: 14.2ms
[2020-11-10T08:54:59.565+0000][6][gc,heap     ] GC(7) Eden regions: 294->0(293)
[2020-11-10T08:54:59.566+0000][6][gc,heap     ] GC(7) Survivor regions: 13->14(39)
[2020-11-10T08:54:59.567+0000][6][gc,heap     ] GC(7) Old regions: 4->4
[2020-11-10T08:54:59.568+0000][6][gc,heap     ] GC(7) Archive regions: 2->2
[2020-11-10T08:54:59.569+0000][6][gc,heap     ] GC(7) Humongous regions: 1->1
[2020-11-10T08:54:59.571+0000][6][gc,metaspace] GC(7) Metaspace: 20412K(21884K)->20412K(21884K) NonClass: 17937K(19068K)->17937K(19068K) Class: 2475K(2816K)->2475K(2816K)
[2020-11-10T08:54:59.572+0000][6][gc          ] GC(7) Pause Young (Normal) (G1 Evacuation Pause) 311M->18M(512M) 72.283ms
[2020-11-10T08:54:59.573+0000][6][gc,cpu      ] GC(7) User=0.06s Sys=0.01s Real=0.08s
[2020-11-10T08:54:59.574+0000][6][safepoint   ] Safepoint "G1CollectForAllocation", Time since last: 656120500 ns, Reaching safepoint: 5121700 ns, At safepoint: 74640600 ns, Total: 79762300 ns
[2020-11-10T08:55:00.584+0000][6][safepoint   ] Safepoint "Cleanup", Time since last: 1002216700 ns, Reaching safepoint: 7983000 ns, At safepoint: 62400 ns, Total: 8045400 ns
[2020-11-10T08:55:01.602+0000][6][safepoint   ] Safepoint "Cleanup", Time since last: 1011114200 ns, Reaching safepoint: 6492700 ns, At safepoint: 9900 ns, Total: 6502600 ns
[2020-11-10T08:55:03.028+0000][6][safepoint   ] Safepoint "Cleanup", Time since last: 1425413100 ns, Reaching safepoint: 527500 ns, At safepoint: 23100 ns, Total: 550600 ns
[2020-11-10T08:55:04.035+0000][6][safepoint   ] Safepoint "Cleanup", Time since last: 1004384600 ns, Reaching safepoint: 2485900 ns, At safepoint: 53200 ns, Total: 2539100 ns
[2020-11-10T08:55:05.194+0000][6][safepoint   ] Safepoint "Cleanup", Time since last: 1155473000 ns, Reaching safepoint: 3405400 ns, At safepoint: 51100 ns, Total: 3456500 ns
[2020-11-10T08:55:05.859+0000][6][gc,start    ] GC(8) Pause Young (Normal) (G1 Evacuation Pause)
[2020-11-10T08:55:05.860+0000][6][gc,task     ] GC(8) Using 8 workers of 8 for evacuation
[2020-11-10T08:55:05.861+0000][6][gc,age      ] GC(8) Desired survivor size 20447232 bytes, new threshold 15 (max threshold 15)
[2020-11-10T08:55:05.958+0000][6][gc,age      ] GC(8) Age table with threshold 15 (max threshold 15)
[2020-11-10T08:55:05.963+0000][6][gc,age      ] GC(8) - age   1:   26133920 bytes,   26133920 total
[2020-11-10T08:55:05.968+0000][6][gc,age      ] GC(8) - age   2:     949416 bytes,   27083336 total
[2020-11-10T08:55:05.969+0000][6][gc,age      ] GC(8) - age   3:    1377240 bytes,   28460576 total
[2020-11-10T08:55:05.970+0000][6][gc,age      ] GC(8) - age   4:     524760 bytes,   28985336 total
[2020-11-10T08:55:05.972+0000][6][gc,age      ] GC(8) - age   5:    2269696 bytes,   31255032 total
[2020-11-10T08:55:05.974+0000][6][gc,age      ] GC(8) - age   6:    6114736 bytes,   37369768 total
[2020-11-10T08:55:05.974+0000][6][gc,age      ] GC(8) - age   7:    2219128 bytes,   39588896 total
[2020-11-10T08:55:05.976+0000][6][gc,phases   ] GC(8)   Pre Evacuate Collection Set: 1.4ms
[2020-11-10T08:55:05.979+0000][6][gc,phases   ] GC(8)   Merge Heap Roots: 1.0ms
[2020-11-10T08:55:05.980+0000][6][gc,phases   ] GC(8)   Evacuate Collection Set: 64.0ms
[2020-11-10T08:55:05.982+0000][6][gc,phases   ] GC(8)   Post Evacuate Collection Set: 28.0ms
[2020-11-10T08:55:05.983+0000][6][gc,phases   ] GC(8)   Other: 22.8ms
[2020-11-10T08:55:05.984+0000][6][gc,heap     ] GC(8) Eden regions: 293->0(268)
[2020-11-10T08:55:05.985+0000][6][gc,heap     ] GC(8) Survivor regions: 14->39(39)
[2020-11-10T08:55:05.986+0000][6][gc,heap     ] GC(8) Old regions: 4->4
[2020-11-10T08:55:05.987+0000][6][gc,heap     ] GC(8) Archive regions: 2->2
[2020-11-10T08:55:05.989+0000][6][gc,heap     ] GC(8) Humongous regions: 1->1
[2020-11-10T08:55:05.989+0000][6][gc,metaspace] GC(8) Metaspace: 29868K(32000K)->29868K(32000K) NonClass: 26167K(27648K)->26167K(27648K) Class: 3700K(4352K)->3700K(4352K)
[2020-11-10T08:55:05.990+0000][6][gc          ] GC(8) Pause Young (Normal) (G1 Evacuation Pause) 311M->44M(512M) 130.972ms
[2020-11-10T08:55:05.991+0000][6][gc,cpu      ] GC(8) User=0.15s Sys=0.01s Real=0.13s
[2020-11-10T08:55:05.992+0000][6][safepoint   ] Safepoint "G1CollectForAllocation", Time since last: 664948100 ns, Reaching safepoint: 559100 ns, At safepoint: 132710000 ns, Total: 133269100 ns
[2020-11-10T08:55:07.007+0000][6][safepoint   ] Safepoint "Cleanup", Time since last: 1003320100 ns, Reaching safepoint: 11988100 ns, At safepoint: 48500 ns, Total: 12036600 ns
[2020-11-10T08:55:07.117+0000][6][gc,start    ] GC(9) Pause Young (Concurrent Start) (Metadata GC Threshold)
[2020-11-10T08:55:07.118+0000][6][gc,task     ] GC(9) Using 8 workers of 8 for evacuation
[2020-11-10T08:55:07.120+0000][6][gc,age      ] GC(9) Desired survivor size 20447232 bytes, new threshold 1 (max threshold 15)
[2020-11-10T08:55:07.212+0000][6][gc,age      ] GC(9) Age table with threshold 1 (max threshold 15)
[2020-11-10T08:55:07.213+0000][6][gc,age      ] GC(9) - age   1:    6206608 bytes,    6206608 total
[2020-11-10T08:55:07.214+0000][6][gc,phases   ] GC(9)   Pre Evacuate Collection Set: 1.2ms
[2020-11-10T08:55:07.215+0000][6][gc,phases   ] GC(9)   Merge Heap Roots: 0.6ms
[2020-11-10T08:55:07.216+0000][6][gc,phases   ] GC(9)   Evacuate Collection Set: 83.0ms
[2020-11-10T08:55:07.217+0000][6][gc,phases   ] GC(9)   Post Evacuate Collection Set: 6.9ms
[2020-11-10T08:55:07.218+0000][6][gc,phases   ] GC(9)   Other: 5.8ms
[2020-11-10T08:55:07.220+0000][6][gc,heap     ] GC(9) Eden regions: 45->0(296)
[2020-11-10T08:55:07.221+0000][6][gc,heap     ] GC(9) Survivor regions: 39->9(39)
[2020-11-10T08:55:07.221+0000][6][gc,heap     ] GC(9) Old regions: 4->42
[2020-11-10T08:55:07.222+0000][6][gc,heap     ] GC(9) Archive regions: 2->2
[2020-11-10T08:55:07.223+0000][6][gc,heap     ] GC(9) Humongous regions: 1->1
[2020-11-10T08:55:07.223+0000][6][gc,metaspace] GC(9) Metaspace: 33643K(35968K)->33643K(35968K) NonClass: 29337K(30976K)->29337K(30976K) Class: 4305K(4992K)->4305K(4992K)
[2020-11-10T08:55:07.224+0000][6][gc          ] GC(9) Pause Young (Concurrent Start) (Metadata GC Threshold) 88M->51M(512M) 107.138ms
[2020-11-10T08:55:07.225+0000][6][gc,cpu      ] GC(9) User=0.18s Sys=0.02s Real=0.11s
[2020-11-10T08:55:07.226+0000][6][safepoint   ] Safepoint "CollectForMetadataAllocation", Time since last: 109471000 ns, Reaching safepoint: 127500 ns, At safepoint: 108866200 ns, Total: 108993700 ns
[2020-11-10T08:55:07.228+0000][6][gc          ] GC(10) Concurrent Cycle
[2020-11-10T08:55:07.229+0000][6][gc,marking  ] GC(10) Concurrent Clear Claimed Marks
[2020-11-10T08:55:07.230+0000][6][gc,marking  ] GC(10) Concurrent Clear Claimed Marks 0.834ms
[2020-11-10T08:55:07.234+0000][6][gc,marking  ] GC(10) Concurrent Scan Root Regions
[2020-11-10T08:55:07.276+0000][6][gc,marking  ] GC(10) Concurrent Scan Root Regions 42.058ms
[2020-11-10T08:55:07.280+0000][6][gc,marking  ] GC(10) Concurrent Mark (18.920s)
[2020-11-10T08:55:07.280+0000][6][gc,marking  ] GC(10) Concurrent Mark From Roots
[2020-11-10T08:55:07.282+0000][6][gc,task     ] GC(10) Using 2 workers of 2 for marking
[2020-11-10T08:55:07.294+0000][6][safepoint   ] Safepoint "CollectForMetadataAllocation", Time since last: 68015000 ns, Reaching safepoint: 331600 ns, At safepoint: 256900 ns, Total: 588500 ns
[2020-11-10T08:55:07.300+0000][6][gc,marking  ] GC(10) Concurrent Mark From Roots 19.241ms
[2020-11-10T08:55:07.301+0000][6][gc,marking  ] GC(10) Concurrent Preclean
[2020-11-10T08:55:07.304+0000][6][gc,marking  ] GC(10) Concurrent Preclean 2.616ms
[2020-11-10T08:55:07.305+0000][6][gc,marking  ] GC(10) Concurrent Mark (18.920s, 18.945s) 25.407ms
[2020-11-10T08:55:07.310+0000][6][gc,start    ] GC(10) Pause Remark
[2020-11-10T08:55:07.304+0000][6][gc          ] GC(10) Pause Remark 53M->53M(512M) 28.586ms
[2020-11-10T08:55:07.310+0000][6][gc,cpu      ] GC(10) User=0.04s Sys=0.00s Real=0.04s
[2020-11-10T08:55:07.315+0000][6][safepoint   ] Safepoint "G1Concurrent", Time since last: 11607300 ns, Reaching safepoint: 1006700 ns, At safepoint: 42316200 ns, Total: 43322900 ns
[2020-11-10T08:55:07.317+0000][6][gc,marking  ] GC(10) Concurrent Rebuild Remembered Sets
[2020-11-10T08:55:07.376+0000][6][gc,marking  ] GC(10) Concurrent Rebuild Remembered Sets 58.910ms
[2020-11-10T08:55:07.382+0000][6][gc,start    ] GC(10) Pause Cleanup
[2020-11-10T08:55:07.386+0000][6][gc          ] GC(10) Pause Cleanup 55M->55M(512M) 4.663ms
[2020-11-10T08:55:07.388+0000][6][gc,cpu      ] GC(10) User=0.00s Sys=0.00s Real=0.01s
[2020-11-10T08:55:07.388+0000][6][safepoint   ] Safepoint "G1Concurrent", Time since last: 65402000 ns, Reaching safepoint: 1075300 ns, At safepoint: 6772900 ns, Total: 7848200 ns
[2020-11-10T08:55:07.391+0000][6][gc,marking  ] GC(10) Concurrent Cleanup for Next Mark
[2020-11-10T08:55:07.393+0000][6][gc,marking  ] GC(10) Concurrent Cleanup for Next Mark 2.411ms
[2020-11-10T08:55:07.394+0000][6][gc          ] GC(10) Concurrent Cycle 200.238ms
[2020-11-10T08:55:08.391+0000][6][safepoint   ] Safepoint "Cleanup", Time since last: 1001996700 ns, Reaching safepoint: 850300 ns, At safepoint: 63600 ns, Total: 913900 ns
[2020-11-10T08:55:09.573+0000][6][safepoint   ] Safepoint "Cleanup", Time since last: 1173608600 ns, Reaching safepoint: 8135700 ns, At safepoint: 113600 ns, Total: 8249300 ns
[2020-11-10T08:55:10.904+0000][6][safepoint   ] Safepoint "ICBufferFull", Time since last: 1330008500 ns, Reaching safepoint: 431600 ns, At safepoint: 52300 ns, Total: 483900 ns
[2020-11-10T08:55:11.906+0000][6][safepoint   ] Safepoint "Cleanup", Time since last: 1002135900 ns, Reaching safepoint: 429400 ns, At safepoint: 66500 ns, Total: 495900 ns
[2020-11-10T08:55:12.870+0000][6][gc,start    ] GC(11) Pause Young (Concurrent Start) (Metadata GC Threshold)
[2020-11-10T08:55:12.870+0000][6][gc,task     ] GC(11) Using 8 workers of 8 for evacuation
[2020-11-10T08:55:12.871+0000][6][gc,age      ] GC(11) Desired survivor size 20447232 bytes, new threshold 15 (max threshold 15)
[2020-11-10T08:55:12.917+0000][6][gc,age      ] GC(11) Age table with threshold 15 (max threshold 15)
[2020-11-10T08:55:12.918+0000][6][gc,age      ] GC(11) - age   1:   11366120 bytes,   11366120 total
[2020-11-10T08:55:12.919+0000][6][gc,age      ] GC(11) - age   2:    6131056 bytes,   17497176 total
[2020-11-10T08:55:12.920+0000][6][gc,phases   ] GC(11)   Pre Evacuate Collection Set: 0.4ms
[2020-11-10T08:55:12.921+0000][6][gc,phases   ] GC(11)   Merge Heap Roots: 0.7ms
[2020-11-10T08:55:12.921+0000][6][gc,phases   ] GC(11)   Evacuate Collection Set: 31.9ms
[2020-11-10T08:55:12.922+0000][6][gc,phases   ] GC(11)   Post Evacuate Collection Set: 11.6ms
[2020-11-10T08:55:12.923+0000][6][gc,phases   ] GC(11)   Other: 5.6ms
[2020-11-10T08:55:12.924+0000][6][gc,heap     ] GC(11) Eden regions: 256->0(285)
[2020-11-10T08:55:12.924+0000][6][gc,heap     ] GC(11) Survivor regions: 9->18(39)
[2020-11-10T08:55:12.925+0000][6][gc,heap     ] GC(11) Old regions: 42->42
[2020-11-10T08:55:12.926+0000][6][gc,heap     ] GC(11) Archive regions: 2->2
[2020-11-10T08:55:12.926+0000][6][gc,heap     ] GC(11) Humongous regions: 1->1
[2020-11-10T08:55:12.927+0000][6][gc,metaspace] GC(11) Metaspace: 57830K(61060K)->57830K(61060K) NonClass: 50080K(52380K)->50080K(52380K) Class: 7749K(8680K)->7749K(8680K)
[2020-11-10T08:55:12.928+0000][6][gc          ] GC(11) Pause Young (Concurrent Start) (Metadata GC Threshold) 307M->60M(512M) 58.599ms
[2020-11-10T08:55:12.929+0000][6][gc,cpu      ] GC(11) User=0.07s Sys=0.01s Real=0.06s
[2020-11-10T08:55:12.930+0000][6][safepoint   ] Safepoint "CollectForMetadataAllocation", Time since last: 962824100 ns, Reaching safepoint: 341400 ns, At safepoint: 60278200 ns, Total: 60619600 ns
[2020-11-10T08:55:12.930+0000][6][gc          ] GC(12) Concurrent Cycle
[2020-11-10T08:55:12.931+0000][6][gc,marking  ] GC(12) Concurrent Clear Claimed Marks
[2020-11-10T08:55:12.932+0000][6][gc,marking  ] GC(12) Concurrent Clear Claimed Marks 0.891ms
[2020-11-10T08:55:12.933+0000][6][gc,marking  ] GC(12) Concurrent Scan Root Regions
[2020-11-10T08:55:12.947+0000][6][gc,marking  ] GC(12) Concurrent Scan Root Regions 14.476ms
[2020-11-10T08:55:12.948+0000][6][gc,marking  ] GC(12) Concurrent Mark (24.623s)
[2020-11-10T08:55:12.949+0000][6][gc,marking  ] GC(12) Concurrent Mark From Roots
[2020-11-10T08:55:12.950+0000][6][gc,task     ] GC(12) Using 2 workers of 2 for marking
[2020-11-10T08:55:12.996+0000][6][gc,marking  ] GC(12) Concurrent Mark From Roots 47.028ms
[2020-11-10T08:55:12.998+0000][6][gc,marking  ] GC(12) Concurrent Preclean
[2020-11-10T08:55:13.000+0000][6][gc,marking  ] GC(12) Concurrent Preclean 1.336ms
[2020-11-10T08:55:13.000+0000][6][gc,marking  ] GC(12) Concurrent Mark (24.623s, 24.675s) 52.164ms
[2020-11-10T08:55:13.002+0000][6][gc,start    ] GC(12) Pause Remark
[2020-11-10T08:55:13.012+0000][6][gc          ] GC(12) Pause Remark 63M->63M(512M) 9.979ms
[2020-11-10T08:55:13.013+0000][6][gc,cpu      ] GC(12) User=0.01s Sys=0.00s Real=0.01s
[2020-11-10T08:55:13.014+0000][6][safepoint   ] Safepoint "G1Concurrent", Time since last: 71589900 ns, Reaching safepoint: 744300 ns, At safepoint: 11766000 ns, Total: 12510300 ns
[2020-11-10T08:55:13.015+0000][6][gc,marking  ] GC(12) Concurrent Rebuild Remembered Sets
[2020-11-10T08:55:13.055+0000][6][gc,marking  ] GC(12) Concurrent Rebuild Remembered Sets 39.994ms
[2020-11-10T08:55:13.057+0000][6][gc,start    ] GC(12) Pause Cleanup
[2020-11-10T08:55:13.058+0000][6][gc          ] GC(12) Pause Cleanup 64M->64M(512M) 1.117ms
[2020-11-10T08:55:13.059+0000][6][gc,cpu      ] GC(12) User=0.00s Sys=0.00s Real=0.00s
[2020-11-10T08:55:13.060+0000][6][safepoint   ] Safepoint "G1Concurrent", Time since last: 42338700 ns, Reaching safepoint: 986900 ns, At safepoint: 2463500 ns, Total: 3450400 ns
[2020-11-10T08:55:13.060+0000][6][gc,marking  ] GC(12) Concurrent Cleanup for Next Mark
[2020-11-10T08:55:13.062+0000][6][gc,marking  ] GC(12) Concurrent Cleanup for Next Mark 1.513ms
[2020-11-10T08:55:13.063+0000][6][gc          ] GC(12) Concurrent Cycle 132.776ms
[2020-11-10T08:55:14.069+0000][6][safepoint   ] Safepoint "Cleanup", Time since last: 1001431100 ns, Reaching safepoint: 8023800 ns, At safepoint: 45500 ns, Total: 8069300 ns
[2020-11-10T08:55:15.075+0000][6][safepoint   ] Safepoint "Cleanup", Time since last: 1004938100 ns, Reaching safepoint: 1403900 ns, At safepoint: 46500 ns, Total: 1450400 ns
[2020-11-10T08:55:16.258+0000][6][safepoint   ] Safepoint "Cleanup", Time since last: 1177061600 ns, Reaching safepoint: 5502500 ns, At safepoint: 43500 ns, Total: 5546000 ns
[2020-11-10T08:55:17.269+0000][6][safepoint   ] Safepoint "Cleanup", Time since last: 1003046500 ns, Reaching safepoint: 7920400 ns, At safepoint: 43900 ns, Total: 7964300 ns
[2020-11-10T08:55:17.982+0000][6][safepoint   ] Safepoint "ICBufferFull", Time since last: 712074100 ns, Reaching safepoint: 280700 ns, At safepoint: 39500 ns, Total: 320200 ns
[2020-11-10T08:55:19.014+0000][6][safepoint   ] Safepoint "Cleanup", Time since last: 1005556100 ns, Reaching safepoint: 27015400 ns, At safepoint: 91000 ns, Total: 27106400 ns
[2020-11-10T08:55:20.032+0000][6][safepoint   ] Safepoint "Cleanup", Time since last: 1016320400 ns, Reaching safepoint: 1673300 ns, At safepoint: 29900 ns, Total: 1703200 ns
[2020-11-10T08:55:21.037+0000][6][safepoint   ] Safepoint "Cleanup", Time since last: 1003921400 ns, Reaching safepoint: 382200 ns, At safepoint: 26100 ns, Total: 408300 ns
[2020-11-10T08:55:21.630+0000][6][safepoint   ] Safepoint "ICBufferFull", Time since last: 593320400 ns, Reaching safepoint: 518000 ns, At safepoint: 40900 ns, Total: 558900 ns
[2020-11-10T08:55:22.028+0000][6][gc,start    ] GC(13) Pause Young (Normal) (G1 Evacuation Pause)
[2020-11-10T08:55:22.028+0000][6][gc,task     ] GC(13) Using 8 workers of 8 for evacuation
[2020-11-10T08:55:22.031+0000][6][gc,age      ] GC(13) Desired survivor size 19922944 bytes, new threshold 15 (max threshold 15)
[2020-11-10T08:55:22.093+0000][6][gc,age      ] GC(13) Age table with threshold 15 (max threshold 15)
[2020-11-10T08:55:22.094+0000][6][gc,age      ] GC(13) - age   1:   11842704 bytes,   11842704 total
[2020-11-10T08:55:22.095+0000][6][gc,age      ] GC(13) - age   2:   10864272 bytes,   22706976 total
[2020-11-10T08:55:22.096+0000][6][gc,age      ] GC(13) - age   3:    6123256 bytes,   28830232 total
[2020-11-10T08:55:22.097+0000][6][gc,phases   ] GC(13)   Pre Evacuate Collection Set: 0.6ms
[2020-11-10T08:55:22.098+0000][6][gc,phases   ] GC(13)   Merge Heap Roots: 0.4ms
[2020-11-10T08:55:22.099+0000][6][gc,phases   ] GC(13)   Evacuate Collection Set: 45.9ms
[2020-11-10T08:55:22.100+0000][6][gc,phases   ] GC(13)   Post Evacuate Collection Set: 11.2ms
[2020-11-10T08:55:22.100+0000][6][gc,phases   ] GC(13)   Other: 11.8ms
[2020-11-10T08:55:22.101+0000][6][gc,heap     ] GC(13) Eden regions: 285->0(268)
[2020-11-10T08:55:22.102+0000][6][gc,heap     ] GC(13) Survivor regions: 18->29(38)
[2020-11-10T08:55:22.102+0000][6][gc,heap     ] GC(13) Old regions: 42->42
[2020-11-10T08:55:22.103+0000][6][gc,heap     ] GC(13) Archive regions: 2->2
[2020-11-10T08:55:22.104+0000][6][gc,heap     ] GC(13) Humongous regions: 7->7
[2020-11-10T08:55:22.105+0000][6][gc,metaspace] GC(13) Metaspace: 86978K(91216K)->86978K(91216K) NonClass: 75266K(78492K)->75266K(78492K) Class: 11712K(12724K)->11712K(12724K)
[2020-11-10T08:55:22.106+0000][6][gc          ] GC(13) Pause Young (Normal) (G1 Evacuation Pause) 351M->77M(512M) 78.208ms
[2020-11-10T08:55:22.107+0000][6][gc,cpu      ] GC(13) User=0.11s Sys=0.02s Real=0.07s
[2020-11-10T08:55:22.108+0000][6][safepoint   ] Safepoint "G1CollectForAllocation", Time since last: 393450800 ns, Reaching safepoint: 3562000 ns, At safepoint: 80431000 ns, Total: 83993000 ns
[2020-11-10T08:55:23.123+0000][6][safepoint   ] Safepoint "Cleanup", Time since last: 1014686700 ns, Reaching safepoint: 504800 ns, At safepoint: 45300 ns, Total: 550100 ns
[2020-11-10T08:55:24.127+0000][6][safepoint   ] Safepoint "Cleanup", Time since last: 1001126600 ns, Reaching safepoint: 2308500 ns, At safepoint: 93900 ns, Total: 2402400 ns
[2020-11-10T08:55:25.130+0000][6][safepoint   ] Safepoint "Cleanup", Time since last: 1003207600 ns, Reaching safepoint: 588300 ns, At safepoint: 82600 ns, Total: 670900 ns
[2020-11-10T08:55:26.132+0000][6][safepoint   ] Safepoint "Cleanup", Time since last: 1001362500 ns, Reaching safepoint: 315600 ns, At safepoint: 26400 ns, Total: 342000 ns
[2020-11-10T08:55:27.133+0000][6][safepoint   ] Safepoint "Cleanup", Time since last: 1001018800 ns, Reaching safepoint: 212700 ns, At safepoint: 12500 ns, Total: 225200 ns
[2020-11-10T08:55:28.135+0000][6][safepoint   ] Safepoint "Cleanup", Time since last: 1000973500 ns, Reaching safepoint: 204900 ns, At safepoint: 26100 ns, Total: 231000 ns
[2020-11-10T08:55:29.136+0000][6][safepoint   ] Safepoint "Cleanup", Time since last: 1000921000 ns, Reaching safepoint: 229700 ns, At safepoint: 11900 ns, Total: 241600 ns
[2020-11-10T08:55:31.137+0000][6][safepoint   ] Safepoint "Cleanup", Time since last: 2001077200 ns, Reaching safepoint: 223800 ns, At safepoint: 4400 ns, Total: 228200 ns
[2020-11-10T08:55:32.138+0000][6][safepoint   ] Safepoint "Cleanup", Time since last: 1000846200 ns, Reaching safepoint: 236800 ns, At safepoint: 21000 ns, Total: 257800 ns
[2020-11-10T08:55:35.045+0000][6][safepoint   ] Safepoint "Cleanup", Time since last: 2906361500 ns, Reaching safepoint: 218400 ns, At safepoint: 4800 ns, Total: 223200 ns
[2020-11-10T08:55:36.045+0000][6][safepoint   ] Safepoint "Cleanup", Time since last: 1000271100 ns, Reaching safepoint: 306400 ns, At safepoint: 27800 ns, Total: 334200 ns
[2020-11-10T08:55:39.013+0000][6][safepoint   ] Safepoint "Cleanup", Time since last: 3001262600 ns, Reaching safepoint: 431500 ns, At safepoint: 24800 ns, Total: 456300 ns
[2020-11-10T08:55:40.015+0000][6][safepoint   ] Safepoint "Cleanup", Time since last: 1001181700 ns, Reaching safepoint: 240400 ns, At safepoint: 46700 ns, Total: 287100 ns
[2020-11-10T08:55:42.016+0000][6][safepoint   ] Safepoint "Cleanup", Time since last: 2000826500 ns, Reaching safepoint: 184200 ns, At safepoint: 7600 ns, Total: 191800 ns
[2020-11-10T08:55:43.016+0000][6][safepoint   ] Safepoint "Cleanup", Time since last: 1000486900 ns, Reaching safepoint: 332400 ns, At safepoint: 7700 ns, Total: 340100 ns
[2020-11-10T08:55:43.815+0000][6][gc,start    ] GC(14) Pause Young (Normal) (G1 Evacuation Pause)
[2020-11-10T08:55:43.815+0000][6][gc,task     ] GC(14) Using 8 workers of 8 for evacuation
[2020-11-10T08:55:43.816+0000][6][gc,age      ] GC(14) Desired survivor size 19922944 bytes, new threshold 2 (max threshold 15)
[2020-11-10T08:55:43.844+0000][6][gc,age      ] GC(14) Age table with threshold 2 (max threshold 15)
[2020-11-10T08:55:43.845+0000][6][gc,age      ] GC(14) - age   1:    5669688 bytes,    5669688 total
[2020-11-10T08:55:43.847+0000][6][gc,age      ] GC(14) - age   2:   11258520 bytes,   16928208 total
[2020-11-10T08:55:43.848+0000][6][gc,phases   ] GC(14)   Pre Evacuate Collection Set: 0.2ms
[2020-11-10T08:55:43.849+0000][6][gc,phases   ] GC(14)   Merge Heap Roots: 0.3ms
[2020-11-10T08:55:43.849+0000][6][gc,phases   ] GC(14)   Evacuate Collection Set: 23.0ms
[2020-11-10T08:55:43.850+0000][6][gc,phases   ] GC(14)   Post Evacuate Collection Set: 3.9ms
[2020-11-10T08:55:43.851+0000][6][gc,phases   ] GC(14)   Other: 5.2ms
[2020-11-10T08:55:43.851+0000][6][gc,heap     ] GC(14) Eden regions: 268->0(265)
[2020-11-10T08:55:43.852+0000][6][gc,heap     ] GC(14) Survivor regions: 29->19(38)
[2020-11-10T08:55:43.853+0000][6][gc,heap     ] GC(14) Old regions: 42->58
[2020-11-10T08:55:43.853+0000][6][gc,heap     ] GC(14) Archive regions: 2->2
[2020-11-10T08:55:43.854+0000][6][gc,heap     ] GC(14) Humongous regions: 7->7
[2020-11-10T08:55:43.854+0000][6][gc,metaspace] GC(14) Metaspace: 91019K(95568K)->91019K(95568K) NonClass: 78853K(82332K)->78853K(82332K) Class: 12165K(13236K)->12165K(13236K)
[2020-11-10T08:55:43.855+0000][6][gc          ] GC(14) Pause Young (Normal) (G1 Evacuation Pause) 345M->83M(512M) 40.118ms
[2020-11-10T08:55:43.856+0000][6][gc,cpu      ] GC(14) User=0.10s Sys=0.03s Real=0.04s
[2020-11-10T08:55:43.856+0000][6][safepoint   ] Safepoint "G1CollectForAllocation", Time since last: 798198800 ns, Reaching safepoint: 326200 ns, At safepoint: 41469800 ns, Total: 41796000 ns
[2020-11-10T08:55:44.857+0000][6][safepoint   ] Safepoint "Cleanup", Time since last: 1000660600 ns, Reaching safepoint: 181600 ns, At safepoint: 7800 ns, Total: 189400 ns
[2020-11-10T08:55:48.858+0000][6][safepoint   ] Safepoint "Cleanup", Time since last: 4000985400 ns, Reaching safepoint: 263800 ns, At safepoint: 12200 ns, Total: 276000 ns
[2020-11-10T08:55:51.860+0000][6][safepoint   ] Safepoint "Cleanup", Time since last: 3000981800 ns, Reaching safepoint: 230000 ns, At safepoint: 22700 ns, Total: 252700 ns
[2020-11-10T08:55:52.861+0000][6][safepoint   ] Safepoint "Cleanup", Time since last: 1001253000 ns, Reaching safepoint: 211200 ns, At safepoint: 21400 ns, Total: 232600 ns
[2020-11-10T08:55:53.862+0000][6][safepoint   ] Safepoint "Cleanup", Time since last: 1000905200 ns, Reaching safepoint: 233500 ns, At safepoint: 18500 ns, Total: 252000 ns
[2020-11-10T08:55:54.864+0000][6][safepoint   ] Safepoint "Cleanup", Time since last: 1001134100 ns, Reaching safepoint: 306800 ns, At safepoint: 50100 ns, Total: 356900 ns
[2020-11-10T08:55:55.865+0000][6][safepoint   ] Safepoint "Cleanup", Time since last: 1000866200 ns, Reaching safepoint: 335000 ns, At safepoint: 24800 ns, Total: 359800 ns
[2020-11-10T08:55:57.768+0000][6][safepoint   ] Safepoint "Cleanup", Time since last: 1902947700 ns, Reaching safepoint: 177700 ns, At safepoint: 6800 ns, Total: 184500 ns
[2020-11-10T08:55:58.769+0000][6][safepoint   ] Safepoint "Cleanup", Time since last: 1001021300 ns, Reaching safepoint: 231700 ns, At safepoint: 25000 ns, Total: 256700 ns
[2020-11-10T08:55:59.771+0000][6][safepoint   ] Safepoint "Cleanup", Time since last: 1000825400 ns, Reaching safepoint: 322100 ns, At safepoint: 29100 ns, Total: 351200 ns
[2020-11-10T08:56:00.773+0000][6][safepoint   ] Safepoint "Cleanup", Time since last: 1001690600 ns, Reaching safepoint: 329200 ns, At safepoint: 21400 ns, Total: 350600 ns
[2020-11-10T08:56:01.774+0000][6][safepoint   ] Safepoint "Cleanup", Time since last: 1000981400 ns, Reaching safepoint: 484000 ns, At safepoint: 52800 ns, Total: 536800 ns
[2020-11-10T08:56:04.663+0000][6][gc,heap,exit] Heap
[2020-11-10T08:56:04.664+0000][6][gc,heap,exit]  garbage-first heap   total 524288K, used 205690K [0x00000000e0000000, 0x0000000100000000)
[2020-11-10T08:56:04.665+0000][6][gc,heap,exit]   region size 1024K, 128 young (131072K), 19 survivors (19456K)
[2020-11-10T08:56:04.666+0000][6][gc,heap,exit]  Metaspace       used 93892K, capacity 96974K, committed 98256K, reserved 1134592K
[2020-11-10T08:56:04.667+0000][6][gc,heap,exit]   class space    used 12581K, capacity 13580K, committed 13620K, reserved 1048576K
