[2020-11-10T10:10:15.493+0000][171][gc] Using G1
[2020-11-10T10:10:15.511+0000][171][gc,init] Version: 15+36-1562 (release)
[2020-11-10T10:10:15.512+0000][171][gc,init] CPUs: 8 total, 8 available
[2020-11-10T10:10:15.513+0000][171][gc,init] Memory: 7961M
[2020-11-10T10:10:15.514+0000][171][gc,init] Large Page Support: Disabled
[2020-11-10T10:10:15.516+0000][171][gc,init] NUMA Support: Disabled
[2020-11-10T10:10:15.518+0000][171][gc,init] Compressed Oops: Enabled (32-bit)
[2020-11-10T10:10:15.521+0000][171][gc,init] Heap Region Size: 1M
[2020-11-10T10:10:15.522+0000][171][gc,init] Heap Min Capacity: 512M
[2020-11-10T10:10:15.523+0000][171][gc,init] Heap Initial Capacity: 512M
[2020-11-10T10:10:15.524+0000][171][gc,init] Heap Max Capacity: 512M
[2020-11-10T10:10:15.525+0000][171][gc,init] Pre-touch: Disabled
[2020-11-10T10:10:15.526+0000][171][gc,init] Parallel Workers: 8
[2020-11-10T10:10:15.527+0000][171][gc,init] Concurrent Workers: 2
[2020-11-10T10:10:15.528+0000][171][gc,init] Concurrent Refinement Workers: 8
[2020-11-10T10:10:15.529+0000][171][gc,init] Periodic GC: Disabled
[2020-11-10T10:10:15.531+0000][171][gc,metaspace] CDS disabled.
[2020-11-10T10:10:15.531+0000][171][gc,metaspace] Compressed class space mapped at: 0x0000000100000000-0x0000000140000000, size: 1073741824
[2020-11-10T10:10:15.532+0000][171][gc,metaspace] Narrow klass base: 0x0000000000000000, Narrow klass shift: 3, Narrow klass range: 0x140000000
[2020-11-10T10:10:15.764+0000][171][gc,heap,exit] Heap
[2020-11-10T10:10:15.765+0000][171][gc,heap,exit]  garbage-first heap   total 524288K, used 1024K [0x00000000e0000000, 0x0000000100000000)
[2020-11-10T10:10:15.766+0000][171][gc,heap,exit]   region size 1024K, 2 young (2048K), 0 survivors (0K)
[2020-11-10T10:10:15.766+0000][171][gc,heap,exit]  Metaspace       used 3405K, capacity 4480K, committed 4480K, reserved 1056768K
[2020-11-10T10:10:15.767+0000][171][gc,heap,exit]   class space    used 278K, capacity 384K, committed 384K, reserved 1048576K
